2022-02-27 12:36:55.213 10050-10050/? I/GH.SharedNotifications: Ignoring rebind as there are no NLS-dependent clients.
2022-02-27 12:36:55.217 10141-10259/? E/Parcel: Reading a NULL string not supported here.
2022-02-27 12:36:55.234 17414-27384/? I/chatty: uid=1000(system) Binder:17414_21 expire 1 line
2022-02-27 12:36:55.235 1029-1117/? E/ANDR-PERF-OPTSHANDLER: Perflock resource /sys/class/devfreq/soc:qcom,cpu0-cpu-llcc-lat/mem_latency/ratio_ceil not supported
2022-02-27 12:36:55.235 1029-1117/? E/ANDR-PERF-RESOURCEQS: Failed to apply optimization [13, 8]
2022-02-27 12:36:55.235 1029-1117/? E/ANDR-PERF-OPTSHANDLER: Perflock resource /sys/class/devfreq/soc:qcom,cpu4-cpu-llcc-lat/mem_latency/ratio_ceil not supported
2022-02-27 12:36:55.235 1029-1117/? E/ANDR-PERF-RESOURCEQS: Failed to apply optimization [13, 9]
2022-02-27 12:36:55.235 18364-18455/? W/[0]DCS-MobileHelper: getContryCode slotid=0,type=1,code=null,result=
2022-02-27 12:36:55.235 18364-18455/? W/[0]DCS-MobileHelper: getContryCode slotid=1,type=1,code=null,result=
2022-02-27 12:36:55.227 17414-17414/? I/chatty: uid=1000(system) Binder:17414_3 identical 4 lines
2022-02-27 12:36:55.263 17414-17414/? W/NotificationHistory: Attempted to add notif for locked/gone/disabled user 0
2022-02-27 12:36:55.264 17414-17986/? I/chatty: uid=1000(system) Binder:17414_8 expire 1 line
2022-02-27 12:36:55.270 19125-10169/? I/NetworkScheduler.Stats: Task com.google.android.gms/com.google.android.gms.stats.PlatformStatsCollectorService finished executing. cause:5 result: 1 elapsed_millis: 207 uptime_millis: 206 exec_start_elapsed_seconds: 122735 [CONTEXT service_id=218 ]
2022-02-27 12:36:55.269 17414-17414/? I/chatty: uid=1000(system) Binder:17414_3 identical 4 lines
2022-02-27 12:36:55.271 17414-17414/? W/NotificationHistory: Attempted to add notif for locked/gone/disabled user 0
2022-02-27 12:36:55.277 10343-10343/? I/adbd: persist.adb.watchdog set to ''
2022-02-27 12:36:55.277 10343-10343/? I/adbd: persist.sys.test_harness set to ''
2022-02-27 12:36:55.277 10343-10343/? I/adbd: adb watchdog timeout set to 600 seconds
2022-02-27 12:36:55.278 10343-10343/? I/adbd: adbd started
2022-02-27 12:36:55.278 10343-10350/? I/adbd: Waiting for persist.adb.tls_server.enable=1
2022-02-27 12:36:55.282 10343-10352/? I/adbd: opening control endpoint /dev/usb-ffs/adb/ep0
2022-02-27 12:36:55.290 19125-10169/? I/NetworkScheduler.Stats: Task com.google.android.gms/com.google.android.gms.stats.PlatformStatsCollectorService finished executing. cause:5 result: 1 elapsed_millis: 87 uptime_millis: 87 exec_start_elapsed_seconds: 122735 [CONTEXT service_id=218 ]
2022-02-27 12:36:55.291 17951-17951/? E/KeyguardViewMediator: mHideAnimationFinishedRunnable#run
2022-02-27 12:36:55.292 17951-17951/? W/BiometricManager: resetLockout, packageName = com.android.systemui
2022-02-27 12:36:55.293 17414-17540/? W/FingerprintService: Ignoring lockout reset, no templates enrolled
2022-02-27 12:36:55.293 17414-17803/? W/FaceService: Ignoring lockout reset, no templates enrolled
2022-02-27 12:36:55.302 10343-10352/? I/adbd: UsbFfsConnection constructed
2022-02-27 12:36:55.302 10343-10354/? I/adbd: UsbFfs-monitor thread spawned
2022-02-27 12:36:55.302 17414-17861/? I/chatty: uid=1000(system) Binder:17414_6 expire 2 lines
2022-02-27 12:36:55.303 10343-10354/? I/adbd: USB event: FUNCTIONFS_BIND
2022-02-27 12:36:55.316 17414-18562/? I/chatty: uid=1000(system) Binder:17414_E expire 1 line
2022-02-27 12:36:55.325 19125-21424/? E/Parcel: Reading a NULL string not supported here.
2022-02-27 12:36:55.327 18344-18344/? E/Launcher.BottomSearchBoxManager: sp.getBoolean = true
2022-02-27 12:36:55.329 10141-10141/? I/GH.CAR: gearheadCarServiceBinder in mainHandler:true
2022-02-27 12:36:55.330 19125-21424/? E/Parcel: Reading a NULL string not supported here.
2022-02-27 12:36:55.332 18344-18344/? E/Parcel: Reading a NULL string not supported here.
2022-02-27 12:36:55.334 18344-18344/? E/Parcel: Reading a NULL string not supported here.
2022-02-27 12:36:55.335 19125-21424/? E/Parcel: Reading a NULL string not supported here.
2022-02-27 12:36:55.336 18344-18344/? E/Parcel: Reading a NULL string not supported here.
2022-02-27 12:36:55.337 19125-21424/? E/Parcel: Reading a NULL string not supported here.
2022-02-27 12:36:55.337 18344-18344/? E/Parcel: Reading a NULL string not supported here.
2022-02-27 12:36:55.339 18344-18344/? E/Parcel: Reading a NULL string not supported here.
2022-02-27 12:36:55.342 17414-19634/? I/chatty: uid=1000(system) AsyncTask #2 expire 1 line
2022-02-27 12:36:55.333 17414-17460/? I/chatty: uid=1000(system) android.display identical 2 lines
2022-02-27 12:36:55.342 17414-20145/? W/ActivityManager: Unable to start service Intent { act=heytap.intent.action.assistantscreen.window.server pkg=com.coloros.assistantscreen } U=0: not found
2022-02-27 12:36:55.345 18344-18344/? E/Parcel: Reading a NULL string not supported here.
2022-02-27 12:36:55.354 19125-21424/? E/Parcel: Reading a NULL string not supported here.
2022-02-27 12:36:55.356 19125-21424/? E/Parcel: Reading a NULL string not supported here.
2022-02-27 12:36:55.358 19125-21424/? E/Parcel: Reading a NULL string not supported here.
2022-02-27 12:36:55.359 941-941/? I/vendor.qti.bluetooth@1.0-uart_transport: ## userial_vendor_ioctl: UART Flow Off 
2022-02-27 12:36:55.361 18344-18344/? E/Launcher.ColorBubbleTextView: mForceHideDot is false
2022-02-27 12:36:55.362 18344-18344/? I/chatty: uid=10112(com.oppo.launcher) identical 11 lines
2022-02-27 12:36:55.362 18344-18344/? E/Launcher.ColorBubbleTextView: mForceHideDot is false
2022-02-27 12:36:55.362 19125-21424/? E/Parcel: Reading a NULL string not supported here.
2022-02-27 12:36:55.368 1081-3753/? I/chatty: uid=1000(system) Binder:1081_4 expire 1 line
2022-02-27 12:36:55.369 941-941/? I/vendor.qti.bluetooth@1.0-uart_transport: ## userial_vendor_set_baud: 17
2022-02-27 12:36:55.372 18364-18455/? W/[0]DCS-MobileHelper: getContryCode slotid=0,type=1,code=null,result=
2022-02-27 12:36:55.372 18364-18455/? W/[0]DCS-MobileHelper: getContryCode slotid=1,type=1,code=null,result=
2022-02-27 12:36:55.377 19125-21424/? E/Parcel: Reading a NULL string not supported here.
2022-02-27 12:36:55.380 941-941/? I/vendor.qti.bluetooth@1.0-uart_transport: SetBaudRate: in BOTHER
2022-02-27 12:36:55.380 941-941/? I/vendor.qti.bluetooth@1.0-uart_transport: ## userial_vendor_ioctl: UART Flow On 
2022-02-27 12:36:55.380 941-941/? I/vendor.qti.bluetooth@1.0-ibs_handler: DeviceWakeUp: Writing IBS_WAKE_IND
2022-02-27 12:36:55.384 941-22433/? I/vendor.qti.bluetooth@1.0-ibs_handler: ProcessIbsCmd: Received IBS_WAKE_ACK: 0xFC
2022-02-27 12:36:55.384 941-22433/? I/vendor.qti.bluetooth@1.0-ibs_handler: ProcessIbsCmd: Signal wack_cond_
2022-02-27 12:36:55.384 941-22433/? I/vendor.qti.bluetooth@1.0-ibs_handler: ProcessIbsCmd: Received IBS_WAKE_ACK: 0xFC
2022-02-27 12:36:55.384 941-22433/? I/vendor.qti.bluetooth@1.0-ibs_handler: ProcessIbsCmd: Signal wack_cond_
2022-02-27 12:36:55.386 941-22433/? I/vendor.qti.bluetooth@1.0-ibs_handler: ProcessIbsCmd: Received IBS_WAKE_IND: 0xFD
2022-02-27 12:36:55.386 941-22433/? I/vendor.qti.bluetooth@1.0-ibs_handler: ProcessIbsCmd: Writing IBS_WAKE_ACK
2022-02-27 12:36:55.389 21790-22450/? I/bt_stack: [INFO:btm_ble_bgconn.cc(428)] Already connection initiated (or) No Pending connections(or) Resources of lcb are exhausted
2022-02-27 12:36:55.389 19125-21424/? E/Parcel: Reading a NULL string not supported here.
2022-02-27 12:36:55.394 19125-21424/? E/Parcel: Reading a NULL string not supported here.
2022-02-27 12:36:55.401 10141-10141/? I/GH.CAR: Using GearheadCarServiceBinder in CarMessageService.
2022-02-27 12:36:55.403 10141-10141/? I/GH.DelegateMngCarSvc: Retries remaining initialized to 20
2022-02-27 12:36:55.404 10141-10141/? I/GH.CAR: Using Gearhead for projection services. All aboard! 
2022-02-27 12:36:55.404 10141-10141/? I/GH.DelegateICarSupplier: Android is R+, so connecting to Gearhead car chimera service.
2022-02-27 12:36:55.404 10141-10141/? I/GH.DelegateMngCarSvc: Skipping delegate acquisition on init().
2022-02-27 12:36:55.405 10141-10141/? I/GH.CarService: Setting delegate: buf@96c5f75
2022-02-27 12:36:55.405 10141-10141/? I/CAR.SERVICE: Setting CSB delegate, previous value null updated to cfn@1b87b0a
2022-02-27 12:36:55.405 10141-10141/? I/GH.CAR: Setting validator car info suppliers
2022-02-27 12:36:55.405 10141-10141/? I/GH.CAR: ICar delegate chain:
    	cgi@4c59f7b
    	-> buf@96c5f75
    	-> cfn@1b87b0a
2022-02-27 12:36:55.406 10141-10141/? I/GH.CAR: GearheadCarStartupService.onBind
2022-02-27 12:36:55.410 17414-17785/? I/chatty: uid=1000(system) TrustManager expire 1 line
2022-02-27 12:36:55.413 1081-1402/? I/chatty: uid=1000(system) DispPerfHandler expire 3 lines
2022-02-27 12:36:55.396 17414-17460/? I/chatty: uid=1000(system) android.display identical 1 line
2022-02-27 12:36:55.415 17414-20294/? E/OplusCustomizeRestrictionManagerService: isBiometricDisabled start
2022-02-27 12:36:55.415 17414-17986/? E/OplusCustomizeRestrictionManagerService: isBiometricDisabled start
2022-02-27 12:36:55.415 17951-17951/? I/PwdVerifyCatchLogManager: clearPswCheckFlag not PwdVerityEnable 
2022-02-27 12:36:55.416 1081-4879/? I/chatty: uid=1000(system) Binder:1081_5 expire 1 line
2022-02-27 12:36:55.416 19125-21424/? E/Parcel: Reading a NULL string not supported here.
2022-02-27 12:36:55.417 17414-17986/? I/StatusBarManagerService: disableLocked, what:0, pkg:com.android.systemui userId: 0 token:android.os.BinderProxy@b10d847 net1:0 net2:0
2022-02-27 12:36:55.421 19125-21424/? E/Parcel: Reading a NULL string not supported here.
2022-02-27 12:36:55.422 18364-18455/? W/[0]DCS-MobileHelper: getContryCode slotid=0,type=1,code=null,result=
2022-02-27 12:36:55.422 18364-18455/? W/[0]DCS-MobileHelper: getContryCode slotid=1,type=1,code=null,result=
2022-02-27 12:36:55.424 19125-21424/? E/Parcel: Reading a NULL string not supported here.
2022-02-27 12:36:55.428 19125-21424/? E/Parcel: Reading a NULL string not supported here.
2022-02-27 12:36:55.430 941-22433/? I/vendor.qti.bluetooth@1.0-ibs_handler: ProcessIbsCmd: Received IBS_SLEEP_IND: 0xFE
2022-02-27 12:36:55.441 10050-10361/? I/GH.GhCarClientCtor: Bound to startup service, got Car Service: hjj@d3cb63f
2022-02-27 12:36:55.442 10050-10363/? I/GH.GhCarClientCtor: Bound to startup service, got Car Service: hjj@61afb0c
2022-02-27 12:36:55.442 19125-10169/? I/NetworkScheduler.Stats: Task com.google.android.gms/com.google.android.gms.stats.PlatformStatsCollectorService started execution. cause:5 exec_start_elapsed_seconds: 122735 [CONTEXT service_id=218 ]
2022-02-27 12:36:55.443 17414-17986/? E/OplusCustomizeRestrictionManagerService: isBiometricDisabled start
2022-02-27 12:36:55.443 17414-20283/? E/OplusCustomizeRestrictionManagerService: isBiometricDisabled start
2022-02-27 12:36:55.445 17951-18514/? E/Parcel: Reading a NULL string not supported here.
2022-02-27 12:36:55.445 10050-10050/? I/CAR.TOKEN: Successfully connected htb@58a466a using class hss@212893169/class hsy@48140696 (cx attempt 1)
2022-02-27 12:36:55.448 17951-17951/? I/OplusWallpaperServiceHelper: getDarkModeWallpaperWindowAlpha. nightMode = false
2022-02-27 12:36:55.449 19125-7028/? I/NetworkScheduler.Stats: Task com.google.android.gms/com.google.android.gms.stats.PlatformStatsCollectorService started execution. cause:5 exec_start_elapsed_seconds: 122735 [CONTEXT service_id=218 ]
2022-02-27 12:36:55.452 17414-17457/? W/Looper: Slow dispatch took 493ms android.fg h=com.android.server.usb.UsbDeviceManager$UsbHandlerLegacy c=null m=2
2022-02-27 12:36:55.452 17414-17457/? W/Looper: Slow delivery took 480ms android.fg h=com.android.server.AppStateTracker$MyHandler c=null m=11
2022-02-27 12:36:55.454 17414-17861/? I/OplusCustomizeService: pkg:com.android.systemui isPlatformSigned, return true drectly 
2022-02-27 12:36:55.464 10050-10050/? I/GH.CarClientManager: CarClientToken connected.
2022-02-27 12:36:55.464 10050-10050/? I/GH.StateMachine: Transition from UNINITIALIZED to CLIENT_CONNECTED.
2022-02-27 12:36:55.465 19270-19270/? I/GsaVoiceInteractionSrv: O received Intent { act=android.intent.action.USER_PRESENT flg=0x24200010 }
2022-02-27 12:36:55.473 17414-17496/? W/BroadcastQueue: Background execution not allowed: receiving Intent { act=android.intent.action.USER_PRESENT flg=0x24280010 } to com.android.chrome/org.chromium.chrome.browser.sharing.click_to_call.ClickToCallMessageHandler$PhoneUnlockedReceiver
2022-02-27 12:36:55.473 17414-17496/? W/BroadcastQueue: Background execution not allowed: receiving Intent { act=android.intent.action.USER_PRESENT flg=0x24280010 } to com.google.android.gms/.auth.setup.devicesignals.LockScreenReceiver
2022-02-27 12:36:55.474 17951-18514/? E/Parcel: Reading a NULL string not supported here.
2022-02-27 12:36:55.482 17895-17895/? I/AppManager.ColorServicesMonitor: not close data type choose item!
2022-02-27 12:36:55.483 17895-17895/? I/AppManager.ColorServicesMonitor: not data network!
2022-02-27 12:36:55.492 19125-20467/? I/NearbySharing: Screen is unlocked [CONTEXT service_id=194 ]
2022-02-27 12:36:55.492 19125-20467/? I/NearbyMediums: FEATURE_UWB exists: false [CONTEXT service_id=54 ]
2022-02-27 12:36:55.492 19125-20467/? I/NearbyMediums: FEATURE_SAMSUNG_UWB  exists: false [CONTEXT service_id=54 ]
2022-02-27 12:36:55.493 19125-20467/? I/NearbyMediums: enable_platform_uwb flag: false [CONTEXT service_id=54 ]
2022-02-27 12:36:55.493 19125-20467/? I/NearbyMediums: FEATURE_UWB exists: false [CONTEXT service_id=54 ]
2022-02-27 12:36:55.493 19125-20467/? I/NearbyMediums: FEATURE_SAMSUNG_UWB  exists: false [CONTEXT service_id=54 ]
2022-02-27 12:36:55.493 19125-20467/? I/NearbyMediums: enable_platform_uwb flag: false [CONTEXT service_id=54 ]
2022-02-27 12:36:55.504 19125-20467/? I/NearbyMediums: FEATURE_UWB exists: false [CONTEXT service_id=54 ]
2022-02-27 12:36:55.504 19125-20467/? I/NearbyMediums: FEATURE_SAMSUNG_UWB  exists: false [CONTEXT service_id=54 ]
2022-02-27 12:36:55.504 19125-20467/? I/NearbyMediums: enable_platform_uwb flag: false [CONTEXT service_id=54 ]
2022-02-27 12:36:55.504 19125-20467/? I/NearbyMediums: FEATURE_UWB exists: false [CONTEXT service_id=54 ]
2022-02-27 12:36:55.504 19125-20467/? I/NearbyMediums: FEATURE_SAMSUNG_UWB  exists: false [CONTEXT service_id=54 ]
2022-02-27 12:36:55.504 19125-20467/? I/NearbyMediums: enable_platform_uwb flag: false [CONTEXT service_id=54 ]
2022-02-27 12:36:55.504 19125-20467/? I/NearbySharing: Failed to stop scanning because weren't scanning. [CONTEXT service_id=194 ]
2022-02-27 12:36:55.505 19125-20467/? I/NearbySharing: Stopping discovery because Bluetooth is disabled. [CONTEXT service_id=194 ]
2022-02-27 12:36:55.505 19125-20467/? I/NearbySharing: Can't stop advertising FastInitiation. Not advertising. [CONTEXT service_id=194 ]
2022-02-27 12:36:55.505 19125-20467/? I/NearbySharing: Stopping Fast Init advertisement because Bluetooth is off. [CONTEXT service_id=194 ]
2022-02-27 12:36:55.505 19125-20467/? I/NearbySharing: Stopping advertising because Bluetooth is disabled. [CONTEXT service_id=194 ]
2022-02-27 12:36:55.507 17414-20294/? I/OplusCustomizeService: pkg:com.android.systemui isPlatformSigned, return true drectly 
2022-02-27 12:36:55.507 17414-20294/? E/OplusCustomizeRestrictionManagerService: getMobileDataMode error :s == null
2022-02-27 12:36:55.511 19125-20467/? E/CheckPermission: _bluetooth code = 16 
2022-02-27 12:36:55.513 17414-17414/? I/chatty: uid=1000(system) Binder:17414_3 identical 4 lines
2022-02-27 12:36:55.518 19125-20467/? E/CheckPermission: _bluetooth code = 16 
2022-02-27 12:36:55.518 17414-17443/? I/OplusCustomizeService: pkg:com.android.systemui isPlatformSigned, return true drectly 
2022-02-27 12:36:55.518 17414-18758/? I/chatty: uid=1000(system) Binder:17414_10 expire 1 line
2022-02-27 12:36:55.520 19125-20467/? E/CheckPermission: _bluetooth code = 10 
2022-02-27 12:36:55.523 17414-20145/? I/chatty: uid=1000(system) Binder:17414_15 expire 2 lines
2022-02-27 12:36:55.524 19270-20529/? I/A: Disconnecting from SysUi, flag disabled.
2022-02-27 12:36:55.524 19270-20529/? I/A: Disconnecting from SysUi, VM not enabled.
2022-02-27 12:36:55.526 19270-20529/? I/A: Disconnected
2022-02-27 12:36:55.529 17414-20294/? I/OplusCustomizeService: pkg:com.android.systemui isPlatformSigned, return true drectly 
2022-02-27 12:36:55.529 18344-18344/? E/Launcher.ColorBubbleTextView: mForceHideDot is false
2022-02-27 12:36:55.529 18344-18344/? E/Launcher.ColorBubbleTextView: mForceHideDot is false
2022-02-27 12:36:55.530 19125-19152/? I/.gms.persisten: Background concurrent copying GC freed 308657(16MB) AllocSpace objects, 43(1260KB) LOS objects, 62% free, 16MB/44MB, paused 1.843ms total 365.129ms
2022-02-27 12:36:55.535 17414-20294/? I/OplusCustomizeService: pkg:com.android.systemui isPlatformSigned, return true drectly 
2022-02-27 12:36:55.538 17414-17496/? W/BroadcastQueue: Background execution not allowed: receiving Intent { act=android.intent.action.USER_PRESENT flg=0x24280010 } to com.google.android.gms/.chimera.GmsIntentOperationService$PersistentTrustedReceiver
2022-02-27 12:36:55.540 18344-18344/? E/Launcher.ColorBubbleTextView: mForceHideDot is false
2022-02-27 12:36:55.540 26384-26384/? I/GoogleInputMethodService: GoogleInputMethodService.onFinishInput():3210 
2022-02-27 12:36:55.540 10069-10325/? E/MtpServer: request read returned -1, errno: 19
2022-02-27 12:36:55.541 10343-10354/? I/adbd: USB event: FUNCTIONFS_ENABLE
2022-02-27 12:36:55.542 25934-25992/? E/Parcel: Reading a NULL string not supported here.
2022-02-27 12:36:55.542 26384-26384/? I/GoogleInputMethodService: GoogleInputMethodService.updateDeviceLockedStatus():2099 checkRepeatedly = false, unlocked = true
2022-02-27 12:36:55.542 26384-26384/? I/GoogleInputMethodService: GoogleInputMethodService.onStartInput():1907 onStartInput(EditorInfo{inputType=0x0(NULL) imeOptions=0x0 privateImeOptions=null actionName=UNSPECIFIED actionLabel=null actionId=0 initialSelStart=-1 initialSelEnd=-1 initialCapsMode=0x0 hintText=null label=null packageName=com.android.systemui fieldId=-1 fieldName=null extras=null}, false)
2022-02-27 12:36:55.543 26384-26384/? I/GoogleInputMethodService: GoogleInputMethodService.updateDeviceLockedStatus():2099 checkRepeatedly = true, unlocked = true
2022-02-27 12:36:55.545 21790-22450/? I/bt_stack: [INFO:gatt_api.cc(951)] GATT_Register 39f4f8ed-9957-af52-e380-c41fd6da2366
2022-02-27 12:36:55.545 21790-22450/? I/bt_stack: [INFO:gatt_api.cc(971)] allocated gatt_if=5
2022-02-27 12:36:55.547 10343-10379/? I/adbd: UsbFfs-worker thread spawned
2022-02-27 12:36:55.552 17951-17963/? I/ndroid.systemu: NativeAlloc concurrent copying GC freed 112635(4791KB) AllocSpace objects, 4(80KB) LOS objects, 62% free, 13MB/35MB, paused 565us total 305.531ms
2022-02-27 12:36:55.555 21790-22343/? I/BtGatt.ScanManager: msg.what = 0
2022-02-27 12:36:55.556 19125-20467/? I/NearbySharing: Started scanning for FastInitiation with mode: SCAN_MODE_OPPORTUNISTIC [CONTEXT service_id=194 ]
2022-02-27 12:36:55.558 17414-17496/? W/BroadcastQueue: Background execution not allowed: receiving Intent { act=android.intent.action.USER_PRESENT flg=0x24280010 } to com.facebook.lite/com.facebook.rti.push.service.MqttSystemBroadcastReceiver
2022-02-27 12:36:55.564 17414-18798/? I/chatty: uid=1000(system) Binder:17414_14 expire 1 line
2022-02-27 12:36:55.567 17951-17965/? W/System: A resource failed to call release. 
2022-02-27 12:36:55.574 19125-10229/? I/NetworkScheduler.Stats: Task com.google.android.gms/com.google.android.gms.stats.PlatformStatsCollectorService finished executing. cause:5 result: 1 elapsed_millis: 224 uptime_millis: 223 exec_start_elapsed_seconds: 122735 [CONTEXT service_id=218 ]
2022-02-27 12:36:55.575 17414-17457/? W/Looper: Drained
2022-02-27 12:36:55.581 18080-18260/? I/Tethering: USB bcast connected:true configured:false rndis:false ncm:false
2022-02-27 12:36:55.594 19125-10229/? I/NetworkScheduler.Stats: Task com.google.android.gms/com.google.android.gms.stats.PlatformStatsCollectorService finished executing. cause:5 result: 1 elapsed_millis: 172 uptime_millis: 173 exec_start_elapsed_seconds: 122735 [CONTEXT service_id=218 ]
2022-02-27 12:36:55.603 17951-26414/? E/libEGL: Invalid file path for libcolorx-loader.so
2022-02-27 12:36:55.607 19125-20467/? I/NearbySharing: Fast Initiation Scanning has started [CONTEXT service_id=194 ]
2022-02-27 12:36:55.608 18344-18344/? E/Launcher.BottomSearchBoxManager: sp.getBoolean = true
2022-02-27 12:36:55.608 19125-20467/? I/NearbySharing: Dismissing HUN as there's no device nearby. [CONTEXT service_id=194 ]
2022-02-27 12:36:55.608 19125-20467/? I/NearbySharing: Cancelling in use notification [CONTEXT service_id=194 ]
2022-02-27 12:36:55.609 18080-18260/? I/Tethering: USB bcast connected:true configured:true rndis:false ncm:false
2022-02-27 12:36:55.615 19125-20467/? E/CheckPermission: _bluetooth code = 14 
2022-02-27 12:36:55.617 19125-20467/? I/NearbyMediums: BluetoothAdapter's name was not set by Nearby Connections, ignoring call to restore default scan mode. [CONTEXT service_id=54 ]
2022-02-27 12:36:55.617 19125-20467/? E/CheckPermission: _bluetooth code = 14 
2022-02-27 12:36:55.619 19125-20467/? I/NearbyMediums: BluetoothAdapter's name was not set by Nearby Connections, ignoring call to restore device name [CONTEXT service_id=54 ]
2022-02-27 12:36:55.627 17414-17861/? I/chatty: uid=1000(system) Binder:17414_6 expire 1 line
2022-02-27 12:36:55.628 1081-3753/? I/chatty: uid=1000(system) Binder:1081_4 expire 1 line
2022-02-27 12:36:55.629 19125-21424/? E/Parcel: Reading a NULL string not supported here.
2022-02-27 12:36:55.638 19125-21424/? I/chatty: uid=10156(com.google.android.gms) netscheduler-qu identical 5 lines
2022-02-27 12:36:55.652 19125-21424/? E/Parcel: Reading a NULL string not supported here.
2022-02-27 12:36:55.653 18364-18455/? W/[0]DCS-MobileHelper: getContryCode slotid=0,type=1,code=null,result=
2022-02-27 12:36:55.653 18364-18455/? W/[0]DCS-MobileHelper: getContryCode slotid=1,type=1,code=null,result=
2022-02-27 12:36:55.654 19125-21424/? E/Parcel: Reading a NULL string not supported here.
2022-02-27 12:36:55.659 19125-21424/? E/Parcel: Reading a NULL string not supported here.
2022-02-27 12:36:55.668 17951-17951/? I/chatty: uid=10122(com.android.systemui) identical 1 line
2022-02-27 12:36:55.676 19125-10229/? I/NetworkScheduler.Stats: Task com.google.android.gms/com.google.android.gms.stats.PlatformStatsCollectorService started execution. cause:5 exec_start_elapsed_seconds: 122735 [CONTEXT service_id=218 ]
2022-02-27 12:36:55.678 19125-10229/? I/NetworkScheduler.Stats: Task com.google.android.gms/com.google.android.gms.stats.PlatformStatsCollectorService finished executing. cause:5 result: 1 elapsed_millis: 36 uptime_millis: 35 exec_start_elapsed_seconds: 122735 [CONTEXT service_id=218 ]
2022-02-27 12:36:55.692 19125-21424/? E/Parcel: Reading a NULL string not supported here.
2022-02-27 12:36:55.697 19125-21424/? E/Parcel: Reading a NULL string not supported here.
2022-02-27 12:36:55.697 10343-10343/? I/adbd: UsbFfs: already offline
2022-02-27 12:36:55.698 10343-10343/? I/adbd: Calling send_auth_request...
2022-02-27 12:36:55.698 19125-21424/? E/Parcel: Reading a NULL string not supported here.
2022-02-27 12:36:55.700 1081-1081/? I/chatty: uid=1000(system) /system/bin/surfaceflinger expire 10 lines
2022-02-27 12:36:55.705 19125-21424/? E/Parcel: Reading a NULL string not supported here.
2022-02-27 12:36:55.705 10343-10343/? I/adbd: adbd_auth: loading keys from /data/misc/adb/adb_keys
2022-02-27 12:36:55.706 19125-21424/? E/Parcel: Reading a NULL string not supported here.
2022-02-27 12:36:55.706 10343-10343/? I/adbd: adb client authorized
2022-02-27 12:36:55.708 19125-21424/? E/Parcel: Reading a NULL string not supported here.
2022-02-27 12:36:55.710 19125-21424/? E/Parcel: Reading a NULL string not supported here.
2022-02-27 12:36:55.712 18609-20519/? W/OppoGuardElf: OppoGuardElfMonitor:  onReceiver  action=android.intent.action.SCREEN_ON
2022-02-27 12:36:55.698 17414-17460/? I/chatty: uid=1000(system) android.display identical 1 line
2022-02-27 12:36:55.712 18609-19665/? W/OppoGuardElf: Affair: post action finally act = 202execute completely =com.coloros.modulehub.other.consumer.ScreenoffStartInfoNotifyHelper@2d4224c
2022-02-27 12:36:55.712 18609-19665/? W/OppoGuardElf: Affair: post action finally act = 202execute completely =com.coloros.modulehub.pluginsupport.PluginSupporter@3f26ee4
2022-02-27 12:36:55.713 18609-20869/? W/OppoGuardElf: ThermalControllHandler: MSG_THERMAL_CONTROL_STATUS_CHANGED,msg:4
2022-02-27 12:36:55.713 907-907/? E/vendor.oplus.hardware.charger@1.0-service: notifyScreenStatus: 1
2022-02-27 12:36:55.714 18609-19665/? W/OppoGuardElf: Affair: post action finally act = 202execute completely =com.coloros.thermalcontrol.ThermalControlMessage@4c59f7b
2022-02-27 12:36:55.729 18609-20869/? W/OppoGuardElf: ThermalControllHandler: tempLevel=6,userMode=2,gameUserMode=-1,appType=-1,envTempType=0,appStates=[]
2022-02-27 12:36:55.732 18609-20869/? W/OppoGuardElf: ThermalControllerCenter: mSafetyState=10000
2022-02-27 12:36:55.732 18609-20869/? W/OppoGuardElf: ThermalControllHandler: tempGear=6,configItemName=common_config
2022-02-27 12:36:55.732 18609-20869/? W/OppoGuardElf: ThermalControllerCenter: startCollingMethods,thermalPolicy=Policy info
    {
     categoryName: common_config
     configItemName: gear_config 
     gearVal:6, cpuVal:-1, gpuVal:-1, restrictVal:0, brightnessVal:0, chargeVal:5, modemVal:0, disFlashVal:0, stopCameraVideoVal:0, cameraBrightnessVal:255, disCameraVal:0, disWifiHotSpotVal:0, disTorchVal:0, disFrameInsertVal:0, fpsVal:0, refreshRateVal:0, resolutionVal:0, disVideoSRVal:0, disHBMHBVal:0, disOSIEVal:0, thermalSerious:0 
    } 
2022-02-27 12:36:55.732 18609-20869/? W/OppoGuardElf: ThermalControlUtils:  set modem=0
2022-02-27 12:36:55.732 18609-19665/? W/OppoGuardElf: ControllerCenter: status change to ACTIVE
2022-02-27 12:36:55.733 19125-10229/? I/NetworkScheduler.Stats: Task com.google.android.gms/com.google.android.gms.stats.PlatformStatsCollectorService started execution. cause:5 exec_start_elapsed_seconds: 122736 [CONTEXT service_id=218 ]
2022-02-27 12:36:55.733 18609-19665/? W/OppoGuardElf: Affair: post action finally act = 202execute completely =com.coloros.modulehub.other.consumer.AffairScreenOnAndOff@98df295
2022-02-27 12:36:55.741 17414-20296/? I/chatty: uid=1000(system) Binder:17414_1C expire 2 lines
2022-02-27 12:36:55.747 19666-20934/? E/OplusFeatureCache: invalid oplus feature oplus.software.carrier.ust_unify_device
2022-02-27 12:36:55.747 19666-20934/? E/OplusFeatureCache: invalid oplus feature  oplus.software.carrier.ust_usku_device
2022-02-27 12:36:55.754 19125-21424/? E/Parcel: Reading a NULL string not supported here.
2022-02-27 12:36:55.757 19125-21424/? E/Parcel: Reading a NULL string not supported here.
2022-02-27 12:36:55.761 19125-21424/? E/Parcel: Reading a NULL string not supported here.
2022-02-27 12:36:55.762 1029-1117/? E/ANDR-PERF-OPTSHANDLER: Perflock resource /sys/class/devfreq/soc:qcom,cpu0-cpu-llcc-lat/mem_latency/ratio_ceil not supported
2022-02-27 12:36:55.763 1029-1117/? E/ANDR-PERF-RESOURCEQS: Failed to apply optimization [13, 8]
2022-02-27 12:36:55.763 1029-1117/? E/ANDR-PERF-OPTSHANDLER: Perflock resource /sys/class/devfreq/soc:qcom,cpu4-cpu-llcc-lat/mem_latency/ratio_ceil not supported
2022-02-27 12:36:55.763 1029-1117/? E/ANDR-PERF-RESOURCEQS: Failed to apply optimization [13, 9]
2022-02-27 12:36:55.765 19125-21424/? E/Parcel: Reading a NULL string not supported here.
2022-02-27 12:36:55.765 19125-21704/? I/NearbyDiscovery: FastPairHandler: Received action android.intent.action.SCREEN_ON [CONTEXT service_id=49 ]
2022-02-27 12:36:55.769 19125-21704/? I/NearbyDiscovery: FastPairScanner2: isScreenOn=true, scanWithScreenOff=false, isLocationEnabled=true, disableLocationRequirement=false, isDiscoveryScanningEnabled=true [CONTEXT service_id=49 ]
2022-02-27 12:36:55.773 19125-21704/? E/CheckPermission: _bluetooth code = 16 
2022-02-27 12:36:55.774 19125-21424/? E/Parcel: Reading a NULL string not supported here.
2022-02-27 12:36:55.775 19125-21704/? I/NearbyDiscovery: FastPairScanner2: eventType=SCREEN_ON, intReq=false, scanning=false, scanAllowed=true, bleEnabled=true, bleScanAvailable=true, lockScanRate=false [CONTEXT service_id=49 ]
2022-02-27 12:36:55.777 19125-21704/? I/NearbyDiscovery: FastPairScanner2: isScreenOn=true, scanWithScreenOff=false, isLocationEnabled=true, disableLocationRequirement=false, isDiscoveryScanningEnabled=true [CONTEXT service_id=49 ]
2022-02-27 12:36:55.778 19125-21424/? E/Parcel: Reading a NULL string not supported here.
2022-02-27 12:36:55.779 17414-17414/? I/chatty: uid=1000(system) Binder:17414_3 expire 1 line
2022-02-27 12:36:55.780 19125-21424/? E/Parcel: Reading a NULL string not supported here.
2022-02-27 12:36:55.780 17414-22199/? I/chatty: uid=1000(system) ExSys-Statistic expire 1 line
2022-02-27 12:36:55.781 18609-18609/? I/QualityProtectService: onReceive begin now
2022-02-27 12:36:55.781 18609-18609/? I/QualityProtectService: screen on onReceive end now
2022-02-27 12:36:55.781 19125-21424/? E/Parcel: Reading a NULL string not supported here.
2022-02-27 12:36:55.782 19125-7028/? I/NetworkScheduler.Stats: Task com.google.android.gms/com.google.android.gms.stats.PlatformStatsCollectorService started execution. cause:5 exec_start_elapsed_seconds: 122736 [CONTEXT service_id=218 ]
2022-02-27 12:36:55.784 19125-21704/? E/CheckPermission: _bluetooth code = 10 
2022-02-27 12:36:55.785 21790-22450/? I/bt_stack: [INFO:gatt_api.cc(951)] GATT_Register f852c5a2-5be3-9c00-764b-0bd0ad1a2645
2022-02-27 12:36:55.786 21790-22450/? I/bt_stack: [INFO:gatt_api.cc(971)] allocated gatt_if=6
2022-02-27 12:36:55.786 19125-20647/? I/NearbySharing: Screen is unlocked [CONTEXT service_id=194 ]
2022-02-27 12:36:55.786 19125-20647/? I/NearbyMediums: FEATURE_UWB exists: false [CONTEXT service_id=54 ]
2022-02-27 12:36:55.786 19125-20647/? I/NearbyMediums: FEATURE_SAMSUNG_UWB  exists: false [CONTEXT service_id=54 ]
2022-02-27 12:36:55.786 19125-20647/? I/NearbyMediums: enable_platform_uwb flag: false [CONTEXT service_id=54 ]
2022-02-27 12:36:55.786 19125-20647/? I/NearbyMediums: FEATURE_UWB exists: false [CONTEXT service_id=54 ]
2022-02-27 12:36:55.786 19125-20647/? I/NearbyMediums: FEATURE_SAMSUNG_UWB  exists: false [CONTEXT service_id=54 ]
2022-02-27 12:36:55.787 19125-20647/? I/NearbyMediums: enable_platform_uwb flag: false [CONTEXT service_id=54 ]
2022-02-27 12:36:55.789 19125-10171/? I/NetworkScheduler.Stats: Task com.google.android.gms/com.google.android.gms.stats.PlatformStatsCollectorService finished executing. cause:5 result: 1 elapsed_millis: 88 uptime_millis: 88 exec_start_elapsed_seconds: 122736 [CONTEXT service_id=218 ]
2022-02-27 12:36:55.790 21790-22343/? I/BtGatt.ScanManager: msg.what = 0
2022-02-27 12:36:55.791 19125-21704/? I/NearbyDiscovery: FastPairScanner2: Starting LOW_LATENCY_SCANNING scan for 6 seconds [CONTEXT service_id=49 ]
2022-02-27 12:36:55.791 941-22433/? I/vendor.qti.bluetooth@1.0-ibs_handler: ProcessIbsCmd: Received IBS_WAKE_IND: 0xFD
2022-02-27 12:36:55.791 19125-20647/? I/NearbyMediums: FEATURE_UWB exists: false [CONTEXT service_id=54 ]
2022-02-27 12:36:55.791 941-22433/? I/vendor.qti.bluetooth@1.0-ibs_handler: ProcessIbsCmd: Writing IBS_WAKE_ACK
2022-02-27 12:36:55.791 19125-20647/? I/NearbyMediums: FEATURE_SAMSUNG_UWB  exists: false [CONTEXT service_id=54 ]
2022-02-27 12:36:55.792 19125-20647/? I/NearbyMediums: enable_platform_uwb flag: false [CONTEXT service_id=54 ]
2022-02-27 12:36:55.792 19125-20647/? I/NearbyMediums: FEATURE_UWB exists: false [CONTEXT service_id=54 ]
2022-02-27 12:36:55.792 19125-20647/? I/NearbyMediums: FEATURE_SAMSUNG_UWB  exists: false [CONTEXT service_id=54 ]
2022-02-27 12:36:55.792 19125-20647/? I/NearbyMediums: enable_platform_uwb flag: false [CONTEXT service_id=54 ]
2022-02-27 12:36:55.793 19125-20647/? I/NearbySharing: Failed to stop scanning because weren't scanning. [CONTEXT service_id=194 ]
2022-02-27 12:36:55.793 19125-20647/? I/NearbySharing: Stopping discovery because Bluetooth is disabled. [CONTEXT service_id=194 ]
2022-02-27 12:36:55.794 19125-20647/? I/NearbySharing: Can't stop advertising FastInitiation. Not advertising. [CONTEXT service_id=194 ]
2022-02-27 12:36:55.800 19125-20647/? I/NearbySharing: Stopping Fast Init advertisement because Bluetooth is off. [CONTEXT service_id=194 ]
2022-02-27 12:36:55.800 19125-20647/? I/NearbySharing: Stopping advertising because Bluetooth is disabled. [CONTEXT service_id=194 ]
2022-02-27 12:36:55.801 19125-21969/? E/CheckPermission: _bluetooth code = 16 
2022-02-27 12:36:55.801 19125-20647/? E/CheckPermission: _bluetooth code = 16 
2022-02-27 12:36:55.802 19125-21969/? E/CheckPermission: _bluetooth code = 16 
2022-02-27 12:36:55.803 19125-21969/? I/Nearby: Start ble scanning from NearbyDirect:BluetoothAdapterWrapper [CONTEXT service_id=49 ]
2022-02-27 12:36:55.804 26384-26465/? I/DeviceStatusMonitor: DeviceStatusMonitor.handleBroadcast():123 onReceive() : Action = android.intent.action.SCREEN_ON
2022-02-27 12:36:55.805 26384-26465/? I/DeviceStatusMonitor: DeviceStatusMonitor.updateCountryInfo():139 updateCountryInfo(), notifyAnyway = false
2022-02-27 12:36:55.808 21790-22343/? I/BtGatt.ScanManager: msg.what = 1
2022-02-27 12:36:55.809 19125-21969/? I/Nearby: M hardware scan: 1 clients, scanMode= LOW_LATENCY, callback type= ALL_MATCHES [CONTEXT service_id=49 ]
2022-02-27 12:36:55.809 19125-21969/? E/CheckPermission: _bluetooth code = 10 
2022-02-27 12:36:55.811 21790-22450/? I/bt_stack: [INFO:gatt_api.cc(951)] GATT_Register 46d38db6-b063-d93d-6f09-2cdda8df80e3
2022-02-27 12:36:55.811 21790-22450/? I/bt_stack: [INFO:gatt_api.cc(971)] allocated gatt_if=4
2022-02-27 12:36:55.812 19125-20647/? I/NearbySharing: Failed to scan for fast initiation because we're already scanning with isHighPowerAllowed=false. [CONTEXT service_id=194 ]
2022-02-27 12:36:55.812 19125-20647/? I/NearbySharing: Dismissing HUN as there's no device nearby. [CONTEXT service_id=194 ]
2022-02-27 12:36:55.812 19125-20647/? I/NearbySharing: Cancelling in use notification [CONTEXT service_id=194 ]
2022-02-27 12:36:55.824 21790-22343/? I/BtGatt.ScanManager: msg.what = 0
2022-02-27 12:36:55.829 19125-21424/? E/Parcel: Reading a NULL string not supported here.
2022-02-27 12:36:55.833 19125-21424/? E/Parcel: Reading a NULL string not supported here.
2022-02-27 12:36:55.835 21790-22450/? I/bt_stack: [INFO:btm_ble_adv_filter.cc(693)] BTM_LE_PF_set UUID MASK is empty 
2022-02-27 12:36:55.840 19125-21424/? E/Parcel: Reading a NULL string not supported here.
2022-02-27 12:36:55.843 19125-21424/? E/Parcel: Reading a NULL string not supported here.
2022-02-27 12:36:55.845 21790-22450/? I/bt_stack: [INFO:btm_ble_adv_filter.cc(693)] BTM_LE_PF_set UUID MASK is empty 
2022-02-27 12:36:55.849 21790-22450/? I/bt_stack: [INFO:btm_ble_adv_filter.cc(693)] BTM_LE_PF_set UUID MASK is empty 
2022-02-27 12:36:55.851 19125-21424/? E/Parcel: Reading a NULL string not supported here.
2022-02-27 12:36:55.854 19125-21424/? E/Parcel: Reading a NULL string not supported here.
2022-02-27 12:36:55.856 19125-21424/? E/Parcel: Reading a NULL string not supported here.
2022-02-27 12:36:55.857 19125-21424/? E/Parcel: Reading a NULL string not supported here.
2022-02-27 12:36:55.858 19125-10169/? I/NetworkScheduler.Stats: Task com.google.android.gms/com.google.android.gms.stats.PlatformStatsCollectorService started execution. cause:5 exec_start_elapsed_seconds: 122736 [CONTEXT service_id=218 ]
2022-02-27 12:36:55.878 19125-10229/? I/NetworkScheduler.Stats: Task com.google.android.gms/com.google.android.gms.stats.PlatformStatsCollectorService finished executing. cause:5 result: 1 elapsed_millis: 30 uptime_millis: 30 exec_start_elapsed_seconds: 122736 [CONTEXT service_id=218 ]
2022-02-27 12:36:55.894 941-22433/? I/vendor.qti.bluetooth@1.0-ibs_handler: ProcessIbsCmd: Received IBS_SLEEP_IND: 0xFE
2022-02-27 12:36:55.895 19125-21424/? E/Parcel: Reading a NULL string not supported here.
2022-02-27 12:36:55.902 17414-18769/? I/ActivityManager: Killing 5858:com.google.android.calendar/u0a177 (adj 985): empty #17
2022-02-27 12:36:55.912 19125-21424/? I/chatty: uid=10156(com.google.android.gms) netscheduler-qu identical 24 lines
2022-02-27 12:36:55.914 19125-21424/? E/Parcel: Reading a NULL string not supported here.
2022-02-27 12:36:55.915 19125-10171/? I/NetworkScheduler.Stats: Task com.google.android.gms/com.google.android.gms.stats.PlatformStatsCollectorService started execution. cause:5 exec_start_elapsed_seconds: 122736 [CONTEXT service_id=218 ]
2022-02-27 12:36:55.913 1029-1029/? W//vendor/bin/hw/vendor.qti.hardware.perf@2.2-service: type=1400 audit(0.0:164341): avc: denied { search } for comm=41646170744C61756E636820566D name="17460" dev="proc" ino=4306906 scontext=u:r:vendor_hal_perf_default:s0 tcontext=u:r:system_server:s0 tclass=dir permissive=0
2022-02-27 12:36:55.913 1029-1029/? W//vendor/bin/hw/vendor.qti.hardware.perf@2.2-service: type=1400 audit(0.0:164342): avc: denied { search } for comm=41646170744C61756E636820566D name="17461" dev="proc" ino=4306907 scontext=u:r:vendor_hal_perf_default:s0 tcontext=u:r:system_server:s0 tclass=dir permissive=0
2022-02-27 12:36:55.913 1029-1029/? W//vendor/bin/hw/vendor.qti.hardware.perf@2.2-service: type=1400 audit(0.0:164343): avc: denied { search } for comm=41646170744C61756E636820566D name="17462" dev="proc" ino=4306908 scontext=u:r:vendor_hal_perf_default:s0 tcontext=u:r:system_server:s0 tclass=dir permissive=0
2022-02-27 12:36:55.913 1029-1029/? W//vendor/bin/hw/vendor.qti.hardware.perf@2.2-service: type=1400 audit(0.0:164344): avc: denied { search } for comm=41646170744C61756E636820566D name="17494" dev="proc" ino=4306909 scontext=u:r:vendor_hal_perf_default:s0 tcontext=u:r:system_server:s0 tclass=dir permissive=0
2022-02-27 12:36:55.913 1029-1029/? W//vendor/bin/hw/vendor.qti.hardware.perf@2.2-service: type=1400 audit(0.0:164345): avc: denied { search } for comm=41646170744C61756E636820566D name="17675" dev="proc" ino=4306910 scontext=u:r:vendor_hal_perf_default:s0 tcontext=u:r:system_server:s0 tclass=dir permissive=0
2022-02-27 12:36:55.923 19125-7028/? I/NetworkScheduler.Stats: Task com.google.android.gms/com.google.android.gms.stats.PlatformStatsCollectorService finished executing. cause:5 result: 1 elapsed_millis: 154 uptime_millis: 154 exec_start_elapsed_seconds: 122736 [CONTEXT service_id=218 ]
2022-02-27 12:36:55.931 19125-7028/? I/NetworkScheduler.Stats: Task com.google.android.gms/com.google.android.gms.stats.PlatformStatsCollectorService finished executing. cause:5 result: 1 elapsed_millis: 19 uptime_millis: 20 exec_start_elapsed_seconds: 122736 [CONTEXT service_id=218 ]
2022-02-27 12:36:55.937 19125-21424/? E/Parcel: Reading a NULL string not supported here.
2022-02-27 12:36:55.953 19125-21424/? E/Parcel: Reading a NULL string not supported here.
2022-02-27 12:36:55.960 17116-17116/? I/Zygote: Process 5858 exited due to signal 9 (Killed)
2022-02-27 12:36:55.961 17414-17490/? I/chatty: uid=1000(system) ActivityManager expire 1 line
2022-02-27 12:36:55.962 17414-17458/? I/chatty: uid=1000(system) android.ui expire 1 line
2022-02-27 12:36:55.963 19125-10229/? I/NetworkScheduler.Stats: Task com.google.android.gms/com.google.android.gms.stats.PlatformStatsCollectorService started execution. cause:5 exec_start_elapsed_seconds: 122736 [CONTEXT service_id=218 ]
2022-02-27 12:36:55.969 19125-21424/? E/Parcel: Reading a NULL string not supported here.
2022-02-27 12:36:55.986 19125-21424/? E/Parcel: Reading a NULL string not supported here.
2022-02-27 12:36:55.987 19125-10229/? I/NetworkScheduler.Stats: Task com.google.android.gms/com.google.android.gms.stats.PlatformStatsCollectorService started execution. cause:5 exec_start_elapsed_seconds: 122736 [CONTEXT service_id=218 ]
2022-02-27 12:36:55.991 19125-10229/? I/NetworkScheduler.Stats: Task com.google.android.gms/com.google.android.gms.stats.PlatformStatsCollectorService finished executing. cause:5 result: 1 elapsed_millis: 46 uptime_millis: 47 exec_start_elapsed_seconds: 122736 [CONTEXT service_id=218 ]
2022-02-27 12:36:56.001 19125-21424/? E/Parcel: Reading a NULL string not supported here.
2022-02-27 12:36:56.016 19125-21424/? E/Parcel: Reading a NULL string not supported here.
2022-02-27 12:36:56.022 19125-10169/? I/NetworkScheduler.Stats: Task com.google.android.gms/com.google.android.gms.stats.PlatformStatsCollectorService finished executing. cause:5 result: 1 elapsed_millis: 45 uptime_millis: 46 exec_start_elapsed_seconds: 122736 [CONTEXT service_id=218 ]
2022-02-27 12:36:56.026 19125-10229/? I/NetworkScheduler.Stats: Task com.google.android.gms/com.google.android.gms.clearcut.uploader.QosUploaderService started execution. cause:5 exec_start_elapsed_seconds: 122736 [CONTEXT service_id=218 ]
2022-02-27 12:36:56.042 4953-4971/? E/horae: 0: back:34244,frame:32324,front:33895, 6, +(1006), 1 ,35500,35650,35850,35493
2022-02-27 12:36:56.042 4953-4968/? E/horae: Entering notifyCallback, binder clients size 2
2022-02-27 12:36:56.043 17414-18798/? I/chatty: uid=1000(system) Binder:17414_14 expire 2 lines
2022-02-27 12:36:56.043 4953-4968/? E/horae: Notify thermal status: 5
2022-02-27 12:36:56.043 19625-31190/? I/loros.gamespac: oneway function results will be dropped but finished with status OK and parcel size 4
2022-02-27 12:36:56.043 17414-17737/? I/chatty: uid=1000(system) OplusSlaManager expire 2 lines
2022-02-27 12:36:56.044 4953-4968/? E/horae: Notify thermal status: 5
2022-02-27 12:36:56.044 18609-20869/? W/OppoGuardElf: ThermalControlUtils: get temperature=34.244
2022-02-27 12:36:56.044 18609-20869/? W/OppoGuardElf: ThermalControllHandler: MSG_THERMAL_CONTROL_TEMPGEAR_CHANGED,tempLevel=5
2022-02-27 12:36:56.049 18609-20869/? W/OppoGuardElf: ThermalControllHandler: tempLevel=5,userMode=2,gameUserMode=-1,appType=-1,envTempType=0,appStates=[]
2022-02-27 12:36:56.050 18609-20869/? W/OppoGuardElf: ThermalControllerCenter: mSafetyState=10000
2022-02-27 12:36:56.050 18609-20869/? W/OppoGuardElf: ThermalControllHandler: tempGear=5,configItemName=common_config
2022-02-27 12:36:56.051 18609-20869/? W/OppoGuardElf: ThermalControllerCenter: stopCollingMethods
2022-02-27 12:36:56.051 18609-20869/? W/OppoGuardElf: ThermalControlUtils: get temperature=34.244
2022-02-27 12:36:56.053 17414-18998/? I/chatty: uid=1000(system) BackLightStat expire 1 line
2022-02-27 12:36:56.054 17414-18998/? W/SensorService: SensorEventConnection sensor handle=11, package = com.android.server.display.stat.EventBrightnessStat enable
2022-02-27 12:36:56.054 17414-18998/? E/SensorService: Required app com.android.server.display.stat.EventBrightnessStat, uid 1000, pid 17414
2022-02-27 12:36:56.055 17124-17124/? I/sensors-hal: batch:254, android.sensor.accelerometer/11, period=20000000, max_latency=200000000
2022-02-27 12:36:56.055 17124-17124/? I/sensors-hal: set_config:63, sample_period_ns is adjusted to 20000000 based on min/max delay_ns
2022-02-27 12:36:56.055 17124-17124/? I/sensors-hal: batch:276, android.sensor.accelerometer/11, period=20000000, max_latency=200000000 request completed
2022-02-27 12:36:56.056 1029-1117/? E/ANDR-PERF-OPTSHANDLER: Perflock resource /sys/class/devfreq/soc:qcom,cpu0-cpu-llcc-lat/mem_latency/ratio_ceil not supported
2022-02-27 12:36:56.056 1029-1117/? E/ANDR-PERF-RESOURCEQS: Failed to apply optimization [13, 8]
2022-02-27 12:36:56.056 1029-1117/? E/ANDR-PERF-OPTSHANDLER: Perflock resource /sys/class/devfreq/soc:qcom,cpu4-cpu-llcc-lat/mem_latency/ratio_ceil not supported
2022-02-27 12:36:56.056 1029-1117/? E/ANDR-PERF-RESOURCEQS: Failed to apply optimization [13, 9]
2022-02-27 12:36:56.057 18609-20869/? W/OppoGuardElf: ThermalControlUtils:  set modem=0
2022-02-27 12:36:56.057 17124-17124/? I/sensors-hal: flush:296, android.sensor.accelerometer/11
2022-02-27 12:36:56.057 17124-17124/? I/sensors-hal: flush:302, android.sensor.accelerometer/11 completed
2022-02-27 12:36:56.057 17414-18998/? W/SensorService: SensorEventConnection sensor handle=41, package = com.android.server.display.stat.EventBrightnessStat enable
2022-02-27 12:36:56.057 17414-18998/? E/SensorService: Required app com.android.server.display.stat.EventBrightnessStat, uid 1000, pid 17414
2022-02-27 12:36:56.058 17124-17124/? I/sensors-hal: batch:254, android.sensor.gyroscope/41, period=200000000, max_latency=0
2022-02-27 12:36:56.058 17124-17124/? I/sensors-hal: set_config:63, sample_period_ns is adjusted to 200000000 based on min/max delay_ns
2022-02-27 12:36:56.058 17124-17124/? I/sensors-hal: batch:276, android.sensor.gyroscope/41, period=200000000, max_latency=0 request completed
2022-02-27 12:36:56.058 17124-17124/? I/sensors-hal: activate:213, android.sensor.gyroscope/41 en=1
2022-02-27 12:36:56.059 17124-9190/? I/sensors-hal: ssc_conn_resp_cb:673, resp_value = 0
2022-02-27 12:36:56.059 17124-9190/? I/sensors-hal: ssc_conn_resp_cb:673, resp_value = 0
2022-02-27 12:36:56.060 2429-2433/? E/Diag_Lib: [IMS_AP]"ims-rtp-daemon ims_rtp_qmi_handler_thread_func waiting on select thread>"
2022-02-27 12:36:56.061 17414-17443/? I/android_os_HwBinder: HwBinder: Starting thread pool for getting: vendor.oplus.hardware.charger@1.0::ICharger/default
2022-02-27 12:36:56.062 2429-2433/? E/Diag_Lib: [IMS_AP]"ims-rtp-daemon ims_rtp_qmi_handler_thread_func waiting on select thread>"
2022-02-27 12:36:56.063 2429-2433/? E/Diag_Lib: [IMS_AP]"ims-rtp-daemon ims_rtp_qmi_handler_thread_func waiting on select thread>"
2022-02-27 12:36:56.064 17124-17124/? I/sensors-hal: activate:232, android.sensor.gyroscope/41 en=1 completed
2022-02-27 12:36:56.064 2429-2433/? E/Diag_Lib: [IMS_AP]"ims-rtp-daemon ims_rtp_qmi_handler_thread_func waiting on select thread>"
2022-02-27 12:36:56.067 17124-10456/? I/sensors-hal: ssc_conn_resp_cb:673, resp_value = 0
2022-02-27 12:36:56.070 1029-1117/? E/ANDR-PERF-OPTSHANDLER: Perflock resource /sys/class/devfreq/soc:qcom,cpu0-cpu-llcc-lat/mem_latency/ratio_ceil not supported
2022-02-27 12:36:56.070 1029-1117/? E/ANDR-PERF-RESOURCEQS: Failed to apply optimization [13, 8]
2022-02-27 12:36:56.070 1029-1117/? E/ANDR-PERF-OPTSHANDLER: Perflock resource /sys/class/devfreq/soc:qcom,cpu4-cpu-llcc-lat/mem_latency/ratio_ceil not supported
2022-02-27 12:36:56.070 1029-1117/? E/ANDR-PERF-RESOURCEQS: Failed to apply optimization [13, 9]
2022-02-27 12:36:56.072 17414-17644/? I/chatty: uid=1000(system) SensorService identical 3 lines
2022-02-27 12:36:56.200 962-962/? I/android.hardware.thermal@2.0-service.qti: sensor: shell_back temperature: 34.244 old: 3 new: 0
2022-02-27 12:36:56.200 962-962/? E/android.hardware.thermal@2.0-service.qti: Policy error:step_wise sensor:shell_back
2022-02-27 12:36:56.324 1029-6597/? E/ANDR-PERF-LM: VmRssMeter:: start() 447: Could not find pid, can not collect vmrss data
2022-02-27 12:36:56.324 1029-6597/? E/ANDR-PERF-LM: AdaptiveLaunch: writeToDataBase() 64: Meter aborted or could not get meter data for this run
2022-02-27 12:36:56.326 1029-6596/? E/ANDR-PERF-LM: VmRssMeter:: start() 447: Could not find pid, can not collect vmrss data
2022-02-27 12:36:56.360 1029-1117/? E/ANDR-PERF-OPTSHANDLER: Perflock resource /sys/class/devfreq/soc:qcom,cpu0-cpu-llcc-lat/mem_latency/ratio_ceil not supported
2022-02-27 12:36:56.360 1029-1117/? E/ANDR-PERF-RESOURCEQS: Failed to apply optimization [13, 8]
2022-02-27 12:36:56.360 1029-1117/? E/ANDR-PERF-OPTSHANDLER: Perflock resource /sys/class/devfreq/soc:qcom,cpu4-cpu-llcc-lat/mem_latency/ratio_ceil not supported
2022-02-27 12:36:56.360 1029-1117/? E/ANDR-PERF-RESOURCEQS: Failed to apply optimization [13, 9]
2022-02-27 12:36:56.396 17414-17457/? I/OppoUsbDeviceFeature: ingore disable adb
2022-02-27 12:36:56.396 17414-17457/? E/libc: Access denied finding property "persist.sys.boot.reason"
2022-02-27 12:36:56.396 17414-17457/? I/OppoUsbDeviceFeature: boot reason is reboot
2022-02-27 12:36:56.396 17414-17457/? I/UsbDeviceManager: Setting USB config to mtp,adb
2022-02-27 12:36:56.398 18364-18455/? W/[0]DCS-MobileHelper: getContryCode slotid=0,type=1,code=null,result=
2022-02-27 12:36:56.398 18364-18455/? W/[0]DCS-MobileHelper: getContryCode slotid=1,type=1,code=null,result=
2022-02-27 12:36:56.403 10343-10354/? I/adbd: USB event: FUNCTIONFS_UNBIND
2022-02-27 12:36:56.403 10343-10354/? W/adbd: received FUNCTIONFS_UNBIND while still enabled?
2022-02-27 12:36:56.413 17414-18758/? E/OplusCustomizeRestrictionManagerService: isUSBFileTransferDisabled start
2022-02-27 12:36:56.414 17414-18758/? I/OplusCustomizeService: pkg:com.android.systemui isPlatformSigned, return true drectly 
2022-02-27 12:36:56.414 17414-18758/? E/OplusCustomizeRestrictionManagerService: isUSBFileTransferDisabled start
2022-02-27 12:36:56.414 17414-18758/? I/OplusCustomizeService: pkg:com.android.systemui isPlatformSigned, return true drectly 
2022-02-27 12:36:56.415 17414-18758/? E/OplusCustomizeRestrictionManagerService: isUSBFileTransferDisabled start
2022-02-27 12:36:56.415 17414-18758/? I/OplusCustomizeService: pkg:com.android.systemui isPlatformSigned, return true drectly 
2022-02-27 12:36:56.417 17414-18758/? E/OplusCustomizeRestrictionManagerService: isUSBFileTransferDisabled start
2022-02-27 12:36:56.417 17414-18758/? I/OplusCustomizeService: pkg:com.android.systemui isPlatformSigned, return true drectly 
2022-02-27 12:36:56.417 17414-18758/? E/OplusCustomizeRestrictionManagerService: isUSBFileTransferDisabled start
2022-02-27 12:36:56.417 17414-18758/? I/OplusCustomizeService: pkg:com.android.systemui isPlatformSigned, return true drectly 
2022-02-27 12:36:56.418 17414-18758/? E/OplusCustomizeRestrictionManagerService: isUSBFileTransferDisabled start
2022-02-27 12:36:56.418 17414-18758/? I/OplusCustomizeService: pkg:com.android.systemui isPlatformSigned, return true drectly 
