2022-02-27 12:33:08.298 1029-1117/? E/ANDR-PERF-RESOURCEQS: Failed to apply optimization [13, 9]
2022-02-27 12:33:08.324 1029-1117/? E/ANDR-PERF-OPTSHANDLER: Perflock resource /sys/class/devfreq/soc:qcom,cpu0-cpu-llcc-lat/mem_latency/ratio_ceil not supported
2022-02-27 12:33:08.324 1029-1117/? E/ANDR-PERF-RESOURCEQS: Failed to apply optimization [13, 8]
2022-02-27 12:33:08.324 1029-1117/? E/ANDR-PERF-OPTSHANDLER: Perflock resource /sys/class/devfreq/soc:qcom,cpu4-cpu-llcc-lat/mem_latency/ratio_ceil not supported
2022-02-27 12:33:08.324 1029-1117/? E/ANDR-PERF-RESOURCEQS: Failed to apply optimization [13, 9]
2022-02-27 12:33:08.327 17414-17460/? I/chatty: uid=1000(system) android.display expire 39 lines
2022-02-27 12:33:08.336 17114-31434/? W/audio_hw_primary: out_write: underrun(67) frames_by_time(48112) > out->last_fifo_frames_remaining(384)
2022-02-27 12:33:08.381 17124-6362/? I/chatty: uid=1000(system) sensors@2.0-ser expire 6 lines
2022-02-27 12:33:08.383 17414-17458/? I/chatty: uid=1000(system) android.ui expire 7 lines
2022-02-27 12:33:08.395 17414-17463/? I/chatty: uid=1000(system) watchdog expire 1 line
2022-02-27 12:33:08.400 17414-17788/? I/chatty: uid=1000(system) OplusResourceMa expire 3 lines
2022-02-27 12:33:08.411 1029-1117/? E/ANDR-PERF-OPTSHANDLER: Perflock resource /sys/class/devfreq/soc:qcom,cpu0-cpu-llcc-lat/mem_latency/ratio_ceil not supported
2022-02-27 12:33:08.411 1029-1117/? E/ANDR-PERF-RESOURCEQS: Failed to apply optimization [13, 8]
2022-02-27 12:33:08.411 1029-1117/? E/ANDR-PERF-OPTSHANDLER: Perflock resource /sys/class/devfreq/soc:qcom,cpu4-cpu-llcc-lat/mem_latency/ratio_ceil not supported
2022-02-27 12:33:08.411 1029-1117/? E/ANDR-PERF-RESOURCEQS: Failed to apply optimization [13, 9]
2022-02-27 12:33:08.486 17414-17688/? I/chatty: uid=1000(system) InputDispatcher expire 3 lines
2022-02-27 12:33:08.487 1029-1117/? E/ANDR-PERF-OPTSHANDLER: Perflock resource /sys/class/devfreq/soc:qcom,cpu0-cpu-llcc-lat/mem_latency/ratio_ceil not supported
2022-02-27 12:33:08.487 1029-1117/? E/ANDR-PERF-RESOURCEQS: Failed to apply optimization [13, 8]
2022-02-27 12:33:08.487 1029-1117/? E/ANDR-PERF-OPTSHANDLER: Perflock resource /sys/class/devfreq/soc:qcom,cpu4-cpu-llcc-lat/mem_latency/ratio_ceil not supported
2022-02-27 12:33:08.487 1029-1117/? E/ANDR-PERF-RESOURCEQS: Failed to apply optimization [13, 9]
2022-02-27 12:33:08.489 17951-17951/? I/KeyButtonView: Back button event: ACTION_DOWN
2022-02-27 12:33:08.489 17414-18505/? I/chatty: uid=1000(system) Binder:17414_C expire 3 lines
2022-02-27 12:33:08.490 17414-18505/? I/chatty: uid=1000(system) Binder:17414_C expire 3 lines
2022-02-27 12:33:08.492 1029-1117/? E/ANDR-PERF-OPTSHANDLER: Perflock resource /sys/class/devfreq/soc:qcom,cpu0-cpu-llcc-lat/mem_latency/ratio_ceil not supported
2022-02-27 12:33:08.492 1029-1117/? E/ANDR-PERF-RESOURCEQS: Failed to apply optimization [13, 8]
2022-02-27 12:33:08.492 1029-1117/? E/ANDR-PERF-OPTSHANDLER: Perflock resource /sys/class/devfreq/soc:qcom,cpu4-cpu-llcc-lat/mem_latency/ratio_ceil not supported
2022-02-27 12:33:08.492 1029-1117/? E/ANDR-PERF-RESOURCEQS: Failed to apply optimization [13, 9]
2022-02-27 12:33:08.510 17951-17951/? I/KeyButtonView: Back button event: ACTION_UP
2022-02-27 12:33:08.529 1029-1117/? E/ANDR-PERF-OPTSHANDLER: Perflock resource /sys/class/devfreq/soc:qcom,cpu0-cpu-llcc-lat/mem_latency/ratio_ceil not supported
2022-02-27 12:33:08.529 1029-1117/? E/ANDR-PERF-RESOURCEQS: Failed to apply optimization [13, 8]
2022-02-27 12:33:08.529 1029-1117/? E/ANDR-PERF-OPTSHANDLER: Perflock resource /sys/class/devfreq/soc:qcom,cpu4-cpu-llcc-lat/mem_latency/ratio_ceil not supported
2022-02-27 12:33:08.529 1029-1117/? E/ANDR-PERF-RESOURCEQS: Failed to apply optimization [13, 9]
2022-02-27 12:33:08.530 18344-18344/? E/Parcel: Reading a NULL string not supported here.
2022-02-27 12:33:08.534 18344-18344/? E/Launcher.ColorBubbleTextView: mForceHideDot is false
2022-02-27 12:33:08.535 18344-18344/? E/Launcher.ColorBubbleTextView: mForceHideDot is false
2022-02-27 12:33:08.547 18344-18344/? E/Launcher.ColorBubbleTextView: mForceHideDot is false
2022-02-27 12:33:08.557 18344-18344/? E/Launcher.ColorBubbleTextView: mForceHideDot is false
2022-02-27 12:33:08.601 17414-18245/? I/chatty: uid=1000(system) gameSpaceThread expire 1 line
2022-02-27 12:33:08.628 19572-20817/? I/Athena: MemoryGuardAction: triggerMemory:1600MB, availMemory:2706MB
2022-02-27 12:33:08.647 1029-1117/? E/ANDR-PERF-OPTSHANDLER: Perflock resource /sys/class/devfreq/soc:qcom,cpu0-cpu-llcc-lat/mem_latency/ratio_ceil not supported
2022-02-27 12:33:08.647 1029-1117/? E/ANDR-PERF-RESOURCEQS: Failed to apply optimization [13, 8]
2022-02-27 12:33:08.647 1029-1117/? E/ANDR-PERF-OPTSHANDLER: Perflock resource /sys/class/devfreq/soc:qcom,cpu4-cpu-llcc-lat/mem_latency/ratio_ceil not supported
2022-02-27 12:33:08.647 1029-1117/? E/ANDR-PERF-RESOURCEQS: Failed to apply optimization [13, 9]
2022-02-27 12:33:08.678 1029-1117/? E/ANDR-PERF-OPTSHANDLER: Perflock resource /sys/class/devfreq/soc:qcom,cpu0-cpu-llcc-lat/mem_latency/ratio_ceil not supported
2022-02-27 12:33:08.678 1029-1117/? E/ANDR-PERF-RESOURCEQS: Failed to apply optimization [13, 8]
2022-02-27 12:33:08.678 1029-1117/? E/ANDR-PERF-OPTSHANDLER: Perflock resource /sys/class/devfreq/soc:qcom,cpu4-cpu-llcc-lat/mem_latency/ratio_ceil not supported
2022-02-27 12:33:08.678 1029-1117/? E/ANDR-PERF-RESOURCEQS: Failed to apply optimization [13, 9]
2022-02-27 12:33:08.918 19796-20078/? E/libc: Access denied finding property "vendor.oplus.media.vpp.osie_sr.on"
2022-02-27 12:33:08.937 18344-18344/? E/Parcel: Reading a NULL string not supported here.
2022-02-27 12:33:08.939 18344-18344/? E/Launcher.Utilities: checkPackageExist Exception: android.content.pm.PackageManager$NameNotFoundException: com.coloros.assistantscreen
2022-02-27 12:33:08.939 18344-18344/? W/Launcher.LauncherClient: isAssistScreenEnable, not installed! com.coloros.assistantscreen
2022-02-27 12:33:09.004 17414-17689/? I/chatty: uid=1000(system) InputReader expire 19 lines
2022-02-27 12:33:09.004 17414-26177/? I/chatty: uid=1000(system) ColorScreenOffT expire 1 line
2022-02-27 12:33:09.083 17414-18329/? I/chatty: uid=1000(system) ENG_PWK_MONITOR expire 1 line
2022-02-27 12:33:09.093 17414-17517/? I/chatty: uid=1000(system) PowerManagerSer expire 9 lines
2022-02-27 12:33:09.103 26384-26384/? I/GoogleInputMethodService: GoogleInputMethodService.onFinishInput():3210 
2022-02-27 12:33:09.105 26384-26384/? I/GoogleInputMethodService: GoogleInputMethodService.updateDeviceLockedStatus():2099 checkRepeatedly = false, unlocked = true
2022-02-27 12:33:09.105 26384-26384/? I/GoogleInputMethodService: GoogleInputMethodService.onStartInput():1907 onStartInput(EditorInfo{inputType=0x0(NULL) imeOptions=0x0 privateImeOptions=null actionName=UNSPECIFIED actionLabel=null actionId=0 initialSelStart=-1 initialSelEnd=-1 initialCapsMode=0x0 hintText=null label=null packageName=com.oppo.launcher fieldId=-1 fieldName=null extras=null}, false)
2022-02-27 12:33:09.112 26384-26384/? I/GoogleInputMethodService: GoogleInputMethodService.updateDeviceLockedStatus():2099 checkRepeatedly = true, unlocked = true
2022-02-27 12:33:09.121 17414-18135/? I/chatty: uid=1000(system) HansManagerHand expire 1 line
2022-02-27 12:33:09.121 17414-18135/? I/chatty: uid=1000(system) HansManagerHand expire 1 line
2022-02-27 12:33:09.124 17414-20147/? I/chatty: uid=1000(system) Binder:17414_16 expire 6 lines
2022-02-27 12:33:09.128 17951-18514/? E/Parcel: Reading a NULL string not supported here.
2022-02-27 12:33:09.168 18080-18092/? W/rkstack.proces: Reducing the number of considered missed Gc histogram windows from 166 to 100
2022-02-27 12:33:09.190 1029-1117/? E/ANDR-PERF-OPTSHANDLER: Perflock resource /sys/class/devfreq/soc:qcom,cpu0-cpu-llcc-lat/mem_latency/ratio_ceil not supported
2022-02-27 12:33:09.190 1029-1117/? E/ANDR-PERF-RESOURCEQS: Failed to apply optimization [13, 8]
2022-02-27 12:33:09.190 1029-1117/? E/ANDR-PERF-OPTSHANDLER: Perflock resource /sys/class/devfreq/soc:qcom,cpu4-cpu-llcc-lat/mem_latency/ratio_ceil not supported
2022-02-27 12:33:09.190 1029-1117/? E/ANDR-PERF-RESOURCEQS: Failed to apply optimization [13, 9]
2022-02-27 12:33:09.194 1029-1117/? E/ANDR-PERF-OPTSHANDLER: Perflock resource /sys/class/devfreq/soc:qcom,cpu0-cpu-llcc-lat/mem_latency/ratio_ceil not supported
2022-02-27 12:33:09.194 1029-1117/? E/ANDR-PERF-RESOURCEQS: Failed to apply optimization [13, 8]
2022-02-27 12:33:09.194 1029-1117/? E/ANDR-PERF-OPTSHANDLER: Perflock resource /sys/class/devfreq/soc:qcom,cpu4-cpu-llcc-lat/mem_latency/ratio_ceil not supported
2022-02-27 12:33:09.194 1029-1117/? E/ANDR-PERF-RESOURCEQS: Failed to apply optimization [13, 9]
2022-02-27 12:33:09.332 1029-1117/? E/ANDR-PERF-OPTSHANDLER: Perflock resource /sys/class/devfreq/soc:qcom,cpu0-cpu-llcc-lat/mem_latency/ratio_ceil not supported
2022-02-27 12:33:09.332 1029-1117/? E/ANDR-PERF-RESOURCEQS: Failed to apply optimization [13, 8]
2022-02-27 12:33:09.332 1029-1117/? E/ANDR-PERF-OPTSHANDLER: Perflock resource /sys/class/devfreq/soc:qcom,cpu4-cpu-llcc-lat/mem_latency/ratio_ceil not supported
2022-02-27 12:33:09.332 1029-1117/? E/ANDR-PERF-RESOURCEQS: Failed to apply optimization [13, 9]
2022-02-27 12:33:09.350 17414-17857/? I/chatty: uid=1000(system) PhotonicModulat expire 7 lines
2022-02-27 12:33:09.352 17414-17517/? I/chatty: uid=1000(system) PowerManagerSer expire 13 lines
2022-02-27 12:33:09.355 17414-18562/? I/chatty: uid=1000(system) Binder:17414_E expire 1 line
2022-02-27 12:33:09.355 953-953/? E/qdlights: access fath /sys/bus/platform/devices/oppo_iface.0/brightness fail
2022-02-27 12:33:09.357 17414-17480/? I/chatty: uid=1000(system) android.bg expire 1 line
2022-02-27 12:33:09.358 17414-9177/? I/chatty: uid=1000(system) Binder:17414_3 expire 1 line
2022-02-27 12:33:09.364 17414-17785/? I/chatty: uid=1000(system) TrustManager expire 1 line
2022-02-27 12:33:09.366 18344-18344/? E/Parcel: Reading a NULL string not supported here.
2022-02-27 12:33:09.367 1026-1250/? I/SDM: DisplayBase::SetDisplayState: Set state = 0, display 29-0, teardown = 0
2022-02-27 12:33:09.368 909-909/? I/ODisplayMessageHandler: removeMessage come in, line=121
2022-02-27 12:33:09.368 909-909/? I/ODisplayMessageHandler: postMessage come in, line=132
2022-02-27 12:33:09.368 909-5420/? I/ODisplayMessageHandler: handleMessage MESSAGESVI
2022-02-27 12:33:09.369 1026-1710/? I/Dpps: DppsServer::AddNewDppsClient():530 New DPPS client accepted, client fd = 20, poll idx 3
2022-02-27 12:33:09.369 1026-1710/? I/Dpps: DppsServer::HandleDppsClientEvent():1165 Incoming message on client fd 20: 'svi:off'
2022-02-27 12:33:09.369 1026-2620/? I/Dpps: AbaContext::ProcessAbaCommands():259 command recieved kSviOffCmd, display 0
2022-02-27 12:33:09.370 17414-28626/? I/chatty: uid=1000(system) HwBinder:17414_ expire 8 lines
2022-02-27 12:33:09.371 2429-2433/? E/Diag_Lib: [IMS_AP]"ims-rtp-daemon ims_rtp_qmi_handler_thread_func waiting on select thread>"
2022-02-27 12:33:09.374 1026-2620/? I/Dpps: AbaContext::AbaFeatureOffNotify():1089 All ABA features are off
2022-02-27 12:33:09.378 1026-1250/? E/SDM: HWDeviceDRM::write_node: write_node: access path: /sys/kernel/oppo_display/video : 2
2022-02-27 12:33:09.380 17114-31434/? W/audio_hw_primary: out_write: underrun(68) frames_by_time(48100) > out->last_fifo_frames_remaining(384)
2022-02-27 12:33:09.382 17414-17502/? I/chatty: uid=1000(system) batterystats-wo expire 12 lines
2022-02-27 12:33:09.420 17414-17443/? I/chatty: uid=1000(system) Binder:17414_1 expire 7 lines
2022-02-27 12:33:09.427 17951-17951/? I/KeyguardDisplayManager: Do not show KeyguardPresentation on the default display
2022-02-27 12:33:09.428 17414-17414/? I/chatty: uid=1000(system) Binder:17414_3 expire 10 lines
2022-02-27 12:33:09.433 17414-17689/? I/chatty: uid=1000(system) InputReader expire 1 line
2022-02-27 12:33:09.434 17414-17655/? I/chatty: uid=1000(system) localbg expire 4 lines
2022-02-27 12:33:09.440 21790-22343/? I/BtGatt.ScanManager: msg.what = 8
2022-02-27 12:33:09.442 21790-22343/? I/BtGatt.ScanManager: msg.what = 4
2022-02-27 12:33:09.454 17414-18561/? I/chatty: uid=1000(system) Binder:17414_D expire 1 line
2022-02-27 12:33:09.471 17414-17461/? I/chatty: uid=1000(system) android.anim expire 1 line
2022-02-27 12:33:09.517 17951-18514/? E/Parcel: Reading a NULL string not supported here.
2022-02-27 12:33:09.766 1026-2620/? I/SDM: DisplayBuiltIn::ControlPartialUpdate: partial update is not applicable for display id = 29
2022-02-27 12:33:09.766 1081-1081/? I/SurfaceFlinger: lastmode(2), now(0), SCHED_OTHER on display off
2022-02-27 12:33:09.766 1081-9179/? W/SurfaceFlinger: Couldn't set SCHED_FIFO on threadSensorChanged
2022-02-27 12:33:09.767 17414-17857/? I/chatty: uid=1000(system) PhotonicModulat expire 1 line
2022-02-27 12:33:09.768 595-600/? E/android.system.suspend@1.0-service: Autosuspend already started.
2022-02-27 12:33:09.768 960-960/? I/QTIPowerHAL: Power setMode: 7 to: 0
2022-02-27 12:33:09.769 960-960/? I/QTIPowerHAL: Got set_interactive hint
2022-02-27 12:33:09.772 17414-17848/? I/chatty: uid=1000(system) Notifier expire 1 line
2022-02-27 12:33:09.774 1574-1574/? I/chatty: uid=1000(system) fingerprint@2.1 expire 10 lines
2022-02-27 12:33:09.781 1574-1857/? I/chatty: uid=1000(system) fingerprint@2.1 expire 74 lines
2022-02-27 12:33:09.782 18344-18344/? E/Parcel: Reading a NULL string not supported here.
2022-02-27 12:33:09.788 1029-1117/? E/ANDR-PERF-OPTSHANDLER: perf_lock_rel: failed for /sys/class/devfreq/soc:qcom,cpu-cpu-ddr-bw/min_freq as previous value is not stored
2022-02-27 12:33:09.788 1029-1117/? E/ANDR-PERF-OPTSHANDLER: perf_lock_rel: failed for /sys/class/devfreq/soc:qcom,cpu-cpu-ddr-bw/bw_hwmon/sample_ms as previous value is not stored
2022-02-27 12:33:09.788 1029-1117/? E/ANDR-PERF-OPTSHANDLER: perf_lock_rel: failed for /sys/class/devfreq/soc:qcom,cpu-cpu-ddr-bw/bw_hwmon/io_percent as previous value is not stored
2022-02-27 12:33:09.788 1029-1117/? E/ANDR-PERF-OPTSHANDLER: Unable to find the correct node storage pointers for                   resource index=16, node path=/proc/sys/kernel/sched_upmigrate
2022-02-27 12:33:09.788 1029-1117/? E/ANDR-PERF-RESOURCEQS: Failed to reset optimization [3, 7]
2022-02-27 12:33:09.788 1029-1117/? E/ANDR-PERF-OPTSHANDLER: Unable to find the correct node storage pointers for                   resource index=17, node path=/proc/sys/kernel/sched_downmigrate
2022-02-27 12:33:09.788 1029-1117/? E/ANDR-PERF-RESOURCEQS: Failed to reset optimization [3, 8]
2022-02-27 12:33:09.788 1029-1117/? E/ANDR-PERF-OPTSHANDLER: perf_lock_rel: failed for /proc/sys/kernel/sched_busy_hyst_ns as previous value is not stored
2022-02-27 12:33:09.788 1029-1117/? E/ANDR-PERF-OPTSHANDLER: perf_lock_rel: failed for /sys/class/scsi_host/host0/../../../clkscale_enable as previous value is not stored
2022-02-27 12:33:09.788 1029-1117/? E/ANDR-PERF-OPTSHANDLER: perf_lock_rel: failed for /sys/class/devfreq/soc:qcom,cpu4-cpu-ddr-lat/min_freq as previous value is not stored
2022-02-27 12:33:09.788 1029-1117/? E/ANDR-PERF-OPTSHANDLER: perf_lock_rel: failed for /sys/class/devfreq/soc:qcom,cpu0-cpu-ddr-lat/min_freq as previous value is not stored
2022-02-27 12:33:09.817 17414-17700/? I/chatty: uid=1000(system) StorageManagerS expire 2 lines
2022-02-27 12:33:09.838 17414-17669/? I/chatty: uid=1000(system) OppoAlarmHandle expire 2 lines
2022-02-27 12:33:09.858 17414-17737/? I/chatty: uid=1000(system) OplusSlaManager expire 4 lines
2022-02-27 12:33:09.914 17414-17655/? I/chatty: uid=1000(system) localbg expire 1 line
2022-02-27 12:33:09.936 17414-17479/? I/chatty: uid=1000(system) HwBinder:17414_ expire 2 lines
2022-02-27 12:33:09.937 17414-17543/? I/chatty: uid=1000(system) pool-4-thread-1 expire 2 lines
2022-02-27 12:33:09.991 17414-17434/? I/chatty: uid=1000(system) FinalizerDaemon expire 14 lines
2022-02-27 12:33:09.993 18938-18938/? W/ZoomAppController: mCurrentZoomInfo is null
2022-02-27 12:33:10.007 17414-19001/? I/chatty: uid=1000(system) Color mode hand expire 1 line
2022-02-27 12:33:10.008 17895-17895/? W/Thread-7: type=1400 audit(0.0:164257): avc: denied { write } for name="property_service" dev="tmpfs" ino=2493 scontext=u:r:color_system_service_app:s0 tcontext=u:object_r:property_socket:s0 tclass=sock_file permissive=0
2022-02-27 12:33:10.011 17895-9182/? W/libc: Unable to set property "persist.sys.ota.last_screenoff" to "1645939990010": connection failed; errno=13 (Permission denied)
2022-02-27 12:33:10.012 17895-9182/? W/System.err: java.lang.RuntimeException: failed to set system property (check logcat for reason)
2022-02-27 12:33:10.012 17895-9182/? W/System.err:     at android.os.SystemProperties.native_set(Native Method)
2022-02-27 12:33:10.012 17895-9182/? W/System.err:     at android.os.SystemProperties.set(SystemProperties.java:240)
2022-02-27 12:33:10.012 17895-9182/? W/System.err:     at com.coloros.appmanager.g$2.run(ColorServicesMonitor.java:359)
2022-02-27 12:33:10.014 18609-9183/? W/ContextImpl: Calling a method in the system process without a qualified user: android.app.ContextImpl.startService:1705 android.content.ContextWrapper.startService:730 com.coloros.safecenter.ColorAppServicesManagerClient$a$1.run:230 java.lang.Thread.run:923 <bottom of call stack> 
2022-02-27 12:33:10.015 18609-9183/? I/chatty: uid=1000(system) com.coloros.persist.system expire 1 line
2022-02-27 12:33:10.022 18609-20519/? I/chatty: uid=1000(system) OppoGuardElfMon expire 1 line
2022-02-27 12:33:10.030 18609-19665/? I/chatty: uid=1000(system) AffairDispatche expire 4 lines
2022-02-27 12:33:10.035 17414-17443/? I/chatty: uid=1000(system) Binder:17414_1 expire 19 lines
2022-02-27 12:33:10.039 19270-20500/? I/A: stopListening(NGA_PAUSED_LOCKED, SCREEN_OFF), idleOverride=NOT_LISTENING
2022-02-27 12:33:10.039 19270-21055/? I/A: Disconnecting from SysUi, flag disabled.
2022-02-27 12:33:10.039 19270-21055/? I/A: Disconnecting from SysUi, VM not enabled.
2022-02-27 12:33:10.040 19270-21055/? I/A: Disconnecting from SysUi, LSPR/AOL not enabled and screen is locked.
2022-02-27 12:33:10.040 19270-21055/? I/A: Disconnected
2022-02-27 12:33:10.040 19270-21055/? I/A: stopListening(NGA_PAUSED_LOCKED, SCREEN_LOCKED), idleOverride=NOT_LISTENING
2022-02-27 12:33:10.043 907-907/? E/vendor.oplus.hardware.charger@1.0-service: notifyScreenStatus: 0
2022-02-27 12:33:10.055 17414-20147/? I/chatty: uid=1000(system) Binder:17414_16 expire 4 lines
2022-02-27 12:33:10.057 17414-18561/? I/chatty: uid=1000(system) Binder:17414_D expire 6 lines
2022-02-27 12:33:10.058 17414-17788/? I/chatty: uid=1000(system) OplusResourceMa expire 2 lines
2022-02-27 12:33:10.060 1029-1117/? E/ANDR-PERF-OPTSHANDLER: Perflock resource /sys/class/devfreq/soc:qcom,cpu4-cpu-llcc-lat/mem_latency/ratio_ceil not supported
2022-02-27 12:33:10.060 1029-1117/? E/ANDR-PERF-RESOURCEQS: Failed to reset optimization [13, 9]
2022-02-27 12:33:10.060 1029-1117/? E/ANDR-PERF-OPTSHANDLER: Perflock resource /sys/class/devfreq/soc:qcom,cpu0-cpu-llcc-lat/mem_latency/ratio_ceil not supported
2022-02-27 12:33:10.060 1029-1117/? E/ANDR-PERF-RESOURCEQS: Failed to reset optimization [13, 8]
2022-02-27 12:33:10.060 1029-1117/? E/ANDR-PERF-OPTSHANDLER: perf_lock_rel: failed for /sys/class/devfreq/soc:qcom,cpu-cpu-ddr-bw/min_freq as previous value is not stored
2022-02-27 12:33:10.060 1029-1117/? E/ANDR-PERF-OPTSHANDLER: perf_lock_rel: failed for /sys/class/devfreq/soc:qcom,cpu-cpu-ddr-bw/bw_hwmon/sample_ms as previous value is not stored
2022-02-27 12:33:10.060 1029-1117/? E/ANDR-PERF-OPTSHANDLER: perf_lock_rel: failed for /sys/class/devfreq/soc:qcom,cpu-cpu-ddr-bw/bw_hwmon/io_percent as previous value is not stored
2022-02-27 12:33:10.060 1029-1117/? E/ANDR-PERF-OPTSHANDLER: Unable to find the correct node storage pointers for                   resource index=16, node path=/proc/sys/kernel/sched_upmigrate
2022-02-27 12:33:10.060 1029-1117/? E/ANDR-PERF-RESOURCEQS: Failed to reset optimization [3, 7]
2022-02-27 12:33:10.060 1029-1117/? E/ANDR-PERF-OPTSHANDLER: Unable to find the correct node storage pointers for                   resource index=17, node path=/proc/sys/kernel/sched_downmigrate
2022-02-27 12:33:10.060 1029-1117/? E/ANDR-PERF-RESOURCEQS: Failed to reset optimization [3, 8]
2022-02-27 12:33:10.060 1029-1117/? E/ANDR-PERF-OPTSHANDLER: perf_lock_rel: failed for /sys/class/devfreq/soc:qcom,cpu4-cpu-ddr-lat/min_freq as previous value is not stored
2022-02-27 12:33:10.060 1029-1117/? E/ANDR-PERF-OPTSHANDLER: perf_lock_rel: failed for /sys/class/devfreq/soc:qcom,cpu0-cpu-ddr-lat/min_freq as previous value is not stored
2022-02-27 12:33:10.069 17414-17443/? I/chatty: uid=1000(system) Binder:17414_1 expire 9 lines
2022-02-27 12:33:10.071 19125-21704/? I/NearbyDiscovery: FastPairHandler: Received action android.intent.action.SCREEN_OFF [CONTEXT service_id=49 ]
2022-02-27 12:33:10.072 8943-8962/? I/ding:backgroun: Waiting for a blocking GC ProfileSaver
2022-02-27 12:33:10.075 19125-21704/? I/NearbyDiscovery: FastPairScanner2: isScreenOn=false, scanWithScreenOff=false, isLocationEnabled=true, disableLocationRequirement=false, isDiscoveryScanningEnabled=true [CONTEXT service_id=49 ]
2022-02-27 12:33:10.077 19125-21541/? E/Parcel: Reading a NULL string not supported here.
2022-02-27 12:33:10.078 8943-8962/? I/ding:backgroun: WaitForGcToComplete blocked ProfileSaver on RunEmptyCheckpoint for 5.728ms
2022-02-27 12:33:10.078 19125-21704/? E/CheckPermission: _bluetooth code = 16 
2022-02-27 12:33:10.080 17414-20147/? I/chatty: uid=1000(system) Binder:17414_16 expire 29 lines
2022-02-27 12:33:10.080 19125-21704/? I/NearbyDiscovery: FastPairScanner2: eventType=SCREEN_OFF, intReq=false, scanning=true, scanAllowed=false, bleEnabled=true, bleScanAvailable=true, lockScanRate=false [CONTEXT service_id=49 ]
2022-02-27 12:33:10.080 19125-21704/? I/NearbyDiscovery: FastPairScanner2: Stopping scan [CONTEXT service_id=49 ]
2022-02-27 12:33:10.083 21790-22343/? I/BtGatt.ScanManager: msg.what = 1
2022-02-27 12:33:10.083 17124-17124/? I/chatty: uid=1000(system) sensors@2.0-ser expire 19 lines
2022-02-27 12:33:10.085 941-941/? I/vendor.qti.bluetooth@1.0-uart_transport: ## userial_vendor_ioctl: UART Flow Off 
2022-02-27 12:33:10.085 2429-2433/? E/Diag_Lib: [IMS_AP]"ims-rtp-daemon ims_rtp_qmi_handler_thread_func waiting on select thread>"
2022-02-27 12:33:10.088 2429-2433/? E/Diag_Lib: [IMS_AP]"ims-rtp-daemon ims_rtp_qmi_handler_thread_func waiting on select thread>"
2022-02-27 12:33:10.089 2429-2433/? E/Diag_Lib: [IMS_AP]"ims-rtp-daemon ims_rtp_qmi_handler_thread_func waiting on select thread>"
2022-02-27 12:33:10.092 2429-2433/? E/Diag_Lib: [IMS_AP]"ims-rtp-daemon ims_rtp_qmi_handler_thread_func waiting on select thread>"
2022-02-27 12:33:10.095 17124-9190/? I/chatty: uid=1000(system) see_11 expire 7 lines
2022-02-27 12:33:10.096 941-941/? I/vendor.qti.bluetooth@1.0-uart_transport: ## userial_vendor_set_baud: 17
2022-02-27 12:33:10.096 17414-17711/? I/chatty: uid=1000(system) NetworkPolicy expire 1 line
2022-02-27 12:33:10.097 19125-9193/? E/Parcel: Reading a NULL string not supported here.
2022-02-27 12:33:10.100 19125-21015/? I/NearbySharing: Screen is locked [CONTEXT service_id=194 ]
2022-02-27 12:33:10.100 19125-21015/? I/NearbySharing: Failed to stop scanning because weren't scanning. [CONTEXT service_id=194 ]
2022-02-27 12:33:10.100 19125-21015/? I/NearbySharing: Stopping discovery because the screen is locked. [CONTEXT service_id=194 ]
2022-02-27 12:33:10.100 19125-21015/? I/NearbySharing: Can't stop advertising FastInitiation. Not advertising. [CONTEXT service_id=194 ]
2022-02-27 12:33:10.100 19125-21015/? I/NearbySharing: Stopping Fast Init advertisement because Bluetooth is off. [CONTEXT service_id=194 ]
2022-02-27 12:33:10.100 19125-21015/? I/NearbySharing: Stopping advertising because the screen is locked. [CONTEXT service_id=194 ]
2022-02-27 12:33:10.100 19125-21015/? I/NearbySharing: Stopping FastInitiation scanning because the screen is locked. [CONTEXT service_id=194 ]
2022-02-27 12:33:10.107 941-941/? I/vendor.qti.bluetooth@1.0-uart_transport: SetBaudRate: in BOTHER
2022-02-27 12:33:10.107 941-941/? I/vendor.qti.bluetooth@1.0-uart_transport: ## userial_vendor_ioctl: UART Flow On 
2022-02-27 12:33:10.107 941-941/? I/vendor.qti.bluetooth@1.0-ibs_handler: DeviceWakeUp: Writing IBS_WAKE_IND
2022-02-27 12:33:10.107 941-22433/? I/vendor.qti.bluetooth@1.0-ibs_handler: ProcessIbsCmd: Received IBS_WAKE_ACK: 0xFC
2022-02-27 12:33:10.107 941-22433/? I/vendor.qti.bluetooth@1.0-ibs_handler: ProcessIbsCmd: Signal wack_cond_
2022-02-27 12:33:10.108 17124-9191/? I/chatty: uid=1000(system) 11_see expire 3 lines
2022-02-27 12:33:10.108 941-22433/? I/vendor.qti.bluetooth@1.0-ibs_handler: ProcessIbsCmd: Received IBS_WAKE_IND: 0xFD
2022-02-27 12:33:10.108 941-22433/? I/vendor.qti.bluetooth@1.0-ibs_handler: ProcessIbsCmd: Writing IBS_WAKE_ACK
2022-02-27 12:33:10.108 17414-17644/? I/chatty: uid=1000(system) SensorService expire 13 lines
2022-02-27 12:33:10.111 21790-22343/? I/BtGatt.ScanManager: msg.what = 1
2022-02-27 12:33:10.112 21790-22450/? E/bt_btm: BTM_BleObserve Observe not active
2022-02-27 12:33:10.113 19125-21969/? E/CheckPermission: _bluetooth code = 16 
2022-02-27 12:33:10.119 19125-21015/? I/NearbySharing: Stopped scanning for FastInitiation [CONTEXT service_id=194 ]
2022-02-27 12:33:10.120 19125-21015/? I/NearbySharing: Cancelling in use notification [CONTEXT service_id=194 ]
2022-02-27 12:33:10.120 26384-26465/? I/DeviceStatusMonitor: DeviceStatusMonitor.handleBroadcast():123 onReceive() : Action = android.intent.action.SCREEN_OFF
2022-02-27 12:33:10.121 19125-21015/? I/NearbySharing: Fast Initiation Scanning has stopped [CONTEXT service_id=194 ]
2022-02-27 12:33:10.121 19125-21015/? I/NearbySharing: Dismissing HUN as there's no device nearby. [CONTEXT service_id=194 ]
2022-02-27 12:33:10.121 26384-26465/? I/DeviceStatusMonitor: DeviceStatusMonitor.updateCountryInfo():139 updateCountryInfo(), notifyAnyway = false
2022-02-27 12:33:10.121 19125-21015/? I/NearbySharing: Cancelling in use notification [CONTEXT service_id=194 ]
2022-02-27 12:33:10.121 26384-26384/? I/InputBundle: InputBundle.consumeEvent():890 Skip consuming an event as imeStatus is 0
2022-02-27 12:33:10.124 26384-26384/? I/GoogleInputMethodService: GoogleInputMethodService.updateDeviceLockedStatus():2099 checkRepeatedly = false, unlocked = true
2022-02-27 12:33:10.147 7053-7053/? W/DeviceUtilities: BroadcastReceiver received android.intent.action.SCREEN_OFF
2022-02-27 12:33:10.151 941-22433/? I/vendor.qti.bluetooth@1.0-ibs_handler: ProcessIbsCmd: Received IBS_SLEEP_IND: 0xFE
2022-02-27 12:33:10.356 17414-17414/? I/chatty: uid=1000(system) Binder:17414_3 expire 7 lines
2022-02-27 12:33:10.361 2429-2433/? E/Diag_Lib: [IMS_AP]"ims-rtp-daemon ims_rtp_qmi_handler_thread_func waiting on select thread>"
2022-02-27 12:33:10.530 17114-21773/? I/soundtrigger: audio_extn_sound_trigger_update_device_status: device 0x2 of type 0 for Event 0, with Raise=0
2022-02-27 12:33:10.611 17414-17479/? I/chatty: uid=1000(system) HwBinder:17414_ expire 2 lines
2022-02-27 12:33:10.722 17414-17782/? I/chatty: uid=1000(system) temperatureProv expire 1 line
2022-02-27 12:33:10.767 1026-2620/? W/SDM: DisplayBuiltIn::DppsProcessOps: failed to enable partial update ret 110
2022-02-27 12:33:10.767 1026-2620/? I/Dpps: DppsPartialUpdateSubject::DeRegister():197 enable partial update timeout
2022-02-27 12:33:10.769 1026-1710/? I/Dpps: DppsServer::HandleDppsClientEvent():1147 Client connection 20 has closed
2022-02-27 12:33:10.769 1026-1710/? I/Dpps: DppsServer::RemoveServerClient():396 closed fd 20 poll_idx 3
2022-02-27 12:33:11.113 941-22439/? I/vendor.qti.bluetooth@1.0-ibs_handler: DeviceSleep: TX Awake, Sending SLEEP_IND
2022-02-27 12:33:12.078 18609-21508/? W/ContextImpl: Calling a method in the system process without a qualified user: android.app.ContextImpl.startService:1705 android.content.ContextWrapper.startService:730 com.oppo.statistics.record.RecordHandler.startDcsService:210 com.oppo.statistics.record.RecordHandler.addTask:137 com.oppo.statistics.agent.CommonAgent.recordCommon:23 
2022-02-27 12:33:12.884 18344-18344/? I/m.oppo.launche: Explicit concurrent copying GC freed 29015(1403KB) AllocSpace objects, 0(0B) LOS objects, 49% free, 7427KB/14MB, paused 399us total 95.193ms
2022-02-27 12:33:12.887 18344-18368/? W/System: A resource failed to call release. 
2022-02-27 12:33:12.888 18344-18368/? W/System: A resource failed to call release. 
2022-02-27 12:33:13.539 19125-9193/? E/Parcel: Reading a NULL string not supported here.
2022-02-27 12:33:13.587 17414-18758/? I/chatty: uid=1000(system) Binder:17414_10 expire 6 lines
2022-02-27 12:33:13.921 19796-20078/? E/libc: Access denied finding property "vendor.oplus.media.vpp.osie_sr.on"
2022-02-27 12:33:14.360 17414-17460/? I/chatty: uid=1000(system) android.display expire 1 line
2022-02-27 12:33:14.363 595-595/? I/android.system.suspend@1.0-service: mSuspendCounter=0 last release wakelock name=PowerManagerService.WakeLocks: Success
2022-02-27 12:33:14.364 595-595/? I/android.system.suspend@1.0-service: mSuspendCounter=1 first holding wakelock name=WakeLockCheck: Success
2022-02-27 12:33:14.365 595-595/? I/android.system.suspend@1.0-service: mSuspendCounter=0 last release wakelock name=WakeLockCheck: Success
2022-02-27 12:33:14.386 17414-17502/? I/chatty: uid=1000(system) batterystats-wo expire 12 lines
2022-02-27 12:33:14.522 17414-17480/? I/chatty: uid=1000(system) android.bg expire 154 lines
2022-02-27 12:33:19.658 17414-22650/? I/chatty: uid=1000(system) Thread-80 expire 1 line
2022-02-27 12:33:19.658 17414-22649/? I/chatty: uid=1000(system) Thread-79 expire 1 line
2022-02-27 12:33:19.663 595-4989/? E/android.system.suspend@1.0-service: updateSleepTime 1: Invalid argument
2022-02-27 12:33:19.672 17414-17673/? I/chatty: uid=1000(system) AlarmManager expire 2 lines
2022-02-27 12:33:19.703 18790-18790/? I/WeatherS_WeatherServiceVersionUtils: serviceVersionCode8002022
2022-02-27 12:33:19.703 18790-18790/? I/WeatherS_WeatherServiceVersionUtils: serviceVersionCode8002022
2022-02-27 12:33:19.705 18790-18790/? W/ClockTagClockWidget.ClockWidgetManager: updateWeatherInfo -- weatherEntity is null!
2022-02-27 12:33:19.711 595-595/? I/android.system.suspend@1.0-service: mSuspendCounter=1 first holding wakelock name=PowerManagerService.WakeLocks: Success
2022-02-27 12:33:19.715 17414-18397/? I/chatty: uid=1000(system) Binder:17414_A expire 2 lines
2022-02-27 12:33:19.716 17414-18562/? I/chatty: uid=1000(system) Binder:17414_E expire 2 lines
2022-02-27 12:33:19.720 18790-18790/? I/WeatherS_WeatherServiceVersionUtils: serviceVersionCode8002022
2022-02-27 12:33:19.720 17414-17496/? I/chatty: uid=1000(system) BroadcastQueue expire 33 lines
2022-02-27 12:33:19.720 18790-18790/? I/WeatherS_WeatherServiceVersionUtils: serviceVersionCode8002022
2022-02-27 12:33:19.728 18790-18790/? I/WeatherS_WeatherBaseDataTask: Service has not started, bind update Service.
2022-02-27 12:33:19.728 18790-18790/? I/WeatherS_WeatherServiceManager: bindUpdateService false
2022-02-27 12:33:19.738 17414-17487/? I/chatty: uid=1000(system) ActivityManager expire 31 lines
2022-02-27 12:33:19.740 19125-9202/? E/Parcel: Reading a NULL string not supported here.
2022-02-27 12:33:19.741 17414-18561/? I/chatty: uid=1000(system) Binder:17414_D expire 16 lines
2022-02-27 12:33:19.743 17414-18505/? I/chatty: uid=1000(system) Binder:17414_C expire 6 lines
2022-02-27 12:33:19.745 18790-18790/? I/WeatherS_WeatherBaseDataTask: Service has not started, bind update Service.
2022-02-27 12:33:19.745 18790-18790/? I/WeatherS_WeatherServiceManager: bindUpdateService false
2022-02-27 12:33:19.752 9203-9203/? I/chatty: uid=1000(system) com.android.settings expire 15 lines
2022-02-27 12:33:19.763 17414-17543/? I/chatty: uid=1000(system) pool-4-thread-1 expire 2 lines
2022-02-27 12:33:19.767 9215-9215/? E/weather.servic: Unknown bits set in runtime_flags: 0x40000000
2022-02-27 12:33:19.772 18364-18455/? I/chatty: uid=10181(com.nearme.statistics.rom) Dcs-work-thread expire 164 lines
2022-02-27 12:33:19.773 9215-9215/? E/weather.servic: Not starting debugger since process cannot load the jdwp agent.
2022-02-27 12:33:19.778 9215-9215/? E/RefClass: java.lang.reflect.InvocationTargetException
2022-02-27 12:33:19.779 9215-9215/? I/OneTrace: Mark active for pid=9215? true
2022-02-27 12:33:19.786 18790-19448/? E/ClockTagAlarmStateManager: fixAlarmInstances alarm data is empty
2022-02-27 12:33:19.795 9215-9238/? W/OplusExSystemServiceHelper: checkOplusExSystemService intent getComponent is null
2022-02-27 12:33:19.798 9215-9215/? I/oplus.android.OplusFrameworkFactoryImpl: get feature:IOplusScreenModeFeature
2022-02-27 12:33:19.798 9215-9215/? I/oplus.android.OplusFrameworkFactoryImpl: getOplusScreenModeFeature
2022-02-27 12:33:19.810 17414-17768/? I/chatty: uid=1000(system) onProviders.ECP expire 1 line
2022-02-27 12:33:19.826 9215-9215/? E/libc: Access denied finding property "ro.odm.prev.product.name"
2022-02-27 12:33:19.839 9242-9242/? E/oros.eyeprotec: Unknown bits set in runtime_flags: 0x40000000
2022-02-27 12:33:19.844 9242-9242/? E/oros.eyeprotec: Not starting debugger since process cannot load the jdwp agent.
2022-02-27 12:33:19.851 9242-9242/? E/RefClass: java.lang.reflect.InvocationTargetException
2022-02-27 12:33:19.852 9242-9242/? I/OneTrace: Mark active for pid=9242? true
2022-02-27 12:33:19.863 17414-17496/? I/chatty: uid=1000(system) BroadcastQueue expire 2 lines
2022-02-27 12:33:19.868 9242-9242/? I/oplus.android.OplusFrameworkFactoryImpl: get feature:IOplusScreenModeFeature
2022-02-27 12:33:19.868 9242-9242/? I/oplus.android.OplusFrameworkFactoryImpl: getOplusScreenModeFeature
2022-02-27 12:33:19.877 9215-9215/? I/Perf: Connecting to perf service.
2022-02-27 12:33:19.892 9242-9242/? E/libc: Access denied finding property "ro.odm.prev.product.name"
2022-02-27 12:33:19.903 9261-9261/? E/er:idleoptimiz: Unknown bits set in runtime_flags: 0x40000000
2022-02-27 12:33:19.911 9261-9261/? E/er:idleoptimiz: Not starting debugger since process cannot load the jdwp agent.
2022-02-27 12:33:19.917 9261-9261/? E/RefClass: java.lang.reflect.InvocationTargetException
2022-02-27 12:33:19.918 9261-9261/? I/OneTrace: Mark active for pid=9261? true
2022-02-27 12:33:19.945 9261-9261/? I/oplus.android.OplusFrameworkFactoryImpl: get feature:IOplusScreenModeFeature
2022-02-27 12:33:19.945 9261-9261/? I/oplus.android.OplusFrameworkFactoryImpl: getOplusScreenModeFeature
2022-02-27 12:33:19.962 9215-9215/? E/WeatherS_AccuUtilsExp: exp -> true
2022-02-27 12:33:19.965 9242-9242/? I/Perf: Connecting to perf service.
2022-02-27 12:33:19.970 9215-9215/? I/TetheringManager: registerTetheringEventCallback:com.coloros.weather.service
2022-02-27 12:33:19.973 17414-17761/? I/chatty: uid=1000(system) ConnectivitySer expire 15 lines
2022-02-27 12:33:19.973 9215-9215/? I/WeatherS_WeatherApplication: registerWeatherUIAppChangedReceiver
2022-02-27 12:33:19.975 9261-9261/? E/libc: Access denied finding property "ro.odm.prev.product.name"
2022-02-27 12:33:19.975 9215-9215/? I/WeatherS_WeatherApplication: registerExternalUpdateWeatherReceiver
2022-02-27 12:33:19.980 9261-9261/? I/er:idleoptimiz: The ClassLoaderContext is a special shared library.
2022-02-27 12:33:19.983 534-534/? I/hwservicemanager: getTransport: Cannot find entry vendor.qti.hardware.iop@2.0::IIop/default in either framework or device manifest.
2022-02-27 12:33:19.984 1374-14585/? E/ANDR-IOP: IIop:: Iop HAL Service is not available.
2022-02-27 12:33:19.984 9286-9286/? E/droid.apps.map: Unknown bits set in runtime_flags: 0x40000000
2022-02-27 12:33:19.997 9286-9286/? E/droid.apps.map: Not starting debugger since process cannot load the jdwp agent.
2022-02-27 12:33:19.998 18790-18790/? I/WeatherS_WeatherServiceManager: onServiceConnected
2022-02-27 12:33:19.999 18790-20303/? I/WeatherS_WeatherBaseDataTask: executeRequest getLocationCityDataAndUpdateWeatherInfoIfNeeded
2022-02-27 12:33:19.999 18790-18790/? I/WeatherS_WeatherServiceManager: onServiceConnected
2022-02-27 12:33:20.000 18790-20274/? I/WeatherS_WeatherBaseDataTask: executeRequest getResidentSecureSettingsData
2022-02-27 12:33:20.004 9286-9286/? E/RefClass: java.lang.reflect.InvocationTargetException
2022-02-27 12:33:20.005 9286-9286/? I/OneTrace: Mark active for pid=9286? true
2022-02-27 12:33:20.027 9286-9286/? I/oplus.android.OplusFrameworkFactoryImpl: get feature:IOplusScreenModeFeature
2022-02-27 12:33:20.027 9286-9286/? I/oplus.android.OplusFrameworkFactoryImpl: getOplusScreenModeFeature
2022-02-27 12:33:20.055 9314-9314/? E/.apps.nbu.file: Unknown bits set in runtime_flags: 0x40000000
2022-02-27 12:33:20.060 9314-9314/? E/.apps.nbu.file: Not starting debugger since process cannot load the jdwp agent.
2022-02-27 12:33:20.066 9314-9314/? E/RefClass: java.lang.reflect.InvocationTargetException
2022-02-27 12:33:20.067 9314-9314/? I/OneTrace: Mark active for pid=9314? true
2022-02-27 12:33:20.071 9286-9286/? E/libc: Access denied finding property "ro.odm.prev.product.name"
2022-02-27 12:33:20.078 9286-9286/? I/droid.apps.map: The ClassLoaderContext is a special shared library.
2022-02-27 12:33:20.093 18790-20274/? I/WeatherS_WeatherBaseDataTask: after doRequestFromWeatherService getResidentSecureSettingsData result true
2022-02-27 12:33:20.094 18790-20274/? I/WeatherS_WeatherServiceManager: unBindUpdateService true
2022-02-27 12:33:20.102 9215-9241/? E/WeatherS_OppoUtils: startAutoGetLocalCity bg location permission:false
2022-02-27 12:33:20.105 9242-9242/? E/Parcel: Reading a NULL string not supported here.
2022-02-27 12:33:20.108 9314-9314/? I/oplus.android.OplusFrameworkFactoryImpl: get feature:IOplusScreenModeFeature
2022-02-27 12:33:20.108 9314-9314/? I/oplus.android.OplusFrameworkFactoryImpl: getOplusScreenModeFeature
2022-02-27 12:33:20.111 9215-9241/? E/WeatherS_OppoUtils: startAutoGetLocalCity has no locate city
2022-02-27 12:33:20.112 18790-20303/? I/WeatherS_WeatherBaseDataTask: after doRequestFromWeatherService getLocationCityDataAndUpdateWeatherInfoIfNeeded result true
2022-02-27 12:33:20.112 18790-20303/? I/WeatherS_WeatherServiceVersionUtils: serviceVersionCode8002022
2022-02-27 12:33:20.112 18790-20303/? I/chatty: uid=10205(com.coloros.alarmclock) pool-2-thread-2 identical 1 line
2022-02-27 12:33:20.112 18790-20303/? I/WeatherS_WeatherServiceVersionUtils: serviceVersionCode8002022
2022-02-27 12:33:20.114 18790-20303/? W/ClockTagClockWidget.ClockWidgetManager: updateWeatherInfo -- weatherEntity is null!
2022-02-27 12:33:20.118 18790-20303/? I/WeatherS_WeatherServiceManager: unBindUpdateService true
2022-02-27 12:33:20.121 9335-9335/? E/oid.apps.photo: Unknown bits set in runtime_flags: 0x40000000
2022-02-27 12:33:20.125 9335-9335/? E/oid.apps.photo: Not starting debugger since process cannot load the jdwp agent.
2022-02-27 12:33:20.131 9335-9335/? E/RefClass: java.lang.reflect.InvocationTargetException
2022-02-27 12:33:20.132 9335-9335/? I/OneTrace: Mark active for pid=9335? true
2022-02-27 12:33:20.137 9314-9314/? E/libc: Access denied finding property "ro.odm.prev.product.name"
2022-02-27 12:33:20.143 9314-9314/? I/.apps.nbu.file: The ClassLoaderContext is a special shared library.
2022-02-27 12:33:20.157 9335-9335/? I/oplus.android.OplusFrameworkFactoryImpl: get feature:IOplusScreenModeFeature
2022-02-27 12:33:20.157 9335-9335/? I/oplus.android.OplusFrameworkFactoryImpl: getOplusScreenModeFeature
2022-02-27 12:33:20.158 4953-4971/? E/horae: 0: back:37370,frame:35449,front:36905, 7, +(1685), 0 ,38300,39222,40222,39068
2022-02-27 12:33:20.160 1081-1081/? I/chatty: uid=1000(system) /system/bin/surfaceflinger identical 33 lines
2022-02-27 12:33:20.171 9261-9261/? I/Perf: Connecting to perf service.
2022-02-27 12:33:20.176 3207-3325/? E/Parcel: Reading a NULL string not supported here.
2022-02-27 12:33:20.179 9355-9355/? E/.apps.wellbein: Unknown bits set in runtime_flags: 0x40000000
2022-02-27 12:33:20.185 9355-9355/? E/.apps.wellbein: Not starting debugger since process cannot load the jdwp agent.
2022-02-27 12:33:20.186 8943-8961/? E/Parcel: Reading a NULL string not supported here.
2022-02-27 12:33:20.187 3207-3470/? I/android.vendin: oneway function results will be dropped but finished with status UNKNOWN_TRANSACTION and parcel size 0
2022-02-27 12:33:20.192 8943-8943/? I/Finsky:background: [2] lfp.onDestroy(8): IPC-SERVER: Stopping gRPC host service...
2022-02-27 12:33:20.195 9355-9355/? E/RefClass: java.lang.reflect.InvocationTargetException
2022-02-27 12:33:20.196 9355-9355/? I/OneTrace: Mark active for pid=9355? true
2022-02-27 12:33:20.214 9335-9335/? E/libc: Access denied finding property "ro.odm.prev.product.name"
2022-02-27 12:33:20.221 9335-9335/? I/oid.apps.photo: The ClassLoaderContext is a special shared library.
2022-02-27 12:33:20.222 9355-9355/? I/oplus.android.OplusFrameworkFactoryImpl: get feature:IOplusScreenModeFeature
2022-02-27 12:33:20.222 9355-9355/? I/oplus.android.OplusFrameworkFactoryImpl: getOplusScreenModeFeature
2022-02-27 12:33:20.264 9377-9377/? E/le.android.kee: Unknown bits set in runtime_flags: 0x40000000
2022-02-27 12:33:20.268 9377-9377/? E/le.android.kee: Not starting debugger since process cannot load the jdwp agent.
2022-02-27 12:33:20.268 534-534/? I/hwservicemanager: getTransport: Cannot find entry vendor.qti.hardware.iop@2.0::IIop/default in either framework or device manifest.
2022-02-27 12:33:20.268 1374-14585/? E/ANDR-IOP: IIop:: Iop HAL Service is not available.
2022-02-27 12:33:20.270 31646-9376/? I/SystemUpdate: [Installation,ReceiverIntentOperation] Received intent: Intent { act=android.intent.action.TIME_SET flg=0x25200010 pkg=com.google.android.gms cmp=com.google.android.gms/.chimera.GmsIntentOperationService$PersistentTrustedReceiver }.
2022-02-27 12:33:20.273 9377-9377/? E/RefClass: java.lang.reflect.InvocationTargetException
2022-02-27 12:33:20.273 9203-9386/? I/chatty: uid=1000(system) com.android.settings expire 10 lines
2022-02-27 12:33:20.273 9377-9377/? I/OneTrace: Mark active for pid=9377? true
2022-02-27 12:33:20.282 9203-9386/? W/System.err:     at com.coloros.settings.SettingsApplication.n(SettingsApplication.java:229)
2022-02-27 12:33:20.282 9203-9386/? W/System.err:     at com.coloros.settings.SettingsApplication.lambda$ccQBaRUCOlj1jO_j9Q0Iq8ccohk(Unknown Source:0)
2022-02-27 12:33:20.282 9203-9386/? W/System.err:     at com.coloros.settings.-$$Lambda$SettingsApplication$ccQBaRUCOlj1jO_j9Q0Iq8ccohk.run(Unknown Source:2)
2022-02-27 12:33:20.283 9203-9386/? W/System.err:     at java.lang.Thread.run(Thread.java:923)
2022-02-27 12:33:20.288 9203-9203/? I/SettingsApplication: sBootReceivers  : [com.android.settings.fuelgauge.batterytip.AnomalyConfigReceiver/android.intent.action.BOOT_COMPLETED, com.coloros.settings.receiver.OppoSettingsReceiver/android.intent.action.BOOT_COMPLETED], sTimeChangedReceivers: [com.coloros.settings.feature.othersettings.timepower.TimePowerReceiver/android.intent.action.TIME_SET]
2022-02-27 12:33:20.290 5858-9392/? E/Parcel: Reading a NULL string not supported here.
2022-02-27 12:33:20.293 9203-9387/? W/ndroid.setting: Class a.a.a.a.b failed lock verification and will run slower.
    Common causes for lock verification issues are non-optimized dex code
    and incorrect proguard optimizations.
2022-02-27 12:33:20.303 9377-9377/? I/oplus.android.OplusFrameworkFactoryImpl: get feature:IOplusScreenModeFeature
2022-02-27 12:33:20.303 9377-9377/? I/oplus.android.OplusFrameworkFactoryImpl: getOplusScreenModeFeature
2022-02-27 12:33:20.314 9203-9387/? W/ContextImpl: Calling a method in the system process without a qualified user: android.app.ContextImpl.bindService:1807 android.content.ContextWrapper.bindService:766 a.a.a.a.b.a:11 com.oplus.d.a.a.c:6 com.coloros.settings.utils.br.b:19 
2022-02-27 12:33:20.323 5858-5962/? E/Parcel: Reading a NULL string not supported here.
2022-02-27 12:33:20.325 9203-9203/? E/OplusFeatureCache: invalid oplus feature oplus.software.display.osie_support
2022-02-27 12:33:20.325 9410-9410/? E/gle.android.tt: Unknown bits set in runtime_flags: 0x40000000
2022-02-27 12:33:20.329 9355-9355/? E/libc: Access denied finding property "ro.odm.prev.product.name"
2022-02-27 12:33:20.330 9314-9314/? W/.apps.nbu.file: JIT profile information will not be recorded: profile file does not exist.
2022-02-27 12:33:20.330 9314-9314/? I/chatty: uid=10239(com.google.android.apps.nbu.files) identical 1 line
2022-02-27 12:33:20.330 9314-9314/? W/.apps.nbu.file: JIT profile information will not be recorded: profile file does not exist.
2022-02-27 12:33:20.331 9410-9410/? E/gle.android.tt: Not starting debugger since process cannot load the jdwp agent.
2022-02-27 12:33:20.336 9410-9410/? E/RefClass: java.lang.reflect.InvocationTargetException
2022-02-27 12:33:20.337 9410-9410/? I/OneTrace: Mark active for pid=9410? true
2022-02-27 12:33:20.343 9203-9386/? W/f: xml file: /my_product/etc/extension/config_com.android.settings.xml is not file or not exist!
2022-02-27 12:33:20.343 9203-9386/? W/f: xml file: /my_product/etc/extension/config_region_com.android.settings.xml is not file or not exist!
2022-02-27 12:33:20.343 9203-9386/? W/f: xml file: /my_product/etc/extension/config_carrier_com.android.settings.xml is not file or not exist!
2022-02-27 12:33:20.345 9355-9355/? I/.apps.wellbein: The ClassLoaderContext is a special shared library.
2022-02-27 12:33:20.348 9203-9386/? W/f: xml file: /my_region/etc/extension/config_com.android.settings.xml is not file or not exist!
2022-02-27 12:33:20.348 9203-9386/? W/f: xml file: /my_region/etc/extension/config_region_com.android.settings.xml is not file or not exist!
2022-02-27 12:33:20.348 9203-9386/? W/f: xml file: /my_region/etc/extension/config_carrier_com.android.settings.xml is not file or not exist!
2022-02-27 12:33:20.350 9203-9386/? W/f: xml file: /my_carrier/etc/extension/config_com.android.settings.xml is not file or not exist!
2022-02-27 12:33:20.350 9203-9386/? W/f: xml file: /my_carrier/etc/extension/config_region_com.android.settings.xml is not file or not exist!
2022-02-27 12:33:20.350 9203-9386/? W/f: xml file: /my_carrier/etc/extension/config_carrier_com.android.settings.xml is not file or not exist!
2022-02-27 12:33:20.350 9203-9386/? W/f: xml file: /my_company/etc/extension/config_com.android.settings.xml is not file or not exist!
2022-02-27 12:33:20.350 9203-9386/? W/f: xml file: /my_company/etc/extension/config_region_com.android.settings.xml is not file or not exist!
2022-02-27 12:33:20.351 9203-9386/? W/f: xml file: /my_company/etc/extension/config_carrier_com.android.settings.xml is not file or not exist!
2022-02-27 12:33:20.352 9203-9386/? W/f: xml file: /my_engineering/etc/extension/config_com.android.settings.xml is not file or not exist!
2022-02-27 12:33:20.353 9203-9386/? W/f: xml file: /my_engineering/etc/extension/config_region_com.android.settings.xml is not file or not exist!
2022-02-27 12:33:20.353 9203-9386/? W/f: xml file: /my_engineering/etc/extension/config_carrier_com.android.settings.xml is not file or not exist!
2022-02-27 12:33:20.354 9377-9377/? E/libc: Access denied finding property "ro.odm.prev.product.name"
2022-02-27 12:33:20.370 9314-9314/? I/Perf: Connecting to perf service.
2022-02-27 12:33:20.375 9203-9418/? W/OppoSettingsCustomUtils: /my_company/etc/oppo_customize_whitelist.xml file don't exist!
2022-02-27 12:33:20.376 9377-9377/? I/le.android.kee: The ClassLoaderContext is a special shared library.
2022-02-27 12:33:20.382 9410-9410/? I/oplus.android.OplusFrameworkFactoryImpl: get feature:IOplusScreenModeFeature
2022-02-27 12:33:20.382 9410-9410/? I/oplus.android.OplusFrameworkFactoryImpl: getOplusScreenModeFeature
2022-02-27 12:33:20.388 9435-9435/? E/android.youtub: Unknown bits set in runtime_flags: 0x40000000
2022-02-27 12:33:20.393 9435-9435/? E/android.youtub: Not starting debugger since process cannot load the jdwp agent.
2022-02-27 12:33:20.398 9286-9286/? W/droid.apps.map: JIT profile information will not be recorded: profile file does not exist.
2022-02-27 12:33:20.398 9286-9286/? I/chatty: uid=10172(com.google.android.apps.maps) identical 1 line
2022-02-27 12:33:20.398 9286-9286/? W/droid.apps.map: JIT profile information will not be recorded: profile file does not exist.
2022-02-27 12:33:20.398 9435-9435/? E/RefClass: java.lang.reflect.InvocationTargetException
2022-02-27 12:33:20.399 9435-9435/? I/OneTrace: Mark active for pid=9435? true
2022-02-27 12:33:20.405 9444-9444/? E/earme.romupdat: Unknown bits set in runtime_flags: 0x40000000
2022-02-27 12:33:20.409 9444-9444/? E/earme.romupdat: Not starting debugger since process cannot load the jdwp agent.
2022-02-27 12:33:20.410 534-534/? I/hwservicemanager: getTransport: Cannot find entry vendor.qti.hardware.iop@2.0::IIop/default in either framework or device manifest.
2022-02-27 12:33:20.410 1374-14585/? E/ANDR-IOP: IIop:: Iop HAL Service is not available.
2022-02-27 12:33:20.416 9444-9444/? E/RefClass: java.lang.reflect.InvocationTargetException
2022-02-27 12:33:20.417 9444-9444/? I/OneTrace: Mark active for pid=9444? true
2022-02-27 12:33:20.417 9435-9435/? I/oplus.android.OplusFrameworkFactoryImpl: get feature:IOplusScreenModeFeature
2022-02-27 12:33:20.418 9435-9435/? I/oplus.android.OplusFrameworkFactoryImpl: getOplusScreenModeFeature
2022-02-27 12:33:20.430 9203-9203/? W/ContextImpl: Calling a method in the system process without a qualified user: android.app.ContextImpl.startService:1705 android.content.ContextWrapper.startService:730 android.content.ContextWrapper.startService:730 com.coloros.settings.feature.othersettings.timepower.TimePowerReceiver.onReceive:58 android.app.ActivityThread.handleReceiver:4351 
2022-02-27 12:33:20.434 9410-9410/? E/libc: Access denied finding property "ro.odm.prev.product.name"
2022-02-27 12:33:20.434 31646-9390/? I/SystemUpdate: [Execution,InstallationEventIntentOperation] Handling event of type 6.
