2022-02-27 12:13:52.941 32270-32270/? A/DEBUG:       #36 pc 000000000030e7dc  /apex/com.android.art/lib64/libart.so (bool art::interpreter::DoCall<false, false>(art::ArtMethod*, art::Thread*, art::ShadowFrame&, art::Instruction const*, unsigned short, art::JValue*)+996) (BuildId: 8aa002f9b66d1535ecbefc6f906da5ad)
2022-02-27 12:13:52.941 32270-32270/? A/DEBUG:       #37 pc 000000000067fadc  /apex/com.android.art/lib64/libart.so (MterpInvokeStatic+548) (BuildId: 8aa002f9b66d1535ecbefc6f906da5ad)
2022-02-27 12:13:52.941 32270-32270/? A/DEBUG:       #38 pc 000000000012d994  /apex/com.android.art/lib64/libart.so (mterp_op_invoke_static+20) (BuildId: 8aa002f9b66d1535ecbefc6f906da5ad)
2022-02-27 12:13:52.941 32270-32270/? A/DEBUG:       #39 pc 0000000000488fd8  /data/app/~~McxkN7NuDcal8zx_iR2yuA==/com.music.festival.battle-lpbRyXigELa0XvAf-MFhYA==/oat/arm64/base.vdex (org.libsdl.app.SDLMain.run+156)
2022-02-27 12:13:52.941 32270-32270/? A/DEBUG:       #40 pc 0000000000305dd8  /apex/com.android.art/lib64/libart.so (art::interpreter::Execute(art::Thread*, art::CodeItemDataAccessor const&, art::ShadowFrame&, art::JValue, bool, bool) (.llvm.3192670460274483179)+268) (BuildId: 8aa002f9b66d1535ecbefc6f906da5ad)
2022-02-27 12:13:52.941 32270-32270/? A/DEBUG:       #41 pc 000000000066b89c  /apex/com.android.art/lib64/libart.so (artQuickToInterpreterBridge+780) (BuildId: 8aa002f9b66d1535ecbefc6f906da5ad)
2022-02-27 12:13:52.941 32270-32270/? A/DEBUG:       #42 pc 000000000013cff8  /apex/com.android.art/lib64/libart.so (art_quick_to_interpreter_bridge+88) (BuildId: 8aa002f9b66d1535ecbefc6f906da5ad)
2022-02-27 12:13:52.941 32270-32270/? A/DEBUG:       #43 pc 0000000000175798  /apex/com.android.art/javalib/arm64/boot.oat (java.lang.Thread.run+72) (BuildId: 5331096cc8baeafa896acd5657e91c11f4fab2dc)
2022-02-27 12:13:52.941 32270-32270/? A/DEBUG:       #44 pc 0000000000133564  /apex/com.android.art/lib64/libart.so (art_quick_invoke_stub+548) (BuildId: 8aa002f9b66d1535ecbefc6f906da5ad)
2022-02-27 12:13:52.941 32270-32270/? A/DEBUG:       #45 pc 00000000001a8a78  /apex/com.android.art/lib64/libart.so (art::ArtMethod::Invoke(art::Thread*, unsigned int*, unsigned int, art::JValue*, char const*)+200) (BuildId: 8aa002f9b66d1535ecbefc6f906da5ad)
2022-02-27 12:13:52.941 32270-32270/? A/DEBUG:       #46 pc 0000000000555a50  /apex/com.android.art/lib64/libart.so (art::JValue art::InvokeVirtualOrInterfaceWithJValues<art::ArtMethod*>(art::ScopedObjectAccessAlreadyRunnable const&, _jobject*, art::ArtMethod*, jvalue const*)+460) (BuildId: 8aa002f9b66d1535ecbefc6f906da5ad)
2022-02-27 12:13:52.941 32270-32270/? A/DEBUG:       #47 pc 00000000005a41d8  /apex/com.android.art/lib64/libart.so (art::Thread::CreateCallback(void*)+1308) (BuildId: 8aa002f9b66d1535ecbefc6f906da5ad)
2022-02-27 12:13:52.941 32270-32270/? A/DEBUG:       #48 pc 00000000000da2bc  /apex/com.android.runtime/lib64/bionic/libc.so (__pthread_start(void*)+64) (BuildId: 866b0b134a5839b487935ad5e857cdbf)
2022-02-27 12:13:52.941 32270-32270/? A/DEBUG:       #49 pc 000000000007a448  /apex/com.android.runtime/lib64/bionic/libc.so (__start_thread+64) (BuildId: 866b0b134a5839b487935ad5e857cdbf)
2022-02-27 12:13:53.401 17414-32274/? I/chatty: uid=1000(system) Binder:17414_3 expire 2 lines
2022-02-27 12:13:53.404 17414-17495/? I/chatty: uid=1000(system) FileObserver expire 9 lines
2022-02-27 12:13:53.412 17414-32273/? I/chatty: uid=1000(system) Binder:17414_3 expire 1 line
2022-02-27 12:13:53.526 17414-17444/? I/chatty: uid=1000(system) Binder:17414_2 expire 12 lines
2022-02-27 12:13:53.530 19702-32284/? W/ContextImpl: Calling a method in the system process without a qualified user: android.app.ContextImpl.startService:1705 android.content.ContextWrapper.startService:730 com.c.a.a.c.b.a:206 com.c.a.a.c.b.a:133 com.c.a.a.a.c.a:14 
2022-02-27 12:13:53.724 17414-17543/? I/chatty: uid=1000(system) pool-4-thread-1 expire 22 lines
2022-02-27 12:13:53.753 17414-17461/? I/chatty: uid=1000(system) android.anim expire 15 lines
2022-02-27 12:13:53.837 19046-31777/? W/ContextImpl: Calling a method in the system process without a qualified user: android.app.ContextImpl.startService:1705 android.content.ContextWrapper.startService:730 com.oplus.util.OplusStatisticsImpl.startService:216 com.oplus.util.OplusStatisticsImpl.sendDataToDCS:192 com.oplus.util.OplusStatisticsImpl.onCommonSync:84 
2022-02-27 12:13:54.034 17414-18561/? I/chatty: uid=1000(system) Binder:17414_D expire 15 lines
2022-02-27 12:13:54.076 32291-32291/? I/chatty: uid=10327(com.music.festival.battle) expire 5 lines
2022-02-27 12:13:54.079 17414-17861/? I/chatty: uid=1000(system) Binder:17414_6 expire 10 lines
2022-02-27 12:13:54.138 17414-17460/? I/chatty: uid=1000(system) android.display expire 149 lines
2022-02-27 12:13:54.344 17414-17487/? I/chatty: uid=1000(system) ActivityManager expire 20 lines
2022-02-27 12:13:54.426 17414-18397/? I/chatty: uid=1000(system) Binder:17414_A expire 12 lines
2022-02-27 12:13:54.868 17414-17541/? I/chatty: uid=1000(system) Binder:17414_5 expire 12 lines
2022-02-27 12:13:55.200 17414-18178/? I/chatty: uid=1000(system) Binder:17414_9 expire 18 lines
2022-02-27 12:13:55.442 17414-20285/? I/chatty: uid=1000(system) Binder:17414_19 expire 15 lines
2022-02-27 12:13:55.576 17414-17496/? I/chatty: uid=1000(system) BroadcastQueue expire 20 lines
2022-02-27 12:13:55.747 32291-32435/? A/libc: FORTIFY: pthread_mutex_lock called on a destroyed mutex (0x732b7d8298)
2022-02-27 12:13:55.811 17414-17970/? I/chatty: uid=1000(system) Binder:17414_7 expire 22 lines
2022-02-27 12:13:55.817 17414-20283/? I/chatty: uid=1000(system) Binder:17414_18 expire 13 lines
2022-02-27 12:13:55.819 17414-18505/? I/chatty: uid=1000(system) Binder:17414_C expire 11 lines
2022-02-27 12:13:55.855 17414-20302/? I/chatty: uid=1000(system) Binder:17414_1D expire 19 lines
2022-02-27 12:13:56.410 32440-32440/? I/chatty: uid=10327(com.music.festival.battle) expire 16 lines
2022-02-27 12:13:56.412 17414-17777/? I/chatty: uid=1000(system) OplusJobSchedul expire 20 lines
2022-02-27 12:13:57.721 17414-20304/? I/ColorStatusBarManagerService:  topIsFullscreen fullscreen: false
2022-02-27 12:13:57.722 17414-20304/? I/ColorStatusBarManagerService:  topIsFullscreen fullscreen: false
2022-02-27 12:13:57.738 17414-18178/? I/ColorStatusBarManagerService:  topIsFullscreen fullscreen: true
2022-02-27 12:13:57.739 17414-18178/? I/ColorStatusBarManagerService:  topIsFullscreen fullscreen: true
2022-02-27 12:13:59.107 32440-32671/? I/chatty: uid=10327(com.music.festival.battle) expire 1 line
2022-02-27 12:14:00.009 17414-17861/? E/OplusCustomizeRestrictionManagerService: isBiometricDisabled start
2022-02-27 12:14:00.010 17414-17541/? E/OplusCustomizeRestrictionManagerService: isBiometricDisabled start
2022-02-27 12:14:02.308 17414-17829/? I/chatty: uid=1000(system) DnsEventHandleT identical 17 lines
2022-02-27 12:14:10.809 17414-17761/? I/chatty: uid=1000(system) ConnectivitySer expire 14 lines
2022-02-27 12:14:10.846 18609-22437/? W/ContextImpl: Calling a method in the system process without a qualified user: android.app.ContextImpl.startService:1705 android.content.ContextWrapper.startService:730 com.oppo.a.a.c.a.a:13 com.oppo.a.a.c.a.a:234 com.oppo.a.a.a.c.a:16 
2022-02-27 12:14:10.913 18609-22437/? W/ContextImpl: Calling a method in the system process without a qualified user: android.app.ContextImpl.startService:1705 android.content.ContextWrapper.startService:730 com.oppo.a.a.c.a.a:13 com.oppo.a.a.c.a.a:234 com.oppo.a.a.a.c.a:16 
2022-02-27 12:14:11.194 17414-17461/? I/chatty: uid=1000(system) android.anim expire 24 lines
2022-02-27 12:14:13.326 32440-32440/? I/chatty: uid=10327(com.music.festival.battle) expire 18 lines
2022-02-27 12:14:13.462 19046-31777/? W/ContextImpl: Calling a method in the system process without a qualified user: android.app.ContextImpl.startService:1705 android.content.ContextWrapper.startService:730 com.oplus.util.OplusStatisticsImpl.startService:216 com.oplus.util.OplusStatisticsImpl.sendDataToDCS:192 com.oplus.util.OplusStatisticsImpl.onCommonSync:84 
2022-02-27 12:14:13.475 32172-32195/? W/ContextImpl: Calling a method in the system process without a qualified user: android.app.ContextImpl.startService:1705 android.content.ContextWrapper.startService:730 com.oplus.util.OplusStatisticsImpl.startService:216 com.oplus.util.OplusStatisticsImpl.sendDataToDCS:192 com.oplus.util.OplusStatisticsImpl.onCommonSync:84 
2022-02-27 12:14:13.504 17414-17829/? I/chatty: uid=1000(system) DnsEventHandleT expire 58 lines
2022-02-27 12:14:13.599 32172-32195/? W/ContextImpl: Calling a method in the system process without a qualified user: android.app.ContextImpl.startService:1705 android.content.ContextWrapper.startService:730 com.oplus.util.OplusStatisticsImpl.startService:216 com.oplus.util.OplusStatisticsImpl.sendDataToDCS:192 com.oplus.util.OplusStatisticsImpl.onCommonSync:84 
2022-02-27 12:14:14.546 17414-17443/? I/chatty: uid=1000(system) Binder:17414_1 expire 21 lines
2022-02-27 12:14:15.341 19046-31777/? W/ContextImpl: Calling a method in the system process without a qualified user: android.app.ContextImpl.startService:1705 android.content.ContextWrapper.startService:730 com.oplus.util.OplusStatisticsImpl.startService:216 com.oplus.util.OplusStatisticsImpl.sendDataToDCS:192 com.oplus.util.OplusStatisticsImpl.onCommonSync:84 
2022-02-27 12:14:15.351 32172-32195/? W/ContextImpl: Calling a method in the system process without a qualified user: android.app.ContextImpl.startService:1705 android.content.ContextWrapper.startService:730 com.oplus.util.OplusStatisticsImpl.startService:216 com.oplus.util.OplusStatisticsImpl.sendDataToDCS:192 com.oplus.util.OplusStatisticsImpl.onCommonSync:84 
2022-02-27 12:14:15.425 32172-32195/? W/ContextImpl: Calling a method in the system process without a qualified user: android.app.ContextImpl.startService:1705 android.content.ContextWrapper.startService:730 com.oplus.util.OplusStatisticsImpl.startService:216 com.oplus.util.OplusStatisticsImpl.sendDataToDCS:192 com.oplus.util.OplusStatisticsImpl.onCommonSync:84 
2022-02-27 12:14:15.518 19046-31777/? W/ContextImpl: Calling a method in the system process without a qualified user: android.app.ContextImpl.startService:1705 android.content.ContextWrapper.startService:730 com.oplus.util.OplusStatisticsImpl.startService:216 com.oplus.util.OplusStatisticsImpl.sendDataToDCS:192 com.oplus.util.OplusStatisticsImpl.onCommonSync:84 
2022-02-27 12:14:16.544 17414-17986/? I/chatty: uid=1000(system) Binder:17414_8 expire 31 lines
2022-02-27 12:14:18.052 17414-17714/? I/chatty: uid=1000(system) WifiHandlerThre expire 15 lines
2022-02-27 12:14:18.063 17414-17719/? I/chatty: uid=1000(system) SarThread expire 3 lines
2022-02-27 12:14:18.119 17414-17780/? I/chatty: uid=1000(system) ConnectivityThr expire 6 lines
2022-02-27 12:14:18.126 17414-17647/? I/chatty: uid=1000(system) LMMThread expire 4 lines
2022-02-27 12:14:18.852 17414-17460/? I/chatty: uid=1000(system) android.display expire 72 lines
2022-02-27 12:14:19.077 17414-20304/? I/chatty: uid=1000(system) Binder:17414_1E expire 29 lines
2022-02-27 12:14:19.126 17414-17861/? I/chatty: uid=1000(system) Binder:17414_6 expire 33 lines
2022-02-27 12:14:21.835 17414-18178/? I/chatty: uid=1000(system) Binder:17414_9 expire 12 lines
2022-02-27 12:14:23.634 32172-32195/? W/ContextImpl: Calling a method in the system process without a qualified user: android.app.ContextImpl.startService:1705 android.content.ContextWrapper.startService:730 com.oplus.util.OplusStatisticsImpl.startService:216 com.oplus.util.OplusStatisticsImpl.sendDataToDCS:192 com.oplus.util.OplusStatisticsImpl.onCommonSync:84 
2022-02-27 12:14:23.646 19046-31777/? W/ContextImpl: Calling a method in the system process without a qualified user: android.app.ContextImpl.startService:1705 android.content.ContextWrapper.startService:730 com.oplus.util.OplusStatisticsImpl.startService:216 com.oplus.util.OplusStatisticsImpl.sendDataToDCS:192 com.oplus.util.OplusStatisticsImpl.onCommonSync:84 
2022-02-27 12:14:23.741 32172-32195/? W/ContextImpl: Calling a method in the system process without a qualified user: android.app.ContextImpl.startService:1705 android.content.ContextWrapper.startService:730 com.oplus.util.OplusStatisticsImpl.startService:216 com.oplus.util.OplusStatisticsImpl.sendDataToDCS:192 com.oplus.util.OplusStatisticsImpl.onCommonSync:84 
2022-02-27 12:14:23.815 19046-31777/? W/ContextImpl: Calling a method in the system process without a qualified user: android.app.ContextImpl.startService:1705 android.content.ContextWrapper.startService:730 com.oplus.util.OplusStatisticsImpl.startService:216 com.oplus.util.OplusStatisticsImpl.sendDataToDCS:192 com.oplus.util.OplusStatisticsImpl.onCommonSync:84 
2022-02-27 12:14:26.242 19046-31777/? W/ContextImpl: Calling a method in the system process without a qualified user: android.app.ContextImpl.startService:1705 android.content.ContextWrapper.startService:730 com.oplus.util.OplusStatisticsImpl.startService:216 com.oplus.util.OplusStatisticsImpl.sendDataToDCS:192 com.oplus.util.OplusStatisticsImpl.onCommonSync:84 
2022-02-27 12:14:41.334 32440-32544/? A/libc: Fatal signal 11 (SIGSEGV), code 1 (SEGV_MAPERR), fault addr 0x18 in tid 32544 (SDLThread), pid 32440 (SDLActivity)
2022-02-27 12:14:41.588 799-799/? A/DEBUG: Process name is com.music.festival.battle, not key_process
2022-02-27 12:14:41.588 799-799/? A/DEBUG: *** *** *** *** *** *** *** *** *** *** *** *** *** *** *** ***
2022-02-27 12:14:41.588 799-799/? A/DEBUG: Build fingerprint: 'realme/RMX3491T2/RED8C1L1:11/RKQ1.211019.001/1641490025076:user/release-keys'
2022-02-27 12:14:41.589 799-799/? A/DEBUG: Revision: '0'
2022-02-27 12:14:41.589 799-799/? A/DEBUG: ABI: 'arm64'
2022-02-27 12:14:41.589 799-799/? A/DEBUG: Timestamp: 2022-02-27 12:14:41+0700
2022-02-27 12:14:41.589 799-799/? A/DEBUG: pid: 32440, tid: 32544, name: SDLThread  >>> com.music.festival.battle <<<
2022-02-27 12:14:41.589 799-799/? A/DEBUG: uid: 10327
2022-02-27 12:14:41.589 799-799/? A/DEBUG: signal 11 (SIGSEGV), code 1 (SEGV_MAPERR), fault addr 0x18
2022-02-27 12:14:41.589 799-799/? A/DEBUG: Cause: null pointer dereference
2022-02-27 12:14:41.589 799-799/? A/DEBUG:     x0  0000000000000010  x1  00000072be35b650  x2  000000728e4f3e84  x3  0000000000000007
2022-02-27 12:14:41.589 799-799/? A/DEBUG:     x4  00000072c8e046a0  x5  0000000000000006  x6  0000000000000001  x7  0000000000000001
2022-02-27 12:14:41.589 799-799/? A/DEBUG:     x8  00000072c8e04638  x9  0000000000000001  x10 0000000000000001  x11 0000000000000001
2022-02-27 12:14:41.589 799-799/? A/DEBUG:     x12 0000000000000000  x13 0000000000000000  x14 00000073b7af09e2  x15 746f000000000000
2022-02-27 12:14:41.589 799-799/? A/DEBUG:     x16 00000072be87a1e0  x17 00000073b7ae2a90  x18 00000072be2220a0  x19 00000072c8e046b0
2022-02-27 12:14:41.589 799-799/? A/DEBUG:     x20 00000072c8e046e8  x21 00000072be35b5f0  x22 000000728dc58798  x23 0000000000000000
2022-02-27 12:14:41.589 799-799/? A/DEBUG:     x24 00000072c8e04768  x25 00000072c8e04750  x26 00000072c8e04758  x27 0000000000000001
2022-02-27 12:14:41.589 799-799/? A/DEBUG:     x28 000000728e4f3e84  x29 00000072c8e05100
2022-02-27 12:14:41.589 799-799/? A/DEBUG:     lr  00000072bdf87280  sp  00000072c8e04650  pc  00000072bdf872a4  pst 0000000080000000
2022-02-27 12:14:41.742 799-799/? A/DEBUG: backtrace:
2022-02-27 12:14:41.742 799-799/? A/DEBUG:       #00 pc 00000000013652a4  /data/app/~~McxkN7NuDcal8zx_iR2yuA==/com.music.festival.battle-lpbRyXigELa0XvAf-MFhYA==/split_config.arm64_v8a.apk (offset 0x1000)
2022-02-27 12:14:41.742 799-799/? A/DEBUG:       #01 pc 0000000001365618  /data/app/~~McxkN7NuDcal8zx_iR2yuA==/com.music.festival.battle-lpbRyXigELa0XvAf-MFhYA==/split_config.arm64_v8a.apk (offset 0x1000)
2022-02-27 12:14:41.742 799-799/? A/DEBUG:       #02 pc 0000000000a622f8  /data/app/~~McxkN7NuDcal8zx_iR2yuA==/com.music.festival.battle-lpbRyXigELa0XvAf-MFhYA==/split_config.arm64_v8a.apk (offset 0x1000)
2022-02-27 12:14:41.742 799-799/? A/DEBUG:       #03 pc 0000000001364980  /data/app/~~McxkN7NuDcal8zx_iR2yuA==/com.music.festival.battle-lpbRyXigELa0XvAf-MFhYA==/split_config.arm64_v8a.apk (offset 0x1000)
2022-02-27 12:14:41.742 799-799/? A/DEBUG:       #04 pc 000000000136aaa4  /data/app/~~McxkN7NuDcal8zx_iR2yuA==/com.music.festival.battle-lpbRyXigELa0XvAf-MFhYA==/split_config.arm64_v8a.apk (offset 0x1000)
2022-02-27 12:14:41.742 799-799/? A/DEBUG:       #05 pc 0000000000456c90  /data/app/~~McxkN7NuDcal8zx_iR2yuA==/com.music.festival.battle-lpbRyXigELa0XvAf-MFhYA==/split_config.arm64_v8a.apk (offset 0x1000)
2022-02-27 12:14:41.742 799-799/? A/DEBUG:       #06 pc 0000000000ffd63c  /data/app/~~McxkN7NuDcal8zx_iR2yuA==/com.music.festival.battle-lpbRyXigELa0XvAf-MFhYA==/split_config.arm64_v8a.apk (offset 0x1000)
2022-02-27 12:14:41.742 799-799/? A/DEBUG:       #07 pc 0000000000ffd960  /data/app/~~McxkN7NuDcal8zx_iR2yuA==/com.music.festival.battle-lpbRyXigELa0XvAf-MFhYA==/split_config.arm64_v8a.apk (offset 0x1000)
2022-02-27 12:14:41.742 799-799/? A/DEBUG:       #08 pc 0000000000ffdfc8  /data/app/~~McxkN7NuDcal8zx_iR2yuA==/com.music.festival.battle-lpbRyXigELa0XvAf-MFhYA==/split_config.arm64_v8a.apk (offset 0x1000)
2022-02-27 12:14:41.742 799-799/? A/DEBUG:       #09 pc 0000000000ffe098  /data/app/~~McxkN7NuDcal8zx_iR2yuA==/com.music.festival.battle-lpbRyXigELa0XvAf-MFhYA==/split_config.arm64_v8a.apk (offset 0x1000)
2022-02-27 12:14:41.742 799-799/? A/DEBUG:       #10 pc 00000000014b0ff8  /data/app/~~McxkN7NuDcal8zx_iR2yuA==/com.music.festival.battle-lpbRyXigELa0XvAf-MFhYA==/split_config.arm64_v8a.apk (offset 0x1000)
2022-02-27 12:14:41.742 799-799/? A/DEBUG:       #11 pc 0000000000e5daf4  /data/app/~~McxkN7NuDcal8zx_iR2yuA==/com.music.festival.battle-lpbRyXigELa0XvAf-MFhYA==/split_config.arm64_v8a.apk (offset 0x1000)
2022-02-27 12:14:41.742 799-799/? A/DEBUG:       #12 pc 0000000000aa111c  /data/app/~~McxkN7NuDcal8zx_iR2yuA==/com.music.festival.battle-lpbRyXigELa0XvAf-MFhYA==/split_config.arm64_v8a.apk (offset 0x1000)
2022-02-27 12:14:41.742 799-799/? A/DEBUG:       #13 pc 0000000000a41744  /data/app/~~McxkN7NuDcal8zx_iR2yuA==/com.music.festival.battle-lpbRyXigELa0XvAf-MFhYA==/split_config.arm64_v8a.apk (offset 0x1000)
2022-02-27 12:14:41.742 799-799/? A/DEBUG:       #14 pc 0000000000a41990  /data/app/~~McxkN7NuDcal8zx_iR2yuA==/com.music.festival.battle-lpbRyXigELa0XvAf-MFhYA==/split_config.arm64_v8a.apk (offset 0x1000)
2022-02-27 12:14:41.742 799-799/? A/DEBUG:       #15 pc 0000000000a41db4  /data/app/~~McxkN7NuDcal8zx_iR2yuA==/com.music.festival.battle-lpbRyXigELa0XvAf-MFhYA==/split_config.arm64_v8a.apk (offset 0x1000)
2022-02-27 12:14:41.742 799-799/? A/DEBUG:       #16 pc 00000000014b0ff8  /data/app/~~McxkN7NuDcal8zx_iR2yuA==/com.music.festival.battle-lpbRyXigELa0XvAf-MFhYA==/split_config.arm64_v8a.apk (offset 0x1000)
2022-02-27 12:14:41.742 799-799/? A/DEBUG:       #17 pc 000000000045fd58  /data/app/~~McxkN7NuDcal8zx_iR2yuA==/com.music.festival.battle-lpbRyXigELa0XvAf-MFhYA==/split_config.arm64_v8a.apk (offset 0x1000)
2022-02-27 12:14:41.742 799-799/? A/DEBUG:       #18 pc 000000000132c5bc  /data/app/~~McxkN7NuDcal8zx_iR2yuA==/com.music.festival.battle-lpbRyXigELa0XvAf-MFhYA==/split_config.arm64_v8a.apk (offset 0x1000)
2022-02-27 12:14:41.742 799-799/? A/DEBUG:       #19 pc 000000000132c744  /data/app/~~McxkN7NuDcal8zx_iR2yuA==/com.music.festival.battle-lpbRyXigELa0XvAf-MFhYA==/split_config.arm64_v8a.apk (offset 0x1000)
2022-02-27 12:14:41.742 799-799/? A/DEBUG:       #20 pc 00000000014b0ee4  /data/app/~~McxkN7NuDcal8zx_iR2yuA==/com.music.festival.battle-lpbRyXigELa0XvAf-MFhYA==/split_config.arm64_v8a.apk (offset 0x1000)
2022-02-27 12:14:41.742 799-799/? A/DEBUG:       #21 pc 00000000014aa4bc  /data/app/~~McxkN7NuDcal8zx_iR2yuA==/com.music.festival.battle-lpbRyXigELa0XvAf-MFhYA==/split_config.arm64_v8a.apk (offset 0x1000)
2022-02-27 12:14:41.742 799-799/? A/DEBUG:       #22 pc 00000000000a9850  /data/app/~~McxkN7NuDcal8zx_iR2yuA==/com.music.festival.battle-lpbRyXigELa0XvAf-MFhYA==/split_config.arm64_v8a.apk (offset 0x1dc7000)
2022-02-27 12:14:41.742 799-799/? A/DEBUG:       #23 pc 0000000000109acc  /data/app/~~McxkN7NuDcal8zx_iR2yuA==/com.music.festival.battle-lpbRyXigELa0XvAf-MFhYA==/split_config.arm64_v8a.apk (offset 0x1dc7000)
2022-02-27 12:14:41.742 799-799/? A/DEBUG:       #24 pc 0000000000109cec  /data/app/~~McxkN7NuDcal8zx_iR2yuA==/com.music.festival.battle-lpbRyXigELa0XvAf-MFhYA==/split_config.arm64_v8a.apk (offset 0x1dc7000)
2022-02-27 12:14:41.742 799-799/? A/DEBUG:       #25 pc 0000000000107dc0  /data/app/~~McxkN7NuDcal8zx_iR2yuA==/com.music.festival.battle-lpbRyXigELa0XvAf-MFhYA==/split_config.arm64_v8a.apk (offset 0x1dc7000)
2022-02-27 12:14:41.742 799-799/? A/DEBUG:       #26 pc 00000000000c94bc  /data/app/~~McxkN7NuDcal8zx_iR2yuA==/com.music.festival.battle-lpbRyXigELa0XvAf-MFhYA==/split_config.arm64_v8a.apk (offset 0x1dc7000)
2022-02-27 12:14:41.742 799-799/? A/DEBUG:       #27 pc 000000000132ba58  /data/app/~~McxkN7NuDcal8zx_iR2yuA==/com.music.festival.battle-lpbRyXigELa0XvAf-MFhYA==/split_config.arm64_v8a.apk (offset 0x1000)
2022-02-27 12:14:41.742 799-799/? A/DEBUG:       #28 pc 0000000000bf8fa0  /data/app/~~McxkN7NuDcal8zx_iR2yuA==/com.music.festival.battle-lpbRyXigELa0XvAf-MFhYA==/split_config.arm64_v8a.apk (offset 0x1000)
2022-02-27 12:14:41.742 799-799/? A/DEBUG:       #29 pc 00000000003e4340  /data/app/~~McxkN7NuDcal8zx_iR2yuA==/com.music.festival.battle-lpbRyXigELa0XvAf-MFhYA==/split_config.arm64_v8a.apk (offset 0x1000)
2022-02-27 12:14:41.742 799-799/? A/DEBUG:       #30 pc 000000000148b820  /data/app/~~McxkN7NuDcal8zx_iR2yuA==/com.music.festival.battle-lpbRyXigELa0XvAf-MFhYA==/split_config.arm64_v8a.apk (offset 0x1000) (hxcpp_main+40)
2022-02-27 12:14:41.742 799-799/? A/DEBUG:       #31 pc 000000000049e254  /data/app/~~McxkN7NuDcal8zx_iR2yuA==/com.music.festival.battle-lpbRyXigELa0XvAf-MFhYA==/split_config.arm64_v8a.apk (offset 0x1dc7000) (Java_org_libsdl_app_SDLActivity_nativeRunMain+484)
2022-02-27 12:14:41.742 799-799/? A/DEBUG:       #32 pc 00000000000530f4  /data/app/~~McxkN7NuDcal8zx_iR2yuA==/com.music.festival.battle-lpbRyXigELa0XvAf-MFhYA==/oat/arm64/base.odex (art_jni_trampoline+228)
2022-02-27 12:14:41.742 799-799/? A/DEBUG:       #33 pc 00000000001337e8  /apex/com.android.art/lib64/libart.so (art_quick_invoke_static_stub+568) (BuildId: 8aa002f9b66d1535ecbefc6f906da5ad)
2022-02-27 12:14:41.742 799-799/? A/DEBUG:       #34 pc 00000000001a8a94  /apex/com.android.art/lib64/libart.so (art::ArtMethod::Invoke(art::Thread*, unsigned int*, unsigned int, art::JValue*, char const*)+228) (BuildId: 8aa002f9b66d1535ecbefc6f906da5ad)
2022-02-27 12:14:41.742 799-799/? A/DEBUG:       #35 pc 00000000003184b0  /apex/com.android.art/lib64/libart.so (art::interpreter::ArtInterpreterToCompiledCodeBridge(art::Thread*, art::ArtMethod*, art::ShadowFrame*, unsigned short, art::JValue*)+376) (BuildId: 8aa002f9b66d1535ecbefc6f906da5ad)
2022-02-27 12:14:41.742 799-799/? A/DEBUG:       #36 pc 000000000030e7dc  /apex/com.android.art/lib64/libart.so (bool art::interpreter::DoCall<false, false>(art::ArtMethod*, art::Thread*, art::ShadowFrame&, art::Instruction const*, unsigned short, art::JValue*)+996) (BuildId: 8aa002f9b66d1535ecbefc6f906da5ad)
2022-02-27 12:14:41.742 799-799/? A/DEBUG:       #37 pc 000000000067fadc  /apex/com.android.art/lib64/libart.so (MterpInvokeStatic+548) (BuildId: 8aa002f9b66d1535ecbefc6f906da5ad)
2022-02-27 12:14:41.742 799-799/? A/DEBUG:       #38 pc 000000000012d994  /apex/com.android.art/lib64/libart.so (mterp_op_invoke_static+20) (BuildId: 8aa002f9b66d1535ecbefc6f906da5ad)
2022-02-27 12:14:41.742 799-799/? A/DEBUG:       #39 pc 0000000000488fd8  /data/app/~~McxkN7NuDcal8zx_iR2yuA==/com.music.festival.battle-lpbRyXigELa0XvAf-MFhYA==/oat/arm64/base.vdex (org.libsdl.app.SDLMain.run+156)
2022-02-27 12:14:41.742 799-799/? A/DEBUG:       #40 pc 0000000000305dd8  /apex/com.android.art/lib64/libart.so (art::interpreter::Execute(art::Thread*, art::CodeItemDataAccessor const&, art::ShadowFrame&, art::JValue, bool, bool) (.llvm.3192670460274483179)+268) (BuildId: 8aa002f9b66d1535ecbefc6f906da5ad)
2022-02-27 12:14:41.742 799-799/? A/DEBUG:       #41 pc 000000000066b89c  /apex/com.android.art/lib64/libart.so (artQuickToInterpreterBridge+780) (BuildId: 8aa002f9b66d1535ecbefc6f906da5ad)
2022-02-27 12:14:41.742 799-799/? A/DEBUG:       #42 pc 000000000013cff8  /apex/com.android.art/lib64/libart.so (art_quick_to_interpreter_bridge+88) (BuildId: 8aa002f9b66d1535ecbefc6f906da5ad)
2022-02-27 12:14:41.742 799-799/? A/DEBUG:       #43 pc 0000000000175798  /apex/com.android.art/javalib/arm64/boot.oat (java.lang.Thread.run+72) (BuildId: 5331096cc8baeafa896acd5657e91c11f4fab2dc)
2022-02-27 12:14:41.742 799-799/? A/DEBUG:       #44 pc 0000000000133564  /apex/com.android.art/lib64/libart.so (art_quick_invoke_stub+548) (BuildId: 8aa002f9b66d1535ecbefc6f906da5ad)
2022-02-27 12:14:41.742 799-799/? A/DEBUG:       #45 pc 00000000001a8a78  /apex/com.android.art/lib64/libart.so (art::ArtMethod::Invoke(art::Thread*, unsigned int*, unsigned int, art::JValue*, char const*)+200) (BuildId: 8aa002f9b66d1535ecbefc6f906da5ad)
2022-02-27 12:14:41.742 799-799/? A/DEBUG:       #46 pc 0000000000555a50  /apex/com.android.art/lib64/libart.so (art::JValue art::InvokeVirtualOrInterfaceWithJValues<art::ArtMethod*>(art::ScopedObjectAccessAlreadyRunnable const&, _jobject*, art::ArtMethod*, jvalue const*)+460) (BuildId: 8aa002f9b66d1535ecbefc6f906da5ad)
2022-02-27 12:14:41.742 799-799/? A/DEBUG:       #47 pc 00000000005a41d8  /apex/com.android.art/lib64/libart.so (art::Thread::CreateCallback(void*)+1308) (BuildId: 8aa002f9b66d1535ecbefc6f906da5ad)
2022-02-27 12:14:41.742 799-799/? A/DEBUG:       #48 pc 00000000000da2bc  /apex/com.android.runtime/lib64/bionic/libc.so (__pthread_start(void*)+64) (BuildId: 866b0b134a5839b487935ad5e857cdbf)
2022-02-27 12:14:41.742 799-799/? A/DEBUG:       #49 pc 000000000007a448  /apex/com.android.runtime/lib64/bionic/libc.so (__start_thread+64) (BuildId: 866b0b134a5839b487935ad5e857cdbf)
2022-02-27 12:14:42.127 17414-803/? I/chatty: uid=1000(system) Binder:17414_3 expire 2 lines
2022-02-27 12:14:42.129 17414-802/? I/chatty: uid=1000(system) Binder:17414_3 expire 1 line
2022-02-27 12:14:42.198 19702-32284/? W/ContextImpl: Calling a method in the system process without a qualified user: android.app.ContextImpl.startService:1705 android.content.ContextWrapper.startService:730 com.c.a.a.c.b.a:206 com.c.a.a.c.b.a:133 com.c.a.a.a.c.a:14 
2022-02-27 12:14:42.331 17414-17460/? I/chatty: uid=1000(system) android.display expire 73 lines
2022-02-27 12:14:42.363 19046-31777/? W/ContextImpl: Calling a method in the system process without a qualified user: android.app.ContextImpl.startService:1705 android.content.ContextWrapper.startService:730 com.oplus.util.OplusStatisticsImpl.startService:216 com.oplus.util.OplusStatisticsImpl.sendDataToDCS:192 com.oplus.util.OplusStatisticsImpl.onCommonSync:84 
2022-02-27 12:14:42.533 17414-17414/? I/chatty: uid=1000(system) Binder:17414_3 expire 17 lines
2022-02-27 12:14:42.619 813-813/? I/chatty: uid=10327(com.music.festival.battle) expire 5 lines
2022-02-27 12:14:43.085 17414-17541/? I/chatty: uid=1000(system) Binder:17414_5 expire 12 lines
2022-02-27 12:14:44.546 17414-18397/? I/chatty: uid=1000(system) Binder:17414_A expire 11 lines
2022-02-27 12:14:45.081 1128-1128/? I/chatty: uid=10327(com.music.festival.battle) expire 17 lines
2022-02-27 12:14:46.238 17414-20338/? I/chatty: uid=1000(system) Binder:17414_1F expire 14 lines
2022-02-27 12:15:25.347 17414-17443/? I/chatty: uid=1000(system) Binder:17414_1 expire 15 lines
2022-02-27 12:15:29.091 19702-19702/? W/ContextImpl: Calling a method in the system process without a qualified user: android.app.ContextImpl.startService:1705 android.content.ContextWrapper.startService:730 com.heytap.mcssdk.c.a:9 com.heytap.mcssdk.c.b:2 com.heytap.mcssdk.c.b:8 
2022-02-27 12:15:29.117 19666-20343/? W/ContextImpl: Calling a method in the system process without a qualified user: android.app.ContextImpl.startService:1705 android.content.ContextWrapper.startService:730 com.heytap.mcs.api.b.a.a:83 com.heytap.mcs.appservice.d.e.a:27 com.heytap.mcs.appservice.d.d.b:29 
2022-02-27 12:15:29.127 19702-1333/? W/ContextImpl: Calling a method in the system process without a qualified user: android.app.ContextImpl.bindService:1807 android.content.ContextWrapper.bindService:766 com.heytap.openid.a.c.a:12 com.heytap.openid.a.a.c:9 com.oplus.cloudconfig.a.f.a:30 
2022-02-27 12:16:59.640 17414-17460/? I/chatty: uid=1000(system) android.display expire 10 lines
2022-02-27 12:16:59.935 17414-17782/? I/chatty: uid=1000(system) temperatureProv expire 19 lines
2022-02-27 12:17:04.313 17414-17689/? I/chatty: uid=1000(system) InputReader expire 13 lines
2022-02-27 12:17:11.773 1128-1128/? I/chatty: uid=10327(com.music.festival.battle) expire 18 lines
2022-02-27 12:17:30.132 1128-1128/? I/chatty: uid=10327(com.music.festival.battle) expire 27 lines
2022-02-27 12:17:30.401 17414-17460/? I/chatty: uid=1000(system) android.display expire 18 lines
2022-02-27 12:17:49.871 17414-28626/? I/chatty: uid=1000(system) HwBinder:17414_ expire 11 lines
2022-02-27 12:18:07.714 17122-17122/? W/wificond: Scan aborted
2022-02-27 12:18:07.717 17122-17122/? W/wificond: Scan is not started. Ignore abort request
2022-02-27 12:18:07.737 17122-17122/? I/wificond: Unexpected empty scan result!
2022-02-27 12:18:07.783 17414-17715/? I/chatty: uid=1000(system) WifiP2pService expire 3 lines
2022-02-27 12:18:08.304 17414-18758/? I/chatty: uid=1000(system) Binder:17414_10 expire 12 lines
2022-02-27 12:18:08.542 1128-1128/? I/chatty: uid=10327(com.music.festival.battle) expire 18 lines
2022-02-27 12:18:09.745 17122-17122/? E/wificond: NL80211_CMD_TRIGGER_SCAN failed: Device or resource busy
2022-02-27 12:18:09.950 17122-17122/? I/wificond: Received external scan result notification from kernel.
2022-02-27 12:18:10.031 17414-17761/? I/chatty: uid=1000(system) ConnectivitySer expire 53 lines
2022-02-27 12:18:10.091 17414-17725/? I/chatty: uid=1000(system) OplusDhcpManage expire 1 line
2022-02-27 12:18:10.302 17121-17194/? E/NetlinkEvent: NetlinkEvent::FindParam(): Parameter 'INTERFACE' not found
2022-02-27 12:18:10.302 17121-17194/? E/NetlinkEvent: NetlinkEvent::FindParam(): Parameter 'STATE' not found
2022-02-27 12:18:10.302 17121-17194/? E/NetlinkEvent: NetlinkEvent::FindParam(): Parameter 'TIME_NS' not found
2022-02-27 12:18:10.302 17121-17194/? E/NetlinkEvent: NetlinkEvent::FindParam(): Parameter 'UID' not found
2022-02-27 12:18:10.324 17414-18059/? I/chatty: uid=1000(system) NetworkTimeUpda expire 2 lines
2022-02-27 12:18:10.546 17414-17986/? I/chatty: uid=1000(system) Binder:17414_8 expire 29 lines
2022-02-27 12:18:10.845 17414-17970/? I/chatty: uid=1000(system) Binder:17414_7 expire 24 lines
2022-02-27 12:18:11.351 17414-18405/? I/chatty: uid=1000(system) Binder:17414_B expire 13 lines
2022-02-27 12:18:14.089 1128-1868/? I/chatty: uid=10327(com.music.festival.battle) expire 1 line
2022-02-27 12:18:19.805 17414-17460/? I/chatty: uid=1000(system) android.display expire 24 lines
2022-02-27 12:18:19.888 17414-27383/? I/chatty: uid=1000(system) Binder:17414_20 expire 22 lines
2022-02-27 12:18:20.071 18609-22437/? W/ContextImpl: Calling a method in the system process without a qualified user: android.app.ContextImpl.startService:1705 android.content.ContextWrapper.startService:730 com.oppo.a.a.c.a.a:13 com.oppo.a.a.c.a.a:234 com.oppo.a.a.a.c.a:16 
2022-02-27 12:18:20.225 17414-17461/? I/chatty: uid=1000(system) android.anim expire 21 lines
2022-02-27 12:18:32.403 17414-18397/? I/chatty: uid=1000(system) Binder:17414_A expire 23 lines
2022-02-27 12:18:37.139 17414-18797/? I/chatty: uid=1000(system) Binder:17414_13 expire 16 lines
2022-02-27 12:18:38.366 17414-17463/? I/chatty: uid=1000(system) watchdog expire 13 lines
2022-02-27 12:18:42.188 19046-31777/? W/ContextImpl: Calling a method in the system process without a qualified user: android.app.ContextImpl.startService:1705 android.content.ContextWrapper.startService:730 com.oplus.util.OplusStatisticsImpl.startService:216 com.oplus.util.OplusStatisticsImpl.sendDataToDCS:192 com.oplus.util.OplusStatisticsImpl.onCommonSync:84 
2022-02-27 12:18:50.303 17414-17460/? I/chatty: uid=1000(system) android.display expire 94 lines
2022-02-27 12:18:55.327 19046-31777/? W/ContextImpl: Calling a method in the system process without a qualified user: android.app.ContextImpl.startService:1705 android.content.ContextWrapper.startService:730 com.oplus.util.OplusStatisticsImpl.startService:216 com.oplus.util.OplusStatisticsImpl.sendDataToDCS:192 com.oplus.util.OplusStatisticsImpl.onCommonSync:84 
2022-02-27 12:18:57.612 17414-17761/? I/chatty: uid=1000(system) ConnectivitySer expire 13 lines
2022-02-27 12:18:58.249 19046-31777/? W/ContextImpl: Calling a method in the system process without a qualified user: android.app.ContextImpl.startService:1705 android.content.ContextWrapper.startService:730 com.oplus.util.OplusStatisticsImpl.startService:216 com.oplus.util.OplusStatisticsImpl.sendDataToDCS:192 com.oplus.util.OplusStatisticsImpl.onCommonSync:84 
2022-02-27 12:19:01.537 1128-1128/? I/chatty: uid=10327(com.music.festival.battle) expire 3 lines
2022-02-27 12:19:02.003 17414-17517/? I/chatty: uid=1000(system) PowerManagerSer expire 45 lines
2022-02-27 12:19:02.009 17414-17414/? I/chatty: uid=1000(system) Binder:17414_3 expire 11 lines
2022-02-27 12:19:06.227 17414-26894/? I/chatty: uid=1000(system) OplusTrack-thre expire 7 lines
2022-02-27 12:19:06.571 17414-17788/? I/chatty: uid=1000(system) OplusResourceMa expire 10 lines
2022-02-27 12:19:07.072 19046-31777/? W/ContextImpl: Calling a method in the system process without a qualified user: android.app.ContextImpl.startService:1705 android.content.ContextWrapper.startService:730 com.oplus.util.OplusStatisticsImpl.startService:216 com.oplus.util.OplusStatisticsImpl.sendDataToDCS:192 com.oplus.util.OplusStatisticsImpl.onCommonSync:84 
2022-02-27 12:19:07.248 19046-31777/? W/ContextImpl: Calling a method in the system process without a qualified user: android.app.ContextImpl.startService:1705 android.content.ContextWrapper.startService:730 com.oplus.util.OplusStatisticsImpl.startService:216 com.oplus.util.OplusStatisticsImpl.sendDataToDCS:192 com.oplus.util.OplusStatisticsImpl.onCommonSync:84 
2022-02-27 12:19:07.302 17414-17829/? I/chatty: uid=1000(system) DnsEventHandleT expire 31 lines
2022-02-27 12:19:07.747 17414-17502/? I/chatty: uid=1000(system) batterystats-wo expire 10 lines
2022-02-27 12:19:07.867 17414-20145/? I/chatty: uid=1000(system) Binder:17414_15 expire 11 lines
2022-02-27 12:19:07.868 17414-20296/? I/chatty: uid=1000(system) Binder:17414_1C expire 16 lines
2022-02-27 12:19:38.212 17414-17517/? I/chatty: uid=1000(system) PowerManagerSer expire 41 lines
2022-02-27 12:19:38.225 17414-17857/? I/chatty: uid=1000(system) PhotonicModulat expire 12 lines
2022-02-27 12:19:38.776 17414-17460/? I/chatty: uid=1000(system) android.display expire 114 lines
2022-02-27 12:19:39.283 17414-17444/? I/chatty: uid=1000(system) Binder:17414_2 expire 17 lines
2022-02-27 12:19:39.386 17414-20147/? I/chatty: uid=1000(system) Binder:17414_16 expire 6 lines
2022-02-27 12:19:43.440 17414-17487/? I/chatty: uid=1000(system) ActivityManager expire 13 lines
2022-02-27 12:19:43.670 2587-2587/? I/chatty: uid=10327(com.music.festival.battle) expire 9 lines
2022-02-27 12:19:43.929 17414-17861/? I/chatty: uid=1000(system) Binder:17414_6 expire 4 lines
2022-02-27 12:19:43.950 18609-22437/? W/ContextImpl: Calling a method in the system process without a qualified user: android.app.ContextImpl.startService:1705 android.content.ContextWrapper.startService:730 com.oppo.a.a.c.a.a:13 com.oppo.a.a.c.a.a:234 com.oppo.a.a.a.c.a:16 
2022-02-27 12:19:44.884 17414-20283/? I/chatty: uid=1000(system) Binder:17414_18 expire 12 lines
2022-02-27 12:19:44.965 17414-18562/? I/chatty: uid=1000(system) Binder:17414_E expire 10 lines
2022-02-27 12:19:44.990 17414-17461/? I/chatty: uid=1000(system) android.anim expire 10 lines
2022-02-27 12:19:45.514 17414-20294/? I/chatty: uid=1000(system) Binder:17414_1B expire 11 lines
2022-02-27 12:19:45.589 18609-22345/? W/ContextImpl: Calling a method in the system process without a qualified user: android.app.ContextImpl.sendBroadcast:1162 android.content.ContextWrapper.sendBroadcast:483 com.oppo.qualityprotect.f.a:71 com.oppo.qualityprotect.f.a:9 com.oppo.qualityprotect.c.w.c:255 
2022-02-27 12:19:45.590 18609-22437/? W/ContextImpl: Calling a method in the system process without a qualified user: android.app.ContextImpl.startService:1705 android.content.ContextWrapper.startService:730 com.oppo.a.a.c.a.a:13 com.oppo.a.a.c.a.a:234 com.oppo.a.a.a.c.a:16 
2022-02-27 12:19:46.214 17414-18405/? I/chatty: uid=1000(system) Binder:17414_B expire 7 lines
2022-02-27 12:19:46.766 2782-2782/? I/chatty: uid=10327(com.music.festival.battle) expire 27 lines
2022-02-27 12:19:48.034 17414-18397/? I/chatty: uid=1000(system) Binder:17414_A expire 7 lines
2022-02-27 12:19:50.337 2782-3025/? I/chatty: uid=10327(com.music.festival.battle) expire 1 line
2022-02-27 12:20:03.474 17414-17829/? I/chatty: uid=1000(system) DnsEventHandleT expire 12 lines
2022-02-27 12:20:03.565 18609-22437/? W/ContextImpl: Calling a method in the system process without a qualified user: android.app.ContextImpl.startService:1705 android.content.ContextWrapper.startService:730 com.oppo.a.a.c.a.a:13 com.oppo.a.a.c.a.a:234 com.oppo.a.a.a.c.a:16 
2022-02-27 12:20:03.968 18609-22437/? W/ContextImpl: Calling a method in the system process without a qualified user: android.app.ContextImpl.startService:1705 android.content.ContextWrapper.startService:730 com.oppo.a.a.c.a.a:13 com.oppo.a.a.c.a.a:234 com.oppo.a.a.a.c.a:16 
2022-02-27 12:20:04.841 17414-17460/? I/chatty: uid=1000(system) android.display expire 40 lines
2022-02-27 12:20:10.083 17414-17782/? I/chatty: uid=1000(system) temperatureProv expire 22 lines
2022-02-27 12:20:10.714 2782-2782/? I/chatty: uid=10327(com.music.festival.battle) expire 4 lines
2022-02-27 12:20:11.600 19046-31777/? W/ContextImpl: Calling a method in the system process without a qualified user: android.app.ContextImpl.startService:1705 android.content.ContextWrapper.startService:730 com.oplus.util.OplusStatisticsImpl.startService:216 com.oplus.util.OplusStatisticsImpl.sendDataToDCS:192 com.oplus.util.OplusStatisticsImpl.onCommonSync:84 
2022-02-27 12:20:11.618 32172-32195/? W/ContextImpl: Calling a method in the system process without a qualified user: android.app.ContextImpl.startService:1705 android.content.ContextWrapper.startService:730 com.oplus.util.OplusStatisticsImpl.startService:216 com.oplus.util.OplusStatisticsImpl.sendDataToDCS:192 com.oplus.util.OplusStatisticsImpl.onCommonSync:84 
2022-02-27 12:20:11.657 17414-18770/? I/chatty: uid=1000(system) Binder:17414_12 expire 22 lines
2022-02-27 12:20:11.716 17414-17461/? I/chatty: uid=1000(system) android.anim expire 23 lines
2022-02-27 12:20:11.728 32172-32195/? W/ContextImpl: Calling a method in the system process without a qualified user: android.app.ContextImpl.startService:1705 android.content.ContextWrapper.startService:730 com.oplus.util.OplusStatisticsImpl.startService:216 com.oplus.util.OplusStatisticsImpl.sendDataToDCS:192 com.oplus.util.OplusStatisticsImpl.onCommonSync:84 
2022-02-27 12:20:11.797 19046-31777/? W/ContextImpl: Calling a method in the system process without a qualified user: android.app.ContextImpl.startService:1705 android.content.ContextWrapper.startService:730 com.oplus.util.OplusStatisticsImpl.startService:216 com.oplus.util.OplusStatisticsImpl.sendDataToDCS:192 com.oplus.util.OplusStatisticsImpl.onCommonSync:84 
2022-02-27 12:20:12.083 17414-17517/? I/chatty: uid=1000(system) PowerManagerSer expire 13 lines
2022-02-27 12:20:13.394 17414-18797/? I/chatty: uid=1000(system) Binder:17414_13 expire 18 lines
2022-02-27 12:20:14.168 19046-31777/? W/ContextImpl: Calling a method in the system process without a qualified user: android.app.ContextImpl.startService:1705 android.content.ContextWrapper.startService:730 com.oplus.util.OplusStatisticsImpl.startService:216 com.oplus.util.OplusStatisticsImpl.sendDataToDCS:192 com.oplus.util.OplusStatisticsImpl.onCommonSync:84 
2022-02-27 12:20:17.721 17414-17777/? I/chatty: uid=1000(system) OplusJobSchedul expire 46 lines
2022-02-27 12:20:17.724 17414-17487/? I/chatty: uid=1000(system) ActivityManager expire 16 lines
2022-02-27 12:20:19.046 18609-18690/? W/ContextImpl: Calling a method in the system process without a qualified user: android.app.ContextImpl.sendBroadcast:1162 android.content.ContextWrapper.sendBroadcast:483 com.coloros.notificationmanager.AppModificationReceiver.notifyAppModified:42 com.coloros.notificationmanager.NotificationBackend.processBroadcast:2304 com.coloros.notificationmanager.NotificationBackend.access$300:97 
2022-02-27 12:20:20.801 17414-17460/? I/chatty: uid=1000(system) android.display expire 33 lines
2022-02-27 12:20:23.965 17414-17761/? I/chatty: uid=1000(system) ConnectivitySer expire 13 lines
2022-02-27 12:20:25.144 17414-17829/? I/chatty: uid=1000(system) DnsEventHandleT expire 14 lines
2022-02-27 12:20:29.834 2782-2896/? A/libc: Fatal signal 11 (SIGSEGV), code 1 (SEGV_MAPERR), fault addr 0x18 in tid 2896 (SDLThread), pid 2782 (SDLActivity)
2022-02-27 12:20:30.089 3484-3484/? A/DEBUG: Process name is com.music.festival.battle, not key_process
2022-02-27 12:20:30.089 3484-3484/? A/DEBUG: *** *** *** *** *** *** *** *** *** *** *** *** *** *** *** ***
2022-02-27 12:20:30.089 3484-3484/? A/DEBUG: Build fingerprint: 'realme/RMX3491T2/RED8C1L1:11/RKQ1.211019.001/1641490025076:user/release-keys'
2022-02-27 12:20:30.089 3484-3484/? A/DEBUG: Revision: '0'
2022-02-27 12:20:30.089 3484-3484/? A/DEBUG: ABI: 'arm64'
2022-02-27 12:20:30.089 3484-3484/? A/DEBUG: Timestamp: 2022-02-27 12:20:30+0700
2022-02-27 12:20:30.089 3484-3484/? A/DEBUG: pid: 2782, tid: 2896, name: SDLThread  >>> com.music.festival.battle <<<
2022-02-27 12:20:30.089 3484-3484/? A/DEBUG: uid: 10327
2022-02-27 12:20:30.089 3484-3484/? A/DEBUG: signal 11 (SIGSEGV), code 1 (SEGV_MAPERR), fault addr 0x18
2022-02-27 12:20:30.089 3484-3484/? A/DEBUG: Cause: null pointer dereference
2022-02-27 12:20:30.089 3484-3484/? A/DEBUG:     x0  0000000000000010  x1  00000072bdd3a650  x2  000000728a0f6654  x3  0000000000000007
2022-02-27 12:20:30.089 3484-3484/? A/DEBUG:     x4  000000729baa16a0  x5  0000000000000006  x6  0000000000000001  x7  0000000000000024
2022-02-27 12:20:30.089 3484-3484/? A/DEBUG:     x8  000000729baa1638  x9  0000000000000001  x10 0000000000000001  x11 0000000000000001
2022-02-27 12:20:30.089 3484-3484/? A/DEBUG:     x12 0000000000000000  x13 0000000000000000  x14 00000073b7af09e2  x15 6c61000000000000
2022-02-27 12:20:30.089 3484-3484/? A/DEBUG:     x16 00000072be2591e0  x17 00000073b7ae2a90  x18 00000072bdc010a0  x19 000000729baa16b0
2022-02-27 12:20:30.089 3484-3484/? A/DEBUG:     x20 000000729baa16e8  x21 00000072bdd3a5f0  x22 0000007289c5ed2c  x23 0000000000000000
2022-02-27 12:20:30.089 3484-3484/? A/DEBUG:     x24 000000729baa1768  x25 000000729baa1750  x26 000000729baa1758  x27 0000000000000001
2022-02-27 12:20:30.089 3484-3484/? A/DEBUG:     x28 000000728a0f6654  x29 000000729baa2100
2022-02-27 12:20:30.089 3484-3484/? A/DEBUG:     lr  00000072bd966280  sp  000000729baa1650  pc  00000072bd9662a4  pst 0000000080000000
2022-02-27 12:20:30.223 3484-3484/? A/DEBUG: backtrace:
2022-02-27 12:20:30.223 3484-3484/? A/DEBUG:       #00 pc 00000000013652a4  /data/app/~~McxkN7NuDcal8zx_iR2yuA==/com.music.festival.battle-lpbRyXigELa0XvAf-MFhYA==/split_config.arm64_v8a.apk (offset 0x1000)
2022-02-27 12:20:30.223 3484-3484/? A/DEBUG:       #01 pc 0000000001365618  /data/app/~~McxkN7NuDcal8zx_iR2yuA==/com.music.festival.battle-lpbRyXigELa0XvAf-MFhYA==/split_config.arm64_v8a.apk (offset 0x1000)
2022-02-27 12:20:30.223 3484-3484/? A/DEBUG:       #02 pc 0000000000a622f8  /data/app/~~McxkN7NuDcal8zx_iR2yuA==/com.music.festival.battle-lpbRyXigELa0XvAf-MFhYA==/split_config.arm64_v8a.apk (offset 0x1000)
2022-02-27 12:20:30.223 3484-3484/? A/DEBUG:       #03 pc 0000000001364980  /data/app/~~McxkN7NuDcal8zx_iR2yuA==/com.music.festival.battle-lpbRyXigELa0XvAf-MFhYA==/split_config.arm64_v8a.apk (offset 0x1000)
2022-02-27 12:20:30.223 3484-3484/? A/DEBUG:       #04 pc 000000000136aaa4  /data/app/~~McxkN7NuDcal8zx_iR2yuA==/com.music.festival.battle-lpbRyXigELa0XvAf-MFhYA==/split_config.arm64_v8a.apk (offset 0x1000)
2022-02-27 12:20:30.223 3484-3484/? A/DEBUG:       #05 pc 0000000000456c90  /data/app/~~McxkN7NuDcal8zx_iR2yuA==/com.music.festival.battle-lpbRyXigELa0XvAf-MFhYA==/split_config.arm64_v8a.apk (offset 0x1000)
2022-02-27 12:20:30.223 3484-3484/? A/DEBUG:       #06 pc 0000000000ffd63c  /data/app/~~McxkN7NuDcal8zx_iR2yuA==/com.music.festival.battle-lpbRyXigELa0XvAf-MFhYA==/split_config.arm64_v8a.apk (offset 0x1000)
2022-02-27 12:20:30.223 3484-3484/? A/DEBUG:       #07 pc 0000000000ffd960  /data/app/~~McxkN7NuDcal8zx_iR2yuA==/com.music.festival.battle-lpbRyXigELa0XvAf-MFhYA==/split_config.arm64_v8a.apk (offset 0x1000)
2022-02-27 12:20:30.223 3484-3484/? A/DEBUG:       #08 pc 0000000000ffdfc8  /data/app/~~McxkN7NuDcal8zx_iR2yuA==/com.music.festival.battle-lpbRyXigELa0XvAf-MFhYA==/split_config.arm64_v8a.apk (offset 0x1000)
2022-02-27 12:20:30.223 3484-3484/? A/DEBUG:       #09 pc 0000000000ffe098  /data/app/~~McxkN7NuDcal8zx_iR2yuA==/com.music.festival.battle-lpbRyXigELa0XvAf-MFhYA==/split_config.arm64_v8a.apk (offset 0x1000)
2022-02-27 12:20:30.223 3484-3484/? A/DEBUG:       #10 pc 00000000014b0ff8  /data/app/~~McxkN7NuDcal8zx_iR2yuA==/com.music.festival.battle-lpbRyXigELa0XvAf-MFhYA==/split_config.arm64_v8a.apk (offset 0x1000)
2022-02-27 12:20:30.223 3484-3484/? A/DEBUG:       #11 pc 0000000000e5daf4  /data/app/~~McxkN7NuDcal8zx_iR2yuA==/com.music.festival.battle-lpbRyXigELa0XvAf-MFhYA==/split_config.arm64_v8a.apk (offset 0x1000)
2022-02-27 12:20:30.223 3484-3484/? A/DEBUG:       #12 pc 0000000000aa111c  /data/app/~~McxkN7NuDcal8zx_iR2yuA==/com.music.festival.battle-lpbRyXigELa0XvAf-MFhYA==/split_config.arm64_v8a.apk (offset 0x1000)
2022-02-27 12:20:30.223 3484-3484/? A/DEBUG:       #13 pc 0000000000a41744  /data/app/~~McxkN7NuDcal8zx_iR2yuA==/com.music.festival.battle-lpbRyXigELa0XvAf-MFhYA==/split_config.arm64_v8a.apk (offset 0x1000)
2022-02-27 12:20:30.223 3484-3484/? A/DEBUG:       #14 pc 0000000000a41990  /data/app/~~McxkN7NuDcal8zx_iR2yuA==/com.music.festival.battle-lpbRyXigELa0XvAf-MFhYA==/split_config.arm64_v8a.apk (offset 0x1000)
2022-02-27 12:20:30.223 3484-3484/? A/DEBUG:       #15 pc 0000000000a41db4  /data/app/~~McxkN7NuDcal8zx_iR2yuA==/com.music.festival.battle-lpbRyXigELa0XvAf-MFhYA==/split_config.arm64_v8a.apk (offset 0x1000)
2022-02-27 12:20:30.223 3484-3484/? A/DEBUG:       #16 pc 00000000014b0ff8  /data/app/~~McxkN7NuDcal8zx_iR2yuA==/com.music.festival.battle-lpbRyXigELa0XvAf-MFhYA==/split_config.arm64_v8a.apk (offset 0x1000)
2022-02-27 12:20:30.224 3484-3484/? A/DEBUG:       #17 pc 000000000045fd58  /data/app/~~McxkN7NuDcal8zx_iR2yuA==/com.music.festival.battle-lpbRyXigELa0XvAf-MFhYA==/split_config.arm64_v8a.apk (offset 0x1000)
2022-02-27 12:20:30.224 3484-3484/? A/DEBUG:       #18 pc 000000000132c5bc  /data/app/~~McxkN7NuDcal8zx_iR2yuA==/com.music.festival.battle-lpbRyXigELa0XvAf-MFhYA==/split_config.arm64_v8a.apk (offset 0x1000)
2022-02-27 12:20:30.224 3484-3484/? A/DEBUG:       #19 pc 000000000132c744  /data/app/~~McxkN7NuDcal8zx_iR2yuA==/com.music.festival.battle-lpbRyXigELa0XvAf-MFhYA==/split_config.arm64_v8a.apk (offset 0x1000)
2022-02-27 12:20:30.224 3484-3484/? A/DEBUG:       #20 pc 00000000014b0ee4  /data/app/~~McxkN7NuDcal8zx_iR2yuA==/com.music.festival.battle-lpbRyXigELa0XvAf-MFhYA==/split_config.arm64_v8a.apk (offset 0x1000)
2022-02-27 12:20:30.224 3484-3484/? A/DEBUG:       #21 pc 00000000014aa4bc  /data/app/~~McxkN7NuDcal8zx_iR2yuA==/com.music.festival.battle-lpbRyXigELa0XvAf-MFhYA==/split_config.arm64_v8a.apk (offset 0x1000)
2022-02-27 12:20:30.224 3484-3484/? A/DEBUG:       #22 pc 00000000000a9850  /data/app/~~McxkN7NuDcal8zx_iR2yuA==/com.music.festival.battle-lpbRyXigELa0XvAf-MFhYA==/split_config.arm64_v8a.apk (offset 0x1dc7000)
2022-02-27 12:20:30.224 3484-3484/? A/DEBUG:       #23 pc 0000000000109acc  /data/app/~~McxkN7NuDcal8zx_iR2yuA==/com.music.festival.battle-lpbRyXigELa0XvAf-MFhYA==/split_config.arm64_v8a.apk (offset 0x1dc7000)
2022-02-27 12:20:30.224 3484-3484/? A/DEBUG:       #24 pc 0000000000109cec  /data/app/~~McxkN7NuDcal8zx_iR2yuA==/com.music.festival.battle-lpbRyXigELa0XvAf-MFhYA==/split_config.arm64_v8a.apk (offset 0x1dc7000)
2022-02-27 12:20:30.224 3484-3484/? A/DEBUG:       #25 pc 0000000000107dc0  /data/app/~~McxkN7NuDcal8zx_iR2yuA==/com.music.festival.battle-lpbRyXigELa0XvAf-MFhYA==/split_config.arm64_v8a.apk (offset 0x1dc7000)
2022-02-27 12:20:30.224 3484-3484/? A/DEBUG:       #26 pc 00000000000c94bc  /data/app/~~McxkN7NuDcal8zx_iR2yuA==/com.music.festival.battle-lpbRyXigELa0XvAf-MFhYA==/split_config.arm64_v8a.apk (offset 0x1dc7000)
2022-02-27 12:20:30.224 3484-3484/? A/DEBUG:       #27 pc 000000000132ba58  /data/app/~~McxkN7NuDcal8zx_iR2yuA==/com.music.festival.battle-lpbRyXigELa0XvAf-MFhYA==/split_config.arm64_v8a.apk (offset 0x1000)
2022-02-27 12:20:30.224 3484-3484/? A/DEBUG:       #28 pc 0000000000bf8fa0  /data/app/~~McxkN7NuDcal8zx_iR2yuA==/com.music.festival.battle-lpbRyXigELa0XvAf-MFhYA==/split_config.arm64_v8a.apk (offset 0x1000)
2022-02-27 12:20:30.224 3484-3484/? A/DEBUG:       #29 pc 00000000003e4340  /data/app/~~McxkN7NuDcal8zx_iR2yuA==/com.music.festival.battle-lpbRyXigELa0XvAf-MFhYA==/split_config.arm64_v8a.apk (offset 0x1000)
