2022-02-27 12:03:45.098 7464-7464/? E/AndroidRuntime: FATAL EXCEPTION: main
    Process: com.music.festival.battle, PID: 7464
    java.lang.RuntimeException: bad array lengths
        at android.os.Parcel.readTypedArray(Parcel.java:3108)
        at android.view.IWindowSession$Stub$Proxy.addToDisplayAsUser(IWindowSession.java:1595)
        at android.view.ViewRootImpl.setView(ViewRootImpl.java:1190)
        at android.view.WindowManagerGlobal.addView(WindowManagerGlobal.java:413)
        at android.view.WindowManagerImpl.addView(WindowManagerImpl.java:110)
        at android.app.ActivityThread.handleResumeActivity(ActivityThread.java:4877)
        at android.app.servertransaction.ResumeActivityItem.execute(ResumeActivityItem.java:52)
        at android.app.servertransaction.TransactionExecutor.executeLifecycleState(TransactionExecutor.java:187)
        at android.app.servertransaction.TransactionExecutor.execute(TransactionExecutor.java:102)
        at android.app.ActivityThread$H.handleMessage(ActivityThread.java:2328)
        at android.os.Handler.dispatchMessage(Handler.java:106)
        at android.os.Looper.loop(Looper.java:263)
        at android.app.ActivityThread.main(ActivityThread.java:8321)
        at java.lang.reflect.Method.invoke(Native Method)
        at com.android.internal.os.RuntimeInit$MethodAndArgsCaller.run(RuntimeInit.java:612)
        at com.android.internal.os.ZygoteInit.main(ZygoteInit.java:1006)
2022-02-27 12:04:17.171 583-583/? A/libc: crash_dump helper failed to exec
2022-02-27 12:04:17.326 760-760/? A/libc: failed to wait for crash_dump helper: No child processes
2022-02-27 12:04:17.489 761-761/? A/libc: failed to wait for crash_dump helper: No child processes
2022-02-27 12:04:50.198 583-583/? A/libc: crash_dump helper failed to exec
2022-02-27 12:04:50.347 760-760/? A/libc: failed to wait for crash_dump helper: No child processes
2022-02-27 12:04:50.499 761-761/? A/libc: failed to wait for crash_dump helper: No child processes
2022-02-27 12:04:58.091 583-583/? A/libc: crash_dump helper failed to exec
2022-02-27 12:04:58.247 760-760/? A/libc: failed to wait for crash_dump helper: No child processes
2022-02-27 12:04:58.401 761-761/? A/libc: failed to wait for crash_dump helper: No child processes
2022-02-27 12:05:05.488 14787-14787/? E/AndroidRuntime: FATAL EXCEPTION: main
    Process: com.google.android.googlequicksearchbox:interactor, PID: 14787
    DeadSystemException: The system died; earlier logs will point to the root cause
2022-02-27 12:05:05.490 14787-14844/? E/AndroidRuntime: FATAL EXCEPTION: GoogleApiHandler
    Process: com.google.android.googlequicksearchbox:interactor, PID: 14787
    DeadSystemException: The system died; earlier logs will point to the root cause
2022-02-27 12:05:05.552 7328-7328/? E/AndroidRuntime: FATAL EXCEPTION: main
    Process: com.google.android.gms.persistent, PID: 7328
    DeadSystemException: The system died; earlier logs will point to the root cause
2022-02-27 12:05:05.557 7328-8170/? E/AndroidRuntime: FATAL EXCEPTION: lowpool[3]
    Process: com.google.android.gms.persistent, PID: 7328
    DeadSystemException: The system died; earlier logs will point to the root cause
2022-02-27 12:05:05.560 8554-8649/? E/AndroidRuntime: FATAL EXCEPTION: LogcatParserThread
    Process: com.coloros.persist.system, PID: 8554
    DeadSystemException: The system died; earlier logs will point to the root cause
2022-02-27 12:05:05.562 7435-8357/? E/AndroidRuntime: FATAL EXCEPTION: memory_compress_monitor_t
    Process: com.coloros.athena, PID: 7435
    DeadSystemException: The system died; earlier logs will point to the root cause
2022-02-27 12:05:05.569 7488-7900/? E/AndroidRuntime: FATAL EXCEPTION: pool-2-thread-5
    Process: com.heytap.mcs, PID: 7488
    DeadSystemException: The system died; earlier logs will point to the root cause
2022-02-27 12:05:05.573 3500-3500/? E/AndroidRuntime: FATAL EXCEPTION: main
    Process: com.android.phone, PID: 3500
    DeadSystemException: The system died; earlier logs will point to the root cause
2022-02-27 12:05:05.579 7215-7215/? E/AndroidRuntime: FATAL EXCEPTION: main
    Process: com.oppo.launcher, PID: 7215
    DeadSystemException: The system died; earlier logs will point to the root cause
2022-02-27 12:05:25.449 19079-19079/? A/libc: Fatal signal 6 (SIGABRT), code -1 (SI_QUEUE) in tid 19079 (init), pid 19079 (init)
2022-02-27 12:05:25.540 19079-19079/? A/libc: crash_dump helper failed to exec
    
    --------- beginning of system
2022-02-27 12:09:17.935 17414-27330/? I/chatty: uid=1000(system) Binder:17414_3 expire 2 lines
2022-02-27 12:09:17.937 17414-17526/? I/chatty: uid=1000(system) PackageManager expire 228 lines
2022-02-27 12:09:17.938 17414-17485/? I/chatty: uid=1000(system) ActivityManager expire 10 lines
2022-02-27 12:09:18.405 17414-27340/? I/chatty: uid=1000(system) Binder:17414_3 expire 2 lines
2022-02-27 12:09:18.408 17414-27342/? I/chatty: uid=1000(system) Binder:17414_3 expire 2 lines
2022-02-27 12:09:18.424 17414-27343/? I/chatty: uid=1000(system) Binder:17414_3 expire 2 lines
2022-02-27 12:09:18.665 17414-17457/? I/chatty: uid=1000(system) android.fg expire 10 lines
2022-02-27 12:09:18.762 17414-18562/? I/chatty: uid=1000(system) Binder:17414_E expire 14 lines
2022-02-27 12:09:18.768 19666-20045/? W/ContextImpl: Calling a method in the system process without a qualified user: android.app.ContextImpl.bindService:1807 android.content.ContextWrapper.bindService:766 a.a.a.a.b.a:9 com.oplus.stdid.a.b.e:9 e.e.b.f.b.d:2 
2022-02-27 12:09:18.783 18609-18690/? W/ContextImpl: Calling a method in the system process without a qualified user: android.app.ContextImpl.sendBroadcast:1162 android.content.ContextWrapper.sendBroadcast:483 com.coloros.notificationmanager.AppModificationReceiver.notifyAppModified:42 com.coloros.notificationmanager.NotificationBackend.processBroadcast:2304 com.coloros.notificationmanager.NotificationBackend.access$300:97 
2022-02-27 12:09:19.159 18609-18609/? W/ContextImpl: Calling a method in the system process without a qualified user: android.app.ContextImpl.startService:1705 android.content.ContextWrapper.startService:730 android.content.ContextWrapper.startService:730 com.coloros.safecenter.appfrozen.receiver.AppFrozenReceiver.onReceive:218 android.app.ActivityThread.handleReceiver:4351 
2022-02-27 12:09:19.185 17414-20296/? I/chatty: uid=1000(system) Binder:17414_1C expire 10 lines
2022-02-27 12:09:19.249 17414-17861/? I/chatty: uid=1000(system) Binder:17414_6 expire 12 lines
2022-02-27 12:09:19.370 18384-18384/? W/ContextImpl: Calling a method in the system process without a qualified user: android.app.ContextImpl.startService:1705 android.content.ContextWrapper.startService:730 android.content.ContextWrapper.startService:730 com.coloros.securitypermission.permission.OppoPermissionReceiver.a:669 com.coloros.securitypermission.permission.OppoPermissionReceiver.onReceive:294 
2022-02-27 12:09:19.564 17414-17496/? I/chatty: uid=1000(system) BroadcastQueue expire 17 lines
2022-02-27 12:09:19.586 27440-27440/? W/ContextImpl: Calling a method in the system process without a qualified user: android.app.ContextImpl.startService:1705 android.content.ContextWrapper.startService:730 com.qualcomm.qcrilhook.QcRilHook.connect:234 com.qualcomm.qcrilhook.QcRilHook.<init>:217 java.lang.reflect.Constructor.newInstance0:-2 
2022-02-27 12:09:19.601 27440-27440/? W/ContextImpl: Calling a method in the system process without a qualified user: android.app.ContextImpl.bindService:1807 android.content.ContextWrapper.bindService:766 com.qualcomm.qcrilhook.QcRilHook.connect:236 com.qualcomm.qcrilhook.QcRilHook.<init>:217 java.lang.reflect.Constructor.newInstance0:-2 
2022-02-27 12:09:19.692 17414-27384/? I/chatty: uid=1000(system) Binder:17414_21 expire 10 lines
2022-02-27 12:09:19.829 27440-27440/? W/ContextImpl: Calling a method in the system process without a qualified user: android.app.ContextImpl.startService:1705 android.content.ContextWrapper.startService:730 com.coloros.sau.SAUApplication.onCreate:122 android.app.Instrumentation.callApplicationOnCreate:1193 android.app.ActivityThread.handleBindApplication:7315 
2022-02-27 12:09:19.836 27440-27440/? W/ContextImpl: Calling a method in the system process without a qualified user: android.app.ContextImpl.startService:1705 android.content.ContextWrapper.startService:730 com.coloros.sau.SAUApplication.onCreate:125 android.app.Instrumentation.callApplicationOnCreate:1193 android.app.ActivityThread.handleBindApplication:7315 
2022-02-27 12:09:19.845 27440-27440/? W/ContextImpl: Calling a method in the system process without a qualified user: android.app.ContextImpl.sendBroadcast:1162 android.content.ContextWrapper.sendBroadcast:483 com.coloros.sau.SAUApplication.onCreate:4137 android.app.Instrumentation.callApplicationOnCreate:1193 android.app.ActivityThread.handleBindApplication:7315 
2022-02-27 12:09:19.861 17414-17443/? I/chatty: uid=1000(system) Binder:17414_1 expire 18 lines
2022-02-27 12:09:19.924 27440-27440/? W/ContextImpl: Calling a method in the system process without a qualified user: android.app.ContextImpl.startService:1705 android.content.ContextWrapper.startService:730 android.content.ContextWrapper.startService:730 com.coloros.sau.strategy.AppInstallReceiver.onReceive:64 android.app.ActivityThread.handleReceiver:4351 
2022-02-27 12:09:20.000 17414-17777/? I/chatty: uid=1000(system) OplusJobSchedul expire 65 lines
2022-02-27 12:09:20.013 17414-17458/? I/chatty: uid=1000(system) android.ui expire 13 lines
2022-02-27 12:09:20.123 27440-27440/? W/ContextImpl: Calling a method in the system process without a qualified user: android.app.ContextImpl.bindService:1807 android.content.ContextWrapper.bindService:766 com.coloros.sau.aidl.SauBinderUpdateService.onCreate:75 android.app.ActivityThread.handleCreateService:4518 android.app.ActivityThread.access$100:308 
2022-02-27 12:09:20.153 17414-18797/? I/chatty: uid=1000(system) Binder:17414_13 expire 10 lines
2022-02-27 12:09:20.352 27542-27809/? W/ActivityThread: ClassLoader.loadClass: The class loader returned by Thread.getContextClassLoader() may fail for processes that host multiple applications. You should explicitly specify a context class loader. For example: Thread.setContextClassLoader(getClass().getClassLoader());
2022-02-27 12:09:20.486 19666-20343/? W/ContextImpl: Calling a method in the system process without a qualified user: android.app.ContextImpl.startService:1705 android.content.ContextWrapper.startService:730 com.heytap.mcs.api.b.a.a:83 com.heytap.mcs.appservice.d.e.a:27 com.heytap.mcs.appservice.d.d.b:29 
2022-02-27 12:09:20.606 17414-20302/? I/chatty: uid=1000(system) Binder:17414_1D expire 15 lines
2022-02-27 12:09:20.637 17414-27383/? I/chatty: uid=1000(system) Binder:17414_20 expire 11 lines
2022-02-27 12:09:20.741 17414-18405/? I/chatty: uid=1000(system) Binder:17414_B expire 13 lines
2022-02-27 12:09:20.901 17414-17444/? I/chatty: uid=1000(system) Binder:17414_2 expire 17 lines
2022-02-27 12:09:20.953 17414-20304/? I/chatty: uid=1000(system) Binder:17414_1E expire 11 lines
2022-02-27 12:09:21.085 27826-27826/? E/OplusCustomizeRestrictionManager: sInstance is null, start a new sInstance
2022-02-27 12:09:21.164 17414-20338/? I/chatty: uid=1000(system) Binder:17414_1F expire 19 lines
2022-02-27 12:09:21.348 17414-18561/? I/chatty: uid=1000(system) Binder:17414_D expire 18 lines
2022-02-27 12:09:21.416 17414-17461/? I/chatty: uid=1000(system) android.anim expire 15 lines
2022-02-27 12:09:22.142 27640-28069/? E/ActivityThread: Failed to find provider info for com.facebook.appmanager.nekodirect
2022-02-27 12:09:23.299 17414-18245/? I/chatty: uid=1000(system) gameSpaceThread expire 10 lines
2022-02-27 12:09:23.399 18763-28459/? E/ActivityThread: Failed to find provider info for com.qti.smq.Feedback.provider
2022-02-27 12:09:23.413 18763-18763/? E/OplusCustomizeRestrictionManager: sInstance is null, start a new sInstance
2022-02-27 12:09:23.490 18609-18690/? W/ContextImpl: Calling a method in the system process without a qualified user: android.app.ContextImpl.sendBroadcast:1162 android.content.ContextWrapper.sendBroadcast:483 com.coloros.notificationmanager.AppModificationReceiver.notifyAppModified:42 com.coloros.notificationmanager.NotificationBackend.processBroadcast:2304 com.coloros.notificationmanager.NotificationBackend.access$300:97 
2022-02-27 12:09:23.751 17414-20285/? I/chatty: uid=1000(system) Binder:17414_19 expire 13 lines
2022-02-27 12:09:23.862 17414-17502/? I/chatty: uid=1000(system) batterystats-wo expire 10 lines
2022-02-27 12:09:24.808 17414-20156/? I/chatty: uid=1000(system) Binder:17414_17 expire 10 lines
2022-02-27 12:09:25.056 18763-28514/? W/ContextImpl: Calling a method in the system process without a qualified user: android.app.ContextImpl.startService:1705 android.content.ContextWrapper.startService:730 android.content.ContextWrapper.startService:730 com.oppo.c.c.a.a:210 com.oppo.c.c.a.a:137 
2022-02-27 12:09:25.783 17414-18758/? I/chatty: uid=1000(system) Binder:17414_10 expire 23 lines
2022-02-27 12:09:25.904 18763-28514/? W/ContextImpl: Calling a method in the system process without a qualified user: android.app.ContextImpl.startService:1705 android.content.ContextWrapper.startService:730 android.content.ContextWrapper.startService:730 com.oppo.c.c.a.a:210 com.oppo.c.c.a.a:137 
2022-02-27 12:09:25.987 17414-17487/? I/chatty: uid=1000(system) ActivityManager expire 29 lines
2022-02-27 12:09:26.166 17414-17829/? I/chatty: uid=1000(system) DnsEventHandleT expire 12 lines
2022-02-27 12:09:26.199 17414-18178/? I/chatty: uid=1000(system) Binder:17414_9 expire 14 lines
2022-02-27 12:09:26.311 17414-20288/? I/chatty: uid=1000(system) Binder:17414_1A expire 19 lines
2022-02-27 12:09:26.351 28555-28555/? E/OplusCustomizeRestrictionManager: sInstance is null, start a new sInstance
2022-02-27 12:09:27.723 18763-28514/? W/ContextImpl: Calling a method in the system process without a qualified user: android.app.ContextImpl.startService:1705 android.content.ContextWrapper.startService:730 android.content.ContextWrapper.startService:730 com.oppo.c.c.a.a:210 com.oppo.c.c.a.a:137 
2022-02-27 12:09:27.809 18763-28650/? E/ActivityThread: Failed to find provider info for com.qti.smq.Feedback.provider
2022-02-27 12:09:29.110 18763-28514/? W/ContextImpl: Calling a method in the system process without a qualified user: android.app.ContextImpl.startService:1705 android.content.ContextWrapper.startService:730 com.oppo.c.c.a.a:210 com.oppo.c.c.a.a:137 com.oppo.c.a.d.a:23 
2022-02-27 12:09:29.124 17414-28721/? I/chatty: uid=1000(system) Binder:17414_3 expire 2 lines
2022-02-27 12:09:29.136 17414-17460/? I/chatty: uid=1000(system) android.display expire 125 lines
2022-02-27 12:09:29.315 18384-25836/? W/ContextImpl: Calling a method in the system process without a qualified user: android.app.ContextImpl.startService:1705 android.content.ContextWrapper.startService:730 android.content.ContextWrapper.startService:730 com.oppo.statistics.dcs.c.b.a:206 com.oppo.statistics.dcs.c.b.a:133 
2022-02-27 12:09:29.328 18384-25836/? W/ContextImpl: Calling a method in the system process without a qualified user: android.app.ContextImpl.startService:1705 android.content.ContextWrapper.startService:730 android.content.ContextWrapper.startService:730 com.oppo.statistics.dcs.c.b.a:206 com.oppo.statistics.dcs.c.b.a:133 
2022-02-27 12:09:29.340 18609-18690/? W/ContextImpl: Calling a method in the system process without a qualified user: android.app.ContextImpl.sendBroadcast:1162 android.content.ContextWrapper.sendBroadcast:483 com.coloros.notificationmanager.AppModificationReceiver.notifyAppDataCleared:45 com.coloros.notificationmanager.NotificationBackend.processBroadcast:2301 com.coloros.notificationmanager.NotificationBackend.access$300:97 
2022-02-27 12:09:29.357 18384-25836/? W/ContextImpl: Calling a method in the system process without a qualified user: android.app.ContextImpl.startService:1705 android.content.ContextWrapper.startService:730 android.content.ContextWrapper.startService:730 com.oppo.statistics.dcs.c.b.a:206 com.oppo.statistics.dcs.c.b.a:133 
2022-02-27 12:09:29.390 17414-17414/? I/chatty: uid=1000(system) Binder:17414_3 expire 31 lines
2022-02-27 12:09:29.408 18384-25836/? W/ContextImpl: Calling a method in the system process without a qualified user: android.app.ContextImpl.startService:1705 android.content.ContextWrapper.startService:730 android.content.ContextWrapper.startService:730 com.oppo.statistics.dcs.c.b.a:206 com.oppo.statistics.dcs.c.b.a:133 
2022-02-27 12:09:29.433 18384-25836/? W/ContextImpl: Calling a method in the system process without a qualified user: android.app.ContextImpl.startService:1705 android.content.ContextWrapper.startService:730 android.content.ContextWrapper.startService:730 com.oppo.statistics.dcs.c.b.a:206 com.oppo.statistics.dcs.c.b.a:133 
2022-02-27 12:09:29.728 17414-17761/? I/chatty: uid=1000(system) ConnectivitySer expire 10 lines
2022-02-27 12:09:30.453 17414-17781/? I/chatty: uid=1000(system) CpuJob expire 2 lines
2022-02-27 12:09:30.939 17414-28626/? I/chatty: uid=1000(system) HwBinder:17414_ expire 10 lines
2022-02-27 12:09:31.287 17414-17444/? I/chatty: uid=1000(system) Binder:17414_2 expire 18 lines
2022-02-27 12:09:34.536 17414-27383/? I/chatty: uid=1000(system) Binder:17414_20 expire 11 lines
2022-02-27 12:09:34.757 17414-20285/? I/chatty: uid=1000(system) Binder:17414_19 expire 12 lines
2022-02-27 12:09:34.977 17414-20145/? I/chatty: uid=1000(system) Binder:17414_15 expire 13 lines
2022-02-27 12:09:34.988 29133-29133/? E/OplusCustomizeRestrictionManager: sInstance is null, start a new sInstance
2022-02-27 12:09:34.988 29133-29133/? E/OplusCustomizeRestrictionManager: mOplusCustomizeRestrictionManagerService is null
2022-02-27 12:09:35.249 17414-17517/? I/chatty: uid=1000(system) PowerManagerSer expire 16 lines
2022-02-27 12:09:35.488 17414-17777/? I/chatty: uid=1000(system) OplusJobSchedul expire 76 lines
2022-02-27 12:09:35.936 17414-20338/? I/chatty: uid=1000(system) Binder:17414_1F expire 10 lines
2022-02-27 12:09:35.973 18609-22437/? W/ContextImpl: Calling a method in the system process without a qualified user: android.app.ContextImpl.startService:1705 android.content.ContextWrapper.startService:730 com.oppo.a.a.c.a.a:13 com.oppo.a.a.c.a.a:234 com.oppo.a.a.a.c.a:16 
2022-02-27 12:09:36.257 29243-29243/? E/OplusCustomizeRestrictionManager: sInstance is null, start a new sInstance
2022-02-27 12:09:37.080 18609-18690/? W/ContextImpl: Calling a method in the system process without a qualified user: android.app.ContextImpl.sendBroadcast:1162 android.content.ContextWrapper.sendBroadcast:483 com.coloros.notificationmanager.AppModificationReceiver.notifyAppModified:42 com.coloros.notificationmanager.NotificationBackend.processBroadcast:2304 com.coloros.notificationmanager.NotificationBackend.access$300:97 
2022-02-27 12:09:39.220 17414-17526/? I/chatty: uid=1000(system) PackageManager expire 13 lines
2022-02-27 12:09:39.999 17414-17460/? I/chatty: uid=1000(system) android.display expire 25 lines
2022-02-27 12:09:40.077 17414-17829/? I/chatty: uid=1000(system) DnsEventHandleT expire 20 lines
2022-02-27 12:09:40.207 17414-18758/? I/chatty: uid=1000(system) Binder:17414_10 expire 14 lines
2022-02-27 12:09:40.299 17414-18562/? I/chatty: uid=1000(system) Binder:17414_E expire 19 lines
2022-02-27 12:09:40.773 17414-17487/? I/chatty: uid=1000(system) ActivityManager expire 11 lines
2022-02-27 12:09:40.879 17414-18178/? I/chatty: uid=1000(system) Binder:17414_9 expire 10 lines
2022-02-27 12:09:41.762 17414-17857/? I/chatty: uid=1000(system) PhotonicModulat expire 40 lines
2022-02-27 12:09:41.772 17414-20288/? I/chatty: uid=1000(system) Binder:17414_1A expire 11 lines
2022-02-27 12:09:42.971 18609-21508/? W/ContextImpl: Calling a method in the system process without a qualified user: android.app.ContextImpl.startService:1705 android.content.ContextWrapper.startService:730 com.oppo.statistics.record.RecordHandler.startDcsService:210 com.oppo.statistics.record.RecordHandler.addTask:137 com.oppo.statistics.agent.CommonAgent.recordCommon:23 
2022-02-27 12:09:50.236 29537-29824/? E/ActivityThread: Failed to find provider info for com.google.android.instantapps.supervisor.SupervisorArchiveProvider
2022-02-27 12:09:50.244 29537-29833/? E/ActivityThread: Failed to find provider info for com.google.android.instantapps.supervisor.SupervisorArchiveProvider
2022-02-27 12:09:50.415 17414-20147/? I/chatty: uid=1000(system) Binder:17414_16 expire 11 lines
2022-02-27 12:09:50.847 17414-18397/? I/chatty: uid=1000(system) Binder:17414_A expire 25 lines
2022-02-27 12:09:51.410 17414-17496/? I/chatty: uid=1000(system) BroadcastQueue expire 20 lines
2022-02-27 12:09:51.521 17414-17443/? I/chatty: uid=1000(system) Binder:17414_1 expire 11 lines
2022-02-27 12:09:53.646 17414-18405/? I/chatty: uid=1000(system) Binder:17414_B expire 10 lines
2022-02-27 12:09:58.844 17414-17777/? I/chatty: uid=1000(system) OplusJobSchedul expire 36 lines
2022-02-27 12:10:01.643 17414-20302/? I/chatty: uid=1000(system) Binder:17414_1D expire 16 lines
2022-02-27 12:10:05.066 29537-29633/? I/PackageParsing: com.google.android.instantapps.dna.archive: compat added android.permission.WRITE_EXTERNAL_STORAGE android.permission.READ_PHONE_STATE
2022-02-27 12:10:09.035 17414-17540/? I/chatty: uid=1000(system) Binder:17414_4 expire 10 lines
2022-02-27 12:10:19.212 17414-18770/? I/chatty: uid=1000(system) Binder:17414_12 expire 10 lines
2022-02-27 12:10:25.143 17414-17829/? I/chatty: uid=1000(system) DnsEventHandleT expire 19 lines
2022-02-27 12:10:26.472 17414-17460/? I/chatty: uid=1000(system) android.display expire 18 lines
2022-02-27 12:10:27.040 17414-17414/? I/chatty: uid=1000(system) Binder:17414_3 expire 39 lines
2022-02-27 12:10:29.709 17414-17777/? I/chatty: uid=1000(system) OplusJobSchedul expire 34 lines
2022-02-27 12:10:29.963 17414-17761/? I/chatty: uid=1000(system) ConnectivitySer expire 12 lines
2022-02-27 12:10:30.113 30050-30050/? E/ActivityThread: Service com.google.android.setupwizard.deferred.DeferredSetupNotificationSchedulerService has leaked ServiceConnection ayf@3484589 that was originally bound here
    android.app.ServiceConnectionLeaked: Service com.google.android.setupwizard.deferred.DeferredSetupNotificationSchedulerService has leaked ServiceConnection ayf@3484589 that was originally bound here
        at android.app.LoadedApk$ServiceDispatcher.<init>(LoadedApk.java:2006)
        at android.app.LoadedApk.getServiceDispatcherCommon(LoadedApk.java:1878)
        at android.app.LoadedApk.getServiceDispatcher(LoadedApk.java:1857)
        at android.app.ContextImpl.bindServiceCommon(ContextImpl.java:1878)
        at android.app.ContextImpl.bindService(ContextImpl.java:1808)
        at android.content.ContextWrapper.bindService(ContextWrapper.java:766)
        at aig.a(PG:3)
        at ayh.a(PG:5)
        at asb.apply(Unknown Source:6)
        at java.util.concurrent.CompletableFuture.uniApply(CompletableFuture.java:612)
        at java.util.concurrent.CompletableFuture$UniApply.tryFire(CompletableFuture.java:587)
        at java.util.concurrent.CompletableFuture.postComplete(CompletableFuture.java:484)
        at java.util.concurrent.CompletableFuture.complete(CompletableFuture.java:1990)
        at alk.run(Unknown Source:1)
        at android.accounts.AccountManager$Future2Task$1.run(AccountManager.java:2459)
        at android.os.Handler.handleCallback(Handler.java:938)
        at android.os.Handler.dispatchMessage(Handler.java:99)
        at android.os.Looper.loop(Looper.java:263)
        at android.app.ActivityThread.main(ActivityThread.java:8321)
        at java.lang.reflect.Method.invoke(Native Method)
        at com.android.internal.os.RuntimeInit$MethodAndArgsCaller.run(RuntimeInit.java:612)
        at com.android.internal.os.ZygoteInit.main(ZygoteInit.java:1006)
2022-02-27 12:10:49.647 17414-17782/? I/chatty: uid=1000(system) temperatureProv expire 11 lines
2022-02-27 12:10:50.024 17414-17760/? I/chatty: uid=1000(system) WifiScanningSer expire 12 lines
2022-02-27 12:10:50.833 17414-28626/? I/chatty: uid=1000(system) HwBinder:17414_ expire 11 lines
2022-02-27 12:10:51.905 17414-18397/? I/chatty: uid=1000(system) Binder:17414_A expire 12 lines
2022-02-27 12:10:58.158 17414-20156/? I/chatty: uid=1000(system) Binder:17414_17 expire 13 lines
2022-02-27 12:11:02.292 17414-18405/? I/chatty: uid=1000(system) Binder:17414_B expire 25 lines
2022-02-27 12:11:03.898 17414-17487/? I/chatty: uid=1000(system) ActivityManager expire 10 lines
2022-02-27 12:11:08.352 17414-17463/? I/chatty: uid=1000(system) watchdog expire 15 lines
2022-02-27 12:11:09.926 17414-18769/? I/chatty: uid=1000(system) Binder:17414_11 expire 13 lines
2022-02-27 12:11:12.345 17414-17539/? I/chatty: uid=1000(system) PackageInstalle expire 2 lines
2022-02-27 12:11:12.394 17414-30190/? I/chatty: uid=1000(system) Binder:17414_3 expire 2 lines
2022-02-27 12:11:13.802 17414-17829/? I/chatty: uid=1000(system) DnsEventHandleT expire 15 lines
2022-02-27 12:11:14.875 17414-30399/? I/chatty: uid=1000(system) Binder:17414_3 expire 2 lines
2022-02-27 12:11:15.143 18609-18690/? W/ContextImpl: Calling a method in the system process without a qualified user: android.app.ContextImpl.sendBroadcast:1162 android.content.ContextWrapper.sendBroadcast:483 com.coloros.notificationmanager.AppModificationReceiver.notifyAppModified:42 com.coloros.notificationmanager.NotificationBackend.processBroadcast:2304 com.coloros.notificationmanager.NotificationBackend.access$300:97 
2022-02-27 12:11:15.151 17414-17496/? I/chatty: uid=1000(system) BroadcastQueue expire 10 lines
2022-02-27 12:11:15.155 17414-17487/? I/chatty: uid=1000(system) ActivityManager expire 40 lines
2022-02-27 12:11:15.241 18609-18609/? W/ContextImpl: Calling a method in the system process without a qualified user: android.app.ContextImpl.startService:1705 android.content.ContextWrapper.startService:730 android.content.ContextWrapper.startService:730 com.coloros.safecenter.appfrozen.receiver.AppFrozenReceiver.onReceive:236 android.app.ActivityThread.handleReceiver:4351 
2022-02-27 12:11:15.325 18384-18384/? W/ContextImpl: Calling a method in the system process without a qualified user: android.app.ContextImpl.startService:1705 android.content.ContextWrapper.startService:730 android.content.ContextWrapper.startService:730 com.coloros.securitypermission.permission.OppoPermissionReceiver.a:669 com.coloros.securitypermission.permission.OppoPermissionReceiver.onReceive:272 
2022-02-27 12:11:15.354 17414-17414/? I/chatty: uid=1000(system) Binder:17414_3 expire 18 lines
2022-02-27 12:11:15.675 30495-30495/? E/LoadedApk: Unable to instantiate appComponentFactory
    java.lang.ClassNotFoundException: Didn't find class "androidx.core.app.CoreComponentFactory" on path: DexPathList[[zip file "/system_ext/app/UXDesign/UXDesign.apk"],nativeLibraryDirectories=[/system_ext/app/UXDesign/lib/arm, /system_ext/app/UXDesign/UXDesign.apk!/lib/armeabi-v7a, /system/lib, /system_ext/lib, /vendor/lib, /odm/lib, /system/lib, /system_ext/lib, /vendor/lib, /odm/lib]]
        at dalvik.system.BaseDexClassLoader.findClass(BaseDexClassLoader.java:207)
        at java.lang.ClassLoader.loadClass(ClassLoader.java:379)
        at java.lang.ClassLoader.loadClass(ClassLoader.java:312)
        at android.app.LoadedApk.createAppFactory(LoadedApk.java:286)
        at android.app.LoadedApk.createOrUpdateClassLoaderLocked(LoadedApk.java:978)
        at android.app.LoadedApk.getClassLoader(LoadedApk.java:1058)
        at android.app.LoadedApk.getResources(LoadedApk.java:1290)
        at android.app.ContextImpl.createAppContext(ContextImpl.java:2757)
        at android.app.ContextImpl.createAppContext(ContextImpl.java:2749)
        at android.app.ActivityThread.handleBindApplication(ActivityThread.java:7174)
        at android.app.ActivityThread.access$1600(ActivityThread.java:308)
        at android.app.ActivityThread$H.handleMessage(ActivityThread.java:2166)
        at android.os.Handler.dispatchMessage(Handler.java:106)
        at android.os.Looper.loop(Looper.java:263)
        at android.app.ActivityThread.main(ActivityThread.java:8321)
        at java.lang.reflect.Method.invoke(Native Method)
        at com.android.internal.os.RuntimeInit$MethodAndArgsCaller.run(RuntimeInit.java:612)
        at com.android.internal.os.ZygoteInit.main(ZygoteInit.java:1006)
2022-02-27 12:11:15.789 17414-17458/? I/chatty: uid=1000(system) android.ui expire 10 lines
2022-02-27 12:11:15.945 18609-18690/? W/ContextImpl: Calling a method in the system process without a qualified user: android.app.ContextImpl.sendBroadcast:1162 android.content.ContextWrapper.sendBroadcast:483 com.coloros.notificationmanager.AppModificationReceiver.notifyAppModified:42 com.coloros.notificationmanager.NotificationBackend.processBroadcast:2304 com.coloros.notificationmanager.NotificationBackend.access$300:97 
2022-02-27 12:11:15.991 17414-27384/? I/chatty: uid=1000(system) Binder:17414_21 expire 13 lines
2022-02-27 12:11:16.061 17414-17777/? I/chatty: uid=1000(system) OplusJobSchedul expire 60 lines
2022-02-27 12:11:16.063 17414-18798/? I/chatty: uid=1000(system) Binder:17414_14 expire 9 lines
2022-02-27 12:11:16.079 17414-17461/? I/chatty: uid=1000(system) android.anim expire 14 lines
2022-02-27 12:11:16.145 30178-30178/? E/OplusCustomizeRestrictionManager: sInstance is null, start a new sInstance
2022-02-27 12:11:16.318 17414-18505/? I/chatty: uid=1000(system) Binder:17414_C expire 13 lines
2022-02-27 12:11:16.562 17414-17517/? I/chatty: uid=1000(system) PowerManagerSer expire 13 lines
2022-02-27 12:11:17.260 17414-17970/? I/chatty: uid=1000(system) Binder:17414_7 expire 16 lines
2022-02-27 12:11:17.492 17414-17861/? I/chatty: uid=1000(system) Binder:17414_6 expire 10 lines
2022-02-27 12:11:19.809 17414-20156/? I/chatty: uid=1000(system) Binder:17414_17 expire 11 lines
2022-02-27 12:11:30.540 17414-20338/? I/chatty: uid=1000(system) Binder:17414_1F expire 13 lines
2022-02-27 12:11:47.452 17414-17761/? I/chatty: uid=1000(system) ConnectivitySer expire 10 lines
2022-02-27 12:12:28.777 17414-17788/? I/chatty: uid=1000(system) OplusResourceMa expire 14 lines
2022-02-27 12:12:29.142 17414-17460/? I/chatty: uid=1000(system) android.display expire 157 lines
2022-02-27 12:12:29.142 17414-17487/? I/chatty: uid=1000(system) ActivityManager expire 18 lines
2022-02-27 12:12:29.173 17414-17496/? I/chatty: uid=1000(system) BroadcastQueue expire 14 lines
2022-02-27 12:12:29.248 17414-26894/? I/chatty: uid=1000(system) OplusTrack-thre expire 12 lines
2022-02-27 12:12:29.381 31109-31109/? I/chatty: uid=10327(com.music.festival.battle) expire 14 lines
2022-02-27 12:12:29.390 17414-17777/? I/chatty: uid=1000(system) OplusJobSchedul expire 40 lines
2022-02-27 12:12:29.969 17414-27383/? I/chatty: uid=1000(system) Binder:17414_20 expire 15 lines
2022-02-27 12:12:30.258 17414-17458/? I/chatty: uid=1000(system) android.ui expire 20 lines
2022-02-27 12:12:30.337 18609-22437/? W/ContextImpl: Calling a method in the system process without a qualified user: android.app.ContextImpl.startService:1705 android.content.ContextWrapper.startService:730 com.oppo.a.a.c.a.a:13 com.oppo.a.a.c.a.a:234 com.oppo.a.a.a.c.a:16 
2022-02-27 12:12:30.425 18609-18690/? W/ContextImpl: Calling a method in the system process without a qualified user: android.app.ContextImpl.sendBroadcast:1162 android.content.ContextWrapper.sendBroadcast:483 com.coloros.notificationmanager.AppModificationReceiver.notifyAppModified:42 com.coloros.notificationmanager.NotificationBackend.processBroadcast:2304 com.coloros.notificationmanager.NotificationBackend.access$300:97 
2022-02-27 12:12:30.524 17414-17414/? I/chatty: uid=1000(system) Binder:17414_3 expire 36 lines
2022-02-27 12:12:31.091 17414-17485/? I/chatty: uid=1000(system) ActivityManager expire 16 lines
2022-02-27 12:12:31.523 17414-17829/? I/chatty: uid=1000(system) DnsEventHandleT expire 20 lines
2022-02-27 12:12:39.754 17414-17782/? I/chatty: uid=1000(system) temperatureProv expire 25 lines
2022-02-27 12:12:54.212 17414-31309/? I/chatty: uid=1000(system) Binder:17414_3 expire 2 lines
2022-02-27 12:12:54.355 17414-18758/? I/chatty: uid=1000(system) Binder:17414_10 expire 19 lines
2022-02-27 12:12:54.728 17414-20338/? I/chatty: uid=1000(system) Binder:17414_1F expire 10 lines
2022-02-27 12:12:54.903 17414-18770/? I/chatty: uid=1000(system) Binder:17414_12 expire 17 lines
2022-02-27 12:12:56.488 18609-22345/? W/ContextImpl: Calling a method in the system process without a qualified user: android.app.ContextImpl.sendBroadcast:1162 android.content.ContextWrapper.sendBroadcast:483 com.oppo.qualityprotect.f.a:71 com.oppo.qualityprotect.f.a:9 com.oppo.qualityprotect.c.w.c:255 
2022-02-27 12:12:56.489 18609-22437/? W/ContextImpl: Calling a method in the system process without a qualified user: android.app.ContextImpl.startService:1705 android.content.ContextWrapper.startService:730 com.oppo.a.a.c.a.a:13 com.oppo.a.a.c.a.a:234 com.oppo.a.a.a.c.a:16 
2022-02-27 12:12:57.259 31109-31109/? I/chatty: uid=10327(com.music.festival.battle) expire 2 lines
2022-02-27 12:12:57.385 18609-22345/? W/ContextImpl: Calling a method in the system process without a qualified user: android.app.ContextImpl.sendBroadcast:1162 android.content.ContextWrapper.sendBroadcast:483 com.oppo.qualityprotect.f.a:71 com.oppo.qualityprotect.f.a:9 com.oppo.qualityprotect.c.w.c:255 
2022-02-27 12:12:57.385 18609-22437/? W/ContextImpl: Calling a method in the system process without a qualified user: android.app.ContextImpl.startService:1705 android.content.ContextWrapper.startService:730 com.oppo.a.a.c.a.a:13 com.oppo.a.a.c.a.a:234 com.oppo.a.a.a.c.a:16 
2022-02-27 12:12:57.982 31109-31530/? A/libc: FORTIFY: pthread_mutex_lock called on a destroyed mutex (0x72c36ea560)
2022-02-27 12:12:58.167 31109-31425/? A/libc: FORTIFY: pthread_mutex_lock called on a destroyed mutex (0x73b86b9250)
2022-02-27 12:12:58.249 31109-31333/? A/libc: FORTIFY: pthread_mutex_lock called on a destroyed mutex (0x732b7d8298)
2022-02-27 12:12:58.284 17414-17517/? I/chatty: uid=1000(system) PowerManagerSer expire 14 lines
2022-02-27 12:12:58.284 17414-17414/? I/chatty: uid=1000(system) Binder:17414_3 expire 15 lines
2022-02-27 12:12:58.337 31109-31160/? A/libc: FORTIFY: pthread_mutex_lock called on a destroyed mutex (0x73b813ce80)
2022-02-27 12:12:58.338 31109-31149/? A/libc: FORTIFY: pthread_mutex_lock called on a destroyed mutex (0x732b7d8298)
2022-02-27 12:12:58.695 17414-17460/? I/chatty: uid=1000(system) android.display expire 120 lines
2022-02-27 12:12:58.770 17414-17461/? I/chatty: uid=1000(system) android.anim expire 19 lines
2022-02-27 12:12:58.912 31587-31587/? I/chatty: uid=10327(com.music.festival.battle) expire 7 lines
2022-02-27 12:12:58.957 17414-17443/? I/chatty: uid=1000(system) Binder:17414_1 expire 13 lines
2022-02-27 12:12:58.957 17414-20156/? I/chatty: uid=1000(system) Binder:17414_17 expire 13 lines
2022-02-27 12:12:58.980 17414-27384/? I/chatty: uid=1000(system) Binder:17414_21 expire 26 lines
2022-02-27 12:12:59.328 17414-18797/? I/chatty: uid=1000(system) Binder:17414_13 expire 16 lines
2022-02-27 12:13:00.289 19046-31777/? W/ContextImpl: Calling a method in the system process without a qualified user: android.app.ContextImpl.startService:1705 android.content.ContextWrapper.startService:730 com.oplus.util.OplusStatisticsImpl.startService:216 com.oplus.util.OplusStatisticsImpl.sendDataToDCS:192 com.oplus.util.OplusStatisticsImpl.onCommonSync:84 
2022-02-27 12:13:00.776 17414-17487/? I/chatty: uid=1000(system) ActivityManager expire 15 lines
2022-02-27 12:13:00.826 17414-17502/? I/chatty: uid=1000(system) batterystats-wo expire 17 lines
2022-02-27 12:13:00.921 17414-20145/? I/chatty: uid=1000(system) Binder:17414_15 expire 16 lines
2022-02-27 12:13:01.039 17414-18562/? I/chatty: uid=1000(system) Binder:17414_E expire 16 lines
2022-02-27 12:13:01.293 31780-31780/? I/chatty: uid=10327(com.music.festival.battle) expire 23 lines
2022-02-27 12:13:01.428 17414-17829/? I/chatty: uid=1000(system) DnsEventHandleT expire 32 lines
2022-02-27 12:13:02.445 17414-17761/? I/chatty: uid=1000(system) ConnectivitySer expire 12 lines
2022-02-27 12:13:02.614 17414-17540/? I/chatty: uid=1000(system) Binder:17414_4 expire 15 lines
2022-02-27 12:13:04.037 31780-32003/? I/chatty: uid=10327(com.music.festival.battle) expire 1 line
2022-02-27 12:13:08.032 17414-28626/? I/chatty: uid=1000(system) HwBinder:17414_ expire 18 lines
2022-02-27 12:13:26.851 17414-20288/? I/chatty: uid=1000(system) Binder:17414_1A expire 14 lines
2022-02-27 12:13:27.292 19046-22022/? W/ContextImpl: Calling a method in the system process without a qualified user: android.app.ContextImpl.bindService:1807 android.content.ContextWrapper.bindService:766 com.oplus.onetrace.connection.MessengerHelper.bindService:73 com.oplus.onetrace.connection.OTraceConnection.connect:74 com.oppo.atlas.OplusAtlasVideo.connectOneTrace:293 
2022-02-27 12:13:29.166 17414-17777/? I/chatty: uid=1000(system) OplusJobSchedul expire 13 lines
2022-02-27 12:13:34.481 19046-31777/? W/ContextImpl: Calling a method in the system process without a qualified user: android.app.ContextImpl.startService:1705 android.content.ContextWrapper.startService:730 com.oplus.util.OplusStatisticsImpl.startService:216 com.oplus.util.OplusStatisticsImpl.sendDataToDCS:192 com.oplus.util.OplusStatisticsImpl.onCommonSync:84 
2022-02-27 12:13:34.615 32172-32172/? E/OplusCustomizeRestrictionManager: sInstance is null, start a new sInstance
2022-02-27 12:13:34.629 32172-32195/? W/ContextImpl: Calling a method in the system process without a qualified user: android.app.ContextImpl.startService:1705 android.content.ContextWrapper.startService:730 com.oplus.util.OplusStatisticsImpl.startService:216 com.oplus.util.OplusStatisticsImpl.sendDataToDCS:192 com.oplus.util.OplusStatisticsImpl.onCommonSync:84 
2022-02-27 12:13:34.631 17414-18758/? I/chatty: uid=1000(system) Binder:17414_10 expire 19 lines
2022-02-27 12:13:34.692 19046-31777/? W/ContextImpl: Calling a method in the system process without a qualified user: android.app.ContextImpl.startService:1705 android.content.ContextWrapper.startService:730 com.oplus.util.OplusStatisticsImpl.startService:216 com.oplus.util.OplusStatisticsImpl.sendDataToDCS:192 com.oplus.util.OplusStatisticsImpl.onCommonSync:84 
2022-02-27 12:13:34.875 32172-32195/? W/ContextImpl: Calling a method in the system process without a qualified user: android.app.ContextImpl.startService:1705 android.content.ContextWrapper.startService:730 com.oplus.util.OplusStatisticsImpl.startService:216 com.oplus.util.OplusStatisticsImpl.sendDataToDCS:192 com.oplus.util.OplusStatisticsImpl.onCommonSync:84 
2022-02-27 12:13:35.745 17414-20304/? I/chatty: uid=1000(system) Binder:17414_1E expire 16 lines
2022-02-27 12:13:35.783 17414-17541/? I/chatty: uid=1000(system) Binder:17414_5 expire 10 lines
2022-02-27 12:13:35.854 17414-27384/? I/chatty: uid=1000(system) Binder:17414_21 expire 13 lines
2022-02-27 12:13:36.523 17414-18245/? I/chatty: uid=1000(system) gameSpaceThread expire 16 lines
2022-02-27 12:13:37.349 19046-31777/? W/ContextImpl: Calling a method in the system process without a qualified user: android.app.ContextImpl.startService:1705 android.content.ContextWrapper.startService:730 com.oplus.util.OplusStatisticsImpl.startService:216 com.oplus.util.OplusStatisticsImpl.sendDataToDCS:192 com.oplus.util.OplusStatisticsImpl.onCommonSync:84 
2022-02-27 12:13:43.892 17414-17460/? I/chatty: uid=1000(system) android.display expire 56 lines
2022-02-27 12:13:46.950 17414-18770/? I/chatty: uid=1000(system) Binder:17414_12 expire 11 lines
2022-02-27 12:13:47.496 17414-17829/? I/chatty: uid=1000(system) DnsEventHandleT expire 13 lines
2022-02-27 12:13:52.483 31780-31884/? A/libc: Fatal signal 11 (SIGSEGV), code 1 (SEGV_MAPERR), fault addr 0x18 in tid 31884 (SDLThread), pid 31780 (SDLActivity)
2022-02-27 12:13:52.755 32270-32270/? A/DEBUG: Process name is com.music.festival.battle, not key_process
2022-02-27 12:13:52.755 32270-32270/? A/DEBUG: *** *** *** *** *** *** *** *** *** *** *** *** *** *** *** ***
2022-02-27 12:13:52.755 32270-32270/? A/DEBUG: Build fingerprint: 'realme/RMX3491T2/RED8C1L1:11/RKQ1.211019.001/1641490025076:user/release-keys'
2022-02-27 12:13:52.755 32270-32270/? A/DEBUG: Revision: '0'
2022-02-27 12:13:52.755 32270-32270/? A/DEBUG: ABI: 'arm64'
2022-02-27 12:13:52.755 32270-32270/? A/DEBUG: Timestamp: 2022-02-27 12:13:52+0700
2022-02-27 12:13:52.755 32270-32270/? A/DEBUG: pid: 31780, tid: 31884, name: SDLThread  >>> com.music.festival.battle <<<
2022-02-27 12:13:52.755 32270-32270/? A/DEBUG: uid: 10327
2022-02-27 12:13:52.755 32270-32270/? A/DEBUG: signal 11 (SIGSEGV), code 1 (SEGV_MAPERR), fault addr 0x18
2022-02-27 12:13:52.755 32270-32270/? A/DEBUG: Cause: null pointer dereference
2022-02-27 12:13:52.755 32270-32270/? A/DEBUG:     x0  0000000000000010  x1  00000072bfad2650  x2  0000007288eff3ec  x3  0000000000000007
2022-02-27 12:13:52.755 32270-32270/? A/DEBUG:     x4  00000072c8e036a0  x5  0000000000000006  x6  0000000000000001  x7  0000000000024024
2022-02-27 12:13:52.755 32270-32270/? A/DEBUG:     x8  00000072c8e03638  x9  0000000000000001  x10 0000000000000001  x11 0000000000000001
2022-02-27 12:13:52.755 32270-32270/? A/DEBUG:     x12 0000000000000000  x13 0000000000000000  x14 00000073b7af09e2  x15 7543000000000000
2022-02-27 12:13:52.755 32270-32270/? A/DEBUG:     x16 00000072bfff11e0  x17 00000073b7ae2a90  x18 00000072bf9990a0  x19 00000072c8e036b0
2022-02-27 12:13:52.755 32270-32270/? A/DEBUG:     x20 00000072c8e036e8  x21 00000072bfad25f0  x22 0000007278cd505c  x23 0000000000000000
2022-02-27 12:13:52.755 32270-32270/? A/DEBUG:     x24 00000072c8e03768  x25 00000072c8e03750  x26 00000072c8e03758  x27 0000000000000001
2022-02-27 12:13:52.755 32270-32270/? A/DEBUG:     x28 0000007288eff3ec  x29 00000072c8e04100
2022-02-27 12:13:52.755 32270-32270/? A/DEBUG:     lr  00000072bf6fe280  sp  00000072c8e03650  pc  00000072bf6fe2a4  pst 0000000080000000
2022-02-27 12:13:52.940 32270-32270/? A/DEBUG: backtrace:
2022-02-27 12:13:52.941 32270-32270/? A/DEBUG:       #00 pc 00000000013652a4  /data/app/~~McxkN7NuDcal8zx_iR2yuA==/com.music.festival.battle-lpbRyXigELa0XvAf-MFhYA==/split_config.arm64_v8a.apk (offset 0x1000)
2022-02-27 12:13:52.941 32270-32270/? A/DEBUG:       #01 pc 0000000001365618  /data/app/~~McxkN7NuDcal8zx_iR2yuA==/com.music.festival.battle-lpbRyXigELa0XvAf-MFhYA==/split_config.arm64_v8a.apk (offset 0x1000)
2022-02-27 12:13:52.941 32270-32270/? A/DEBUG:       #02 pc 0000000000a622f8  /data/app/~~McxkN7NuDcal8zx_iR2yuA==/com.music.festival.battle-lpbRyXigELa0XvAf-MFhYA==/split_config.arm64_v8a.apk (offset 0x1000)
2022-02-27 12:13:52.941 32270-32270/? A/DEBUG:       #03 pc 0000000001364980  /data/app/~~McxkN7NuDcal8zx_iR2yuA==/com.music.festival.battle-lpbRyXigELa0XvAf-MFhYA==/split_config.arm64_v8a.apk (offset 0x1000)
2022-02-27 12:13:52.941 32270-32270/? A/DEBUG:       #04 pc 000000000136aaa4  /data/app/~~McxkN7NuDcal8zx_iR2yuA==/com.music.festival.battle-lpbRyXigELa0XvAf-MFhYA==/split_config.arm64_v8a.apk (offset 0x1000)
2022-02-27 12:13:52.941 32270-32270/? A/DEBUG:       #05 pc 0000000000456c90  /data/app/~~McxkN7NuDcal8zx_iR2yuA==/com.music.festival.battle-lpbRyXigELa0XvAf-MFhYA==/split_config.arm64_v8a.apk (offset 0x1000)
2022-02-27 12:13:52.941 32270-32270/? A/DEBUG:       #06 pc 0000000000ffd63c  /data/app/~~McxkN7NuDcal8zx_iR2yuA==/com.music.festival.battle-lpbRyXigELa0XvAf-MFhYA==/split_config.arm64_v8a.apk (offset 0x1000)
2022-02-27 12:13:52.941 32270-32270/? A/DEBUG:       #07 pc 0000000000ffd960  /data/app/~~McxkN7NuDcal8zx_iR2yuA==/com.music.festival.battle-lpbRyXigELa0XvAf-MFhYA==/split_config.arm64_v8a.apk (offset 0x1000)
2022-02-27 12:13:52.941 32270-32270/? A/DEBUG:       #08 pc 0000000000ffdfc8  /data/app/~~McxkN7NuDcal8zx_iR2yuA==/com.music.festival.battle-lpbRyXigELa0XvAf-MFhYA==/split_config.arm64_v8a.apk (offset 0x1000)
2022-02-27 12:13:52.941 32270-32270/? A/DEBUG:       #09 pc 0000000000ffe098  /data/app/~~McxkN7NuDcal8zx_iR2yuA==/com.music.festival.battle-lpbRyXigELa0XvAf-MFhYA==/split_config.arm64_v8a.apk (offset 0x1000)
2022-02-27 12:13:52.941 32270-32270/? A/DEBUG:       #10 pc 00000000014b0ff8  /data/app/~~McxkN7NuDcal8zx_iR2yuA==/com.music.festival.battle-lpbRyXigELa0XvAf-MFhYA==/split_config.arm64_v8a.apk (offset 0x1000)
2022-02-27 12:13:52.941 32270-32270/? A/DEBUG:       #11 pc 0000000000e5daf4  /data/app/~~McxkN7NuDcal8zx_iR2yuA==/com.music.festival.battle-lpbRyXigELa0XvAf-MFhYA==/split_config.arm64_v8a.apk (offset 0x1000)
2022-02-27 12:13:52.941 32270-32270/? A/DEBUG:       #12 pc 0000000000aa111c  /data/app/~~McxkN7NuDcal8zx_iR2yuA==/com.music.festival.battle-lpbRyXigELa0XvAf-MFhYA==/split_config.arm64_v8a.apk (offset 0x1000)
2022-02-27 12:13:52.941 32270-32270/? A/DEBUG:       #13 pc 0000000000a41744  /data/app/~~McxkN7NuDcal8zx_iR2yuA==/com.music.festival.battle-lpbRyXigELa0XvAf-MFhYA==/split_config.arm64_v8a.apk (offset 0x1000)
2022-02-27 12:13:52.941 32270-32270/? A/DEBUG:       #14 pc 0000000000a41990  /data/app/~~McxkN7NuDcal8zx_iR2yuA==/com.music.festival.battle-lpbRyXigELa0XvAf-MFhYA==/split_config.arm64_v8a.apk (offset 0x1000)
2022-02-27 12:13:52.941 32270-32270/? A/DEBUG:       #15 pc 0000000000a41db4  /data/app/~~McxkN7NuDcal8zx_iR2yuA==/com.music.festival.battle-lpbRyXigELa0XvAf-MFhYA==/split_config.arm64_v8a.apk (offset 0x1000)
2022-02-27 12:13:52.941 32270-32270/? A/DEBUG:       #16 pc 00000000014b0ff8  /data/app/~~McxkN7NuDcal8zx_iR2yuA==/com.music.festival.battle-lpbRyXigELa0XvAf-MFhYA==/split_config.arm64_v8a.apk (offset 0x1000)
2022-02-27 12:13:52.941 32270-32270/? A/DEBUG:       #17 pc 000000000045fd58  /data/app/~~McxkN7NuDcal8zx_iR2yuA==/com.music.festival.battle-lpbRyXigELa0XvAf-MFhYA==/split_config.arm64_v8a.apk (offset 0x1000)
2022-02-27 12:13:52.941 32270-32270/? A/DEBUG:       #18 pc 000000000132c5bc  /data/app/~~McxkN7NuDcal8zx_iR2yuA==/com.music.festival.battle-lpbRyXigELa0XvAf-MFhYA==/split_config.arm64_v8a.apk (offset 0x1000)
2022-02-27 12:13:52.941 32270-32270/? A/DEBUG:       #19 pc 000000000132c744  /data/app/~~McxkN7NuDcal8zx_iR2yuA==/com.music.festival.battle-lpbRyXigELa0XvAf-MFhYA==/split_config.arm64_v8a.apk (offset 0x1000)
2022-02-27 12:13:52.941 32270-32270/? A/DEBUG:       #20 pc 00000000014b0ee4  /data/app/~~McxkN7NuDcal8zx_iR2yuA==/com.music.festival.battle-lpbRyXigELa0XvAf-MFhYA==/split_config.arm64_v8a.apk (offset 0x1000)
2022-02-27 12:13:52.941 32270-32270/? A/DEBUG:       #21 pc 00000000014aa4bc  /data/app/~~McxkN7NuDcal8zx_iR2yuA==/com.music.festival.battle-lpbRyXigELa0XvAf-MFhYA==/split_config.arm64_v8a.apk (offset 0x1000)
2022-02-27 12:13:52.941 32270-32270/? A/DEBUG:       #22 pc 00000000000a9850  /data/app/~~McxkN7NuDcal8zx_iR2yuA==/com.music.festival.battle-lpbRyXigELa0XvAf-MFhYA==/split_config.arm64_v8a.apk (offset 0x1dc7000)
2022-02-27 12:13:52.941 32270-32270/? A/DEBUG:       #23 pc 0000000000109acc  /data/app/~~McxkN7NuDcal8zx_iR2yuA==/com.music.festival.battle-lpbRyXigELa0XvAf-MFhYA==/split_config.arm64_v8a.apk (offset 0x1dc7000)
2022-02-27 12:13:52.941 32270-32270/? A/DEBUG:       #24 pc 0000000000109cec  /data/app/~~McxkN7NuDcal8zx_iR2yuA==/com.music.festival.battle-lpbRyXigELa0XvAf-MFhYA==/split_config.arm64_v8a.apk (offset 0x1dc7000)
2022-02-27 12:13:52.941 32270-32270/? A/DEBUG:       #25 pc 0000000000107dc0  /data/app/~~McxkN7NuDcal8zx_iR2yuA==/com.music.festival.battle-lpbRyXigELa0XvAf-MFhYA==/split_config.arm64_v8a.apk (offset 0x1dc7000)
2022-02-27 12:13:52.941 32270-32270/? A/DEBUG:       #26 pc 00000000000c94bc  /data/app/~~McxkN7NuDcal8zx_iR2yuA==/com.music.festival.battle-lpbRyXigELa0XvAf-MFhYA==/split_config.arm64_v8a.apk (offset 0x1dc7000)
2022-02-27 12:13:52.941 32270-32270/? A/DEBUG:       #27 pc 000000000132ba58  /data/app/~~McxkN7NuDcal8zx_iR2yuA==/com.music.festival.battle-lpbRyXigELa0XvAf-MFhYA==/split_config.arm64_v8a.apk (offset 0x1000)
2022-02-27 12:13:52.941 32270-32270/? A/DEBUG:       #28 pc 0000000000bf8fa0  /data/app/~~McxkN7NuDcal8zx_iR2yuA==/com.music.festival.battle-lpbRyXigELa0XvAf-MFhYA==/split_config.arm64_v8a.apk (offset 0x1000)
2022-02-27 12:13:52.941 32270-32270/? A/DEBUG:       #29 pc 00000000003e4340  /data/app/~~McxkN7NuDcal8zx_iR2yuA==/com.music.festival.battle-lpbRyXigELa0XvAf-MFhYA==/split_config.arm64_v8a.apk (offset 0x1000)
2022-02-27 12:13:52.941 32270-32270/? A/DEBUG:       #30 pc 000000000148b820  /data/app/~~McxkN7NuDcal8zx_iR2yuA==/com.music.festival.battle-lpbRyXigELa0XvAf-MFhYA==/split_config.arm64_v8a.apk (offset 0x1000) (hxcpp_main+40)
2022-02-27 12:13:52.941 32270-32270/? A/DEBUG:       #31 pc 000000000049e254  /data/app/~~McxkN7NuDcal8zx_iR2yuA==/com.music.festival.battle-lpbRyXigELa0XvAf-MFhYA==/split_config.arm64_v8a.apk (offset 0x1dc7000) (Java_org_libsdl_app_SDLActivity_nativeRunMain+484)
2022-02-27 12:13:52.941 32270-32270/? A/DEBUG:       #32 pc 00000000000530f4  /data/app/~~McxkN7NuDcal8zx_iR2yuA==/com.music.festival.battle-lpbRyXigELa0XvAf-MFhYA==/oat/arm64/base.odex (art_jni_trampoline+228)
2022-02-27 12:13:52.941 32270-32270/? A/DEBUG:       #33 pc 00000000001337e8  /apex/com.android.art/lib64/libart.so (art_quick_invoke_static_stub+568) (BuildId: 8aa002f9b66d1535ecbefc6f906da5ad)
2022-02-27 12:13:52.941 32270-32270/? A/DEBUG:       #34 pc 00000000001a8a94  /apex/com.android.art/lib64/libart.so (art::ArtMethod::Invoke(art::Thread*, unsigned int*, unsigned int, art::JValue*, char const*)+228) (BuildId: 8aa002f9b66d1535ecbefc6f906da5ad)
2022-02-27 12:13:52.941 32270-32270/? A/DEBUG:       #35 pc 00000000003184b0  /apex/com.android.art/lib64/libart.so (art::interpreter::ArtInterpreterToCompiledCodeBridge(art::Thread*, art::ArtMethod*, art::ShadowFrame*, unsigned short, art::JValue*)+376) (BuildId: 8aa002f9b66d1535ecbefc6f906da5ad)
