2022-02-27 20:42:46.938 7649-7728/? D/AAudio: AAudioStream_requestStart(s#1) called --------------
2022-02-27 20:42:46.938 7649-7728/? D/AAudioStream: setState(s#1) from 2 to 3
2022-02-27 20:42:46.938 7649-7728/? D/AudioTrack: start(217): prior state:STATE_STOPPED output 21 stream 3 session 2001
2022-02-27 20:42:46.938 7649-8397/? I/festival.battl: OPPOLoadFrame::CreateSpace -- link default : libandroid.so:libaaudio.so:libamidi.so:libbinder_ndk.so:libc.so:libcamera2ndk.so:libdl.so:libEGL.so:libGLESv1_CM.so:libGLESv2.so:libGLESv3.so:libicui18n.so:libicuuc.so:libjnigraphics.so:liblog.so:libmediandk.so:libm.so:libnativewindow.so:libneuralnetworks.so:libOpenMAXAL.so:libOpenSLES.so:libRS.so:libstdc++.so:libsync.so:libvulkan.so:libwebviewchromium_plat_support.so:libz.so:libEGL.so:libGLESv1_CM.so:libGLESv2.so:libGLESv3.so:libRS.so:libandroid_net.so:libbinder_ndk.so:libc.so:libcgrouprc.so:libclang_rt.asan-aarch64-android.so:libclang_rt.asan-arm-android.so:libdl.so:libft2.so:liblog.so:libm.so:libmediandk.so:libnativewindow.so:libneuralnetworks.so:libselinux.so:libsync.so:libvndksupport.so:libvulkan.so:libbinder.so
2022-02-27 20:42:46.939 7649-8397/? I/festival.battl: OPPOLoadFrame::CreateSpace -- link sphal : libqti-perfd-client.so:libadsprpc.so:libcdsprpc.so:libsdsprpc.so:libfastcvopt.so:liblistensoundmodel2.so:libOpenCL.so:libAlgoProcess.so:libancbase_rt_bokeh.so:libAncHumBokeh.so:libstblur_api.so:libstdc++.so:libAncHumVideoBase.so:libmidasserviceintf.so:libarcsoft_scbokeh_video.so
2022-02-27 20:42:46.939 7649-8397/? I/festival.battl: OPPOLoadFrame::CreateSpace -- link vndk : android.hardware.common-V1-ndk_platform.so:android.hardware.graphics.common-V1-ndk_platform.so:android.hardware.graphics.common@1.0.so:android.hardware.graphics.common@1.1.so:android.hardware.graphics.common@1.2.so:android.hardware.graphics.mapper@2.0.so:android.hardware.graphics.mapper@2.1.so:android.hardware.graphics.mapper@3.0.so:android.hardware.graphics.mapper@4.0.so:android.hardware.renderscript@1.0.so:android.hidl.memory.token@1.0.so:android.hidl.memory@1.0-impl.so:android.hidl.memory@1.0.so:android.hidl.safe_union@1.0.so:libRSCpuRef.so:libRSDriver.so:libRS_internal.so:libbacktrace.so:libbase.so:libbcinfo.so:libblas.so:libc++.so:libcompiler_rt.so:libcutils.so:libgralloctypes.so:libhardware.so:libhidlbase.so:libhidlmemory.so:libion.so:libjsoncpp.so:liblzma.so:libprocessgroup.so:libunwindstack.so:libutils.so:libutilscallstack.so:libz.so
2022-02-27 20:42:46.940 7649-8397/? D/OplusDualHeadPhoneEx: GetOplusDualHeadPhoneEx exp != NULL return handle.
2022-02-27 20:42:46.940 17118-30660/? D/AudioFlinger: Set HQV-effect off, for the whitelist
2022-02-27 20:42:46.940 17118-17177/? D/APM_AudioPolicyManager: startOutput portId 217
2022-02-27 20:42:46.940 17118-17177/? D/APM_AudioPolicyManager: startOutput() output 21, stream 3, session 2001
2022-02-27 20:42:46.940 17118-17177/? V/GameAudioEffects: outputStarted  portId(217)
2022-02-27 20:42:46.940 17414-18405/? I/system_server: oneway function results will be dropped but finished with status OK and parcel size 4
2022-02-27 20:42:46.940 17118-17179/? V/OplusAudioLowLatency: outputStarted  portId(217)
2022-02-27 20:42:46.941 17118-17177/? D/GameAudioEffects: hasAliveFastEffectTracks  return (0)
2022-02-27 20:42:46.941 17118-17177/? D/APM_AudioPolicyManager: setOutputDevice() output 21 device {type:0x2,@:} force 0 delayMs 0
2022-02-27 20:42:46.941 17118-17177/? D/APM_AudioPolicyManager: setOutputDevices() prevDevice {type:0x2,@:}
2022-02-27 20:42:46.941 17118-17177/? W/APM::AudioPolicyEngine: getDevicesForStrategy() unknown strategy: -1
2022-02-27 20:42:46.941 17118-17177/? D/APM_AudioPolicyManager: setOutputDevices:filteredDevices isempty 0,getEncodedFormat 0x0,getName = deep_buffer
2022-02-27 20:42:46.941 17414-18405/? I/system_server: oneway function results will be dropped but finished with status OK and parcel size 4
2022-02-27 20:42:46.941 17118-17177/? W/APM::AudioPolicyEngine: getDevicesForStrategy() unknown strategy: -1
2022-02-27 20:42:46.942 17118-17177/? W/APM::AudioPolicyEngine: getDevicesForStrategy() unknown strategy: -1
2022-02-27 20:42:46.943 17414-18405/? I/system_server: oneway function results will be dropped but finished with status OK and parcel size 4
2022-02-27 20:42:46.944 1358-1358/? D/OppoAudioState: updateAudioState eventId:1
2022-02-27 20:42:46.944 1397-19351/? I/OMXMaster: makeComponentInstance(OMX.qcom.video.decoder.avc) in android.hardwar process
2022-02-27 20:42:46.944 17414-18405/? I/system_server: oneway function results will be dropped but finished with status OK and parcel size 4
2022-02-27 20:42:46.945 7649-7728/? D/festival.battl: PlayerBase::start() from IPlayer
2022-02-27 20:42:46.945 7649-7762/? D/AudioStreamLegacy: onAudioDeviceUpdate(deviceId = 3)
2022-02-27 20:42:46.945 7649-7728/? D/AAudio: AAudioStream_requestStart(s#1) returned 0 ---------
2022-02-27 20:42:46.945 17114-32155/? E/se.dirac.effect: first processing
2022-02-27 20:42:46.946 17114-32149/? D/audio_hw_primary: start_output_stream: enter: stream(0xef4c8000)usecase(0: deep-buffer-playback) devices(0x2) is_haptic_usecase(0)
2022-02-27 20:42:46.946 17414-18405/? I/system_server: oneway function results will be dropped but finished with status OK and parcel size 4
2022-02-27 20:42:46.947 17114-32149/? D/audio_hw_primary: select_devices for use case (deep-buffer-playback)
2022-02-27 20:42:46.947 17114-32149/? D/msm8974_platform: platform_get_output_snd_device: enter: output devices(0x2), mode=0
2022-02-27 20:42:46.947 17114-32149/? D/msm8974_platform: platform_get_output_snd_device: exit: snd_device(speaker)
2022-02-27 20:42:46.947 17114-32149/? I/msm8974_platform: platform_check_and_set_codec_backend_cfg:becf: afe: bitwidth 16, samplerate 48000 channels 2, backend_idx 0 usecase = 0 device (speaker)
2022-02-27 20:42:46.947 17114-32149/? I/msm8974_platform: platform_check_and_set_codec_backend_cfg: new_snd_devices[0] is 2
2022-02-27 20:42:46.947 17114-32149/? I/msm8974_platform: platform_check_codec_backend_cfg:becf: afe: bitwidth 16, samplerate 48000 channels 2, backend_idx 0 usecase = 0 device (speaker)
2022-02-27 20:42:46.947 17114-32149/? D/msm8974_platform: platform_check_codec_backend_cfg:napb: (0) - (low-latency-playback)id (1) sr 48000 bw (16) ch (2) device speaker
2022-02-27 20:42:46.947 17414-18405/? I/system_server: oneway function results will be dropped but finished with status OK and parcel size 4
2022-02-27 20:42:46.948 17414-18405/? I/system_server: oneway function results will be dropped but finished with status OK and parcel size 4
2022-02-27 20:42:46.949 17114-32149/? D/msm8974_platform: platform_check_codec_backend_cfg:becf: updated afe: bitwidth 16, samplerate 48000 channels 2,backend_idx 0 usecase = 0 device (speaker)
2022-02-27 20:42:46.949 17114-32149/? I/msm8974_platform: platform_check_codec_backend_cfg:becf: afe: Codec selected backend: 0 updated bit width: 16 and sample rate: 48000
2022-02-27 20:42:46.949 17114-32149/? D/audio_hw_primary: check_usecases_codec_backend:becf: force routing 0
2022-02-27 20:42:46.949 17114-32149/? D/audio_hw_primary: check_usecases_codec_backend:becf: (87) check_usecases curr device: speaker, usecase device:speaker backends match 1
2022-02-27 20:42:46.949 17114-32149/? D/audio_hw_primary: check_usecases_codec_backend:becf: (87) check_usecases curr device: speaker, usecase device: backends match 0
2022-02-27 20:42:46.949 17114-32149/? D/audio_hw_primary: check_usecases_codec_backend:becf: check_usecases num.of Usecases to switch 0
2022-02-27 20:42:46.949 17114-32149/? D/hardware_info: hw_info_append_hw_type : device_name = speaker
2022-02-27 20:42:46.949 17114-32149/? D/audio_hw_primary: enable_snd_device: snd_device(2: speaker), snd_dev_ref_cnt 2
2022-02-27 20:42:46.949 17114-32149/? D/audio_hw_primary: enable_snd_device: snd_device(2: speaker) is already active
2022-02-27 20:42:46.949 17114-32149/? D/soundtrigger: audio_extn_sound_trigger_update_stream_status: uc_info->id 0 of type 0 for Event 3, with Raise=1
2022-02-27 20:42:46.949 17114-32149/? I/sound_trigger_platform: platform_stdev_check_and_update_concurrency: Received PLAYBACK_STREAM event, event type 3, usecase type 0
2022-02-27 20:42:46.949 17114-32149/? D/sound_trigger_platform: platform_stdev_get_capture_device: Device = 0x80000004
2022-02-27 20:42:46.949 17114-32149/? D/sound_trigger_platform: platform_stdev_get_capture_device: Available device = 0x80000004
2022-02-27 20:42:46.949 17114-32149/? D/sound_trigger_platform: platform_stdev_check_and_update_concurrency: dedicated path 1, reset backend 1, tx 0, rx 1, concurrency session allowed
2022-02-27 20:42:46.949 17114-32149/? D/audio_hw_utils: audio_extn_utils_send_app_type_cfg: usecase->out_snd_device speaker
2022-02-27 20:42:46.950 17114-32149/? I/audio_hw_utils: send_app_type_cfg_for_device PLAYBACK app_type 69936, acdb_dev_id 15, sample_rate 48000, snd_device_be_idx 187
2022-02-27 20:42:46.950 17114-32149/? D/ACDB-LOADER: ACDB -> send_audio_cal, acdb_id = 15, path = 0, app id = 0x11130, sample rate = 48000, use_case = 0,buffer_idx_w_path =0, afe_sample_rate = 48000, cal_mode = 1, offset_index = 0
2022-02-27 20:42:46.951 17114-32149/? D/ACDB-LOADER: ACDB -> send_asm_topology
2022-02-27 20:42:46.951 17114-32149/? D/ACDB-LOADER: ACDB -> ACDB_CMD_GET_AUDPROC_STREAM_TOPOLOGY_ID
2022-02-27 20:42:46.951 17114-32149/? D/ACDB-LOADER: ACDB -> send_adm_topology
2022-02-27 20:42:46.951 17114-32149/? D/ACDB-LOADER: ACDB -> ACDB_CMD_GET_AUDPROC_COMMON_TOPOLOGY_ID
2022-02-27 20:42:46.951 17114-32149/? D/ACDB-LOADER: ACDB -> send_audtable
2022-02-27 20:42:46.951 17114-32149/? D/ACDB-LOADER: ACDB -> ACDB_CMD_GET_AUDPROC_INSTANCE_COMMON_TABLE_SIZE
2022-02-27 20:42:46.951 17114-32149/? D/ACDB-LOADER: ACDB -> ACDB_CMD_GET_AUDPROC_INSTANCE_COMMON_TABLE
2022-02-27 20:42:46.951 17114-32149/? D/ACDB-LOADER: ACDB -> AUDIO_SET_AUDPROC_CAL cal_type[11] acdb_id[15] app_type[69936]
2022-02-27 20:42:46.951 17114-32149/? D/ACDB-LOADER: ACDB -> send_audvoltable
2022-02-27 20:42:46.951 17114-32149/? D/ACDB-LOADER: ACDB -> ACDB_CMD_GET_AUDPROC_INSTANCE_GAIN_DEP_STEP_TABLE_SIZE
2022-02-27 20:42:46.951 17114-32149/? D/ACDB-LOADER: ACDB -> ACDB_CMD_GET_AUDPROC_INSTANCE_GAIN_DEP_STEP_TABLE, vol index 0
2022-02-27 20:42:46.951 17114-32149/? D/ACDB-LOADER: ACDB -> AUDIO_SET_VOL_CAL cal type = 12
2022-02-27 20:42:46.951 17114-32149/? D/ACDB-LOADER: ACDB -> ACDB_CMD_GET_AUDPROC_INSTANCE_STREAM_TABLE_SIZE
2022-02-27 20:42:46.951 17114-32149/? D/ACDB-LOADER: ACDB -> send_audstrmtable
2022-02-27 20:42:46.951 17114-32149/? D/ACDB-LOADER: ACDB -> ACDB_CMD_GET_AUDPROC_INSTANCE_STREAM_TABLE
2022-02-27 20:42:46.951 17114-32149/? D/ACDB-LOADER: ACDB -> audstrm_cal->cal_type.cal_data.cal_size = 536
2022-02-27 20:42:46.951 17114-32149/? D/ACDB-LOADER: ACDB -> send_afe_topology
2022-02-27 20:42:46.951 17114-32149/? D/ACDB-LOADER: ACDB -> ACDB_CMD_GET_AFE_TOPOLOGY_ID
2022-02-27 20:42:46.951 17114-32149/? D/ACDB-LOADER: ACDB -> GET_AFE_TOPOLOGY_ID for adcd_id 15, Topology Id 1000e800
2022-02-27 20:42:46.951 17114-32149/? D/ACDB-LOADER: ACDB -> send_afe_cal
2022-02-27 20:42:46.951 17114-32149/? D/ACDB-LOADER: ACDB -> ACDB_CMD_GET_AFE_INSTANCE_COMMON_TABLE_SIZE
2022-02-27 20:42:46.951 17114-32149/? D/ACDB-LOADER: ACDB -> ACDB_CMD_GET_AFE_INSTANCE_COMMON_TABLE
2022-02-27 20:42:46.951 17114-32149/? D/ACDB-LOADER: ACDB -> AUDIO_SET_AFE_CAL cal_type[16] acdb_id[15]
2022-02-27 20:42:46.951 17114-32149/? D/ACDB-LOADER: ACDB -> send_hw_delay : acdb_id = 15 path = 0
2022-02-27 20:42:46.951 17114-32149/? D/ACDB-LOADER: ACDB -> ACDB_AVSYNC_INFO: ACDB_CMD_GET_DEVICE_PROPERTY
2022-02-27 20:42:46.951 17114-32149/? D/audio_hw_primary: enable_audio_route: apply mixer and update path: deep-buffer-playback
2022-02-27 20:42:46.951 17114-32149/? D/audio_route: Apply path: deep-buffer-playback
2022-02-27 20:42:46.952 17114-32149/? D/audio_hw_primary: select_devices: acdb_id_out: 15
2022-02-27 20:42:46.952 17114-32149/? D/audio_hw_primary: select_devices: done
2022-02-27 20:42:46.952 17114-32149/? D/msm8974_platform: platform_set_channel_map mixer_ctl_name:Playback Channel Map0
2022-02-27 20:42:46.952 17114-32149/? D/msm8974_platform: platform_set_channel_map: set mapping(1 2 0 0 0 0 0 0) for channel:2
2022-02-27 20:42:46.953 17114-32149/? E/msm8974_platform: platform_set_channel_map: Could not set ctl, error:-1 ch_count:2
2022-02-27 20:42:46.957 12747-12782/? D/AudioManager: getStreamVolume packageName=com.google.android.googlequicksearchbox, index=4, streamType=3
2022-02-27 20:42:46.958 1397-19351/? E/android.hardware.media.omx@1.0-service: Service not available yet
2022-02-27 20:42:46.959 1397-19351/? D/PlatformConfig: getInstance: Enter
2022-02-27 20:42:46.959 1397-19351/? D/PlatformConfig: getConfigStoreBool: vpp/enable not found(4294967295)
2022-02-27 20:42:46.961 1397-19351/? D/PlatformConfig: getInstance: Enter
2022-02-27 20:42:46.961 1397-19351/? D/PlatformConfig: getInt32 Config name: vidc_dec_log_in value: 0
2022-02-27 20:42:46.961 1397-19351/? D/PlatformConfig: getInstance: Enter
2022-02-27 20:42:46.961 1397-19351/? D/PlatformConfig: getInt32 Config name: vidc_dec_log_out value: 0
2022-02-27 20:42:46.961 1397-19351/? D/PlatformConfig: getInstance: Enter
2022-02-27 20:42:46.961 1397-19351/? D/PlatformConfig: getInt32: Returning default
2022-02-27 20:42:46.961 1397-19351/? D/PlatformConfig: getInstance: Enter
2022-02-27 20:42:46.961 1397-19351/? D/PlatformConfig: getInt32: Returning default
2022-02-27 20:42:46.961 1397-19351/? D/PlatformConfig: getInstance: Enter
2022-02-27 20:42:46.961 1397-19351/? D/PlatformConfig: getInt32: Returning default
2022-02-27 20:42:46.961 1397-19351/? D/PlatformConfig: getInstance: Enter
2022-02-27 20:42:46.961 1397-19351/? D/PlatformConfig: getInt32: Returning default
2022-02-27 20:42:46.961 1397-19351/? D/PlatformConfig: getInstance: Enter
2022-02-27 20:42:46.961 1397-19351/? D/PlatformConfig: getInt32 Config name: vidc_disable_hdr value: 3
2022-02-27 20:42:46.961 1397-19351/? D/PlatformConfig: getInstance: Enter
2022-02-27 20:42:46.961 1397-19351/? D/PlatformConfig: getInt32: Returning default
2022-02-27 20:42:46.961 1397-19351/? I/OMX-VDEC-1080P: component_init: OMX.qcom.video.decoder.avc : fd=7
2022-02-27 20:42:46.968 19159-19159/? D/OppoDiracService: mrDiracEffectBroadcastReceiver action = android.Multimedia.AudioEffect.AudioTrack_BROADCAST
2022-02-27 20:42:46.968 19159-19159/? D/OppoDiracService: +new tast
2022-02-27 20:42:46.968 19159-19159/? D/OppoDiracService: -new tast
2022-02-27 20:42:46.973 1397-19351/? D/PlatformConfig: getInstance: Enter
2022-02-27 20:42:46.973 1397-19351/? D/PlatformConfig: getInt32: Returning default
2022-02-27 20:42:46.973 1397-19351/? D/PlatformConfig: getInstance: Enter
2022-02-27 20:42:46.973 1397-19351/? D/PlatformConfig: getInt32: Returning default
2022-02-27 20:42:46.974 1397-19351/? I/OMX-VDEC-1080P: omx_vdec::component_init() success : fd=7
2022-02-27 20:42:46.974 7649-8397/? I/ACodec: Successfully allocate component [OMX.qcom.video.decoder.avc]
2022-02-27 20:42:46.974 7649-8397/? D/ACodec: AllocateComponent OMX.qcom.video.decoder.avc success
2022-02-27 20:42:46.974 7649-8397/? D/ACodec: [OMX.qcom.video.decoder.avc] Now Loaded
2022-02-27 20:42:46.977 17114-32149/? D/audio_hw_primary: start_output_stream: exit
2022-02-27 20:42:46.977 17114-32149/? D/oplus_pa_boost_vol_aw: output_set_pa_voltage, 157, adev->adev_extends.stream_out_count = 2
2022-02-27 20:42:46.977 17114-32149/? D/oplus_pa_boost_vol_aw: set_pa_voltage, 122, voltage = 0
2022-02-27 20:42:46.978 17114-32149/? D/oplus_pa_boost_vol_aw: set_pa_voltage, 150, voltage = 0, adev->adev_extends.pre_boost_index = 0
2022-02-27 20:42:46.980 7649-8394/? D/AAudioStream: setState(s#1) from 3 to 4
2022-02-27 20:42:46.981 7649-8396/? I/MediaCodec: MediaCodec will operate in async mode
2022-02-27 20:42:46.983 7649-8396/? D/SurfaceUtils: connecting to surface 0x728d198010, reason connectToSurface
2022-02-27 20:42:46.983 7649-8396/? I/MediaCodec: [OMX.qcom.video.decoder.avc] setting surface generation to 7832577
2022-02-27 20:42:46.983 7649-8396/? D/SurfaceUtils: disconnecting from surface 0x728d198010, reason connectToSurface(reconnect)
2022-02-27 20:42:46.983 7649-8396/? D/SurfaceUtils: connecting to surface 0x728d198010, reason connectToSurface(reconnect)
2022-02-27 20:42:46.984 7649-8397/? D/festival.battl: OplusTpCompLogExProxy::getOplusTpCompLogEx -- exp != NULL
2022-02-27 20:42:46.985 7649-8397/? D/OplusACodec: [configureCodec:L902] OplusFeedbackInfo  mFeedbackID:491964250112
2022-02-27 20:42:46.985 7649-8397/? D/IAtlas: IAtlas::init CallingPid 7649
2022-02-27 20:42:46.985 7649-8397/? D/IAtlas: IAtlas::init this 0x7324639d80
2022-02-27 20:42:46.986 1358-1421/? D/AtlasService: clientsCount 2
2022-02-27 20:42:46.986 1358-1421/? D/AtlasService: notify 1025 to client
2022-02-27 20:42:46.986 1358-1421/? D/AtlasService: notify 1025 to client
2022-02-27 20:42:46.986 1397-19351/? E/OMX-VDEC-1080P: Extension: OMX.google.android.index.storeANWBufferInMetadata not implemented
2022-02-27 20:42:46.986 1397-19351/? E/OMX-VDEC-1080P: Extension: OMX.google.android.index.configureVideoTunnelMode not implemented
2022-02-27 20:42:46.986 1397-19351/? E/OMX-VDEC-1080P: Extension: OMX.google.android.index.useAndroidNativeBuffer is supported
2022-02-27 20:42:46.986 1397-19351/? E/OMX-VDEC-1080P: get_parameter: unknown param 7f000046
2022-02-27 20:42:46.986 1397-19351/? E/OMXNodeInstance: getParameter(0xf016c584:qcom.decoder.avc, ??(0x7f000046)) ERROR: UnsupportedIndex(0x8000101a)
2022-02-27 20:42:46.987 7649-8397/? I/ACodec: configureCodec() mime = video/avc
2022-02-27 20:42:46.987 7649-8397/? D/OplusUtils: ACodec getComponentRole [92]: mime:video/avc
2022-02-27 20:42:46.987 1397-19351/? E/OMX-VDEC-1080P: set_parameter: Error: 0x80001019, setting param 0x7f00005d
2022-02-27 20:42:46.987 1397-19351/? E/OMXNodeInstance: setParameter(0xf016c584:qcom.decoder.avc, OMX.google.android.index.allocateNativeHandle(0x7f00005d): Output:1 en=0) ERROR: UnsupportedSetting(0x80001019)
2022-02-27 20:42:46.987 1397-19351/? E/OMX-VDEC-1080P: Extension: OMX.google.android.index.storeANWBufferInMetadata not implemented
2022-02-27 20:42:46.987 1397-19351/? E/OMX-VDEC-1080P: get_parameter: unknown param 6f600011
2022-02-27 20:42:46.987 1397-19351/? E/OMXNodeInstance: getParameter(0xf016c584:qcom.decoder.avc, ??(0x6f600011)) ERROR: UnsupportedIndex(0x8000101a)
2022-02-27 20:42:46.987 7649-8397/? I/ExtendedACodec: setupVideoDecoder()
2022-02-27 20:42:46.987 7649-8397/? E/OplusACodec: [GetVideoCodingTypeFromMime:L709] mime:video/avc
2022-02-27 20:42:46.989 7649-8397/? I/ExtendedACodec: Decoder will be in frame by frame mode
2022-02-27 20:42:46.990 1397-19351/? E/OMX-VDEC-1080P: Setparameter: unknown param 2130706434
2022-02-27 20:42:46.990 1397-19351/? E/OMX-VDEC-1080P: set_parameter: Error: 0x8000101a, setting param 0x7f000002
2022-02-27 20:42:46.990 1397-19351/? E/OMXNodeInstance: setParameter(0xf016c584:qcom.decoder.avc, ??(0x7f000002)) ERROR: UnsupportedIndex(0x8000101a)
2022-02-27 20:42:46.990 7649-8397/? W/ExtendedACodec: Failed to set frame packing format on component
2022-02-27 20:42:46.990 7649-8397/? D/ACodec: [OMX.qcom.video.decoder.avc] input format is AMessage(what = 0x00000000) = {
      int32_t adaptive-playback = 1
      int32_t roi-on = 0
      string mime = "video/avc"
      int32_t width = 854
      int32_t height = 480
    }
2022-02-27 20:42:46.992 1397-19351/? E/OMXNodeInstance: getConfig(0xf016c584:qcom.decoder.avc, ??(0x7f000062)) ERROR: UnsupportedSetting(0x80001019)
2022-02-27 20:42:46.993 7649-8397/? D/ACodec: [OMX.qcom.video.decoder.avc] output format is AMessage(what = 0x00000000) = {
      int32_t color-range = 2
      int32_t color-standard = 1
      int32_t color-transfer = 3
      int32_t roi-on = 0
      string mime = "video/raw"
      int32_t stride = 1024
      int32_t slice-height = 512
      int32_t color-format = 2141391876
      Rect crop(0, 0, 853, 479)
      int32_t android._dataspace = 260
      Buffer hdr-static-info = {
        00000000:  00 00 00 00 00 00 00 00  00 00 00 00 00 00 00 00  ................
        00000010:  00 00 00 00 00 00 00 00  00                       .........
      }
      int32_t width = 854
      int32_t height = 480
    }
2022-02-27 20:42:46.995 7649-8397/? D/ACodec: [OMX.qcom.video.decoder.avc] Now Loaded->Idle
2022-02-27 20:42:46.995 7649-8397/? D/ACodec: [OMX.qcom.video.decoder.avc] Allocating 8 buffers of size 6266880 (from 6266880 using PresetByteBuffer) on input port
2022-02-27 20:42:47.005 1397-19351/? E/OMX-VDEC-1080P: Extension: OMX.google.android.index.AndroidNativeBufferConsumerUsage not implemented
2022-02-27 20:42:47.006 7649-8397/? D/SurfaceUtils: set up nativeWindow 0x728d198010 for 854x480, color 0x7fa30c04, rotation 0, usage 0x20002900
2022-02-27 20:42:47.010 17120-25757/? W/ResourceManagerService: Ignoring request to add new resource entry with value <= 0
2022-02-27 20:42:47.010 7649-8397/? D/ACodec: [OMX.qcom.video.decoder.avc] Now Idle->Executing
2022-02-27 20:42:47.011 7649-8397/? D/ACodec: [OMX.qcom.video.decoder.avc] Now Executing
2022-02-27 20:42:47.021 19159-19357/? D/OppoDiracService: handleMessage, msg what = 21
2022-02-27 20:42:47.021 19159-31437/? D/DiracDetectSceneService: Task.run, effectenable = true
2022-02-27 20:42:47.022 19159-31437/? D/DiracDetectSceneService: checkAndSetDirac : activeAudioPids = :7649
2022-02-27 20:42:47.022 19159-31437/? D/DiracDetectSceneService: +activePidList = [7649]
2022-02-27 20:42:47.023 1397-19351/? E/OMXNodeInstance: getConfig(0xf016c584:qcom.decoder.avc, ??(0x7f000062)) ERROR: UnsupportedSetting(0x80001019)
2022-02-27 20:42:47.023 7649-8397/? D/ACodec: [OMX.qcom.video.decoder.avc] output format is AMessage(what = 0x00000000) = {
      int32_t color-range = 2
      int32_t color-standard = 1
      int32_t color-transfer = 3
      int32_t roi-on = 0
      string mime = "video/raw"
      int32_t stride = 1024
      int32_t slice-height = 512
      int32_t color-format = 2141391876
      Rect crop(0, 0, 863, 479)
      int32_t android._dataspace = 260
      Buffer hdr-static-info = {
        00000000:  00 00 00 00 00 00 00 00  00 00 00 00 00 00 00 00  ................
        00000010:  00 00 00 00 00 00 00 00  00                       .........
      }
      int32_t width = 864
      int32_t height = 480
    }
2022-02-27 20:42:47.028 1397-19351/? E/OMX-VDEC-1080P: Extension: OMX.google.android.index.AndroidNativeBufferConsumerUsage not implemented
2022-02-27 20:42:47.028 7649-8397/? D/SurfaceUtils: set up nativeWindow 0x728d198010 for 864x480, color 0x7fa30c04, rotation 0, usage 0x20002900
2022-02-27 20:42:47.037 19625-8403/? E/Parcel: Reading a NULL string not supported here.
2022-02-27 20:42:47.038 7649-8397/? D/ACodec: [OMX.qcom.video.decoder.avc] Now Executing
2022-02-27 20:42:47.040 19159-31437/? D/DiracDetectSceneService: +activeAudioAppList = [com.music.festival.battle]
2022-02-27 20:42:47.040 19159-31437/? D/DiracDetectSceneService: isInMusicAppList appName:com.music.festival.battle
2022-02-27 20:42:47.040 19159-31437/? D/DiracDetectSceneService: isInVideoAppList appName:com.music.festival.battle
2022-02-27 20:42:47.040 19159-31437/? D/DiracDetectSceneService: isInGameAppList appName:com.music.festival.battle
2022-02-27 20:42:47.040 19159-31437/? D/DiracDetectSceneService: isInVideo2AppList appName:com.music.festival.battle
2022-02-27 20:42:47.040 19625-8403/? E/Parcel: Reading a NULL string not supported here.
2022-02-27 20:42:47.040 19159-31437/? D/OppoDiracService: commonDiracToast str = this app not in list, Service Close Dirac
2022-02-27 20:42:47.040 19159-31437/? D/DiracDetectSceneService: this case is not in app list
2022-02-27 20:42:47.040 19159-31437/? D/OppoDiracService: setDiracEffectInternal ++++ enable = false mode = NONE mSceneModeForUI:AUTO
2022-02-27 20:42:47.040 19159-31437/? D/OppoDiracService: isHeadsetOn mWiredHeadsetOn:false mA2dpConnected:false
2022-02-27 20:42:47.040 19159-31437/? D/OppoDiracService: ignore this time setDiracEnalbe, enable = false mode = NONE mSceneModeForUI = AUTO
2022-02-27 20:42:47.043 19625-8403/? E/Parcel: Reading a NULL string not supported here.
2022-02-27 20:42:47.049 19625-8403/? I/chatty: uid=10220(com.coloros.gamespace) IntentService[C identical 3 lines
2022-02-27 20:42:47.052 19625-8403/? E/Parcel: Reading a NULL string not supported here.
2022-02-27 20:42:47.052 1397-19351/? E/OMXNodeInstance: getConfig(0xf016c584:qcom.decoder.avc, ??(0x7f000062)) ERROR: UnsupportedSetting(0x80001019)
2022-02-27 20:42:47.053 7649-8397/? D/ACodec: [OMX.qcom.video.decoder.avc] output format is AMessage(what = 0x00000000) = {
      int32_t color-range = 2
      int32_t color-standard = 1
      int32_t color-transfer = 3
      int32_t roi-on = 0
      string mime = "video/raw"
      int32_t stride = 1024
      int32_t slice-height = 512
      int32_t color-format = 2141391876
      Rect crop(0, 0, 853, 479)
      int32_t android._dataspace = 260
      Buffer hdr-static-info = {
        00000000:  00 00 00 00 00 00 00 00  00 00 00 00 00 00 00 00  ................
        00000010:  00 00 00 00 00 00 00 00  00                       .........
      }
      int32_t width = 864
      int32_t height = 480
    }
2022-02-27 20:42:47.054 19625-8403/? E/Parcel: Reading a NULL string not supported here.
2022-02-27 20:42:47.058 1397-19351/? E/OMX-VDEC-1080P: Extension: OMX.QTI.index.config.video.getdsmode not implemented
2022-02-27 20:42:47.058 7649-8222/? D/NdkImageReader: acquireImageLocked: Overriding buffer format YUV_420_888 to 0x7fa30c04.
2022-02-27 20:42:47.061 19625-8403/? E/Parcel: Reading a NULL string not supported here.
2022-02-27 20:42:47.063 19625-8403/? I/chatty: uid=10220(com.coloros.gamespace) IntentService[C identical 1 line
2022-02-27 20:42:47.064 19625-8403/? E/Parcel: Reading a NULL string not supported here.
2022-02-27 20:42:47.075 17118-17392/? D/AudioFlinger: mixer(0xb400007828e79200) throttle end: throttle time(45)
2022-02-27 20:42:47.448 17414-18405/? D/WifiNl80211Manager: Scan result ready event
2022-02-27 20:42:47.466 17414-17760/? D/WificondScannerImpl: Filtering out 2 scan results.
2022-02-27 20:42:47.466 17414-17760/? D/WificondScannerImpl: Filtering out 2 scan results.
2022-02-27 20:42:47.480 17414-17714/? D/OplusPlatformManagerExt:  OplusPlatformManagerExt getInstance: com.oplus.server.wifi.OplusPlatformManagerImplExt@19f0983
2022-02-27 20:42:47.482 17414-17714/? I/chatty: uid=1000(system) WifiHandlerThre identical 7 lines
2022-02-27 20:42:47.482 17414-17714/? D/OplusPlatformManagerExt:  OplusPlatformManagerExt getInstance: com.oplus.server.wifi.OplusPlatformManagerImplExt@19f0983
2022-02-27 20:42:47.486 17414-17714/? D/OplusClientModeImpl2: handleScanResultEvent2
2022-02-27 20:42:47.504 17414-17714/? D/OplusAutoConnectManager: find scanConfKey "L176b5a3854in wlan assistant NetworkRecords
2022-02-27 20:42:47.506 17414-17714/? D/OplusAutoConnectManager: find scanConfKey "L176b5a3854in wlan assistant NetworkRecords
2022-02-27 20:42:47.509 19625-20128/? E/Parcel: Reading a NULL string not supported here.
2022-02-27 20:42:47.511 19625-20128/? E/Parcel: Reading a NULL string not supported here.
2022-02-27 20:42:47.512 7649-8371/? D/AudioManager: getStreamVolume packageName=com.music.festival.battle, index=4, streamType=3
2022-02-27 20:42:47.513 19625-20128/? E/Parcel: Reading a NULL string not supported here.
2022-02-27 20:42:47.181 17414-17829/? I/chatty: uid=1000(system) DnsEventHandleT identical 12 lines
2022-02-27 20:42:47.187 17414-17829/? D/OplusCustomizeNetworkManagerService-hcwu: refreshDnsResult: not started restriction
2022-02-27 20:42:47.538 17414-17443/? V/AlarmManager: set(PendingIntent{86bac89: PendingIntentRecord{a719118 com.google.android.gms/com.google.android.gms.location_base broadcastIntent}}) : type=2 when=151904239whenElapsed151904239maxWhen =151906739 win=2500 interval=0 flags=0x0 pkg = com.google.android.gms
2022-02-27 20:42:47.528 19625-20128/? I/chatty: uid=10220(com.coloros.gamespace) pool-3-thread-3 identical 7 lines
2022-02-27 20:42:47.529 19625-20128/? E/Parcel: Reading a NULL string not supported here.
2022-02-27 20:42:47.542 17414-20302/? D/OplusNlpProxy: OplusNlpProxy onlocation changed!! location:Location[network 10,79****,106,72**** hAcc=22 et=+1d18h11m24s301ms alt=25.100000381469727 vAcc=1 sAcc=??? bAcc=??? {adiu=null}]
2022-02-27 20:42:47.542 17414-20302/? D/LocationManagerService: incoming location from: network
2022-02-27 20:42:47.542 17414-20302/? D/LocationManagerService: incoming location from: network
2022-02-27 20:42:47.542 17414-20302/? D/OplusGnssWhiteListProxy: on get OplusGnssWhiteListProxy!
2022-02-27 20:42:47.545 17414-20302/? I/chatty: uid=1000(system) Binder:17414_1D identical 4 lines
2022-02-27 20:42:47.545 17414-20302/? D/OplusGnssWhiteListProxy: on get OplusGnssWhiteListProxy!
2022-02-27 20:42:47.547 17414-20304/? I/LocationManagerService: remove b932479
2022-02-27 20:42:47.547 17414-20304/? D/OplusNlpProxy: OplusNlpProxy setRequest! NLP is: gms
2022-02-27 20:42:47.567 17414-20302/? V/AlarmManager: set(PendingIntent{71d41ee: PendingIntentRecord{a719118 com.google.android.gms/com.google.android.gms.location_base broadcastIntent}}) : type=2 when=151904239whenElapsed151904239maxWhen =151904239 win=0 interval=0 flags=0x0 pkg = com.google.android.gms
2022-02-27 20:42:47.568 19625-20128/? E/Parcel: Reading a NULL string not supported here.
2022-02-27 20:42:47.932 7649-7649/? D/ViewRootImpl: enqueueInputEventMotionEvent { action=ACTION_DOWN, actionButton=0, id[0]=0, x[0]=396.0, y[0]=296.0, toolType[0]=TOOL_TYPE_FINGER, buttonState=0, classification=NONE, metaState=0, flags=0x0, edgeFlags=0x0, pointerCount=1, historySize=0, eventTime=67474909, downTime=67474909, deviceId=3, source=0x1002, displayId=0 }
2022-02-27 20:42:47.933 7649-7649/? D/ViewRootImpl[GameStateActivity]: processMotionEvent MotionEvent { action=ACTION_DOWN, actionButton=0, id[0]=0, x[0]=396.0, y[0]=296.0, toolType[0]=TOOL_TYPE_FINGER, buttonState=0, classification=NONE, metaState=0, flags=0x0, edgeFlags=0x0, pointerCount=1, historySize=0, eventTime=67474909, downTime=67474909, deviceId=3, source=0x1002, displayId=0 }
2022-02-27 20:42:47.933 7649-7649/? D/ViewRootImpl[GameStateActivity]: dispatchPointerEvent handled=true, event=MotionEvent { action=ACTION_DOWN, actionButton=0, id[0]=0, x[0]=396.0, y[0]=296.0, toolType[0]=TOOL_TYPE_FINGER, buttonState=0, classification=NONE, metaState=0, flags=0x0, edgeFlags=0x0, pointerCount=1, historySize=0, eventTime=67474909, downTime=67474909, deviceId=3, source=0x1002, displayId=0 }
2022-02-27 20:42:47.933 912-912/? D/ORMS_HAL: OrmsHalService write file /proc/sys/kernel/input_boost_enabled - 1.
2022-02-27 20:42:47.939 1029-1117/? E/ANDR-PERF-OPTSHANDLER: Perflock resource /sys/class/devfreq/soc:qcom,cpu0-cpu-llcc-lat/mem_latency/ratio_ceil not supported
2022-02-27 20:42:47.939 1029-1117/? E/ANDR-PERF-RESOURCEQS: Failed to apply optimization [13, 8]
2022-02-27 20:42:47.939 1029-1117/? E/ANDR-PERF-OPTSHANDLER: Perflock resource /sys/class/devfreq/soc:qcom,cpu4-cpu-llcc-lat/mem_latency/ratio_ceil not supported
2022-02-27 20:42:47.939 1029-1117/? E/ANDR-PERF-RESOURCEQS: Failed to apply optimization [13, 9]
2022-02-27 20:42:47.977 912-912/? D/ORMS_HAL: OrmsHalService write file /proc/sys/kernel/slide_boost_enabled - 1.
2022-02-27 20:42:47.982 1029-1117/? E/ANDR-PERF-OPTSHANDLER: Perflock resource /sys/class/devfreq/soc:qcom,cpu0-cpu-llcc-lat/mem_latency/ratio_ceil not supported
2022-02-27 20:42:47.982 1029-1117/? E/ANDR-PERF-RESOURCEQS: Failed to apply optimization [13, 8]
2022-02-27 20:42:47.982 1029-1117/? E/ANDR-PERF-OPTSHANDLER: Perflock resource /sys/class/devfreq/soc:qcom,cpu4-cpu-llcc-lat/mem_latency/ratio_ceil not supported
2022-02-27 20:42:47.982 1029-1117/? E/ANDR-PERF-RESOURCEQS: Failed to apply optimization [13, 9]
2022-02-27 20:42:47.991 7649-7649/? D/ViewRootImpl[GameStateActivity]: processMotionEvent MotionEvent { action=ACTION_UP, actionButton=0, id[0]=0, x[0]=281.0, y[0]=411.0, toolType[0]=TOOL_TYPE_FINGER, buttonState=0, classification=NONE, metaState=0, flags=0x0, edgeFlags=0x0, pointerCount=1, historySize=0, eventTime=67474968, downTime=67474909, deviceId=3, source=0x1002, displayId=0 }
2022-02-27 20:42:47.991 7649-7649/? D/ViewRootImpl[GameStateActivity]: dispatchPointerEvent handled=true, event=MotionEvent { action=ACTION_UP, actionButton=0, id[0]=0, x[0]=281.0, y[0]=411.0, toolType[0]=TOOL_TYPE_FINGER, buttonState=0, classification=NONE, metaState=0, flags=0x0, edgeFlags=0x0, pointerCount=1, historySize=0, eventTime=67474968, downTime=67474909, deviceId=3, source=0x1002, displayId=0 }
2022-02-27 20:42:47.992 912-912/? D/ORMS_HAL: OrmsHalService write file /proc/sys/kernel/slide_boost_enabled - 0.
2022-02-27 20:42:47.993 912-912/? D/ORMS_HAL: OrmsHalService write file /proc/sys/kernel/slide_boost_enabled - 1.
2022-02-27 20:42:48.000 1029-1117/? E/ANDR-PERF-OPTSHANDLER: Perflock resource /sys/class/devfreq/soc:qcom,cpu0-cpu-llcc-lat/mem_latency/ratio_ceil not supported
2022-02-27 20:42:48.000 1029-1117/? E/ANDR-PERF-RESOURCEQS: Failed to apply optimization [13, 8]
2022-02-27 20:42:48.000 1029-1117/? E/ANDR-PERF-OPTSHANDLER: Perflock resource /sys/class/devfreq/soc:qcom,cpu4-cpu-llcc-lat/mem_latency/ratio_ceil not supported
2022-02-27 20:42:48.000 1029-1117/? E/ANDR-PERF-RESOURCEQS: Failed to apply optimization [13, 9]
2022-02-27 20:42:48.011 7649-8397/? I/OplusFeedbackInfo: 0x73144f7c00 OMX.qcom.video.decoder.avc 864x480 inputFps=20 outputFps=15 renderFps=1
2022-02-27 20:42:48.011 7649-8397/? D/OplusFeedbackInfo: [notifyFpsToSF:L421] fixFps=-1 currentFps=1 isRelease=0
2022-02-27 20:42:48.011 1081-1164/? D/DispPerfService: Codec Notify OVFR fixFPS = -1, calFPS = 1, codecOn = 1
2022-02-27 20:42:48.355 7794-7860/? I/GH.ConnLoggerV2: Session 39ea544c-865c-4292-88d2-12c93c4aaa9d expired
2022-02-27 20:42:48.359 17414-18405/? D/OplusGnssWhiteListProxy: on get OplusGnssWhiteListProxy!
2022-02-27 20:42:48.373 7794-7844/? E/Parcel: Reading a NULL string not supported here.
2022-02-27 20:42:48.701 17414-17829/? D/OplusCustomizeNetworkManagerService-hcwu: refreshDnsResult: not started restriction
2022-02-27 20:42:48.720 17414-17782/? D/JobScheduler.Temperature: get temperature=36.788
2022-02-27 20:42:48.386 7794-7844/? E/Parcel: Reading a NULL string not supported here.
2022-02-27 20:42:48.918 912-912/? D/ORMS_HAL: OrmsHalService write file /proc/sys/kernel/slide_boost_enabled - 0.
2022-02-27 20:42:48.923 1029-1117/? E/ANDR-PERF-OPTSHANDLER: Perflock resource /sys/class/devfreq/soc:qcom,cpu0-cpu-llcc-lat/mem_latency/ratio_ceil not supported
2022-02-27 20:42:48.923 1029-1117/? E/ANDR-PERF-RESOURCEQS: Failed to apply optimization [13, 8]
2022-02-27 20:42:48.923 1029-1117/? E/ANDR-PERF-OPTSHANDLER: Perflock resource /sys/class/devfreq/soc:qcom,cpu4-cpu-llcc-lat/mem_latency/ratio_ceil not supported
2022-02-27 20:42:48.923 1029-1117/? E/ANDR-PERF-RESOURCEQS: Failed to apply optimization [13, 9]
2022-02-27 20:42:49.012 7649-8397/? I/OplusFeedbackInfo: 0x73144f7c00 OMX.qcom.video.decoder.avc 864x480 inputFps=0 outputFps=0 renderFps=0
2022-02-27 20:42:49.015 1328-1344/? D/bspCriticalLog: power_monitor cpu-0-0-usr: open fail -1
2022-02-27 20:42:49.015 1328-1342/? D/bspCriticalLog: thermal_monitor ddr-usr: open fail -1
2022-02-27 20:42:49.015 1328-1342/? D/bspCriticalLog: thermal_monitor gpuss-0-usr: open fail -1
2022-02-27 20:42:49.015 1328-1342/? D/bspCriticalLog: thermal_monitor cpu-0-0-usr: open fail -1
2022-02-27 20:42:49.060 17414-17829/? D/OplusCustomizeNetworkManagerService-hcwu: refreshDnsResult: not started restriction
2022-02-27 20:42:49.210 17414-17479/? D/BatteryLed: getLightInColorState, oppoLightMgr empty!
2022-02-27 20:42:49.225 18244-18244/? D/DeviceStatisticsService: chargerType=0 batteryLevel=100 totalBatteryCapacity=5000000
2022-02-27 20:42:49.228 19666-8156/? E/MCS2.0_CIPHER_ALGO: checkSign 1  
2022-02-27 20:42:49.229 19666-8156/? D/MCS2.0_CIPHER_ALGO: riv native_AES_encrypt flag 0
2022-02-27 20:42:49.232 19666-8156/? D/MCS2.0_CIPHER_ALGO: riv native_AES_encrypt flag 0
2022-02-27 20:42:49.285 17124-22177/? E/sensors-hal: ssc_conn_event_cb:649, event[0] msg_id=1025, ts=2916402702160 sensor_type = device_orient  Wakeup
2022-02-27 20:42:49.285 17124-22177/? E/sensors-hal: handle_sns_client_event:56, ro.build.flavor defined by oplus
2022-02-27 20:42:49.285 17124-22177/? E/sensors-hal: handle_sns_client_event:114, device_orient_event:oplus ts=151889622158002, type=3, count=717
2022-02-27 20:42:49.289 17414-17458/? V/WindowOrientationListener: onSensorChanged mDesiredRotation = 3 newRotation = 3
2022-02-27 20:42:49.291 17414-17458/? I/InputDispatcher: setInputDispatchMode: enabled=1, frozen=1
2022-02-27 20:42:49.310 1029-1117/? E/ANDR-PERF-OPTSHANDLER: Perflock resource /sys/class/devfreq/soc:qcom,cpu0-cpu-llcc-lat/mem_latency/ratio_ceil not supported
2022-02-27 20:42:49.310 1029-1117/? E/ANDR-PERF-RESOURCEQS: Failed to apply optimization [13, 8]
2022-02-27 20:42:49.310 1029-1117/? E/ANDR-PERF-OPTSHANDLER: Perflock resource /sys/class/devfreq/soc:qcom,cpu4-cpu-llcc-lat/mem_latency/ratio_ceil not supported
2022-02-27 20:42:49.310 1029-1117/? E/ANDR-PERF-RESOURCEQS: Failed to apply optimization [13, 9]
2022-02-27 20:42:49.313 1081-1081/? D/DispPerfService: sched_setaffinity: ret(-1) error(Invalid argument)
2022-02-27 20:42:49.322 1081-1164/? D/DispPerfService: onframeavailable pid=17414, slot=0, seq=26096, name=system_server:RotationLayer#0
2022-02-27 20:42:49.327 1081-1081/? E/OppoExLayer: using cid as pid, cid=17414, name=BackColorSurface#0
2022-02-27 20:42:49.328 1081-1081/? D/OppoExSurfaceFlinger: re-input flinger 1
2022-02-27 20:42:49.328 1081-1081/? D/DispPerfService: AIRefreshRate enable input motion 0x1
2022-02-27 20:42:49.328 17951-17951/? D/Divider: Position in OnDisplayChangingListener is 1202
2022-02-27 20:42:49.331 17414-17461/? V/WindowManager: Orientation start waiting for draw, mDrawState=DRAW_PENDING in Window{1f2d695 u0 AssistOverlayBottom}, surfaceController Surface(name=AssistOverlayBottom)/@0x32ba055
2022-02-27 20:42:49.331 17414-17461/? V/WindowManager: Orientation start waiting for draw, mDrawState=DRAW_PENDING in Window{d80fee u0 NavigationBar}, surfaceController Surface(name=NavigationBar0)/@0xcc96137
2022-02-27 20:42:49.331 17414-17461/? V/WindowManager: Orientation start waiting for draw, mDrawState=DRAW_PENDING in Window{d099261 u0 StatusBar}, surfaceController Surface(name=StatusBar)/@0xbb46570
2022-02-27 20:42:49.331 17414-17461/? V/WindowManager: Orientation start waiting for draw, mDrawState=DRAW_PENDING in Window{88dad7 u0 com.music.festival.battle/com.es.gamestate.GameStateActivity}, surfaceController Surface(name=com.music.festival.battle/com.es.gamestate.GameStateActivity)/@0xf5f08a9
2022-02-27 20:42:49.337 17414-8433/? D/ColorAccidentallyManager: accidentPrevention >>> updateTouchPanelInfo: 0,2,0
2022-02-27 20:42:49.337 17414-8433/? D/ColorAccidentallyManager: accidentPrevention >>> writeNarrowFile: /proc/touchpanel/oplus_tp_limit_whitelist, 0
2022-02-27 20:42:49.337 17414-8433/? D/ColorAccidentallyManager: accidentPrevention >>> writeNarrowFile: /proc/touchpanel/oplus_tp_direction, 2
2022-02-27 20:42:49.337 17414-8433/? D/ColorAccidentallyManager: accidentPrevention >>> writeNarrowFile: /proc/touchpanel/oplus_tp_limit_enable, 0
2022-02-27 20:42:49.340 17414-17460/? I/ActivityTaskManager: Config changes=20000000 {1.0 ?mcc?mnc [vi_VN] ldltr sw360dp w723dp h323dp 480dpi nrml long land finger -keyb/v/h -nav/h winConfig={ mBounds=Rect(0, 0 - 2412, 1080) mAppBounds=Rect(132, 0 - 2302, 1080) mWindowingMode=fullscreen mDisplayWindowingMode=fullscreen mActivityType=undefined mAlwaysOnTop=undefined mRotation=ROTATION_270} s.17607mThemeChanged= 0, mThemeChangedFlags= 0, mFlipFont= 0, mAccessibleChanged= -1, mUxIconConfig= 3468923383113580577, mMaterialColor= 0, mUserId= 0, mFontUserId= 0, mFontVariationSettings= 226, mIconPackName= , mDarkModeBackgroundMaxL= 0.0, mDarkModeDialogBgMaxL= 27.0, mDarkModeForegroundMinL= 100.0, mOplusConfigType= 1}
2022-02-27 20:42:49.345 1081-1081/? D/OppoExSurfaceFlinger: re-input flinger 1
2022-02-27 20:42:49.345 1081-1081/? D/DispPerfService: AIRefreshRate enable input motion 0x1
2022-02-27 20:42:49.359 1081-1081/? D/OppoExLayer: ~Layer() sequence=26093, name=Surface(name=d80fee NavigationBar0)/@0x1f034d6 - animation-leash#0@0xb40000715cfae000
2022-02-27 20:42:49.363 17414-17460/? I/WindowManager: Override config changes=20000000 {1.0 ?mcc?mnc [vi_VN] ldltr sw360dp w723dp h323dp 480dpi nrml long land finger -keyb/v/h -nav/h winConfig={ mBounds=Rect(0, 0 - 2412, 1080) mAppBounds=Rect(132, 0 - 2302, 1080) mWindowingMode=fullscreen mDisplayWindowingMode=fullscreen mActivityType=undefined mAlwaysOnTop=undefined mRotation=ROTATION_270} s.17607mThemeChanged= 0, mThemeChangedFlags= 0, mFlipFont= 0, mAccessibleChanged= -1, mUxIconConfig= 3468923383113580577, mMaterialColor= 0, mUserId= 0, mFontUserId= 0, mFontVariationSettings= 226, mIconPackName= , mDarkModeBackgroundMaxL= 0.0, mDarkModeDialogBgMaxL= 27.0, mDarkModeForegroundMinL= 100.0, mOplusConfigType= 1} for displayId=0
2022-02-27 20:42:49.365 17951-18744/? D/ColorEventInterceptManager: start updateInvalidRegion, regionKey: gesture, region_size: 0, disposable: false, isDelete: false, bundle == null: true
2022-02-27 20:42:49.365 17414-20338/? E/InputManager: Uncorrect parameters, updateInvalidRegion failed
2022-02-27 20:42:49.365 17414-17460/? I/ColorMiniZoomWindowManagerService: onDisplayChanged: Rotation changer from 1  to 3
2022-02-27 20:42:49.369 17414-17460/? V/WindowManager: Orientation start waiting for draw, mDrawState=DRAW_PENDING in Window{1f2d695 u0 AssistOverlayBottom}, surfaceController Surface(name=AssistOverlayBottom)/@0x32ba055
2022-02-27 20:42:49.369 17414-17460/? V/WindowManager: Orientation start waiting for draw, mDrawState=DRAW_PENDING in Window{d80fee u0 NavigationBar}, surfaceController Surface(name=NavigationBar0)/@0xcc96137
2022-02-27 20:42:49.369 17414-17460/? V/WindowManager: Orientation start waiting for draw, mDrawState=DRAW_PENDING in Window{d099261 u0 StatusBar}, surfaceController Surface(name=StatusBar)/@0xbb46570
2022-02-27 20:42:49.370 17414-17460/? V/WindowManager: Orientation start waiting for draw, mDrawState=DRAW_PENDING in Window{88dad7 u0 com.music.festival.battle/com.es.gamestate.GameStateActivity}, surfaceController Surface(name=com.music.festival.battle/com.es.gamestate.GameStateActivity)/@0xf5f08a9
2022-02-27 20:42:49.372 7705-7705/? E/OplusCommonManager: remote is null: activity_task
2022-02-27 20:42:49.372 7705-7705/? D/OplusCommonManager: Retry remote is null: true
2022-02-27 20:42:49.373 17414-17460/? D/DisplayManagerService: Delivering display event: displayId=0, event=2
2022-02-27 20:42:49.374 17414-17517/? D/OppoPowerManagerHelper: onDisplayChanged:0
2022-02-27 20:42:49.374 17414-17414/? I/OppoWallpaperManagerServiceHelper: onDisplayChanged. displayId = 0
2022-02-27 20:42:49.378 1081-1081/? D/OppoExSurfaceFlinger: re-input flinger 1
2022-02-27 20:42:49.378 1081-1081/? D/DispPerfService: AIRefreshRate enable input motion 0x1
2022-02-27 20:42:49.379 21790-22343/? I/BtGatt.ScanManager: msg.what = 8
2022-02-27 20:42:49.383 21790-22343/? I/BtGatt.ScanManager: msg.what = 5
2022-02-27 20:42:49.389 17414-17460/? I/InputManager-JNI: Viewport [0] to add: local:19260619745193857, isActive: true
2022-02-27 20:42:49.393 17414-17689/? I/InputReader: Reconfiguring input devices, changes=DISPLAY_INFO | 
2022-02-27 20:42:49.394 17414-17689/? I/InputReader: Device reconfigured: id=3, name='touchpanel', size 1080x2412, orientation 3, mode 1, display id 0
2022-02-27 20:42:49.395 1081-1081/? E/OppoExLayer: using cid as pid, cid=17414, name=Letterbox - right#0
2022-02-27 20:42:49.395 1081-1081/? D/OppoExSurfaceFlinger: re-input flinger 1
2022-02-27 20:42:49.395 1081-1081/? D/DispPerfService: AIRefreshRate enable input motion 0x1
2022-02-27 20:42:49.397 17414-17461/? I/InputDispatcher: setInputDispatchMode: enabled=1, frozen=0
2022-02-27 20:42:49.398 17414-17461/? I/WindowManager: Screen frozen for +107ms due to Window{88dad7 u0 com.music.festival.battle/com.es.gamestate.GameStateActivity}
2022-02-27 20:42:49.411 17414-18405/? E/Region: Region::unflatten() failed, invalid region
2022-02-27 20:42:49.411 17414-18405/? I/chatty: uid=1000(system) Binder:17414_B identical 2 lines
2022-02-27 20:42:49.411 17414-18405/? E/Region: Region::unflatten() failed, invalid region
2022-02-27 20:42:49.424 18790-18790/? I/WeatherS_WeatherServiceVersionUtils: serviceVersionCode8002022
2022-02-27 20:42:49.425 17414-17460/? D/PowerManagerService: setScreenBrightnessOverrideFromWindowManagerInternal brightness=NaN mScreenBrightnessOverrideFromWindowManager=NaN
2022-02-27 20:42:49.424 18790-18790/? I/chatty: uid=10205(com.coloros.alarmclock) identical 1 line
2022-02-27 20:42:49.424 18790-18790/? I/WeatherS_WeatherServiceVersionUtils: serviceVersionCode8002022
2022-02-27 20:42:49.426 18790-18790/? W/ClockTag ClockWidget.ClockWidgetManager: updateWeatherInfo -- weatherEntity is null!
2022-02-27 20:42:49.427 17414-18405/? E/Region: Region::unflatten() failed, invalid region
2022-02-27 20:42:49.425 17414-17460/? I/chatty: uid=1000(system) android.display identical 2 lines
2022-02-27 20:42:49.425 17414-17460/? D/PowerManagerService: setScreenBrightnessOverrideFromWindowManagerInternal brightness=NaN mScreenBrightnessOverrideFromWindowManager=NaN
2022-02-27 20:42:49.432 17951-17951/? D/Divider: The orientation of new config is 2
2022-02-27 20:42:49.433 17414-17460/? D/PowerManagerService: setScreenBrightnessOverrideFromWindowManagerInternal brightness=NaN mScreenBrightnessOverrideFromWindowManager=NaN
2022-02-27 20:42:49.427 17414-18405/? I/chatty: uid=1000(system) Binder:17414_B identical 2 lines
2022-02-27 20:42:49.427 17414-18405/? E/Region: Region::unflatten() failed, invalid region
2022-02-27 20:42:49.444 17414-18770/? E/Region: Region::unflatten() failed, invalid region
2022-02-27 20:42:49.444 17414-18770/? I/chatty: uid=1000(system) Binder:17414_12 identical 2 lines
2022-02-27 20:42:49.444 17414-18770/? E/Region: Region::unflatten() failed, invalid region
2022-02-27 20:42:49.446 1081-1081/? D/OppoExSurfaceFlinger: re-input flinger 1
2022-02-27 20:42:49.446 1081-1081/? D/DispPerfService: AIRefreshRate enable input motion 0x1
2022-02-27 20:42:49.450 1081-1081/? W/HwcComposer: command 0x4080000 generated error 4
2022-02-27 20:42:49.450 1081-1081/? I/chatty: uid=1000(system) /system/bin/surfaceflinger identical 1 line
2022-02-27 20:42:49.450 1081-1081/? W/HwcComposer: command 0x4080000 generated error 4
2022-02-27 20:42:49.460 17414-18405/? E/Region: Region::unflatten() failed, invalid region
2022-02-27 20:42:49.460 17414-18405/? I/chatty: uid=1000(system) Binder:17414_B identical 2 lines
2022-02-27 20:42:49.460 17414-18405/? E/Region: Region::unflatten() failed, invalid region
2022-02-27 20:42:49.461 1081-1081/? D/OppoExSurfaceFlinger: re-input flinger 1
2022-02-27 20:42:49.461 1081-1081/? D/DispPerfService: AIRefreshRate enable input motion 0x1
2022-02-27 20:42:49.463 1081-1081/? W/HwcComposer: command 0x4080000 generated error 4
2022-02-27 20:42:49.463 1081-1081/? I/chatty: uid=1000(system) /system/bin/surfaceflinger identical 1 line
2022-02-27 20:42:49.463 1081-1081/? W/HwcComposer: command 0x4080000 generated error 4
2022-02-27 20:42:49.477 17414-18405/? E/Region: Region::unflatten() failed, invalid region
2022-02-27 20:42:49.477 17414-18405/? I/chatty: uid=1000(system) Binder:17414_B identical 2 lines
2022-02-27 20:42:49.477 17414-18405/? E/Region: Region::unflatten() failed, invalid region
2022-02-27 20:42:49.479 1081-1081/? W/HwcComposer: command 0x4080000 generated error 4
2022-02-27 20:42:49.512 1081-1081/? I/chatty: uid=1000(system) /system/bin/surfaceflinger identical 7 lines
2022-02-27 20:42:49.512 1081-1081/? W/HwcComposer: command 0x4080000 generated error 4
2022-02-27 20:42:49.528 1081-1081/? D/OppoExSurfaceFlinger: re-input flinger 1
2022-02-27 20:42:49.528 1081-1081/? D/DispPerfService: AIRefreshRate enable input motion 0x1
2022-02-27 20:42:49.529 1081-1081/? W/HwcComposer: command 0x4080000 generated error 4
2022-02-27 20:42:49.728 1081-1081/? I/chatty: uid=1000(system) /system/bin/surfaceflinger identical 37 lines
2022-02-27 20:42:49.728 1081-1081/? W/HwcComposer: command 0x4080000 generated error 4
2022-02-27 20:42:49.745 1081-1081/? D/OppoExSurfaceFlinger: re-input flinger 1
2022-02-27 20:42:49.745 1081-1081/? D/DispPerfService: AIRefreshRate enable input motion 0x1
2022-02-27 20:42:49.746 1081-1081/? W/HwcComposer: command 0x4080000 generated error 4
2022-02-27 20:42:49.762 1081-1081/? I/chatty: uid=1000(system) /system/bin/surfaceflinger identical 4 lines
2022-02-27 20:42:49.762 1081-1081/? W/HwcComposer: command 0x4080000 generated error 4
2022-02-27 20:42:49.778 1081-1081/? D/OppoExSurfaceFlinger: re-input flinger 1
2022-02-27 20:42:49.778 1081-1081/? D/DispPerfService: AIRefreshRate enable input motion 0x1
2022-02-27 20:42:49.823 1029-1117/? E/ANDR-PERF-OPTSHANDLER: Perflock resource /sys/class/devfreq/soc:qcom,cpu0-cpu-llcc-lat/mem_latency/ratio_ceil not supported
2022-02-27 20:42:49.823 1029-1117/? E/ANDR-PERF-RESOURCEQS: Failed to apply optimization [13, 8]
2022-02-27 20:42:49.823 1029-1117/? E/ANDR-PERF-OPTSHANDLER: Perflock resource /sys/class/devfreq/soc:qcom,cpu4-cpu-llcc-lat/mem_latency/ratio_ceil not supported
2022-02-27 20:42:49.823 1029-1117/? E/ANDR-PERF-RESOURCEQS: Failed to apply optimization [13, 9]
2022-02-27 20:42:49.826 1081-1081/? D/OppoExLayer: ~Layer() sequence=26097, name=EnterBlackFrameLayer#0@0xb400007143704000
2022-02-27 20:42:49.826 1081-1081/? D/OppoExLayer: ~Layer() sequence=26101, name=Surface(name=RotationLayer)/@0x3c71eb0 - animation-leash#0@0xb40000715cf0e000
2022-02-27 20:42:49.827 1081-1081/? D/OppoExLayer: ~Layer() sequence=26100, name=Surface(name=mWindowContainers)/@0xb6d068a - animation-leash#0@0xb40000715cf6a000
