2022-02-27 20:42:41.741 17414-17761/? D/ConnectivityService: Adding iface wlan0 to network 114
2022-02-27 20:42:41.755 17414-17761/? D/ConnectivityService: Setting DNS servers for network 114 to [/8.8.4.4, /203.162.4.191, /8.8.8.8]
2022-02-27 20:42:41.756 17414-17761/? E/DnsManager: file path: /backup_hosts
2022-02-27 20:42:41.756 17414-17761/? E/DnsManager: file does not exist
2022-02-27 20:42:41.756 17414-17761/? D/DnsManager: sendDnsConfigurationForNetwork(114, [8.8.4.4, 203.162.4.191, 8.8.8.8], [Home], 1800, 25, 8, 64, 0, 0, , [])
2022-02-27 20:42:41.771 17414-17761/? D/ConnectivityService: updateLinkProperties isCellular=false length=0
2022-02-27 20:42:41.771 17414-17761/? D/ConnectivityService: oppo_sla:update the LinkProperties
2022-02-27 20:42:41.772 17414-20930/? D/OppoGatewayConflictResolver: GatewayConflictDetectingState handeMessage : 202, CMD_LINK_PROPERTIES_CHANGED
2022-02-27 20:42:41.772 17414-17761/? D/ConnectivityService: NetReassign [13 : null �? 114, 84 : null �? 114, 7 : null �? 114, 24 : null �? 114, 17 : null �? 114, 988 : null �? 114, 972 : null �? 114, 1014 : null �? 114, 15 : null �? 114, 225 : null �? 114, 12 : null �? 114, 1022 : null �? 114, 233 : null �? 114, 39 : null �? 114, 18 : null �? 114, 1017 : null �? 114, 1025 : null �? 114, 368 : null �? 114, 33 : null �? 114, 1012 : null �? 114, 990 : null �? 114, 1026 : null �? 114, 70 : null �? 114, 1 : null �? 114, 226 : null �? 114, 960 : null �? 114, 1023 : null �? 114]
2022-02-27 20:42:41.772 17414-17714/? D/WifiClientModeImpl: Received signal strength thresholds: []
2022-02-27 20:42:41.773 17414-17714/? E/WifiVendorHal: stopRssiMonitoring(l.2111) failed {.code = ERROR_NOT_AVAILABLE, .description = }
2022-02-27 20:42:41.774 17121-17194/? E/NetlinkEvent: NetlinkEvent::FindParam(): Parameter 'INTERFACE' not found
2022-02-27 20:42:41.774 17121-17194/? E/NetlinkEvent: NetlinkEvent::FindParam(): Parameter 'STATE' not found
2022-02-27 20:42:41.774 17121-17194/? E/NetlinkEvent: NetlinkEvent::FindParam(): Parameter 'TIME_NS' not found
2022-02-27 20:42:41.774 17121-17194/? E/NetlinkEvent: NetlinkEvent::FindParam(): Parameter 'UID' not found
2022-02-27 20:42:41.780 17414-17761/? D/ConnectivityService: Switching to new default network: NetworkAgentInfo{ ni{[type: WIFI[], state: CONNECTED/CONNECTED, reason: (unspecified), extra: , failover: false, available: true, roaming: false]}  network{114}  nethandle{493031968781}  lp{{InterfaceName: wlan0 LinkAddresses: [ 192.168.1.5/24 ] DnsAddresses: [ /8.8.4.4,/203.162.4.191,/8.8.8.8 ] Domains: Home MTU: 0 ServerAddress: /192.168.1.1 TcpBufferSizes: 524288,1048576,4525824,524288,1048576,4525824 Routes: [ fe80::/64 -> :: wlan0 mtu 0,192.168.1.0/24 -> 0.0.0.0 wlan0 mtu 0,0.0.0.0/0 -> 192.168.1.1 wlan0 mtu 0 ]}}  nc{[ Transports: WIFI Capabilities: NOT_METERED&INTERNET&NOT_RESTRICTED&TRUSTED&NOT_VPN&NOT_ROAMING&FOREGROUND&NOT_CONGESTED&NOT_SUSPENDED LinkUpBandwidth>=49000Kbps LinkDnBandwidth>=49000Kbps SignalStrength: -41 OwnerUid: 1000 SSID: "L3-29.02" RequestorUid: -1 RequestorPackageName: null]}  Score{79}  everValidated{false}  lastValidated{false}  created{true} lingering{false} explicitlySelected{true} acceptUnvalidated{false} everCaptivePortalDetected{false} lastCaptivePortalDetected{false} partialConnectivity{false} acceptPartialConnectivity{false} clat{mBaseIface: null, mIface: null, mState: IDLE} }
2022-02-27 20:42:41.781 17414-17737/? D/OplusSlaManager: notifyDefaultNetwork -> 0, result=true
2022-02-27 20:42:41.800 17951-18572/? D/WifiStatusTracker: handleBroadcast: shouldUpdateLabel: true
2022-02-27 20:42:41.811 17414-18059/? D/NetworkTimeUpdateService: New default network 114; checking time.
2022-02-27 20:42:41.811 17414-18059/? D/OplusNewNetworkTimeUpdateServiceFeature: isNeedSkipPollNetworkTime
2022-02-27 20:42:41.813 17414-17502/? W/KernelWakelockReader: readKernelWakelockStats old read cost 10
2022-02-27 20:42:41.815 18080-18260/? D/UpstreamNetworkMonitor: New default Internet network: 114
2022-02-27 20:42:41.816 18121-21750/? D/QCNEJ/DefaultNetworkInfoRelay: Default network available: 114
2022-02-27 20:42:41.818 17414-17745/? D/OplusWifiNetworkFactory2: releaseNetworkFor mGenericConnectionReqCount = 0
2022-02-27 20:42:41.819 17414-17780/? D/StatusReceiver: LocalNetworkCallback.onAvailable114
2022-02-27 20:42:41.819 17414-17780/? D/LMServiceThreadHandler: onWifiStatusChange:onAvailable
2022-02-27 20:42:41.819 17414-17647/? D/LMServiceThreadHandler: wifi CONNECTED.
2022-02-27 20:42:41.819 17414-18059/? V/AlarmManager: set(PendingIntent{d20a04f: PendingIntentRecord{3d683dc android broadcastIntent}}) : type=3 when=238282156whenElapsed238282156maxWhen =303082156 win=64800000 interval=0 flags=0x8 pkg = android
2022-02-27 20:42:41.819 17414-17647/? D/LMServiceThreadHandler: SCREEN_ON wifi power save remainTimeout: -31044845
2022-02-27 20:42:41.822 32644-569/? W/network_AndroidNetworkMonitor: wifi onAvailable 114
2022-02-27 20:42:41.824 18121-21750/? D/QCNEJ/NativeHalConnector: -> SND notifyDefaultNetworkChanged(1)
2022-02-27 20:42:41.827 32665-557/? W/network_AndroidNetworkMonitor: wifi onAvailable 114
2022-02-27 20:42:41.827 17414-17761/? D/ConnectivityService: Sending CONNECTED broadcast for type 1 [114 WIFI] isDefaultNetwork=true
2022-02-27 20:42:41.827 31316-31339/? E/WeatherS_OppoUtils: startAutoGetLocalCity bg location permission:false
2022-02-27 20:42:41.827 31316-31339/? D/WeatherS_PoolManager:  thread: Thread[pool-1-thread-8,5,main]
2022-02-27 20:42:41.829 31316-31339/? E/WeatherS_OppoUtils: startAutoGetLocalCity has no locate city
2022-02-27 20:42:41.830 18121-21750/? D/QCNEJ/WlanStaInfoRelay: network available: 114
2022-02-27 20:42:41.834 18121-21750/? D/QCNEJ/NativeHalConnector: -> SND notifyWifiAvailable(v4Connected = truev6Connected = , false, isAndroidValidated = false)
2022-02-27 20:42:41.837 7649-7649/? V/ironSourceSDK: INTERNAL: Network Availability Changed To: true
2022-02-27 20:42:41.838 18121-21750/? D/QCNEJ/NativeHalConnector: -> SND notifyWifiAvailable(v4Connected = truev6Connected = , false, isAndroidValidated = false)
2022-02-27 20:42:41.840 17414-17761/? D/OppoGatewayConflictResolver: Restore gw conflict resolver to netid:114
2022-02-27 20:42:41.840 17414-17761/? D/OppoConnectivityService: Send OppoArpConstants.CMD_LINK_PROPERTIES_CHANGED
2022-02-27 20:42:41.840 17414-17761/? D/OppoConnectivityService: wlan0 will use the old GatewayConflict StateMachine or not a proper interface
2022-02-27 20:42:41.843 17414-20930/? D/OppoGatewayConflictResolver: GatewayConflictDetectingState handeMessage : 202, CMD_LINK_PROPERTIES_CHANGED
2022-02-27 20:42:41.843 17414-20930/? D/OppoGatewayConflictResolver: GatewayConflictDetectingState handeMessage : 202, CMD_LINK_PROPERTIES_CHANGED
2022-02-27 20:42:41.845 17414-18043/? D/OplusNlpProxy: receive broadcast intent, action: android.net.conn.CONNECTIVITY_CHANGE
2022-02-27 20:42:41.846 17414-17780/? W/OplusNetworkStackService: setOplusNetworkStackConfig:0,0,0,0,0,0,0,0,0,0
2022-02-27 20:42:41.846 17414-17414/? D/OppoBaseAlarmManagerService: mAlarmUpdateCallbacks.netStateChanged, stateChanged:true
2022-02-27 20:42:41.847 17414-17414/? D/OplusSlaManager: Received broadcast:android.net.conn.CONNECTIVITY_CHANGE
2022-02-27 20:42:41.846 17874-17936/? D/OppoCertificateVerifier: MSG_TRIGGER_REMOTE_VERIFICATION param.resetTryCount: true
2022-02-27 20:42:41.848 17414-17414/? W/OplusDataLimitService: onReceive CONNECTIVITY_ACTION! flushAllLimitRules.mConnChangeCount = 28
2022-02-27 20:42:41.848 17874-17937/? D/OppoCertificateVerifier: getServerTimeStamp mBootTime ->-1
2022-02-27 20:42:41.848 17874-17937/? D/OppoCertificateVerifier: getServerTimeStampFromServer call is null
2022-02-27 20:42:41.848 17874-17937/? D/OppoCertificateVerifier: getServerTimeStamp serverTime ->0
2022-02-27 20:42:41.849 17414-17414/? D/OppoTrafficMonitor: onReceive android.net.conn.CONNECTIVITY_CHANGE
2022-02-27 20:42:41.849 17414-17414/? D/OppoTrafficMonitor: isWifiConnected=true
2022-02-27 20:42:41.849 17414-17414/? D/OppoTrafficMonitor: isMobileConnected=false
2022-02-27 20:42:41.849 17414-17414/? D/OppoTrafficMonitor: getTotalTrafficRxTxBytes [4149574503,114027761]
2022-02-27 20:42:41.849 17414-17414/? D/OppoTrafficMonitor: getTotalMobileTrafficRxTxBytes [0,0]
2022-02-27 20:42:41.849 17414-17414/? D/OppoTrafficMonitor: mCurrentNetwork=1
2022-02-27 20:42:41.849 17414-17414/? D/OppoPowerMonitor: Receive broadcast android.net.conn.CONNECTIVITY_CHANGE
2022-02-27 20:42:41.849 17414-17480/? D/OppoTrafficMonitor: updateTrafficStats  netType=1 mMonitoring=true
2022-02-27 20:42:41.850 17414-17414/? D/NetworkDiagnostics: mCurrentNetWorkType=1 mLastNetWorkType=-1 mScreenOff=true
2022-02-27 20:42:41.850 17414-17414/? D/NetworkDiagnostics: notifyNetWorkConnected
2022-02-27 20:42:41.851 17414-17414/? D/OppoBaseAlarmManagerService: netStateChangedLocked, onDeliverPendingNonWakeupAlarms:false
2022-02-27 20:42:41.853 18273-18687/? I/ModemAciService: ND changed:0
2022-02-27 20:42:41.855 30353-30428/? D/BaseJobBuilder: set process for client: com.haokan.pictorial
2022-02-27 20:42:41.857 17414-8134/? I/DpmTcmClient: RegisterTcmMonitor from: $Proxy1
2022-02-27 20:42:41.858 19666-21212/? E/OplusFeatureCache: invalid oplus feature oplus.software.carrier.ust_unify_device
2022-02-27 20:42:41.858 19666-21212/? E/OplusFeatureCache: invalid oplus feature  oplus.software.carrier.ust_usku_device
2022-02-27 20:42:41.862 18609-18609/? D/CustomLogManagerService: onReceive android.net.conn.CONNECTIVITY_CHANGE
2022-02-27 20:42:41.863 26384-26465/? I/DeviceStatusMonitor: DeviceStatusMonitor.handleBroadcast():123 onReceive() : Action = android.net.conn.CONNECTIVITY_CHANGE
2022-02-27 20:42:41.864 21790-21790/? D/CustomScanStrategy: dont startWatchWIFITraffic
2022-02-27 20:42:41.866 17414-20930/? D/OplusIpConflictDetector: IP address conflict detected:ARP Reply ARP sender MAC: a0:**:**:**:8d:a8 host MAC: 7e:**:**:**:82:13 ARP sender IP: 192.168.1.*** ARP target IP: 192.168.1.*** host target IP: 192.168.1.***
2022-02-27 20:42:41.866 17414-20930/? D/OplusIpConflictDetector: sendGatewayMacAddress ifaceName=wlan0 gatewayMac=a0:**:**:**:8d:a8 gatewayIp=192.168.1.***
2022-02-27 20:42:41.871 17414-18178/? V/AlarmManager: set(null) : type=3 when=151892157whenElapsed151892157maxWhen =151892157 win=0 interval=0 flags=0x0 pkg = android
2022-02-27 20:42:41.873 30568-30568/? I/SetupWizard: [axp] Checking Android ID
2022-02-27 20:42:41.874 30568-30568/? I/SetupWizard: [axp] Last checkin fingerprint=realme/RMX3491T2/RED8C1L1:11/RKQ1.211019.001/1641490025076:user/release-keys
2022-02-27 20:42:41.874 30568-30568/? I/SetupWizard: [axp] User unlocked, initiate a checkin task java.util.concurrent.CompletableFuture@d48ba02[Not completed, 1 dependents]
2022-02-27 20:42:41.875 30568-30568/? I/SetupWizard: [axp] Skip it. Due to checkin already done
2022-02-27 20:42:41.875 3933-3933/? I/Finsky: [2] kff.T(7): Installer: found apps to install. isMultiUserMode=false, apps=[]
2022-02-27 20:42:41.875 30568-30568/? I/SetupWizard: [axp] Checkin complete
2022-02-27 20:42:41.878 31646-22735/? W/OplusExSystemServiceHelper: checkOplusExSystemService intent getComponent is null
2022-02-27 20:42:41.879 17414-20930/? D/OplusIpConflictDetector: Send CMD_EVENT_CONFLICT
2022-02-27 20:42:41.879 26384-26465/? I/DeviceStatusMonitor: DeviceStatusMonitor.notifyIfNetworkChanged():180 notifyIfNetworkChanged: newState = NON_METERED, airplaneModeOn = false, notifyAnyway = false
2022-02-27 20:42:41.879 17414-20930/? D/OppoGatewayConflictResolver: GatewayConflictDetectingState handeMessage : 204, CMD_EVENT_CONFLICT
2022-02-27 20:42:41.881 26384-26384/? I/NetworkInfoNotification: NetworkInfoNotification$Listener.onReceive():93 onNetworkAvailable: networkState = NON_METERED, isAirplaneModeOn = false
2022-02-27 20:42:41.883 19125-21704/? I/NearbyDiscovery: FastPairHandler: Received action android.net.conn.CONNECTIVITY_CHANGE [CONTEXT service_id=49 ]
2022-02-27 20:42:41.883 21790-22343/? I/BtGatt.ScanManager: msg.what = 6
2022-02-27 20:42:41.887 26384-8152/? I/NetworkInfoNotification: NetworkInfoNotification$Listener.onReceive():93 onNetworkAvailable: networkState = NON_METERED, isAirplaneModeOn = false
2022-02-27 20:42:41.888 17414-20302/? V/AlarmManager: set(PendingIntent{d82a03e: PendingIntentRecord{631e83f com.heytap.mcs startService}}) : type=2 when=1645969646885whenElapsed1645969646885maxWhen =1645969656885 win=10000 interval=0 flags=0x8 pkg = com.heytap.mcs
2022-02-27 20:42:41.888 26384-8153/? I/NetworkInfoNotification: NetworkInfoNotification$Listener.onReceive():93 onNetworkAvailable: networkState = NON_METERED, isAirplaneModeOn = false
2022-02-27 20:42:41.895 7649-7743/? V/ironSourceSDK: API: IronSourceObject setIronSourceUserId - userId = e8e241e5-fa67-4343-8889-45e6342e7653, isFromPublisher = false
2022-02-27 20:42:41.902 17414-17480/? D/OppoTrafficMonitor: getEntireNetWorkConnedAveCurrent: 1.0 / 2089477
2022-02-27 20:42:41.903 17414-17480/? D/OppoTrafficMonitor: getEntireNetWorkDisconnedAveCurrent: 0.0 / 356246
2022-02-27 20:42:41.903 32644-8157/? W/UserAppManager: has init
2022-02-27 20:42:41.903 32644-8157/? W/UserAppManager:  user apps: 60
2022-02-27 20:42:41.904 31646-29565/? W/OplusExSystemServiceHelper: checkOplusExSystemService intent getComponent is null
2022-02-27 20:42:41.906 31646-13123/? I/PinnedContentDownloader: Finished downloading pinned content.
2022-02-27 20:42:41.908 19125-5529/? W/NetworkScheduler: Error inserting flex_time=3337000 job_id=-1 period=6675000 source=16 requires_charging=0 preferred_network_type=1 target_class=com.google.android.gms.measurement.PackageMeasurementTaskService user_id=0 target_package=com.google.android.gms tag=Measurement.PackageMeasurementTaskService.UPLOAD_TASK_TAG task_type=0 required_idleness_state=0 service_kind=0 source_version=220257000 persistence_level=1 preferred_charging_state=1 required_network_type=0 runtime=1645969361904 retry_strategy={"maximum_backoff_seconds":{"3600":0},"initial_backoff_seconds":{"30":0},"retry_policy":{"0":0}} last_runtime=0, error message: UNIQUE constraint failed: pending_ops.tag, pending_ops.target_class, pending_ops.target_package, pending_ops.user_id (code 2067 SQLITE_CONSTRAINT_UNIQUE) [CONTEXT service_id=218 ]
2022-02-27 20:42:41.911 32644-8160/? W/SyncManager: sync start
2022-02-27 20:42:41.912 32644-8160/? W/SyncManager: allow: true
2022-02-27 20:42:41.915 21790-22343/? I/BtGatt.ScanManager: msg.what = 6
2022-02-27 20:42:41.920 7649-7743/? I/ironSourceSDK: INTERNAL: ServerURL getCPVProvidersURL - parameters for url: platform=android&applicationKey=f990ca51&applicationUserId=e8e241e5-fa67-4343-8889-45e6342e7653&sdkVersion=7.1.6&advId=e8e241e5-fa67-4343-8889-45e6342e7653&appVer=9.8&osVer=30&devMake=realme&devModel=RMX3491&fs=0&connType=wifi&browserUserAgent=Mozilla%2F5.0+%28Linux%3B+Android+11%3B+RMX3491+Build%2FRKQ1.211019.001%3B+wv%29+AppleWebKit%2F537.36+%28KHTML%2C+like+Gecko%29+Version%2F4.0+Chrome%2F98.0.4758.101+Mobile+Safari%2F537.36&deviceLang=vi-VN&bundleId=com.music.festival.battle&mcc=0&mnc=0&icc=vn&tz=Asia%2FHo_Chi_Minh&tzOff=-420&auid=ff25df94-1035-49a5-927c-d353f9b519f0
2022-02-27 20:42:41.921 7649-7743/? I/DpmTcmClient: RegisterTcmMonitor from: $Proxy1
2022-02-27 20:42:41.924 32644-8160/? W/SyncManager: sync baseUserApps: 60 request syncId: 81
2022-02-27 20:42:41.924 32644-8160/? W/SyncManager: sync deleteApps: 0 request syncId: 81
2022-02-27 20:42:41.934 17414-20930/? D/OppoGatewayConflictResolver: GatewayConflictDetectingState handeMessage : 203, CMD_ARP_PROBE
2022-02-27 20:42:41.934 17414-20930/? D/OppoGatewayConflictResolver: update mHwAddr for wlan0 before send Arp probe
2022-02-27 20:42:41.950 17414-20930/? D/OppoGatewayConflictResolver: Local Source ads:192.168.1.***
2022-02-27 20:42:41.950 17414-20930/? D/OppoGatewayConflictResolver: send arp probe normal
2022-02-27 20:42:41.969 17414-17829/? D/OplusCustomizeNetworkManagerService-hcwu: refreshDnsResult: not started restriction
2022-02-27 20:42:41.973 19125-32730/? I/NetworkManagementSocketTagger: tagSocketFd(-1, 536871943, -1) failed with errno-9
2022-02-27 20:42:41.973 18080-8136/? D/NetworkMonitor/114: PROBE_DNS connectivitycheck.gstatic.com 117ms OK 142.250.66.67
2022-02-27 20:42:41.976 18080-8136/? I/DpmTcmClient: RegisterTcmMonitor from: $Proxy1
2022-02-27 20:42:41.978 18080-8135/? D/NetworkMonitor/114: PROBE_DNS www.google.com 122ms OK 142.250.66.36
2022-02-27 20:42:41.992 28766-28779/? W/om.heytap.clou: Reducing the number of considered missed Gc histogram windows from 302 to 100
2022-02-27 20:42:42.013 17414-20930/? D/OplusIpConflictDetector: IP address conflict detected:ARP Reply ARP sender MAC: a0:**:**:**:8d:a8 host MAC: 7e:**:**:**:82:13 ARP sender IP: 192.168.1.*** ARP target IP: 192.168.1.*** host target IP: 192.168.1.***
2022-02-27 20:42:42.014 19666-19692/? W/com.heytap.mcs: Reducing the number of considered missed Gc histogram windows from 174 to 100
2022-02-27 20:42:42.015 17414-20930/? D/OplusIpConflictDetector: sendGatewayMacAddress ifaceName=wlan0 gatewayMac=a0:**:**:**:8d:a8 gatewayIp=192.168.1.***
2022-02-27 20:42:42.016 17414-20930/? D/OplusIpConflictDetector: Send CMD_EVENT_CONFLICT
2022-02-27 20:42:42.016 17414-20930/? D/OppoGatewayConflictResolver: GatewayConflictDetectingState handeMessage : 204, CMD_EVENT_CONFLICT
2022-02-27 20:42:42.017 17414-17780/? W/OplusNetworkStackService: owedcard hasSpecialBehaviorInCellular = false ,on Available WIFI.
2022-02-27 20:42:42.017 17414-17780/? W/OplusNetworkStackService: Network onAvailable114
2022-02-27 20:42:42.034 17414-20930/? D/OplusIpConflictDetector: IP address conflict detected:ARP Request ARP sender MAC: 7e:**:**:**:82:13 host MAC: 7e:**:**:**:82:13 ARP sender IP: 192.168.1.*** ARP target IP: 192.168.1.*** host target IP: 192.168.1.***
2022-02-27 20:42:42.034 17414-20930/? D/OplusIpConflictDetector: arp from self , ignore it
2022-02-27 20:42:42.062 17414-20283/? W/OplusNetworkStackService: needQuickCheck mCurForegroundUid=99193, latencyMs=135
2022-02-27 20:42:42.062 17414-8177/? I/DpmTcmClient: RegisterTcmMonitor from: $Proxy1
2022-02-27 20:42:42.115 18080-8136/? D/NetworkMonitor/114: PROBE_HTTP http://connectivitycheck.gstatic.com/generate_204 time=138ms ret=204 request={Connection=[close], User-Agent=[Mozilla/5.0 (X11; Linux x86_64) AppleWebKit/537.36 (KHTML, like Gecko) Chrome/60.0.3112.32 Safari/537.36]} headers={null=[HTTP/1.1 204 No Content], Connection=[close], Content-Length=[0], Date=[Sun, 27 Feb 2022 13:42:42 GMT], X-Android-Received-Millis=[1645969362114], X-Android-Response-Source=[NETWORK 204], X-Android-Selected-Protocol=[http/1.1], X-Android-Sent-Millis=[1645969362054]}
2022-02-27 20:42:42.225 17414-20930/? D/OppoGatewayConflictResolver: GatewayConflictDetectingState handeMessage : 203, CMD_ARP_PROBE
2022-02-27 20:42:42.226 17414-20930/? D/OppoGatewayConflictResolver: update mHwAddr for wlan0 before send Arp probe
2022-02-27 20:42:42.261 912-912/? D/ORMS_HAL: OrmsHalService write file /proc/sys/kernel/input_boost_enabled - 1.
2022-02-27 20:42:42.263 17414-20930/? D/OppoGatewayConflictResolver: Local Source ads:192.168.1.***
2022-02-27 20:42:42.263 17414-20930/? D/OppoGatewayConflictResolver: send arp probe normal
2022-02-27 20:42:42.060 17414-17829/? I/chatty: uid=1000(system) DnsEventHandleT identical 7 lines
2022-02-27 20:42:42.067 17414-17829/? D/OplusCustomizeNetworkManagerService-hcwu: refreshDnsResult: not started restriction
2022-02-27 20:42:42.264 7649-7649/? D/ViewRootImpl: enqueueInputEventMotionEvent { action=ACTION_DOWN, actionButton=0, id[0]=0, x[0]=462.0, y[0]=880.0, toolType[0]=TOOL_TYPE_FINGER, buttonState=0, classification=NONE, metaState=0, flags=0x0, edgeFlags=0x0, pointerCount=1, historySize=0, eventTime=67469234, downTime=67469234, deviceId=3, source=0x1002, displayId=0 }
2022-02-27 20:42:42.264 7649-7649/? D/ViewRootImpl[GameStateActivity]: processMotionEvent MotionEvent { action=ACTION_DOWN, actionButton=0, id[0]=0, x[0]=462.0, y[0]=880.0, toolType[0]=TOOL_TYPE_FINGER, buttonState=0, classification=NONE, metaState=0, flags=0x0, edgeFlags=0x0, pointerCount=1, historySize=0, eventTime=67469234, downTime=67469234, deviceId=3, source=0x1002, displayId=0 }
2022-02-27 20:42:42.266 7649-7649/? D/ViewRootImpl[GameStateActivity]: dispatchPointerEvent handled=true, event=MotionEvent { action=ACTION_DOWN, actionButton=0, id[0]=0, x[0]=462.0, y[0]=880.0, toolType[0]=TOOL_TYPE_FINGER, buttonState=0, classification=NONE, metaState=0, flags=0x0, edgeFlags=0x0, pointerCount=1, historySize=0, eventTime=67469234, downTime=67469234, deviceId=3, source=0x1002, displayId=0 }
2022-02-27 20:42:42.271 1029-1117/? E/ANDR-PERF-OPTSHANDLER: Perflock resource /sys/class/devfreq/soc:qcom,cpu0-cpu-llcc-lat/mem_latency/ratio_ceil not supported
2022-02-27 20:42:42.271 1029-1117/? E/ANDR-PERF-RESOURCEQS: Failed to apply optimization [13, 8]
2022-02-27 20:42:42.271 1029-1117/? E/ANDR-PERF-OPTSHANDLER: Perflock resource /sys/class/devfreq/soc:qcom,cpu4-cpu-llcc-lat/mem_latency/ratio_ceil not supported
2022-02-27 20:42:42.271 1029-1117/? E/ANDR-PERF-RESOURCEQS: Failed to apply optimization [13, 9]
2022-02-27 20:42:42.285 17414-17822/? W/OplusNetworkStackService: notifyScoreChange! type = 3,score=89
2022-02-27 20:42:42.285 17414-17822/? E/OplusNetworkStackManager: callback len = 2
2022-02-27 20:42:42.285 17414-17822/? D/WN_S: onNetworkQualityChange score= 89 , better= true
2022-02-27 20:42:42.286 18320-18926/? E/OplusNetworkStackManager: callback len = 1
2022-02-27 20:42:42.287 17414-17414/? W/OplusNetworkStackService: MSG_SHOW_TOAST:TotalScore=89,-DnsScore=135,TcpScore=90
2022-02-27 20:42:42.288 817-817/? W/adbd: timeout expired while flushing socket, closing
2022-02-27 20:42:42.290 17414-20930/? D/OplusIpConflictDetector: IP address conflict detected:ARP Reply ARP sender MAC: a0:**:**:**:8d:a8 host MAC: 7e:**:**:**:82:13 ARP sender IP: 192.168.1.*** ARP target IP: 192.168.1.*** host target IP: 192.168.1.***
2022-02-27 20:42:42.291 17414-20930/? D/OplusIpConflictDetector: sendGatewayMacAddress ifaceName=wlan0 gatewayMac=a0:**:**:**:8d:a8 gatewayIp=192.168.1.***
2022-02-27 20:42:42.294 17414-20930/? D/OplusIpConflictDetector: Send CMD_EVENT_CONFLICT
2022-02-27 20:42:42.295 17414-20930/? D/OppoGatewayConflictResolver: GatewayConflictDetectingState handeMessage : 204, CMD_EVENT_CONFLICT
2022-02-27 20:42:42.313 17414-18770/? V/AlarmManager: set(PendingIntent{cb92f87: PendingIntentRecord{2f655d4 com.google.android.gms/com.google.android.gms.gcm broadcastIntent}}) : type=2 when=153612650whenElapsed153612650maxWhen =153612650 win=0 interval=0 flags=0x8 pkg = com.google.android.gms
2022-02-27 20:42:42.316 7649-7649/? D/ViewRootImpl[GameStateActivity]: processMotionEvent MotionEvent { action=ACTION_UP, actionButton=0, id[0]=0, x[0]=462.0, y[0]=880.0, toolType[0]=TOOL_TYPE_FINGER, buttonState=0, classification=NONE, metaState=0, flags=0x0, edgeFlags=0x0, pointerCount=1, historySize=0, eventTime=67469293, downTime=67469234, deviceId=3, source=0x1002, displayId=0 }
2022-02-27 20:42:42.316 7649-7649/? D/ViewRootImpl[GameStateActivity]: dispatchPointerEvent handled=true, event=MotionEvent { action=ACTION_UP, actionButton=0, id[0]=0, x[0]=462.0, y[0]=880.0, toolType[0]=TOOL_TYPE_FINGER, buttonState=0, classification=NONE, metaState=0, flags=0x0, edgeFlags=0x0, pointerCount=1, historySize=0, eventTime=67469293, downTime=67469234, deviceId=3, source=0x1002, displayId=0 }
2022-02-27 20:42:42.340 17414-20930/? D/OplusIpConflictDetector: IP address conflict detected:ARP Request ARP sender MAC: 7e:**:**:**:82:13 host MAC: 7e:**:**:**:82:13 ARP sender IP: 192.168.1.*** ARP target IP: 192.168.1.*** host target IP: 192.168.1.***
2022-02-27 20:42:42.340 17414-20930/? D/OplusIpConflictDetector: arp from self , ignore it
2022-02-27 20:42:42.402 17414-17543/? W/ContextImpl: Calling a method in the system process without a qualified user: android.app.ContextImpl.startService:1705 com.oplus.util.OplusStatisticsImpl.startService:216 com.oplus.util.OplusStatisticsImpl.sendDataToDCS:192 com.oplus.util.OplusStatisticsImpl.onCommonSync:84 com.oplus.util.OplusStatisticsImpl$1.run:124 
2022-02-27 20:42:42.403 18080-8135/? D/NetworkMonitor/114: PROBE_HTTPS https://www.google.com/generate_204 time=422ms ret=204 request={Connection=[close], User-Agent=[Mozilla/5.0 (X11; Linux x86_64) AppleWebKit/537.36 (KHTML, like Gecko) Chrome/60.0.3112.32 Safari/537.36]} headers={null=[HTTP/1.1 204 No Content], Alt-Svc=[h3=":443"; ma=2592000,h3-29=":443"; ma=2592000,h3-Q050=":443"; ma=2592000,h3-Q046=":443"; ma=2592000,h3-Q043=":443"; ma=2592000,quic=":443"; ma=2592000; v="46,43"], Connection=[close], Content-Length=[0], Date=[Sun, 27 Feb 2022 13:42:42 GMT], X-Android-Received-Millis=[1645969362400], X-Android-Response-Source=[NETWORK 204], X-Android-Selected-Protocol=[http/1.1], X-Android-Sent-Millis=[1645969362123]}
2022-02-27 20:42:42.405 18080-8133/? D/NetworkMonitor/114: isCaptivePortal: isSuccessful()=true isPortal()=false RedirectUrl=null isPartialConnectivity()=false Time=554ms
2022-02-27 20:42:42.408 18364-18455/? W/[0]DCS-MobileHelper: getContryCode slotid=0,type=1,code=null,result=
2022-02-27 20:42:42.408 17414-17761/? D/ConnectivityService: EVENT_PROVISIONING_NOTIFICATION netId = 114 visible = false
2022-02-27 20:42:42.408 18364-18455/? W/[0]DCS-MobileHelper: getContryCode slotid=1,type=1,code=null,result=
2022-02-27 20:42:42.410 17414-18770/? D/ConnectivityService: notifyNetworkTestedWithExtras result : 1
2022-02-27 20:42:42.410 17414-17761/? D/OppoAutoConCaptivePortalControl/114: triggerCaptiveResultBack testResult = 1
2022-02-27 20:42:42.411 17414-17761/? D/OppoAutoConCaptivePortalControl/114: captive_portal map : {key_redirect_url=N/A, key_ssid="L10ccf1837d, key_is_exp=true, key_validate_result=VALID, key_probe_result=1, key_bssid=a0:**:**:**:8d:a9, key_network_type=PRIMARY_WIFI, key_old_probe_result=-1}
2022-02-27 20:42:42.411 17414-17761/? D/ConnectivityService: [114 WIFI] validation passed
2022-02-27 20:42:42.411 17414-17761/? D/ConnectivityService: wifi valid
2022-02-27 20:42:42.412 17414-17543/? W/ContextImpl: Calling a method in the system process without a qualified user: android.app.ContextImpl.startService:1705 com.oplus.util.OplusStatisticsImpl.startService:216 com.oplus.util.OplusStatisticsImpl.sendDataToDCS:192 com.oplus.util.OplusStatisticsImpl.onCommonSync:84 com.oplus.util.OplusStatisticsImpl$1.run:124 
2022-02-27 20:42:42.412 17414-17761/? D/OplusWifiTransactionHelper: setNetworkCaptiveState:  pid=17414, uid=1000
2022-02-27 20:42:42.416 18364-18455/? W/[0]DCS-MobileHelper: getContryCode slotid=0,type=1,code=null,result=
2022-02-27 20:42:42.417 18364-18455/? W/[0]DCS-MobileHelper: getContryCode slotid=1,type=1,code=null,result=
2022-02-27 20:42:42.428 17414-17761/? W/WifiConfigStore: No data stored for writing to file: /data/misc/apexdata/com.android.wifi/WifiConfigStoreSoftAp.xml
2022-02-27 20:42:42.431 17414-17761/? W/WifiConfigStore: No data stored for writing to file: /data/misc_ce/0/apexdata/com.android.wifi/WifiConfigStoreNetworkSuggestions.xml
2022-02-27 20:42:42.432 17414-17761/? D/WifiConfigStore: Writing to stores completed in 10 ms.
2022-02-27 20:42:42.444 18121-21750/? D/QCNEJ/WlanStaInfoRelay: AndroidValidate from false to true
2022-02-27 20:42:42.448 18121-21750/? D/QCNEJ/WlanStaInfoRelay: retrieveCountryCode:Location obtained from Telephony: vn
2022-02-27 20:42:42.464 17414-17761/? D/OppoConnectivityService: wifi valid
2022-02-27 20:42:42.474 17414-20930/? D/OppoGatewayConflictResolver: GatewayConflictDetectingState handeMessage : 203, CMD_ARP_PROBE
2022-02-27 20:42:42.474 17414-20930/? D/OppoGatewayConflictResolver: update mHwAddr for wlan0 before send Arp probe
2022-02-27 20:42:42.477 17414-17457/? I/GnssNetworkConnectivityHandler: updateNetworkState, state=CLOSED, connected=true, network=114, capabilities=[ Transports: WIFI Capabilities: NOT_METERED&INTERNET&NOT_RESTRICTED&TRUSTED&NOT_VPN&VALIDATED&NOT_ROAMING&FOREGROUND&NOT_CONGESTED&NOT_SUSPENDED LinkUpBandwidth>=49000Kbps LinkDnBandwidth>=49000Kbps SignalStrength: -41 OwnerUid: 1000 AdministratorUids: [] SSID: "L3-29.02" RequestorUid: -1 RequestorPackageName: null], apn: , availableNetworkCount: 1
2022-02-27 20:42:42.481 1596-1636/? W/LocSvc_xtra2: updateXtraServers:400] XTRA server: https://path1.xtracloud.net/xtra3grcej.bin https://path2.xtracloud.net/xtra3grcej.bin https://path3.xtracloud.net/xtra3grcej.bin
2022-02-27 20:42:42.481 17414-20283/? D/WifiMemoryStoreImpl: Set cluster G72b90087dc4cb15 for W49e5210a62bd0e93: SUCCESS
2022-02-27 20:42:42.484 17414-17714/? V/AlarmManager: set(null) : type=2 when=151892821whenElapsed151892821maxWhen =151900321 win=7500 interval=0 flags=0x8 pkg = android
2022-02-27 20:42:42.487 17414-17714/? I/WifiClientModeImpl: Default Gateway MAC address of a0:65:18:a4:8d:a9 from routes is : a0:65:18:a4:8d:a8
2022-02-27 20:42:42.492 17414-20930/? D/OppoGatewayConflictResolver: Local Source ads:192.168.1.***
2022-02-27 20:42:42.492 17414-20930/? D/OppoGatewayConflictResolver: send arp probe normal
2022-02-27 20:42:42.496 17414-17714/? W/WifiConfigStore: No data stored for writing to file: /data/misc/apexdata/com.android.wifi/WifiConfigStoreSoftAp.xml
2022-02-27 20:42:42.499 17414-17714/? W/WifiConfigStore: No data stored for writing to file: /data/misc_ce/0/apexdata/com.android.wifi/WifiConfigStoreNetworkSuggestions.xml
2022-02-27 20:42:42.499 17414-17714/? D/WifiConfigStore: Writing to stores completed in 6 ms.
2022-02-27 20:42:42.504 17414-17714/? D/WifiClientModeImpl: sws score= 79,mNetworkAgent =com.android.server.wifi.ClientModeImpl$WifiNetworkAgent@b2c7895
2022-02-27 20:42:42.504 17414-17714/? D/WN_S: sendconnectstate
2022-02-27 20:42:42.505 17414-17714/? E/WifiClientModeImpl: Error! unhandled message{ when=0 what=131493 target=com.android.wifi.x.com.android.internal.util.StateMachine$SmHandler }
2022-02-27 20:42:42.508 17414-17761/? D/ConnectivityService: NetReassign [no changes]
2022-02-27 20:42:42.522 7649-7649/? D/ViewRootImpl: enqueueInputEventMotionEvent { action=ACTION_DOWN, actionButton=0, id[0]=0, x[0]=386.0, y[0]=442.0, toolType[0]=TOOL_TYPE_FINGER, buttonState=0, classification=NONE, metaState=0, flags=0x0, edgeFlags=0x0, pointerCount=1, historySize=0, eventTime=67469499, downTime=67469499, deviceId=3, source=0x1002, displayId=0 }
2022-02-27 20:42:42.522 7649-7649/? D/ViewRootImpl[GameStateActivity]: processMotionEvent MotionEvent { action=ACTION_DOWN, actionButton=0, id[0]=0, x[0]=386.0, y[0]=442.0, toolType[0]=TOOL_TYPE_FINGER, buttonState=0, classification=NONE, metaState=0, flags=0x0, edgeFlags=0x0, pointerCount=1, historySize=0, eventTime=67469499, downTime=67469499, deviceId=3, source=0x1002, displayId=0 }
2022-02-27 20:42:42.522 912-912/? D/ORMS_HAL: OrmsHalService write file /proc/sys/kernel/input_boost_enabled - 1.
2022-02-27 20:42:42.523 7649-7649/? D/ViewRootImpl[GameStateActivity]: dispatchPointerEvent handled=true, event=MotionEvent { action=ACTION_DOWN, actionButton=0, id[0]=0, x[0]=386.0, y[0]=442.0, toolType[0]=TOOL_TYPE_FINGER, buttonState=0, classification=NONE, metaState=0, flags=0x0, edgeFlags=0x0, pointerCount=1, historySize=0, eventTime=67469499, downTime=67469499, deviceId=3, source=0x1002, displayId=0 }
2022-02-27 20:42:42.527 1029-1117/? E/ANDR-PERF-OPTSHANDLER: Perflock resource /sys/class/devfreq/soc:qcom,cpu0-cpu-llcc-lat/mem_latency/ratio_ceil not supported
2022-02-27 20:42:42.527 1029-1117/? E/ANDR-PERF-RESOURCEQS: Failed to apply optimization [13, 8]
2022-02-27 20:42:42.527 1029-1117/? E/ANDR-PERF-OPTSHANDLER: Perflock resource /sys/class/devfreq/soc:qcom,cpu4-cpu-llcc-lat/mem_latency/ratio_ceil not supported
2022-02-27 20:42:42.527 1029-1117/? E/ANDR-PERF-RESOURCEQS: Failed to apply optimization [13, 9]
2022-02-27 20:42:42.552 17414-20930/? D/OplusIpConflictDetector: IP address conflict detected:ARP Reply ARP sender MAC: a0:**:**:**:8d:a8 host MAC: 7e:**:**:**:82:13 ARP sender IP: 192.168.1.*** ARP target IP: 192.168.1.*** host target IP: 192.168.1.***
2022-02-27 20:42:42.553 17414-20930/? D/OplusIpConflictDetector: sendGatewayMacAddress ifaceName=wlan0 gatewayMac=a0:**:**:**:8d:a8 gatewayIp=192.168.1.***
2022-02-27 20:42:42.554 17414-20930/? D/OplusIpConflictDetector: Send CMD_EVENT_CONFLICT
2022-02-27 20:42:42.555 17414-20930/? D/OppoGatewayConflictResolver: GatewayConflictDetectingState handeMessage : 204, CMD_EVENT_CONFLICT
2022-02-27 20:42:42.577 7649-7649/? D/ViewRootImpl[GameStateActivity]: processMotionEvent MotionEvent { action=ACTION_UP, actionButton=0, id[0]=0, x[0]=386.0, y[0]=442.0, toolType[0]=TOOL_TYPE_FINGER, buttonState=0, classification=NONE, metaState=0, flags=0x0, edgeFlags=0x0, pointerCount=1, historySize=0, eventTime=67469554, downTime=67469499, deviceId=3, source=0x1002, displayId=0 }
2022-02-27 20:42:42.577 7649-7649/? D/ViewRootImpl[GameStateActivity]: dispatchPointerEvent handled=true, event=MotionEvent { action=ACTION_UP, actionButton=0, id[0]=0, x[0]=386.0, y[0]=442.0, toolType[0]=TOOL_TYPE_FINGER, buttonState=0, classification=NONE, metaState=0, flags=0x0, edgeFlags=0x0, pointerCount=1, historySize=0, eventTime=67469554, downTime=67469499, deviceId=3, source=0x1002, displayId=0 }
2022-02-27 20:42:42.585 17414-17829/? D/OplusCustomizeNetworkManagerService-hcwu: refreshDnsResult: not started restriction
2022-02-27 20:42:42.589 17414-18770/? V/AlarmManager: set(PendingIntent{f7d0ce4: PendingIntentRecord{2f655d4 com.google.android.gms/com.google.android.gms.gcm broadcastIntent}}) : type=2 when=153612926whenElapsed153612926maxWhen =153612926 win=0 interval=0 flags=0x8 pkg = com.google.android.gms
2022-02-27 20:42:42.592 19125-5529/? E/WakeLock: GCM_CONN_ALARM release without a matched acquire!
2022-02-27 20:42:42.600 17414-18770/? V/AlarmManager: set(PendingIntent{e84254d: PendingIntentRecord{2f655d4 com.google.android.gms/com.google.android.gms.gcm broadcastIntent}}) : type=2 when=153612937whenElapsed153612937maxWhen =153612937 win=0 interval=0 flags=0x8 pkg = com.google.android.gms
2022-02-27 20:42:42.614 17414-20930/? D/OppoGatewayConflictResolver: GatewayConflictDetectingState handeMessage : 203, CMD_ARP_PROBE
2022-02-27 20:42:42.614 17414-20930/? D/OppoGatewayConflictResolver: update mHwAddr for wlan0 before send Arp probe
2022-02-27 20:42:42.628 17414-20930/? D/OppoGatewayConflictResolver: Local Source ads:192.168.1.***
2022-02-27 20:42:42.628 17414-20930/? D/OppoGatewayConflictResolver: send arp probe normal
2022-02-27 20:42:42.632 17414-20930/? D/OplusIpConflictDetector: IP address conflict detected:ARP Reply ARP sender MAC: a0:**:**:**:8d:a8 host MAC: 7e:**:**:**:82:13 ARP sender IP: 192.168.1.*** ARP target IP: 192.168.1.*** host target IP: 192.168.1.***
2022-02-27 20:42:42.633 17414-20930/? D/OplusIpConflictDetector: sendGatewayMacAddress ifaceName=wlan0 gatewayMac=a0:**:**:**:8d:a8 gatewayIp=192.168.1.***
2022-02-27 20:42:42.634 17414-20930/? D/OplusIpConflictDetector: Send CMD_EVENT_CONFLICT
2022-02-27 20:42:42.635 17414-20930/? D/OppoGatewayConflictResolver: GatewayConflictDetectingState handeMessage : 204, CMD_EVENT_CONFLICT
2022-02-27 20:42:42.647 17414-20930/? D/OplusIpConflictDetector: IP address conflict detected:ARP Request ARP sender MAC: 7e:**:**:**:82:13 host MAC: 7e:**:**:**:82:13 ARP sender IP: 192.168.1.*** ARP target IP: 192.168.1.*** host target IP: 192.168.1.***
2022-02-27 20:42:42.647 17414-20930/? D/OplusIpConflictDetector: arp from self , ignore it
2022-02-27 20:42:42.670 7649-7743/? V/ironSourceSDK: INTERNAL: IronSourceObject connectAndGetServerResponse - encrypt
2022-02-27 20:42:42.685 7649-7743/? V/ironSourceSDK: NATIVE: setLoggerDebugLevel(loggerName:console ,debugLevel:3)
2022-02-27 20:42:42.698 18121-21750/? D/QCNEJ/WlanStaInfoRelay: Received action: android.net.wifi.LINK_CONFIGURATION_CHANGED
2022-02-27 20:42:42.698 17414-17761/? D/ConnectivityService: Setting DNS servers for network 114 to [/8.8.4.4, /203.162.4.191, /8.8.8.8]
2022-02-27 20:42:42.698 18121-21750/? E/QCNEJ/WlanStaInfoRelay: update link properties given null lp
2022-02-27 20:42:42.698 17414-17761/? E/DnsManager: file path: /backup_hosts
2022-02-27 20:42:42.699 17414-17761/? E/DnsManager: file does not exist
2022-02-27 20:42:42.700 17414-17761/? D/DnsManager: sendDnsConfigurationForNetwork(114, [8.8.4.4, 203.162.4.191, 8.8.8.8], [Home], 1800, 25, 8, 64, 0, 0, , [])
2022-02-27 20:42:42.723 7649-8187/? I/DpmTcmClient: RegisterTcmMonitor from: $Proxy1
2022-02-27 20:42:42.728 7649-7743/? D/sdk5Events: logEvent failed eventsTracker doesn't exist
2022-02-27 20:42:42.730 7649-7660/? I/festival.battl: Compiler allocated 4193KB to compile void com.ironsource.mediationsdk.utils.ServerResponseWrapper.parseConfigurations()
2022-02-27 20:42:42.739 7649-7743/? E/Parcel: Reading a NULL string not supported here.
2022-02-27 20:42:42.744 7649-7743/? I/chatty: uid=10336(com.music.festival.battle) IronSourceIniti identical 3 lines
2022-02-27 20:42:42.746 7649-7743/? E/Parcel: Reading a NULL string not supported here.
2022-02-27 20:42:42.748 31646-18959/? W/OplusExSystemServiceHelper: checkOplusExSystemService intent getComponent is null
2022-02-27 20:42:42.751 17414-20930/? D/OppoGatewayConflictResolver: GatewayConflictDetectingState handeMessage : 203, CMD_ARP_PROBE
2022-02-27 20:42:42.751 17414-20930/? D/OppoGatewayConflictResolver: update mHwAddr for wlan0 before send Arp probe
2022-02-27 20:42:42.758 17414-17761/? D/ConnectivityService: updateLinkProperties isCellular=false length=0
2022-02-27 20:42:42.758 17414-17761/? D/ConnectivityService: oppo_sla:update the LinkProperties
2022-02-27 20:42:42.760 17121-17121/? E/Netd: Error adding route ::/0 -> fe80::a265:18ff:fea4:8da8 wlan0 to table 1032: File exists
2022-02-27 20:42:42.760 17414-17761/? D/ConnectivityService: Setting DNS servers for network 114 to [/8.8.4.4, /203.162.4.191, /8.8.8.8]
2022-02-27 20:42:42.760 17414-17761/? E/DnsManager: file path: /backup_hosts
2022-02-27 20:42:42.761 17414-17761/? E/DnsManager: file does not exist
2022-02-27 20:42:42.761 17414-17761/? D/DnsManager: sendDnsConfigurationForNetwork(114, [8.8.4.4, 203.162.4.191, 8.8.8.8], [Home], 1800, 25, 8, 64, 0, 0, , [])
2022-02-27 20:42:42.762 18121-21750/? D/QCNEJ/NativeHalConnector: -> SND notifyWifiAvailable(v4Connected = truev6Connected = , false, isAndroidValidated = true)
2022-02-27 20:42:42.763 21790-22343/? I/BtGatt.ScanManager: msg.what = 6
2022-02-27 20:42:42.764 18080-8099/? D/ApfFilter: (wlan0): Adding RA fe80::a265:18ff:fea4:8da8 -> ff02::1 1800s 2001:ee0:d783:a1a0::/64 1200s/1200s RIO 1200s 2001:ee0:d783:a1a0::/64 
2022-02-27 20:42:42.765 18121-21750/? D/QCNEJ/WlanStaInfoRelay: Received action: android.net.wifi.LINK_CONFIGURATION_CHANGED
2022-02-27 20:42:42.765 18121-21750/? E/QCNEJ/WlanStaInfoRelay: update link properties given null lp
2022-02-27 20:42:42.767 17414-20930/? D/OppoGatewayConflictResolver: Local Source ads:192.168.1.***
2022-02-27 20:42:42.767 17414-20930/? D/OppoGatewayConflictResolver: send arp probe normal
2022-02-27 20:42:42.767 17414-20930/? D/OppoGatewayConflictResolver: GatewayConflictDetectingState handeMessage : 202, CMD_LINK_PROPERTIES_CHANGED
2022-02-27 20:42:42.781 17414-20930/? D/OplusIpConflictDetector: IP address conflict detected:ARP Reply ARP sender MAC: a0:**:**:**:8d:a8 host MAC: 7e:**:**:**:82:13 ARP sender IP: 192.168.1.*** ARP target IP: 192.168.1.*** host target IP: 192.168.1.***
2022-02-27 20:42:42.781 17414-20930/? D/OplusIpConflictDetector: sendGatewayMacAddress ifaceName=wlan0 gatewayMac=a0:**:**:**:8d:a8 gatewayIp=192.168.1.***
2022-02-27 20:42:42.782 17414-17829/? D/OplusCustomizeNetworkManagerService-hcwu: refreshDnsResult: not started restriction
2022-02-27 20:42:42.782 21790-22343/? I/BtGatt.ScanManager: msg.what = 6
2022-02-27 20:42:42.784 17414-20930/? D/OplusIpConflictDetector: Send CMD_EVENT_CONFLICT
2022-02-27 20:42:42.785 17414-20930/? D/OppoGatewayConflictResolver: GatewayConflictDetectingState handeMessage : 204, CMD_EVENT_CONFLICT
2022-02-27 20:42:42.786 7649-7743/? D/AudioManager: getStreamVolume packageName=com.music.festival.battle, index=4, streamType=3
2022-02-27 20:42:42.788 7649-7649/? D/sdk5Events: logEvent failed eventsTracker doesn't exist
2022-02-27 20:42:42.792 31646-22737/? W/OplusExSystemServiceHelper: checkOplusExSystemService intent getComponent is null
2022-02-27 20:42:42.797 21790-22343/? I/BtGatt.ScanManager: msg.what = 6
2022-02-27 20:42:42.797 18121-21750/? D/QCNEJ/WlanStaInfoRelay: Received action: android.net.wifi.LINK_CONFIGURATION_CHANGED
2022-02-27 20:42:42.797 18121-21750/? E/QCNEJ/WlanStaInfoRelay: update link properties given null lp
2022-02-27 20:42:42.815 17414-17761/? D/ConnectivityService: updateLinkProperties isCellular=false length=0
2022-02-27 20:42:42.815 17414-17761/? D/ConnectivityService: oppo_sla:update the LinkProperties
2022-02-27 20:42:42.815 17414-18405/? D/ConnectivityService: requestNetwork for uid/pid:10336/7649 NetworkRequest [ TRACK_DEFAULT id=1036, [ Capabilities: INTERNET&NOT_RESTRICTED&TRUSTED Uid: 10336 AdministratorUids: [] RequestorUid: 10336 RequestorPackageName: com.music.festival.battle] ]
2022-02-27 20:42:42.817 17414-20930/? D/OppoGatewayConflictResolver: GatewayConflictDetectingState handeMessage : 202, CMD_LINK_PROPERTIES_CHANGED
2022-02-27 20:42:42.817 18121-21750/? D/QCNEJ/NativeHalConnector: -> SND notifyWifiAvailable(v4Connected = truev6Connected = , false, isAndroidValidated = true)
2022-02-27 20:42:42.817 17121-17121/? E/Netd: Error adding route 2001:ee0:d783:a1a0::/64 -> (null) wlan0 to table 1032: File exists
2022-02-27 20:42:42.818 17121-17121/? E/Netd: Error adding route 2001:ee0:d783:a1a0::/64 -> fe80::a265:18ff:fea4:8da8 wlan0 to table 1032: File exists
2022-02-27 20:42:42.818 17414-17761/? D/ConnectivityService: Setting DNS servers for network 114 to [/8.8.4.4, /203.162.4.191, /8.8.8.8]
2022-02-27 20:42:42.818 17414-17761/? E/DnsManager: file path: /backup_hosts
2022-02-27 20:42:42.818 17414-17761/? E/DnsManager: file does not exist
2022-02-27 20:42:42.819 17414-17761/? D/DnsManager: sendDnsConfigurationForNetwork(114, [8.8.4.4, 203.162.4.191, 8.8.8.8], [Home], 1800, 25, 8, 64, 0, 0, , [])
2022-02-27 20:42:42.819 7649-8208/? I/AdInternalSettings: Test mode device hash: efe0ae10-c526-4409-8b66-399e2b3bb4e3
2022-02-27 20:42:42.819 7649-8208/? I/AdInternalSettings: When testing your app with Facebook's ad units you must specify the device hashed ID to ensure the delivery of test ads, add the following code before loading an ad: AdSettings.addTestDevice("efe0ae10-c526-4409-8b66-399e2b3bb4e3");
2022-02-27 20:42:42.819 817-817/? W/adbd: timeout expired while flushing socket, closing
2022-02-27 20:42:42.847 18121-21750/? D/QCNEJ/NativeHalConnector: -> SND notifyWifiAvailable(v4Connected = truev6Connected = , false, isAndroidValidated = true)
2022-02-27 20:42:42.847 7649-7649/? D/sdk5Events: logEvent failed eventsTracker doesn't exist
2022-02-27 20:42:42.847 17414-17761/? D/ConnectivityService: updateLinkProperties isCellular=false length=0
2022-02-27 20:42:42.847 17414-17761/? D/ConnectivityService: oppo_sla:update the LinkProperties
2022-02-27 20:42:42.848 17414-17761/? D/ConnectivityService: NetReassign [1036 : null �? 114]
2022-02-27 20:42:42.848 7649-7649/? D/sdk5Events: logEvent failed eventsTracker doesn't exist
2022-02-27 20:42:42.848 17414-20930/? D/OppoGatewayConflictResolver: GatewayConflictDetectingState handeMessage : 202, CMD_LINK_PROPERTIES_CHANGED
2022-02-27 20:42:42.848 17414-17714/? D/WifiNetworkFactory: got request NetworkRequest [ TRACK_DEFAULT id=1036, [ Capabilities: INTERNET&NOT_RESTRICTED&TRUSTED Uid: 10336 AdministratorUids: [] RequestorUid: 10336 RequestorPackageName: com.music.festival.battle] ] with score 79 and providerId 5
2022-02-27 20:42:42.848 17414-17745/? D/OplusWifiNetworkFactory2: got request NetworkRequest [ TRACK_DEFAULT id=1036, [ Capabilities: INTERNET&NOT_RESTRICTED&TRUSTED Uid: 10336 AdministratorUids: [] RequestorUid: 10336 RequestorPackageName: com.music.festival.battle] ] with score 79 and providerId 5
2022-02-27 20:42:42.848 17414-17714/? D/UntrustedWifiNetworkFactory: got request NetworkRequest [ TRACK_DEFAULT id=1036, [ Capabilities: INTERNET&NOT_RESTRICTED&TRUSTED Uid: 10336 AdministratorUids: [] RequestorUid: 10336 RequestorPackageName: com.music.festival.battle] ] with score 79 and providerId 5
2022-02-27 20:42:42.849 17414-17836/? D/Ethernet: got request NetworkRequest [ TRACK_DEFAULT id=1036, [ Capabilities: INTERNET&NOT_RESTRICTED&TRUSTED Uid: 10336 AdministratorUids: [] RequestorUid: 10336 RequestorPackageName: com.music.festival.battle] ] with score 79 and providerId 5
2022-02-27 20:42:42.849 17414-17761/? D/ConnectivityService: NetReassign [no changes]
2022-02-27 20:42:42.849 18320-18320/? D/PhoneSwitcherNetworkRequstListener: got request NetworkRequest [ TRACK_DEFAULT id=1036, [ Capabilities: INTERNET&NOT_RESTRICTED&TRUSTED Uid: 10336 AdministratorUids: [] RequestorUid: 10336 RequestorPackageName: com.music.festival.battle] ] with score 79 and providerId 5
2022-02-27 20:42:42.851 7649-8218/? I/DpmTcmClient: RegisterTcmMonitor from: $Proxy1
2022-02-27 20:42:42.852 1414-1414/? E/cr_BTSPrefs: No data found for task id: 57
2022-02-27 20:42:42.852 1414-1414/? E/cr_BkgrdTaskScheduler: Task cannot be canceled because no data was found instorage or data was invalid
2022-02-27 20:42:42.853 1414-1414/? E/cr_BTSPrefs: No data found for task id: 56
2022-02-27 20:42:42.853 1414-1414/? E/cr_BkgrdTaskScheduler: Task cannot be canceled because no data was found instorage or data was invalid
2022-02-27 20:42:42.853 17414-20930/? D/OplusIpConflictDetector: IP address conflict detected:ARP Request ARP sender MAC: 7e:**:**:**:82:13 host MAC: 7e:**:**:**:82:13 ARP sender IP: 192.168.1.*** ARP target IP: 192.168.1.*** host target IP: 192.168.1.***
2022-02-27 20:42:42.853 17414-20930/? D/OplusIpConflictDetector: arp from self , ignore it
2022-02-27 20:42:42.862 7649-8222/? E/libEGL: Invalid file path for libcolorx-loader.so
2022-02-27 20:42:42.850 17414-17761/? D/ConnectivityService: NetReassign [no changes]
2022-02-27 20:42:42.866 17414-20302/? I/ColorInternalServiceFactoryImpl: getColorCommonListManagerr
2022-02-27 20:42:42.870 7649-8222/? I/chatty: uid=10336(com.music.festival.battle) Chrome_InProcGp identical 2 lines
2022-02-27 20:42:42.870 7649-8222/? E/libEGL: Invalid file path for libcolorx-loader.so
2022-02-27 20:42:42.871 7649-7728/? W/cr_media: Requires BLUETOOTH permission
2022-02-27 20:42:42.881 7705-7744/? I/cr_LibraryLoader: Successfully loaded native library
2022-02-27 20:42:42.883 21790-22343/? I/BtGatt.ScanManager: msg.what = 6
2022-02-27 20:42:42.883 7649-8222/? E/libEGL: Invalid file path for libcolorx-loader.so
2022-02-27 20:42:42.883 7649-8222/? E/libEGL: Invalid file path for libcolorx-loader.so
2022-02-27 20:42:42.884 7705-7744/? I/cr_CachingUmaRecorder: Flushed 3 samples from 3 histograms.
2022-02-27 20:42:42.896 7705-7744/? W/SystemServiceRegistry: No service published for: uimode
2022-02-27 20:42:42.897 17414-17829/? D/OplusCustomizeNetworkManagerService-hcwu: refreshDnsResult: not started restriction
2022-02-27 20:42:42.901 7649-8222/? E/libEGL: Invalid file path for libcolorx-loader.so
2022-02-27 20:42:42.904 7649-8222/? I/chatty: uid=10336(com.music.festival.battle) Chrome_InProcGp identical 3 lines
2022-02-27 20:42:42.904 7649-8222/? E/libEGL: Invalid file path for libcolorx-loader.so
2022-02-27 20:42:42.941 31646-31752/? W/OplusExSystemServiceHelper: checkOplusExSystemService intent getComponent is null
2022-02-27 20:42:42.943 21790-22343/? I/BtGatt.ScanManager: msg.what = 6
2022-02-27 20:42:42.955 21790-22343/? I/BtGatt.ScanManager: msg.what = 6
2022-02-27 20:42:42.966 7649-8201/? I/CZL_META(LITE): [7649]    meta(101)
2022-02-27 20:42:42.966 7649-8201/? I/CZL_META(LITE): [7649]    meta(1020)
2022-02-27 20:42:42.966 7649-8201/? I/CZL_META(LITE): [7649]    meta(105)
2022-02-27 20:42:42.966 7649-8201/? I/CZL_META(LITE): [7649]    meta(106)
2022-02-27 20:42:42.966 7649-8201/? I/CZL_META(LITE): [7649]    meta(107)
2022-02-27 20:42:42.966 7649-8201/? I/CZL_META(LITE): [7649]    meta(108)
2022-02-27 20:42:42.967 7649-8201/? I/CZL_META(LITE): [7649]    meta(109)
2022-02-27 20:42:42.967 7649-8201/? I/CZL_META(LITE): [7649]    meta(110)
2022-02-27 20:42:42.972 17414-20302/? D/ConnectivityService: requestNetwork for uid/pid:10336/7649 NetworkRequest [ TRACK_DEFAULT id=1039, [ Capabilities: INTERNET&NOT_RESTRICTED&TRUSTED Uid: 10336 AdministratorUids: [] RequestorUid: 10336 RequestorPackageName: com.music.festival.battle] ]
2022-02-27 20:42:42.973 17414-17761/? D/ConnectivityService: NetReassign [1039 : null �? 114]
2022-02-27 20:42:42.973 17414-17714/? D/WifiNetworkFactory: got request NetworkRequest [ TRACK_DEFAULT id=1039, [ Capabilities: INTERNET&NOT_RESTRICTED&TRUSTED Uid: 10336 AdministratorUids: [] RequestorUid: 10336 RequestorPackageName: com.music.festival.battle] ] with score 79 and providerId 5
2022-02-27 20:42:42.973 17414-17745/? D/OplusWifiNetworkFactory2: got request NetworkRequest [ TRACK_DEFAULT id=1039, [ Capabilities: INTERNET&NOT_RESTRICTED&TRUSTED Uid: 10336 AdministratorUids: [] RequestorUid: 10336 RequestorPackageName: com.music.festival.battle] ] with score 79 and providerId 5
2022-02-27 20:42:42.973 17414-17714/? D/UntrustedWifiNetworkFactory: got request NetworkRequest [ TRACK_DEFAULT id=1039, [ Capabilities: INTERNET&NOT_RESTRICTED&TRUSTED Uid: 10336 AdministratorUids: [] RequestorUid: 10336 RequestorPackageName: com.music.festival.battle] ] with score 79 and providerId 5
2022-02-27 20:42:42.974 17414-17836/? D/Ethernet: got request NetworkRequest [ TRACK_DEFAULT id=1039, [ Capabilities: INTERNET&NOT_RESTRICTED&TRUSTED Uid: 10336 AdministratorUids: [] RequestorUid: 10336 RequestorPackageName: com.music.festival.battle] ] with score 79 and providerId 5
