2022-02-27 20:42:42.975 18320-18320/? D/PhoneSwitcherNetworkRequstListener: got request NetworkRequest [ TRACK_DEFAULT id=1039, [ Capabilities: INTERNET&NOT_RESTRICTED&TRUSTED Uid: 10336 AdministratorUids: [] RequestorUid: 10336 RequestorPackageName: com.music.festival.battle] ] with score 79 and providerId 5
2022-02-27 20:42:42.981 17414-20930/? D/OppoGatewayConflictResolver: GatewayConflictDetectingState handeMessage : 203, CMD_ARP_PROBE
2022-02-27 20:42:42.982 17414-20930/? D/OppoGatewayConflictResolver: update mHwAddr for wlan0 before send Arp probe
2022-02-27 20:42:42.986 17414-20930/? D/OppoGatewayConflictResolver: Local Source ads:192.168.1.***
2022-02-27 20:42:42.986 17414-20930/? D/OppoGatewayConflictResolver: send arp probe normal
2022-02-27 20:42:42.994 17414-20930/? D/OplusIpConflictDetector: IP address conflict detected:ARP Reply ARP sender MAC: a0:**:**:**:8d:a8 host MAC: 7e:**:**:**:82:13 ARP sender IP: 192.168.1.*** ARP target IP: 192.168.1.*** host target IP: 192.168.1.***
2022-02-27 20:42:42.995 17414-20930/? D/OplusIpConflictDetector: sendGatewayMacAddress ifaceName=wlan0 gatewayMac=a0:**:**:**:8d:a8 gatewayIp=192.168.1.***
2022-02-27 20:42:42.995 17414-20930/? D/OplusIpConflictDetector: Send CMD_EVENT_CONFLICT
2022-02-27 20:42:42.996 17414-20930/? D/OppoGatewayConflictResolver: GatewayConflictDetectingState handeMessage : 204, CMD_EVENT_CONFLICT
2022-02-27 20:42:43.049 21790-22343/? I/BtGatt.ScanManager: msg.what = 6
2022-02-27 20:42:43.056 17414-20930/? D/OplusIpConflictDetector: IP address conflict detected:ARP Request ARP sender MAC: 7e:**:**:**:82:13 host MAC: 7e:**:**:**:82:13 ARP sender IP: 192.168.1.*** ARP target IP: 192.168.1.*** host target IP: 192.168.1.***
2022-02-27 20:42:43.056 17414-20930/? D/OplusIpConflictDetector: arp from self , ignore it
2022-02-27 20:42:43.058 7649-7736/? E/Parcel: Reading a NULL string not supported here.
2022-02-27 20:42:43.061 17414-17829/? D/OplusCustomizeNetworkManagerService-hcwu: refreshDnsResult: not started restriction
2022-02-27 20:42:43.080 7649-8268/? D/sdk5Events: logEvent failed eventsTracker doesn't exist
2022-02-27 20:42:43.126 7649-8230/? W/festival.battl: Accessing hidden method Lcom/android/org/conscrypt/OpenSSLSocketImpl;->setAlpnProtocols([B)V (greylist-max-q,test-api, reflection, denied)
2022-02-27 20:42:43.127 7649-8230/? W/festival.battl: Accessing hidden method Lcom/android/org/conscrypt/AbstractConscryptSocket;->setAlpnProtocols([B)V (greylist-max-q, reflection, denied)
2022-02-27 20:42:43.169 7649-8230/? W/festival.battl: Accessing hidden method Lcom/android/org/conscrypt/OpenSSLSocketImpl;->getAlpnSelectedProtocol()[B (greylist-max-q,test-api, reflection, denied)
2022-02-27 20:42:43.169 7649-8230/? W/festival.battl: Accessing hidden method Lcom/android/org/conscrypt/AbstractConscryptSocket;->getAlpnSelectedProtocol()[B (greylist-max-q, reflection, denied)
2022-02-27 20:42:43.223 17414-20930/? D/OppoGatewayConflictResolver: GatewayConflictDetectingState handeMessage : 203, CMD_ARP_PROBE
2022-02-27 20:42:43.223 17414-20930/? D/OppoGatewayConflictResolver: update mHwAddr for wlan0 before send Arp probe
2022-02-27 20:42:43.226 17414-20930/? D/OppoGatewayConflictResolver: Local Source ads:192.168.1.***
2022-02-27 20:42:43.226 17414-20930/? D/OppoGatewayConflictResolver: send arp probe normal
2022-02-27 20:42:43.226 17414-20930/? D/OppoGatewayConflictResolver: no Gateway Conflict with size: 1
2022-02-27 20:42:43.227 17414-20930/? D/OppoGatewayConflictResolver: Entering state NoGatewayConflictState
2022-02-27 20:42:43.245 7649-8212/? V/SensorManager: RegisterListener bma4xy Accelerometer Non-wakeup type:1 delay:200000us by com.facebook.ads.redexgen.X.8t
2022-02-27 20:42:43.245 7649-8212/? E/Parcel: Reading a NULL string not supported here.
2022-02-27 20:42:43.245 17414-18505/? D/SensorService: createSensorEventConnection, mCurrentOperatingMode = 0, requestedMode = 0
2022-02-27 20:42:43.246 17414-18505/? W/SensorService: SensorEventConnection sensor handle=11, package = com.facebook.ads.redexgen.X.8v enable
2022-02-27 20:42:43.246 17414-18505/? E/SensorService: Required app com.facebook.ads.redexgen.X.8v, uid 10336, pid 7649
2022-02-27 20:42:43.246 17414-18505/? D/SensorService: Calling batch handle==11 flags=0rate=200000000 timeout== 0
2022-02-27 20:42:43.246 17414-18505/? D/SensorService: SensorDevice::batch: ident=0xb4000073145f1380, handle=0x0000000b, flags=0, period_ns=200000000 timeout=0
2022-02-27 20:42:43.246 17414-18505/? D/SensorService: 	>>> curr_period=20000000 min_period=20000000 curr_timeout=0 min_timeout=0
2022-02-27 20:42:43.246 17414-18505/? D/SensorService: 	>>> actuating h/w flush 11
2022-02-27 20:42:43.246 17124-17124/? I/sensors-hal: flush:296, android.sensor.accelerometer/11
2022-02-27 20:42:43.247 17124-17124/? I/sensors-hal: flush:302, android.sensor.accelerometer/11 completed
2022-02-27 20:42:43.247 17414-18505/? D/SensorService: recordConnection in enable
2022-02-27 20:42:43.247 17414-18505/? D/SensorService: Calling activate on 11
2022-02-27 20:42:43.247 17414-18505/? D/SensorService: SensorDevice::activate: ident=0xb4000073145f1380, handle=0x0000000b, enabled=1, count=2
2022-02-27 20:42:43.247 17414-18505/? D/SensorService: enable index=1
2022-02-27 20:42:43.247 17414-18505/? D/SensorService: info.numActiveClients() = 2, info.isActive = 1
2022-02-27 20:42:43.247 17414-18505/? D/SensorService: activateHardware = 0
2022-02-27 20:42:43.247 17124-7766/? I/sensors-hal: ssc_conn_resp_cb:673, resp_value = 0
2022-02-27 20:42:43.247 7649-8212/? V/SensorManager: RegisterListener oem-pseudo-gyro  Non-wakeup type:4 delay:200000us by com.facebook.ads.redexgen.X.8u
2022-02-27 20:42:43.247 7649-8212/? E/Parcel: Reading a NULL string not supported here.
2022-02-27 20:42:43.248 17414-18505/? D/SensorService: createSensorEventConnection, mCurrentOperatingMode = 0, requestedMode = 0
2022-02-27 20:42:43.248 17414-18505/? W/SensorService: SensorEventConnection sensor handle=41, package = com.facebook.ads.redexgen.X.8v enable
2022-02-27 20:42:43.248 17414-18505/? E/SensorService: Required app com.facebook.ads.redexgen.X.8v, uid 10336, pid 7649
2022-02-27 20:42:43.248 17414-18505/? D/SensorService: Calling batch handle==41 flags=0rate=200000000 timeout== 0
2022-02-27 20:42:43.248 17414-18505/? D/SensorService: SensorDevice::batch: ident=0xb4000073145f14c0, handle=0x00000029, flags=0, period_ns=200000000 timeout=0
2022-02-27 20:42:43.248 17414-18505/? D/SensorService: 	>>> curr_period=9223372036854775807 min_period=200000000 curr_timeout=0 min_timeout=0
2022-02-27 20:42:43.248 17414-18505/? D/SensorService: 	>>> actuating h/w BATCH 0x00000029 200000000 0
2022-02-27 20:42:43.248 17124-17124/? I/sensors-hal: batch:254, android.sensor.gyroscope/41, period=200000000, max_latency=0
2022-02-27 20:42:43.248 17124-17124/? I/sensors-hal: set_config:63, sample_period_ns is adjusted to 200000000 based on min/max delay_ns
2022-02-27 20:42:43.248 17124-17124/? I/sensors-hal: batch:276, android.sensor.gyroscope/41, period=200000000, max_latency=0 request completed
2022-02-27 20:42:43.249 17414-18505/? D/SensorService: recordConnection in enable
2022-02-27 20:42:43.249 17414-18505/? D/SensorService: Calling activate on 41
2022-02-27 20:42:43.249 17414-18505/? D/SensorService: SensorDevice::activate: ident=0xb4000073145f14c0, handle=0x00000029, enabled=1, count=1
2022-02-27 20:42:43.249 17414-18505/? D/SensorService: enable index=0
2022-02-27 20:42:43.249 17414-18505/? D/SensorService: info.numActiveClients() = 1, info.isActive = 0
2022-02-27 20:42:43.249 17414-18505/? D/SensorService: activateHardware = 1
2022-02-27 20:42:43.249 17414-18505/? D/SensorService: 	>>> actuating h/w activate handle=41 enabled=1
2022-02-27 20:42:43.249 17124-17124/? I/sensors-hal: activate:213, android.sensor.gyroscope/41 en=1
2022-02-27 20:42:43.252 2429-2433/? E/Diag_Lib: [IMS_AP]"ims-rtp-daemon ims_rtp_qmi_handler_thread_func waiting on select thread>"
2022-02-27 20:42:43.254 2429-2433/? I/chatty: uid=1001(radio) /vendor/bin/ims_rtp_daemon identical 1 line
2022-02-27 20:42:43.256 2429-2433/? E/Diag_Lib: [IMS_AP]"ims-rtp-daemon ims_rtp_qmi_handler_thread_func waiting on select thread>"
2022-02-27 20:42:43.258 17124-17124/? I/sensors-hal: activate:232, android.sensor.gyroscope/41 en=1 completed
2022-02-27 20:42:43.258 17414-17644/? D/SensorService: flush complete event sensor==11 
2022-02-27 20:42:43.259 17414-17644/? I/chatty: uid=1000(system) SensorService identical 3 lines
2022-02-27 20:42:43.259 17414-17644/? D/SensorService: flush complete event sensor==11 
2022-02-27 20:42:43.259 17414-17644/? D/SensorService: First flush event for sensor==11 
2022-02-27 20:42:43.259 17414-17644/? D/SensorService: flush complete event sensor==11 
2022-02-27 20:42:43.259 17414-17644/? D/SensorService: flush complete event sensor==11 
2022-02-27 20:42:43.260 2429-2433/? E/Diag_Lib: [IMS_AP]"ims-rtp-daemon ims_rtp_qmi_handler_thread_func waiting on select thread>"
2022-02-27 20:42:43.264 17124-8276/? I/sensors-hal: ssc_conn_resp_cb:673, resp_value = 0
2022-02-27 20:42:43.319 7649-7649/? V/SensorManager: unRegisterListener by com.facebook.ads.redexgen.X.8t
2022-02-27 20:42:43.319 17414-18505/? W/SensorService: SensorEventConnection sensor handle=11, package = com.facebook.ads.redexgen.X.8v disable
2022-02-27 20:42:43.319 17414-18505/? D/SensorService: recordConnection in disable
2022-02-27 20:42:43.319 17414-18505/? D/SensorService: SensorDevice::activate: ident=0xb4000073145f1380, handle=0x0000000b, enabled=0, count=2
2022-02-27 20:42:43.319 17414-18505/? D/SensorService: disable index=1
2022-02-27 20:42:43.319 17414-18505/? D/SensorService: 	>>> actuating h/w batch 0x0000000b 20000000 0
2022-02-27 20:42:43.319 17124-17124/? I/sensors-hal: batch:254, android.sensor.accelerometer/11, period=20000000, max_latency=0
2022-02-27 20:42:43.320 17124-17124/? I/sensors-hal: set_config:63, sample_period_ns is adjusted to 20000000 based on min/max delay_ns
2022-02-27 20:42:43.320 17124-17124/? I/sensors-hal: batch:276, android.sensor.accelerometer/11, period=20000000, max_latency=0 request completed
2022-02-27 20:42:43.320 17414-18505/? D/SensorService: activateHardware = 0
2022-02-27 20:42:43.320 7649-7649/? E/Parcel: Reading a NULL string not supported here.
2022-02-27 20:42:43.320 17414-18505/? D/SensorService: ~SensorEventConnection(0xb4000073145f1380)
2022-02-27 20:42:43.320 17414-18505/? D/SensorService: 5 active sensors
2022-02-27 20:42:43.320 17414-18505/? D/SensorService: removing connection 0xb4000073145f1380 for sensor[0].handle=0x0000000b
2022-02-27 20:42:43.320 17414-18505/? D/SensorService: removing connection 0xb4000073145f1380 for sensor[1].handle=0x00000029
2022-02-27 20:42:43.320 17414-18505/? D/SensorService: removing connection 0xb4000073145f1380 for sensor[2].handle=0x00000033
2022-02-27 20:42:43.320 17414-18505/? D/SensorService: removing connection 0xb4000073145f1380 for sensor[3].handle=0x000000bf
2022-02-27 20:42:43.321 17414-18505/? D/SensorService: removing connection 0xb4000073145f1380 for sensor[4].handle=0x00000110
2022-02-27 20:42:43.093 17414-17829/? D/OplusCustomizeNetworkManagerService-hcwu: refreshDnsResult: not started restriction
2022-02-27 20:42:43.386 7649-7649/? D/ViewRootImpl: enqueueInputEventMotionEvent { action=ACTION_DOWN, actionButton=0, id[0]=0, x[0]=507.0, y[0]=525.0, toolType[0]=TOOL_TYPE_FINGER, buttonState=0, classification=NONE, metaState=0, flags=0x0, edgeFlags=0x0, pointerCount=1, historySize=0, eventTime=67470362, downTime=67470362, deviceId=3, source=0x1002, displayId=0 }
2022-02-27 20:42:43.386 7649-7649/? D/ViewRootImpl[GameStateActivity]: processMotionEvent MotionEvent { action=ACTION_DOWN, actionButton=0, id[0]=0, x[0]=507.0, y[0]=525.0, toolType[0]=TOOL_TYPE_FINGER, buttonState=0, classification=NONE, metaState=0, flags=0x0, edgeFlags=0x0, pointerCount=1, historySize=0, eventTime=67470362, downTime=67470362, deviceId=3, source=0x1002, displayId=0 }
2022-02-27 20:42:43.386 7649-7649/? D/ViewRootImpl[GameStateActivity]: dispatchPointerEvent handled=true, event=MotionEvent { action=ACTION_DOWN, actionButton=0, id[0]=0, x[0]=507.0, y[0]=525.0, toolType[0]=TOOL_TYPE_FINGER, buttonState=0, classification=NONE, metaState=0, flags=0x0, edgeFlags=0x0, pointerCount=1, historySize=0, eventTime=67470362, downTime=67470362, deviceId=3, source=0x1002, displayId=0 }
2022-02-27 20:42:43.388 912-912/? D/ORMS_HAL: OrmsHalService write file /proc/sys/kernel/input_boost_enabled - 1.
2022-02-27 20:42:43.400 1029-1117/? E/ANDR-PERF-OPTSHANDLER: Perflock resource /sys/class/devfreq/soc:qcom,cpu0-cpu-llcc-lat/mem_latency/ratio_ceil not supported
2022-02-27 20:42:43.400 1029-1117/? E/ANDR-PERF-RESOURCEQS: Failed to apply optimization [13, 8]
2022-02-27 20:42:43.400 1029-1117/? E/ANDR-PERF-OPTSHANDLER: Perflock resource /sys/class/devfreq/soc:qcom,cpu4-cpu-llcc-lat/mem_latency/ratio_ceil not supported
2022-02-27 20:42:43.400 1029-1117/? E/ANDR-PERF-RESOURCEQS: Failed to apply optimization [13, 9]
2022-02-27 20:42:43.400 17414-17829/? D/OplusCustomizeNetworkManagerService-hcwu: refreshDnsResult: not started restriction
2022-02-27 20:42:43.428 7649-7649/? D/ViewRootImpl[GameStateActivity]: processMotionEvent MotionEvent { action=ACTION_UP, actionButton=0, id[0]=0, x[0]=507.0, y[0]=525.0, toolType[0]=TOOL_TYPE_FINGER, buttonState=0, classification=NONE, metaState=0, flags=0x0, edgeFlags=0x0, pointerCount=1, historySize=0, eventTime=67470405, downTime=67470362, deviceId=3, source=0x1002, displayId=0 }
2022-02-27 20:42:43.428 7649-7649/? D/ViewRootImpl[GameStateActivity]: dispatchPointerEvent handled=true, event=MotionEvent { action=ACTION_UP, actionButton=0, id[0]=0, x[0]=507.0, y[0]=525.0, toolType[0]=TOOL_TYPE_FINGER, buttonState=0, classification=NONE, metaState=0, flags=0x0, edgeFlags=0x0, pointerCount=1, historySize=0, eventTime=67470405, downTime=67470362, deviceId=3, source=0x1002, displayId=0 }
2022-02-27 20:42:43.447 7649-8268/? W/Settings: Setting airplane_mode_on has moved from android.provider.Settings.System to android.provider.Settings.Global, returning read-only value.
2022-02-27 20:42:43.460 7649-7649/? V/SensorManager: unRegisterListener by com.facebook.ads.redexgen.X.8u
2022-02-27 20:42:43.460 17414-18505/? W/SensorService: SensorEventConnection sensor handle=41, package = com.facebook.ads.redexgen.X.8v disable
2022-02-27 20:42:43.460 17414-18505/? D/SensorService: recordConnection in disable
2022-02-27 20:42:43.460 17414-18505/? D/SensorService: SensorDevice::activate: ident=0xb4000073145f14c0, handle=0x00000029, enabled=0, count=1
2022-02-27 20:42:43.460 17414-18505/? D/SensorService: disable index=0
2022-02-27 20:42:43.460 17414-18505/? D/SensorService: activateHardware = 1
2022-02-27 20:42:43.460 17414-18505/? D/SensorService: 	>>> actuating h/w activate handle=41 enabled=0
2022-02-27 20:42:43.461 17124-17124/? I/sensors-hal: activate:213, android.sensor.gyroscope/41 en=0
2022-02-27 20:42:43.462 17124-17124/? I/sensors-hal: activate:232, android.sensor.gyroscope/41 en=0 completed
2022-02-27 20:42:43.462 17414-18505/? D/SensorService: reset the mRecentEvent handle = 41
2022-02-27 20:42:43.462 17414-18505/? D/SensorService: disable reset the lastEvent handle = 41 in disable
2022-02-27 20:42:43.462 7649-7649/? E/Parcel: Reading a NULL string not supported here.
2022-02-27 20:42:43.463 2429-2433/? E/Diag_Lib: [IMS_AP]"ims-rtp-daemon ims_rtp_qmi_handler_thread_func waiting on select thread>"
2022-02-27 20:42:43.466 31646-22735/? W/OplusExSystemServiceHelper: checkOplusExSystemService intent getComponent is null
2022-02-27 20:42:43.466 17414-18505/? D/SensorService: ~SensorEventConnection(0xb4000073145f14c0)
2022-02-27 20:42:43.466 17414-18505/? D/SensorService: 4 active sensors
2022-02-27 20:42:43.466 17414-18505/? D/SensorService: removing connection 0xb4000073145f14c0 for sensor[0].handle=0x0000000b
2022-02-27 20:42:43.466 17414-18505/? D/SensorService: removing connection 0xb4000073145f14c0 for sensor[1].handle=0x00000033
2022-02-27 20:42:43.466 17414-18505/? D/SensorService: removing connection 0xb4000073145f14c0 for sensor[2].handle=0x000000bf
2022-02-27 20:42:43.466 17414-18505/? D/SensorService: removing connection 0xb4000073145f14c0 for sensor[3].handle=0x00000110
2022-02-27 20:42:43.480 7649-8268/? D/AudioManager: getStreamVolume packageName=com.music.festival.battle, index=4, streamType=3
2022-02-27 20:42:43.496 7649-8268/? E/Parcel: Reading a NULL string not supported here.
2022-02-27 20:42:43.505 7649-8268/? I/chatty: uid=10336(com.music.festival.battle) JavaBridge identical 3 lines
2022-02-27 20:42:43.507 7649-8268/? E/Parcel: Reading a NULL string not supported here.
2022-02-27 20:42:43.560 17414-17714/? E/WifiClientModeImpl: Checking internet access, SSID="L10ccf1837d BSSID=a0:**:**:**:8d:a9 checkSequence=21
2022-02-27 20:42:43.567 17414-17755/? I/DpmTcmClient: RegisterTcmMonitor from: $Proxy1
2022-02-27 20:42:43.606 17414-17829/? D/OplusCustomizeNetworkManagerService-hcwu: refreshDnsResult: not started restriction
2022-02-27 20:42:43.673 7649-7649/? D/ViewRootImpl: enqueueInputEventMotionEvent { action=ACTION_DOWN, actionButton=0, id[0]=0, x[0]=388.0, y[0]=904.0, toolType[0]=TOOL_TYPE_FINGER, buttonState=0, classification=NONE, metaState=0, flags=0x0, edgeFlags=0x0, pointerCount=1, historySize=0, eventTime=67470650, downTime=67470650, deviceId=3, source=0x1002, displayId=0 }
2022-02-27 20:42:43.673 7649-7649/? D/ViewRootImpl[GameStateActivity]: processMotionEvent MotionEvent { action=ACTION_DOWN, actionButton=0, id[0]=0, x[0]=388.0, y[0]=904.0, toolType[0]=TOOL_TYPE_FINGER, buttonState=0, classification=NONE, metaState=0, flags=0x0, edgeFlags=0x0, pointerCount=1, historySize=0, eventTime=67470650, downTime=67470650, deviceId=3, source=0x1002, displayId=0 }
2022-02-27 20:42:43.673 7649-7649/? D/ViewRootImpl[GameStateActivity]: dispatchPointerEvent handled=true, event=MotionEvent { action=ACTION_DOWN, actionButton=0, id[0]=0, x[0]=388.0, y[0]=904.0, toolType[0]=TOOL_TYPE_FINGER, buttonState=0, classification=NONE, metaState=0, flags=0x0, edgeFlags=0x0, pointerCount=1, historySize=0, eventTime=67470650, downTime=67470650, deviceId=3, source=0x1002, displayId=0 }
2022-02-27 20:42:43.674 912-912/? D/ORMS_HAL: OrmsHalService write file /proc/sys/kernel/input_boost_enabled - 1.
2022-02-27 20:42:43.677 1029-1117/? E/ANDR-PERF-OPTSHANDLER: Perflock resource /sys/class/devfreq/soc:qcom,cpu0-cpu-llcc-lat/mem_latency/ratio_ceil not supported
2022-02-27 20:42:43.677 1029-1117/? E/ANDR-PERF-RESOURCEQS: Failed to apply optimization [13, 8]
2022-02-27 20:42:43.677 1029-1117/? E/ANDR-PERF-OPTSHANDLER: Perflock resource /sys/class/devfreq/soc:qcom,cpu4-cpu-llcc-lat/mem_latency/ratio_ceil not supported
2022-02-27 20:42:43.677 1029-1117/? E/ANDR-PERF-RESOURCEQS: Failed to apply optimization [13, 9]
2022-02-27 20:42:43.756 7649-7649/? D/ViewRootImpl[GameStateActivity]: processMotionEvent MotionEvent { action=ACTION_UP, actionButton=0, id[0]=0, x[0]=388.0, y[0]=904.0, toolType[0]=TOOL_TYPE_FINGER, buttonState=0, classification=NONE, metaState=0, flags=0x0, edgeFlags=0x0, pointerCount=1, historySize=0, eventTime=67470733, downTime=67470650, deviceId=3, source=0x1002, displayId=0 }
2022-02-27 20:42:43.756 7649-7649/? D/ViewRootImpl[GameStateActivity]: dispatchPointerEvent handled=true, event=MotionEvent { action=ACTION_UP, actionButton=0, id[0]=0, x[0]=388.0, y[0]=904.0, toolType[0]=TOOL_TYPE_FINGER, buttonState=0, classification=NONE, metaState=0, flags=0x0, edgeFlags=0x0, pointerCount=1, historySize=0, eventTime=67470733, downTime=67470650, deviceId=3, source=0x1002, displayId=0 }
2022-02-27 20:42:43.860 17414-18770/? D/LocationManagerService: request b932479 network Request[POWER_LOW network interval=0 fastestInterval=0] from com.coloros.deepthinker(1000 foreground [whitelisted])
2022-02-27 20:42:43.860 17414-18770/? D/OplusGnssWhiteListProxy: on get OplusGnssWhiteListProxy!
2022-02-27 20:42:43.861 17414-18770/? D/OplusNlpProxy: OplusNlpProxy setRequest! NLP is: gms
2022-02-27 20:42:43.862 17414-18770/? D/OplusGnssWhiteListProxy: on get OplusGnssWhiteListProxy!
2022-02-27 20:42:43.877 17414-17761/? D/ConnectivityService: Setting DNS servers for network 114 to [/8.8.4.4, /203.162.4.191, /8.8.8.8]
2022-02-27 20:42:43.877 17414-17761/? E/DnsManager: file path: /backup_hosts
2022-02-27 20:42:43.877 17414-17761/? E/DnsManager: file does not exist
2022-02-27 20:42:43.878 17414-17761/? D/DnsManager: sendDnsConfigurationForNetwork(114, [8.8.4.4, 203.162.4.191, 8.8.8.8], [Home], 1800, 25, 8, 64, 0, 0, , [])
2022-02-27 20:42:43.878 18121-21750/? D/QCNEJ/WlanStaInfoRelay: Received action: android.net.wifi.LINK_CONFIGURATION_CHANGED
2022-02-27 20:42:43.878 18121-21750/? E/QCNEJ/WlanStaInfoRelay: update link properties given null lp
2022-02-27 20:42:43.913 17414-18505/? V/AlarmManager: set(PendingIntent{3188f35: PendingIntentRecord{a719118 com.google.android.gms/com.google.android.gms.location_base broadcastIntent}}) : type=2 when=151889239whenElapsed151889251maxWhen =151889251 win=0 interval=0 flags=0x0 pkg = com.google.android.gms
2022-02-27 20:42:43.922 18121-21750/? D/QCNEJ/NativeHalConnector: -> SND notifyWifiAvailable(v4Connected = truev6Connected = , true, isAndroidValidated = true)
2022-02-27 20:42:43.928 7649-7649/? D/ViewRootImpl: enqueueInputEventMotionEvent { action=ACTION_DOWN, actionButton=0, id[0]=0, x[0]=435.0, y[0]=542.0, toolType[0]=TOOL_TYPE_FINGER, buttonState=0, classification=NONE, metaState=0, flags=0x0, edgeFlags=0x0, pointerCount=1, historySize=0, eventTime=67470905, downTime=67470905, deviceId=3, source=0x1002, displayId=0 }
2022-02-27 20:42:43.928 7649-7649/? D/ViewRootImpl[GameStateActivity]: processMotionEvent MotionEvent { action=ACTION_DOWN, actionButton=0, id[0]=0, x[0]=435.0, y[0]=542.0, toolType[0]=TOOL_TYPE_FINGER, buttonState=0, classification=NONE, metaState=0, flags=0x0, edgeFlags=0x0, pointerCount=1, historySize=0, eventTime=67470905, downTime=67470905, deviceId=3, source=0x1002, displayId=0 }
2022-02-27 20:42:43.928 912-912/? D/ORMS_HAL: OrmsHalService write file /proc/sys/kernel/input_boost_enabled - 1.
2022-02-27 20:42:43.929 7649-7649/? D/ViewRootImpl[GameStateActivity]: dispatchPointerEvent handled=true, event=MotionEvent { action=ACTION_DOWN, actionButton=0, id[0]=0, x[0]=435.0, y[0]=542.0, toolType[0]=TOOL_TYPE_FINGER, buttonState=0, classification=NONE, metaState=0, flags=0x0, edgeFlags=0x0, pointerCount=1, historySize=0, eventTime=67470905, downTime=67470905, deviceId=3, source=0x1002, displayId=0 }
2022-02-27 20:42:43.933 1029-1117/? E/ANDR-PERF-OPTSHANDLER: Perflock resource /sys/class/devfreq/soc:qcom,cpu0-cpu-llcc-lat/mem_latency/ratio_ceil not supported
2022-02-27 20:42:43.933 1029-1117/? E/ANDR-PERF-RESOURCEQS: Failed to apply optimization [13, 8]
2022-02-27 20:42:43.933 1029-1117/? E/ANDR-PERF-OPTSHANDLER: Perflock resource /sys/class/devfreq/soc:qcom,cpu4-cpu-llcc-lat/mem_latency/ratio_ceil not supported
2022-02-27 20:42:43.933 1029-1117/? E/ANDR-PERF-RESOURCEQS: Failed to apply optimization [13, 9]
2022-02-27 20:42:43.934 17414-17761/? D/ConnectivityService: updateLinkProperties isCellular=false length=0
2022-02-27 20:42:43.934 17414-17761/? D/ConnectivityService: oppo_sla:update the LinkProperties
2022-02-27 20:42:43.937 17414-17760/? D/WifiNative: Scan trigered from WifiNative
2022-02-27 20:42:43.940 17414-17760/? V/AlarmManager: set(null) : type=2 when=151914277whenElapsed151914277maxWhen =151936777 win=22500 interval=0 flags=0x8 pkg = android
2022-02-27 20:42:43.941 17414-17760/? V/AlarmManager: set(null) : type=2 when=151899278whenElapsed151899278maxWhen =151910528 win=11250 interval=0 flags=0x8 pkg = android
2022-02-27 20:42:44.003 7649-7649/? D/ViewRootImpl[GameStateActivity]: processMotionEvent MotionEvent { action=ACTION_UP, actionButton=0, id[0]=0, x[0]=435.0, y[0]=542.0, toolType[0]=TOOL_TYPE_FINGER, buttonState=0, classification=NONE, metaState=0, flags=0x0, edgeFlags=0x0, pointerCount=1, historySize=0, eventTime=67470978, downTime=67470905, deviceId=3, source=0x1002, displayId=0 }
2022-02-27 20:42:44.003 7649-7649/? D/ViewRootImpl[GameStateActivity]: dispatchPointerEvent handled=true, event=MotionEvent { action=ACTION_UP, actionButton=0, id[0]=0, x[0]=435.0, y[0]=542.0, toolType[0]=TOOL_TYPE_FINGER, buttonState=0, classification=NONE, metaState=0, flags=0x0, edgeFlags=0x0, pointerCount=1, historySize=0, eventTime=67470978, downTime=67470905, deviceId=3, source=0x1002, displayId=0 }
2022-02-27 20:42:44.090 17414-17479/? D/BatteryLed: getLightInColorState, oppoLightMgr empty!
2022-02-27 20:42:44.095 912-912/? D/ORMS_HAL: OrmsHalService write file /proc/sys/kernel/input_boost_enabled - 1.
2022-02-27 20:42:44.096 7649-7649/? D/ViewRootImpl: enqueueInputEventMotionEvent { action=ACTION_DOWN, actionButton=0, id[0]=0, x[0]=435.0, y[0]=581.0, toolType[0]=TOOL_TYPE_FINGER, buttonState=0, classification=NONE, metaState=0, flags=0x0, edgeFlags=0x0, pointerCount=1, historySize=0, eventTime=67471072, downTime=67471072, deviceId=3, source=0x1002, displayId=0 }
2022-02-27 20:42:44.096 7649-7649/? D/ViewRootImpl[GameStateActivity]: processMotionEvent MotionEvent { action=ACTION_DOWN, actionButton=0, id[0]=0, x[0]=435.0, y[0]=581.0, toolType[0]=TOOL_TYPE_FINGER, buttonState=0, classification=NONE, metaState=0, flags=0x0, edgeFlags=0x0, pointerCount=1, historySize=0, eventTime=67471072, downTime=67471072, deviceId=3, source=0x1002, displayId=0 }
2022-02-27 20:42:44.096 7649-7649/? D/ViewRootImpl[GameStateActivity]: dispatchPointerEvent handled=true, event=MotionEvent { action=ACTION_DOWN, actionButton=0, id[0]=0, x[0]=435.0, y[0]=581.0, toolType[0]=TOOL_TYPE_FINGER, buttonState=0, classification=NONE, metaState=0, flags=0x0, edgeFlags=0x0, pointerCount=1, historySize=0, eventTime=67471072, downTime=67471072, deviceId=3, source=0x1002, displayId=0 }
2022-02-27 20:42:44.102 1029-1117/? E/ANDR-PERF-OPTSHANDLER: Perflock resource /sys/class/devfreq/soc:qcom,cpu0-cpu-llcc-lat/mem_latency/ratio_ceil not supported
2022-02-27 20:42:44.102 1029-1117/? E/ANDR-PERF-RESOURCEQS: Failed to apply optimization [13, 8]
2022-02-27 20:42:44.102 1029-1117/? E/ANDR-PERF-OPTSHANDLER: Perflock resource /sys/class/devfreq/soc:qcom,cpu4-cpu-llcc-lat/mem_latency/ratio_ceil not supported
2022-02-27 20:42:44.102 1029-1117/? E/ANDR-PERF-RESOURCEQS: Failed to apply optimization [13, 9]
2022-02-27 20:42:44.108 18244-18244/? D/DeviceStatisticsService: chargerType=0 batteryLevel=100 totalBatteryCapacity=5000000
2022-02-27 20:42:44.161 7649-7649/? D/ViewRootImpl[GameStateActivity]: processMotionEvent MotionEvent { action=ACTION_UP, actionButton=0, id[0]=0, x[0]=435.0, y[0]=581.0, toolType[0]=TOOL_TYPE_FINGER, buttonState=0, classification=NONE, metaState=0, flags=0x0, edgeFlags=0x0, pointerCount=1, historySize=0, eventTime=67471139, downTime=67471072, deviceId=3, source=0x1002, displayId=0 }
2022-02-27 20:42:44.162 17414-18043/? V/OplusNlpProxy: handleMessage what - 110
2022-02-27 20:42:44.162 7649-7649/? D/ViewRootImpl[GameStateActivity]: dispatchPointerEvent handled=true, event=MotionEvent { action=ACTION_UP, actionButton=0, id[0]=0, x[0]=435.0, y[0]=581.0, toolType[0]=TOOL_TYPE_FINGER, buttonState=0, classification=NONE, metaState=0, flags=0x0, edgeFlags=0x0, pointerCount=1, historySize=0, eventTime=67471139, downTime=67471072, deviceId=3, source=0x1002, displayId=0 }
2022-02-27 20:42:44.169 17414-17732/? D/OplusWifiController2: *****shutdown oppo wifi sta2 !, the mIsOppoSta2Enabled = false
2022-02-27 20:42:44.170 17414-17732/? D/OplusWifiController2: can't disable oppo wifi sta2 !, because wlan1 has been disabled.
2022-02-27 20:42:44.446 18187-18187/? I/QImsService: OplusWifiApmStateMgr : onReceive,wifiSignal: -57
2022-02-27 20:42:44.449 18121-21750/? D/QCNEJ/WlanStaInfoRelay: Received action: android.net.wifi.RSSI_CHANGED
2022-02-27 20:42:44.453 17951-18572/? D/WifiStatusTracker: handleBroadcast: shouldUpdateLabel: true
2022-02-27 20:42:44.519 17414-17761/? D/ConnectivityService: Setting DNS servers for network 114 to [/8.8.4.4, /203.162.4.191, /8.8.8.8]
2022-02-27 20:42:44.519 17414-17761/? E/DnsManager: file path: /backup_hosts
2022-02-27 20:42:44.520 18121-21750/? D/QCNEJ/WlanStaInfoRelay: Received action: android.net.wifi.LINK_CONFIGURATION_CHANGED
2022-02-27 20:42:44.520 18121-21750/? E/QCNEJ/WlanStaInfoRelay: update link properties given null lp
2022-02-27 20:42:44.520 17414-17761/? E/DnsManager: file does not exist
2022-02-27 20:42:44.520 17414-17761/? D/DnsManager: sendDnsConfigurationForNetwork(114, [8.8.4.4, 203.162.4.191, 8.8.8.8], [Home], 1800, 25, 8, 64, 0, 0, , [])
2022-02-27 20:42:44.555 18121-21750/? D/QCNEJ/NativeHalConnector: -> SND notifyWifiAvailable(v4Connected = truev6Connected = , true, isAndroidValidated = true)
2022-02-27 20:42:44.575 17414-17761/? D/ConnectivityService: updateLinkProperties isCellular=false length=0
2022-02-27 20:42:44.575 17414-17761/? D/ConnectivityService: oppo_sla:update the LinkProperties
2022-02-27 20:42:44.826 7649-8187/? E/Parcel: Reading a NULL string not supported here.
2022-02-27 20:42:44.831 7649-8187/? I/chatty: uid=10336(com.music.festival.battle) AsyncTask #1 identical 3 lines
2022-02-27 20:42:44.833 7649-8187/? E/Parcel: Reading a NULL string not supported here.
2022-02-27 20:42:44.840 7649-8187/? D/AudioManager: getStreamVolume packageName=com.music.festival.battle, index=4, streamType=3
2022-02-27 20:42:44.844 7649-8187/? V/SensorManager: RegisterListener bma4xy Accelerometer Non-wakeup type:1 delay:200000us by com.facebook.ads.redexgen.X.8t
2022-02-27 20:42:44.844 7649-8187/? E/Parcel: Reading a NULL string not supported here.
2022-02-27 20:42:44.844 17414-18505/? D/SensorService: createSensorEventConnection, mCurrentOperatingMode = 0, requestedMode = 0
2022-02-27 20:42:44.844 17414-18505/? W/SensorService: SensorEventConnection sensor handle=11, package = com.facebook.ads.redexgen.X.8v enable
2022-02-27 20:42:44.844 17414-18505/? E/SensorService: Required app com.facebook.ads.redexgen.X.8v, uid 10336, pid 7649
2022-02-27 20:42:44.844 17414-18505/? D/SensorService: Calling batch handle==11 flags=0rate=200000000 timeout== 0
2022-02-27 20:42:44.844 17414-18505/? D/SensorService: SensorDevice::batch: ident=0xb4000072a75b8f00, handle=0x0000000b, flags=0, period_ns=200000000 timeout=0
2022-02-27 20:42:44.845 17414-18505/? D/SensorService: 	>>> curr_period=20000000 min_period=20000000 curr_timeout=0 min_timeout=0
2022-02-27 20:42:44.845 17414-18505/? D/SensorService: 	>>> actuating h/w flush 11
2022-02-27 20:42:44.845 17124-17124/? I/sensors-hal: flush:296, android.sensor.accelerometer/11
2022-02-27 20:42:44.845 17124-17124/? I/sensors-hal: flush:302, android.sensor.accelerometer/11 completed
2022-02-27 20:42:44.845 17414-18505/? D/SensorService: recordConnection in enable
2022-02-27 20:42:44.845 17414-18505/? D/SensorService: Calling activate on 11
2022-02-27 20:42:44.845 17414-18505/? D/SensorService: SensorDevice::activate: ident=0xb4000072a75b8f00, handle=0x0000000b, enabled=1, count=2
2022-02-27 20:42:44.845 17414-18505/? D/SensorService: enable index=1
2022-02-27 20:42:44.845 17414-18505/? D/SensorService: info.numActiveClients() = 2, info.isActive = 1
2022-02-27 20:42:44.845 17414-18505/? D/SensorService: activateHardware = 0
2022-02-27 20:42:44.846 17124-7766/? I/sensors-hal: ssc_conn_resp_cb:673, resp_value = 0
2022-02-27 20:42:44.846 7649-8187/? V/SensorManager: RegisterListener oem-pseudo-gyro  Non-wakeup type:4 delay:200000us by com.facebook.ads.redexgen.X.8u
2022-02-27 20:42:44.846 7649-8187/? E/Parcel: Reading a NULL string not supported here.
2022-02-27 20:42:44.846 17414-18505/? D/SensorService: createSensorEventConnection, mCurrentOperatingMode = 0, requestedMode = 0
2022-02-27 20:42:44.846 17414-18505/? W/SensorService: SensorEventConnection sensor handle=41, package = com.facebook.ads.redexgen.X.8v enable
2022-02-27 20:42:44.846 17414-18505/? E/SensorService: Required app com.facebook.ads.redexgen.X.8v, uid 10336, pid 7649
2022-02-27 20:42:44.846 17414-18505/? D/SensorService: Calling batch handle==41 flags=0rate=200000000 timeout== 0
2022-02-27 20:42:44.846 17414-18505/? D/SensorService: SensorDevice::batch: ident=0xb4000072a75b92c0, handle=0x00000029, flags=0, period_ns=200000000 timeout=0
2022-02-27 20:42:44.846 17414-18505/? D/SensorService: 	>>> curr_period=9223372036854775807 min_period=200000000 curr_timeout=0 min_timeout=0
2022-02-27 20:42:44.846 17414-18505/? D/SensorService: 	>>> actuating h/w BATCH 0x00000029 200000000 0
2022-02-27 20:42:44.846 17124-17124/? I/sensors-hal: batch:254, android.sensor.gyroscope/41, period=200000000, max_latency=0
2022-02-27 20:42:44.846 17124-17124/? I/sensors-hal: set_config:63, sample_period_ns is adjusted to 200000000 based on min/max delay_ns
2022-02-27 20:42:44.846 17124-17124/? I/sensors-hal: batch:276, android.sensor.gyroscope/41, period=200000000, max_latency=0 request completed
2022-02-27 20:42:44.847 17414-18505/? D/SensorService: recordConnection in enable
2022-02-27 20:42:44.847 17414-18505/? D/SensorService: Calling activate on 41
2022-02-27 20:42:44.847 17414-18505/? D/SensorService: SensorDevice::activate: ident=0xb4000072a75b92c0, handle=0x00000029, enabled=1, count=1
2022-02-27 20:42:44.847 17414-18505/? D/SensorService: enable index=0
2022-02-27 20:42:44.847 17414-18505/? D/SensorService: info.numActiveClients() = 1, info.isActive = 0
2022-02-27 20:42:44.847 17414-18505/? D/SensorService: activateHardware = 1
2022-02-27 20:42:44.847 17414-18505/? D/SensorService: 	>>> actuating h/w activate handle=41 enabled=1
2022-02-27 20:42:44.847 17124-17124/? I/sensors-hal: activate:213, android.sensor.gyroscope/41 en=1
2022-02-27 20:42:44.848 2429-2433/? E/Diag_Lib: [IMS_AP]"ims-rtp-daemon ims_rtp_qmi_handler_thread_func waiting on select thread>"
2022-02-27 20:42:44.850 2429-2433/? I/chatty: uid=1001(radio) /vendor/bin/ims_rtp_daemon identical 1 line
2022-02-27 20:42:44.852 2429-2433/? E/Diag_Lib: [IMS_AP]"ims-rtp-daemon ims_rtp_qmi_handler_thread_func waiting on select thread>"
2022-02-27 20:42:44.853 17124-17124/? I/sensors-hal: activate:232, android.sensor.gyroscope/41 en=1 completed
2022-02-27 20:42:44.854 17414-17644/? D/SensorService: flush complete event sensor==11 
2022-02-27 20:42:44.854 17414-17644/? I/chatty: uid=1000(system) SensorService identical 3 lines
2022-02-27 20:42:44.854 17414-17644/? D/SensorService: flush complete event sensor==11 
2022-02-27 20:42:44.854 17414-17644/? D/SensorService: First flush event for sensor==11 
2022-02-27 20:42:44.854 17414-17644/? D/SensorService: flush complete event sensor==11 
2022-02-27 20:42:44.854 17414-17644/? D/SensorService: flush complete event sensor==11 
2022-02-27 20:42:44.854 2429-2433/? E/Diag_Lib: [IMS_AP]"ims-rtp-daemon ims_rtp_qmi_handler_thread_func waiting on select thread>"
2022-02-27 20:42:44.855 17124-8316/? I/sensors-hal: ssc_conn_resp_cb:673, resp_value = 0
2022-02-27 20:42:44.869 31646-29565/? W/OplusExSystemServiceHelper: checkOplusExSystemService intent getComponent is null
2022-02-27 20:42:44.897 7649-8187/? D/AudioManager: getStreamVolume packageName=com.music.festival.battle, index=4, streamType=3
2022-02-27 20:42:44.917 7649-7649/? V/SensorManager: unRegisterListener by com.facebook.ads.redexgen.X.8t
2022-02-27 20:42:44.917 17414-20304/? W/SensorService: SensorEventConnection sensor handle=11, package = com.facebook.ads.redexgen.X.8v disable
2022-02-27 20:42:44.917 17414-20304/? D/SensorService: recordConnection in disable
2022-02-27 20:42:44.917 17414-20304/? D/SensorService: SensorDevice::activate: ident=0xb4000072a75b8f00, handle=0x0000000b, enabled=0, count=2
2022-02-27 20:42:44.917 17414-20304/? D/SensorService: disable index=1
2022-02-27 20:42:44.917 17414-20304/? D/SensorService: 	>>> actuating h/w batch 0x0000000b 20000000 0
2022-02-27 20:42:44.917 17124-17124/? I/sensors-hal: batch:254, android.sensor.accelerometer/11, period=20000000, max_latency=0
2022-02-27 20:42:44.918 17124-17124/? I/sensors-hal: set_config:63, sample_period_ns is adjusted to 20000000 based on min/max delay_ns
2022-02-27 20:42:44.918 17124-17124/? I/sensors-hal: batch:276, android.sensor.accelerometer/11, period=20000000, max_latency=0 request completed
2022-02-27 20:42:44.918 17414-20304/? D/SensorService: activateHardware = 0
2022-02-27 20:42:44.918 7649-7649/? E/Parcel: Reading a NULL string not supported here.
2022-02-27 20:42:44.924 17414-18405/? D/SensorService: ~SensorEventConnection(0xb4000072a75b8f00)
2022-02-27 20:42:44.924 17414-18405/? D/SensorService: 5 active sensors
2022-02-27 20:42:44.924 17414-18405/? D/SensorService: removing connection 0xb4000072a75b8f00 for sensor[0].handle=0x0000000b
2022-02-27 20:42:44.924 17414-18405/? D/SensorService: removing connection 0xb4000072a75b8f00 for sensor[1].handle=0x00000029
2022-02-27 20:42:44.924 17414-18405/? D/SensorService: removing connection 0xb4000072a75b8f00 for sensor[2].handle=0x00000033
2022-02-27 20:42:44.924 17414-18405/? D/SensorService: removing connection 0xb4000072a75b8f00 for sensor[3].handle=0x000000bf
2022-02-27 20:42:44.924 17414-18405/? D/SensorService: removing connection 0xb4000072a75b8f00 for sensor[4].handle=0x00000110
2022-02-27 20:42:44.939 7649-8187/? E/OplusCustomizeRestrictionManager: sInstance is null, start a new sInstance
2022-02-27 20:42:44.961 31646-18959/? W/OplusExSystemServiceHelper: checkOplusExSystemService intent getComponent is null
2022-02-27 20:42:44.978 7649-8325/? I/DpmTcmClient: RegisterTcmMonitor from: $Proxy1
2022-02-27 20:42:45.025 19625-8324/? E/Parcel: Reading a NULL string not supported here.
2022-02-27 20:42:45.027 19625-8324/? I/chatty: uid=10220(com.coloros.gamespace) IntentService[C identical 1 line
2022-02-27 20:42:45.029 19625-8324/? E/Parcel: Reading a NULL string not supported here.
2022-02-27 20:42:45.029 17414-17432/? I/system_server: Background young concurrent copying GC freed 391165(20MB) AllocSpace objects, 112(3024KB) LOS objects, 34% free, 42MB/65MB, paused 510us total 113.398ms
2022-02-27 20:42:45.031 19625-8324/? E/Parcel: Reading a NULL string not supported here.
2022-02-27 20:42:45.035 19625-8324/? I/chatty: uid=10220(com.coloros.gamespace) IntentService[C identical 3 lines
2022-02-27 20:42:45.038 19625-8324/? E/Parcel: Reading a NULL string not supported here.
2022-02-27 20:42:45.040 17414-17433/? W/JavaBinder: BinderProxy is being destroyed but the application did not call unlinkToDeath to unlink all of its death recipients beforehand.  Releasing leaked death recipient: com.android.server.AlarmManagerService$2
2022-02-27 20:42:45.040 17414-17433/? I/BpBinder: onLastStrongRef automatically unlinking death recipients: <uncached descriptor>
2022-02-27 20:42:45.040 19625-8324/? E/Parcel: Reading a NULL string not supported here.
2022-02-27 20:42:45.040 17414-17433/? W/JavaBinder: BinderProxy is being destroyed but the application did not call unlinkToDeath to unlink all of its death recipients beforehand.  Releasing leaked death recipient: com.android.server.AlarmManagerService$2
2022-02-27 20:42:45.040 17414-17433/? I/BpBinder: onLastStrongRef automatically unlinking death recipients: <uncached descriptor>
2022-02-27 20:42:45.042 19625-8324/? E/Parcel: Reading a NULL string not supported here.
2022-02-27 20:42:45.043 19625-8324/? E/Parcel: Reading a NULL string not supported here.
2022-02-27 20:42:45.050 17414-17434/? W/System: A resource failed to call release. 
2022-02-27 20:42:45.050 17414-17434/? I/chatty: uid=1000(system) FinalizerDaemon identical 3 lines
2022-02-27 20:42:45.050 17414-17434/? W/System: A resource failed to call release. 
2022-02-27 20:42:45.055 7649-7649/? V/SensorManager: unRegisterListener by com.facebook.ads.redexgen.X.8u
2022-02-27 20:42:45.055 17414-17443/? W/SensorService: SensorEventConnection sensor handle=41, package = com.facebook.ads.redexgen.X.8v disable
2022-02-27 20:42:45.055 17414-17443/? D/SensorService: recordConnection in disable
2022-02-27 20:42:45.055 17414-17443/? D/SensorService: SensorDevice::activate: ident=0xb4000072a75b92c0, handle=0x00000029, enabled=0, count=1
2022-02-27 20:42:45.055 17414-17443/? D/SensorService: disable index=0
2022-02-27 20:42:45.055 17414-17443/? D/SensorService: activateHardware = 1
2022-02-27 20:42:45.055 17414-17443/? D/SensorService: 	>>> actuating h/w activate handle=41 enabled=0
2022-02-27 20:42:45.055 17124-17124/? I/sensors-hal: activate:213, android.sensor.gyroscope/41 en=0
2022-02-27 20:42:45.055 17124-17124/? I/sensors-hal: activate:232, android.sensor.gyroscope/41 en=0 completed
2022-02-27 20:42:45.056 17414-17443/? D/SensorService: reset the mRecentEvent handle = 41
2022-02-27 20:42:45.056 17414-17443/? D/SensorService: disable reset the lastEvent handle = 41 in disable
2022-02-27 20:42:45.056 7649-7649/? E/Parcel: Reading a NULL string not supported here.
2022-02-27 20:42:45.056 17414-17443/? D/SensorService: ~SensorEventConnection(0xb4000072a75b92c0)
2022-02-27 20:42:45.056 17414-17443/? D/SensorService: 4 active sensors
2022-02-27 20:42:45.056 17414-17443/? D/SensorService: removing connection 0xb4000072a75b92c0 for sensor[0].handle=0x0000000b
2022-02-27 20:42:45.056 17414-17443/? D/SensorService: removing connection 0xb4000072a75b92c0 for sensor[1].handle=0x00000033
2022-02-27 20:42:45.056 17414-17443/? D/SensorService: removing connection 0xb4000072a75b92c0 for sensor[2].handle=0x000000bf
2022-02-27 20:42:45.056 17414-17443/? D/SensorService: removing connection 0xb4000072a75b92c0 for sensor[3].handle=0x00000110
2022-02-27 20:42:45.056 2429-2433/? E/Diag_Lib: [IMS_AP]"ims-rtp-daemon ims_rtp_qmi_handler_thread_func waiting on select thread>"
2022-02-27 20:42:45.057 1081-1081/? D/OppoExLayer: ~Layer() sequence=26091, name=Surface(name=d80fee NavigationBar0)/@0x1f034d6 - animation-leash#1@0xb40000715cf0e000
2022-02-27 20:42:45.057 1081-1081/? D/OppoExLayer: ~Layer() sequence=26075, name=Surface(name=d099261 StatusBar)/@0x58c020a - animation-leash#1@0xb40000715cfc5000
2022-02-27 20:42:45.057 1081-1081/? D/OppoExLayer: ~Layer() sequence=26076, name=Surface(name=d80fee NavigationBar0)/@0x1f034d6 - animation-leash#1@0xb400007166a34000
2022-02-27 20:42:45.057 1081-1081/? D/OppoExLayer: ~Layer() sequence=26090, name=Surface(name=d099261 StatusBar)/@0x58c020a - animation-leash#1@0xb400007166cad000
2022-02-27 20:42:45.102 17414-17829/? D/OplusCustomizeNetworkManagerService-hcwu: refreshDnsResult: not started restriction
2022-02-27 20:42:45.338 1450-1612/? I/QC-NETMGR-LIB: NetmgrNetdClientSetForwardingBetweenInterfaces(): Looking for Netd service
2022-02-27 20:42:45.339 1450-1612/? I/QC-NETMGR-LIB: NetmgrNetdClientSetForwardingBetweenInterfaces(): starting command
2022-02-27 20:42:45.339 1450-1612/? I/QC-NETMGR-LIB: setForwardingBetweenInterfaces() r_rmnet_data0 wlan0: Attempting setForwardingBetweenInterfaces
2022-02-27 20:42:45.340 1450-1612/? I/QC-NETMGR-LIB: NetmgrNetdClientSetForwardingBetweenInterfaces(): completed command
2022-02-27 20:42:45.730 19625-19904/? E/Parcel: Reading a NULL string not supported here.
2022-02-27 20:42:45.753 19625-19904/? I/chatty: uid=10220(com.coloros.gamespace) pool-3-thread-1 identical 10 lines
2022-02-27 20:42:45.781 19625-19904/? E/Parcel: Reading a NULL string not supported here.
2022-02-27 20:42:45.989 7649-8371/? D/AudioManager: getStreamVolume packageName=com.music.festival.battle, index=4, streamType=3
2022-02-27 20:42:46.558 7649-8268/? D/AudioManager: getStreamVolume packageName=com.music.festival.battle, index=4, streamType=3
2022-02-27 20:42:46.561 7649-8268/? I/chatty: uid=10336(com.music.festival.battle) JavaBridge identical 1 line
2022-02-27 20:42:46.592 7649-8268/? D/AudioManager: getStreamVolume packageName=com.music.festival.battle, index=4, streamType=3
2022-02-27 20:42:46.669 19796-20078/? E/libc: Access denied finding property "vendor.oplus.media.vpp.osie_sr.on"
2022-02-27 20:42:46.852 1414-1414/? E/cr_BTSPrefs: No data found for task id: 53
2022-02-27 20:42:46.853 1414-1414/? E/cr_BkgrdTaskScheduler: Task cannot be canceled because no data was found instorage or data was invalid
2022-02-27 20:42:46.910 7649-7729/? W/AudioCapabilities: Unsupported mime audio/ffmpeg
2022-02-27 20:42:46.911 7649-7729/? W/VideoCapabilities: Unsupported mime image/vnd.android.heic
2022-02-27 20:42:46.911 7649-7729/? W/VideoCapabilities: Unsupported mime video/ffmpeg
2022-02-27 20:42:46.922 7649-7728/? I/AAudio: AAudioStreamBuilder_openStream() called ----------------------------------------
2022-02-27 20:42:46.922 7649-7728/? I/AudioStreamBuilder: rate   =  24000, channels  = 1, format   = 5, sharing = SH, dir = OUTPUT
2022-02-27 20:42:46.922 7649-7728/? I/AudioStreamBuilder: device =      0, sessionId = -1, perfMode = 11, callback: ON with frames = 512
2022-02-27 20:42:46.922 7649-7728/? I/AudioStreamBuilder: usage  =      1, contentType = 0, inputPreset = 0, allowedCapturePolicy = 0
2022-02-27 20:42:46.922 7649-7728/? I/AudioStreamBuilder: privacy sensitive = false
2022-02-27 20:42:46.922 7649-7728/? D/AudioStreamBuilder: build() MMAP not used because AAUDIO_PERFORMANCE_MODE_LOW_LATENCY not requested.
2022-02-27 20:42:46.922 7649-7728/? D/festival.battl: PlayerBase::PlayerBase()
2022-02-27 20:42:46.923 7649-7728/? D/AudioStreamTrack: open(), request notificationFrames = 512, frameCount = 0
2022-02-27 20:42:46.923 7649-7728/? D/AudioTrack: set() streamType -1, sampleRate 24000, format 0x5, channelMask 0x1, frameCount 0, flags #8, notificationFrames 512, sessionId 0, transferType 1, uid -1, pid -1 cbf 1
2022-02-27 20:42:46.923 7649-7728/? D/AudioTrack: gATLogLevel = 0
2022-02-27 20:42:46.923 7649-7728/? D/AudioTrack: set(): Building AudioTrack with attributes: usage=1 content=2 flags=0x0 tags=[]
2022-02-27 20:42:46.924 17114-17114/? D/audio_hw_primary: adev_get_parameters:vr_audio_mode_on
2022-02-27 20:42:46.924 17114-17114/? D/audio_hw_primary: adev_get_parameters: exit: returns - vr_audio_mode_on=false
2022-02-27 20:42:46.924 17118-30660/? I/hash_map_utils: key: 'vr_audio_mode_on' value: ''
2022-02-27 20:42:46.926 17118-30660/? I/AudioPolicyManagerCustom: VR mode is 0, switch to primary output if request is for fast|raw
2022-02-27 20:42:46.926 17114-17114/? E/EffectFactoryHAL: Error querying effect descriptor for 9d4921da-8225-4f29-aefa-39537a04bcaa: No such file or directory
2022-02-27 20:42:46.927 17118-17178/? V/GameAudioEffects: outputSelected a new track request output with porId(217), session(2001), uid(10336) stream(3) flags(0x8)
2022-02-27 20:42:46.927 17118-17179/? V/OplusAudioLowLatency: outputSelected a new track request output with device(0x2),  porId(217), session(2001), uid(10336) stream(3) flags(0x8)
2022-02-27 20:42:46.927 17118-30660/? D/AudioFlinger: createTrack_l output 21  latencyMs 109 mNormalFrameCount 1920 mSampleRate 48000
2022-02-27 20:42:46.927 17118-30660/? D/AudioFlinger: createTrack_l output 21 minFrameCount 1928 frameCount 0
2022-02-27 20:42:46.927 17118-30660/? D/AudioFlinger: createTrack_l output 21 final frameCount 1928 for track session 2001 , mFrameCount 1920, mNormalFrameCount 1920
2022-02-27 20:42:46.930 17118-30660/? D/AF::TrackHandle: OpPlayAudio: track:245 usage:1 not muted
2022-02-27 20:42:46.931 7649-7727/? I/cr_MediaCodecBridge: create MediaCodec video decoder, mime video/avc
2022-02-27 20:42:46.932 7649-7727/? E/Parcel: Reading a NULL string not supported here.
2022-02-27 20:42:46.933 7649-7728/? D/AudioTrack: createTrack state 0 output.outputId=21
2022-02-27 20:42:46.933 7649-7727/? D/ACodec: ACodec() ro.oplus.audio.effect.type = dirac ro.oplus.audio.dolby.type = none
2022-02-27 20:42:46.933 7649-7727/? I/ACodec: new ACodec()
2022-02-27 20:42:46.933 7649-7727/? D/ACodec: Now uninitialized
2022-02-27 20:42:46.933 7649-7727/? D/OplusACodec: OplusACodec [131]: 
2022-02-27 20:42:46.933 7649-7727/? D/OplusACodec: getBufferChannel: New
2022-02-27 20:42:46.934 17118-17178/? E/GameAudioEffects: outputSelected call  getListValueByPid(fast-audio-effects) but return null, callingPid(7649))
2022-02-27 20:42:46.934 17118-17179/? V/OplusAudioLowLatency: outputSelected: new track created with portId(217) by callingpid(7649), Is it in a2dp-low-latency whitelist?  Answer(0)
2022-02-27 20:42:46.935 7649-7728/? D/AudioTrack: setVolume left 1.000 right 1.000 , callingPid 7649
2022-02-27 20:42:46.935 7649-7728/? D/AAudioStream: setState(s#1) from 0 to 2
2022-02-27 20:42:46.936 7649-8397/? I/OMXClient: IOmx service obtained
2022-02-27 20:42:46.936 7649-8397/? I/festival.battl: OPPOLoadFrame::CreateSpace -- create new namespace oppoex
2022-02-27 20:42:46.937 7649-7728/? I/AAudio: AAudioStreamBuilder_openStream() returns 0 = AAUDIO_OK for s#1 ----------------
2022-02-27 20:42:46.937 7649-8397/? I/festival.battl: OPPOLoadFrame::CreateSpace -- executable_path = /system/bin/app_process64
2022-02-27 20:42:46.937 7649-8397/? I/festival.battl: OPPOLoadFrame::GetCurrentSection -- ld_config_file_path = /linkerconfig/ld.config.txt
2022-02-27 20:42:46.937 7649-8397/? I/festival.battl: OPPOLoadFrame::CreateSpace -- section = system
2022-02-27 20:42:46.937 7649-8397/? I/festival.battl: OPPOLoadFrame::ReadLink --  read /system/etc/public.libraries.txt success!
2022-02-27 20:42:46.937 7649-8397/? I/festival.battl: OPPOLoadFrame::ReadLink --  read /apex/com.android.vndk.v30/etc/llndk.libraries.30.txt success!
2022-02-27 20:42:46.937 7649-8397/? I/festival.battl: OPPOLoadFrame::ReadLink --  read /system_ext/oppoex/public.libraries-oppoex.txt success!
2022-02-27 20:42:46.938 7649-8397/? I/festival.battl: OPPOLoadFrame::ReadLink --  read /apex/com.android.vndk.v30/etc/vndksp.libraries.30.txt success!
2022-02-27 20:42:46.938 7649-8397/? I/festival.battl: OPPOLoadFrame::ReadLink --  read /vendor/etc/public.libraries.txt success!
2022-02-27 20:42:46.938 7649-8397/? I/festival.battl: OPPOLoadFrame::CreateSpace -- paths = /my_company/lib64/oppoex:/my_carrier/lib64/oppoex:/my_region/lib64/oppoex:/my_product/lib64/oppoex:/system_ext/lib64/oppoex:/system/lib64/oppoex
