2022-02-27 20:42:49.830 1081-1081/? D/OppoExLayer: ~Layer() sequence=26095, name=BackColorSurface#0@0xb40000716c24a000
2022-02-27 20:42:49.830 1081-1081/? D/OppoExLayer: ~Layer() sequence=26096, name=RotationLayer#0@0xb4000071452b7000
2022-02-27 20:42:49.830 1081-1081/? D/OppoExSurfaceFlinger: re-input flinger 1
2022-02-27 20:42:49.830 1081-1081/? D/DispPerfService: AIRefreshRate enable input motion 0x1
2022-02-27 20:42:49.942 17414-20283/? I/system_server: oneway function results will be dropped but finished with status OK and parcel size 4
2022-02-27 20:42:49.942 17414-20283/? I/system_server: oneway function results will be dropped but finished with status OK and parcel size 4
2022-02-27 20:42:50.012 7649-8397/? I/OplusFeedbackInfo: 0x73144f7c00 OMX.qcom.video.decoder.avc 864x480 inputFps=0 outputFps=0 renderFps=0
2022-02-27 20:42:50.306 1029-1117/? E/ANDR-PERF-OPTSHANDLER: Perflock resource /sys/class/devfreq/soc:qcom,cpu0-cpu-llcc-lat/mem_latency/ratio_ceil not supported
2022-02-27 20:42:50.307 1029-1117/? E/ANDR-PERF-RESOURCEQS: Failed to apply optimization [13, 8]
2022-02-27 20:42:50.307 1029-1117/? E/ANDR-PERF-OPTSHANDLER: Perflock resource /sys/class/devfreq/soc:qcom,cpu4-cpu-llcc-lat/mem_latency/ratio_ceil not supported
2022-02-27 20:42:50.307 1029-1117/? E/ANDR-PERF-RESOURCEQS: Failed to apply optimization [13, 9]
2022-02-27 20:42:50.824 1029-1117/? E/ANDR-PERF-OPTSHANDLER: Perflock resource /sys/class/devfreq/soc:qcom,cpu0-cpu-llcc-lat/mem_latency/ratio_ceil not supported
2022-02-27 20:42:50.824 1029-1117/? E/ANDR-PERF-RESOURCEQS: Failed to apply optimization [13, 8]
2022-02-27 20:42:50.824 1029-1117/? E/ANDR-PERF-OPTSHANDLER: Perflock resource /sys/class/devfreq/soc:qcom,cpu4-cpu-llcc-lat/mem_latency/ratio_ceil not supported
2022-02-27 20:42:50.824 1029-1117/? E/ANDR-PERF-RESOURCEQS: Failed to apply optimization [13, 9]
2022-02-27 20:42:51.013 7649-8397/? I/OplusFeedbackInfo: 0x73144f7c00 OMX.qcom.video.decoder.avc 864x480 inputFps=0 outputFps=0 renderFps=0
2022-02-27 20:42:51.013 7649-8397/? D/OplusFeedbackInfo: [notifyFpsToSF:L421] fixFps=0 currentFps=0 isRelease=0
2022-02-27 20:42:51.013 1081-4879/? D/DispPerfService: Codec Notify OVFR fixFPS = 0, calFPS = 0, codecOn = 1
2022-02-27 20:42:51.668 19796-20080/? E/libc: Access denied finding property "vendor.oplus.media.vpp.osie_sr.on"
2022-02-27 20:42:51.670 17414-17460/? I/system_server: Explicit concurrent copying GC freed 173857(10MB) AllocSpace objects, 24(604KB) LOS objects, 38% free, 39MB/63MB, paused 336us total 262.537ms
2022-02-27 20:42:51.672 17414-17433/? W/JavaBinder: BinderProxy is being destroyed but the application did not call unlinkToDeath to unlink all of its death recipients beforehand.  Releasing leaked death recipient: com.android.server.AlarmManagerService$2
2022-02-27 20:42:51.672 17414-17433/? I/BpBinder: onLastStrongRef automatically unlinking death recipients: <uncached descriptor>
2022-02-27 20:42:51.680 17414-17434/? W/System: A resource failed to call release. 
2022-02-27 20:42:49.461 17414-17460/? I/chatty: uid=1000(system) android.display identical 3 lines
2022-02-27 20:42:49.813 17414-17460/? D/PowerManagerService: setScreenBrightnessOverrideFromWindowManagerInternal brightness=NaN mScreenBrightnessOverrideFromWindowManager=NaN
2022-02-27 20:42:51.687 17414-17829/? D/OplusCustomizeNetworkManagerService-hcwu: refreshDnsResult: not started restriction
2022-02-27 20:42:51.827 17414-17414/? V/AlarmManager: set(null) : type=3 when=152598772whenElapsed152598772maxWhen =153128727 win=529955 interval=0 flags=0x0 pkg = android
2022-02-27 20:42:51.680 17414-17434/? I/chatty: uid=1000(system) FinalizerDaemon identical 1 line
2022-02-27 20:42:51.680 17414-17434/? W/System: A resource failed to call release. 
2022-02-27 20:42:52.014 7649-8397/? I/OplusFeedbackInfo: 0x73144f7c00 OMX.qcom.video.decoder.avc 864x480 inputFps=0 outputFps=0 renderFps=0
2022-02-27 20:42:52.014 1358-1421/? D/AtlasService: clientsCount 2
2022-02-27 20:42:52.014 1358-1421/? D/AtlasService: notify 1029 to client
2022-02-27 20:42:52.334 17414-17829/? D/OplusCustomizeNetworkManagerService-hcwu: refreshDnsResult: not started restriction
2022-02-27 20:42:52.014 1358-1421/? D/AtlasService: notify 1029 to client
2022-02-27 20:42:52.549 17414-18043/? V/OplusNlpProxy: handleMessage what - 109
2022-02-27 20:42:52.919 7649-8232/? W/festival.battl: Accessing hidden method Lcom/android/org/conscrypt/OpenSSLSocketImpl;->setAlpnProtocols([B)V (greylist-max-q,test-api, reflection, denied)
2022-02-27 20:42:52.919 7649-8232/? W/festival.battl: Accessing hidden method Lcom/android/org/conscrypt/AbstractConscryptSocket;->setAlpnProtocols([B)V (greylist-max-q, reflection, denied)
2022-02-27 20:42:52.921 7649-8231/? W/festival.battl: Accessing hidden method Lcom/android/org/conscrypt/OpenSSLSocketImpl;->setAlpnProtocols([B)V (greylist-max-q,test-api, reflection, denied)
2022-02-27 20:42:52.921 7649-8231/? W/festival.battl: Accessing hidden method Lcom/android/org/conscrypt/AbstractConscryptSocket;->setAlpnProtocols([B)V (greylist-max-q, reflection, denied)
2022-02-27 20:42:52.971 7649-8231/? W/festival.battl: Accessing hidden method Lcom/android/org/conscrypt/OpenSSLSocketImpl;->getAlpnSelectedProtocol()[B (greylist-max-q,test-api, reflection, denied)
2022-02-27 20:42:52.971 7649-8232/? W/festival.battl: Accessing hidden method Lcom/android/org/conscrypt/OpenSSLSocketImpl;->getAlpnSelectedProtocol()[B (greylist-max-q,test-api, reflection, denied)
2022-02-27 20:42:52.971 7649-8231/? W/festival.battl: Accessing hidden method Lcom/android/org/conscrypt/AbstractConscryptSocket;->getAlpnSelectedProtocol()[B (greylist-max-q, reflection, denied)
2022-02-27 20:42:52.971 7649-8232/? W/festival.battl: Accessing hidden method Lcom/android/org/conscrypt/AbstractConscryptSocket;->getAlpnSelectedProtocol()[B (greylist-max-q, reflection, denied)
2022-02-27 20:42:53.014 7649-8397/? I/OplusFeedbackInfo: 0x73144f7c00 OMX.qcom.video.decoder.avc 864x480 inputFps=0 outputFps=0 renderFps=0
2022-02-27 20:42:53.014 7649-8397/? I/OplusFeedbackInfo: send video stutter message MM_FB_EventID#11002#ClientPid#7649#Component#OMX.qcom.video.decoder.avc#VideoInputFps#0#VideoOutputFps#0#VideoRenderFps#0#VideoHeight#480#VideoWidth#864#IsMediaPlayer#0#LogLevel#3#FpsArray#20/0/0/0/0/0
2022-02-27 20:42:53.015 1358-1421/? D/AtlasService: clientsCount 2
2022-02-27 20:42:53.015 1358-1421/? D/AtlasService: notify 1026 to client
2022-02-27 20:42:52.883 17414-17829/? I/chatty: uid=1000(system) DnsEventHandleT identical 1 line
2022-02-27 20:42:52.883 17414-17829/? D/OplusCustomizeNetworkManagerService-hcwu: refreshDnsResult: not started restriction
2022-02-27 20:42:53.032 17414-17463/? V/OppoBaseWatchdog: @WatchDog_ error e: java.io.FileNotFoundException: /d/wakeup_sources: open failed: ENOENT (No such file or directory)
2022-02-27 20:42:53.062 19046-31777/? W/ContextImpl: Calling a method in the system process without a qualified user: android.app.ContextImpl.startService:1705 android.content.ContextWrapper.startService:730 com.oplus.util.OplusStatisticsImpl.startService:216 com.oplus.util.OplusStatisticsImpl.sendDataToDCS:192 com.oplus.util.OplusStatisticsImpl.onCommonSync:84 
2022-02-27 20:42:53.015 1358-1421/? D/AtlasService: notify 1026 to client
2022-02-27 20:42:53.068 18364-18455/? W/[0]DCS-MobileHelper: getContryCode slotid=0,type=1,code=null,result=
2022-02-27 20:42:53.068 18364-18455/? W/[0]DCS-MobileHelper: getContryCode slotid=1,type=1,code=null,result=
2022-02-27 20:42:54.016 7649-8397/? I/OplusFeedbackInfo: 0x73144f7c00 OMX.qcom.video.decoder.avc 864x480 inputFps=0 outputFps=0 renderFps=0
2022-02-27 20:42:55.106 17414-17479/? D/BatteryLed: getLightInColorState, oppoLightMgr empty!
2022-02-27 20:42:55.016 7649-8397/? I/OplusFeedbackInfo: 0x73144f7c00 OMX.qcom.video.decoder.avc 864x480 inputFps=0 outputFps=0 renderFps=0
2022-02-27 20:42:55.117 18244-18244/? D/DeviceStatisticsService: chargerType=0 batteryLevel=100 totalBatteryCapacity=5000000
2022-02-27 20:42:55.221 17951-17965/? W/System: A resource failed to call release. 
2022-02-27 20:42:55.229 1081-1081/? D/OppoExLayer: ~Layer() sequence=25989, name=Surface(name=2d41f85 InputMethod)/@0x3fd060b - animation-leash#0@0xb4000071660be000
2022-02-27 20:42:55.238 17951-17965/? W/System: A resource failed to call release. 
2022-02-27 20:42:55.246 1081-1081/? D/OppoExLayer: ~Layer() sequence=25794, name=Surface(name=2d41f85 InputMethod)/@0x3fd060b - animation-leash#0@0xb40000716c26a000
2022-02-27 20:42:56.017 7649-8397/? I/OplusFeedbackInfo: 0x73144f7c00 OMX.qcom.video.decoder.avc 864x480 inputFps=0 outputFps=0 renderFps=0
2022-02-27 20:42:56.668 19796-20080/? E/libc: Access denied finding property "vendor.oplus.media.vpp.osie_sr.on"
2022-02-27 20:42:56.927 7649-7728/? D/AAudio: AAudioStream_requestStop(s#1) called
2022-02-27 20:42:56.927 7649-7728/? D/AAudioStream: setState(s#1) from 4 to 9
2022-02-27 20:42:56.927 7649-7728/? D/AudioTrack: stop(217): prior state:STATE_ACTIVE output 21 stream 3 session 2001
2022-02-27 20:42:56.927 7649-7728/? D/AudioTrack: stop(217): called with 241984 frames delivered
2022-02-27 20:42:56.928 7649-7728/? D/festival.battl: PlayerBase::stop() from IPlayer
2022-02-27 20:42:56.935 12747-12781/? D/AudioManager: getStreamVolume packageName=com.google.android.googlequicksearchbox, index=4, streamType=3
2022-02-27 20:42:56.936 7649-7728/? D/AAudioStream: setState(s#1) from 9 to 10
2022-02-27 20:42:57.017 7649-8397/? I/OplusFeedbackInfo: 0x73144f7c00 OMX.qcom.video.decoder.avc 864x480 inputFps=0 outputFps=0 renderFps=0
2022-02-27 20:42:57.018 1358-1421/? D/AtlasService: clientsCount 2
2022-02-27 20:42:57.018 1358-1421/? D/AtlasService: notify 1025 to client
2022-02-27 20:42:57.018 1358-1421/? D/AtlasService: notify 1025 to client
2022-02-27 20:42:57.051 17414-8457/? I/DpmTcmClient: RegisterTcmMonitor from: $Proxy1
2022-02-27 20:42:57.064 17414-17829/? D/OplusCustomizeNetworkManagerService-hcwu: refreshDnsResult: not started restriction
2022-02-27 20:42:57.157 17118-17392/? D/AudioFlinger: dcclog abandonSchedBoost  pid(7649) mAudioFlinger->mActiveTrackPids.size(1)
2022-02-27 20:42:57.158 17118-17177/? D/APM_AudioPolicyManager: stopOutput portId 217
2022-02-27 20:42:57.158 17118-17177/? D/APM_AudioPolicyManager: stopOutput() output 21, stream 3, session 2001
2022-02-27 20:42:57.158 1358-1358/? D/OppoAudioState: updateAudioState eventId:2
2022-02-27 20:42:57.158 17118-17177/? D/APM_AudioPolicyManager: setOutputDevice() output 21 device AUDIO_DEVICE_NONE force 0 delayMs 218
2022-02-27 20:42:57.158 17118-17177/? D/APM_AudioPolicyManager: setOutputDevices() prevDevice {type:0x2,@:}
2022-02-27 20:42:57.160 17118-17177/? W/APM::AudioPolicyEngine: getDevicesForStrategy() unknown strategy: -1
2022-02-27 20:42:57.160 17118-17177/? D/APM_AudioPolicyManager: setOutputDevice() output 13 device {type:0x2,@:} force 0 delayMs 0
2022-02-27 20:42:57.160 17118-17177/? D/APM_AudioPolicyManager: setOutputDevices() prevDevice {type:0x2,@:}
2022-02-27 20:42:57.160 17414-20338/? I/system_server: oneway function results will be dropped but finished with status OK and parcel size 4
2022-02-27 20:42:57.162 17118-17177/? W/APM::AudioPolicyEngine: getDevicesForStrategy() unknown strategy: -1
2022-02-27 20:42:57.163 17118-17179/? D/OplusAudioLowLatency: outputStopped  portId(217)
2022-02-27 20:42:57.164 17118-17178/? D/GameAudioEffects: outputStopped  portId(217)
2022-02-27 20:42:57.164 17118-17177/? D/APM_AudioPolicyManager: setOutputDevices:filteredDevices isempty 0,getEncodedFormat 0x0,getName = primary output
2022-02-27 20:42:57.166 17118-17177/? W/APM::AudioPolicyEngine: getDevicesForStrategy() unknown strategy: -1
2022-02-27 20:42:57.166 17118-17177/? W/APM::AudioPolicyEngine: getDevicesForStrategy() unknown strategy: -1
2022-02-27 20:42:57.166 17118-17177/? D/GameAudioEffects: hasAliveFastEffectTracks  return (0)
2022-02-27 20:42:57.186 19046-22022/? D/AudioManager: getStreamVolume packageName=com.oppo.atlas, index=4, streamType=3
2022-02-27 20:42:57.190 19159-19159/? D/OppoDiracService: mrDiracEffectBroadcastReceiver action = android.Multimedia.AudioEffect.AudioTrack_BROADCAST
2022-02-27 20:42:57.190 19159-19159/? D/OppoDiracService: +new tast
2022-02-27 20:42:57.190 19159-19159/? D/OppoDiracService: -new tast
2022-02-27 20:42:57.241 19159-19357/? D/OppoDiracService: handleMessage, msg what = 21
2022-02-27 20:42:57.241 19159-31567/? D/DiracDetectSceneService: Task.run, effectenable = true
2022-02-27 20:42:57.242 19159-31567/? D/DiracDetectSceneService: checkAndSetDirac : activeAudioPids = :7649
2022-02-27 20:42:57.243 19159-31567/? D/DiracDetectSceneService: +activePidList = [7649]
2022-02-27 20:42:57.248 19159-31567/? D/DiracDetectSceneService: +activeAudioAppList = [com.music.festival.battle]
2022-02-27 20:42:57.248 19159-31567/? D/DiracDetectSceneService: isInMusicAppList appName:com.music.festival.battle
2022-02-27 20:42:57.248 19159-31567/? D/DiracDetectSceneService: isInVideoAppList appName:com.music.festival.battle
2022-02-27 20:42:57.248 19159-31567/? D/DiracDetectSceneService: isInGameAppList appName:com.music.festival.battle
2022-02-27 20:42:57.248 19159-31567/? D/DiracDetectSceneService: isInVideo2AppList appName:com.music.festival.battle
2022-02-27 20:42:57.248 19159-31567/? D/OppoDiracService: commonDiracToast str = this app not in list, Service Close Dirac
2022-02-27 20:42:57.248 19159-31567/? D/DiracDetectSceneService: this case is not in app list
2022-02-27 20:42:57.248 19159-31567/? D/OppoDiracService: setDiracEffectInternal ++++ enable = false mode = NONE mSceneModeForUI:AUTO
2022-02-27 20:42:57.248 19159-31567/? D/OppoDiracService: isHeadsetOn mWiredHeadsetOn:false mA2dpConnected:false
2022-02-27 20:42:57.248 19159-31567/? D/OppoDiracService: ignore this time setDiracEnalbe, enable = false mode = NONE mSceneModeForUI = AUTO
2022-02-27 20:42:58.018 7649-8397/? I/OplusFeedbackInfo: [sendFPSInfo:L359] input/output/render 0fps over 10s, reduce print fps log
2022-02-27 20:42:58.730 17414-17782/? D/JobScheduler.Temperature: get temperature=36.749
2022-02-27 20:42:59.997 17114-17129/? D/audio_hw_primary: out_standby: enter: stream (0xef4c8000) usecase(0: deep-buffer-playback)
2022-02-27 20:43:00.004 17414-17673/? V/AlarmManager: set(null) : type=3 when=151960337whenElapsed151960337maxWhen =151960337 win=0 interval=0 flags=0x1 pkg = android
2022-02-27 20:43:00.008 18790-18790/? I/WeatherS_WeatherServiceVersionUtils: serviceVersionCode8002022
2022-02-27 20:43:00.008 18790-18790/? I/chatty: uid=10205(com.coloros.alarmclock) identical 1 line
2022-02-27 20:43:00.008 18790-18790/? I/WeatherS_WeatherServiceVersionUtils: serviceVersionCode8002022
2022-02-27 20:43:00.011 18790-18790/? W/ClockTag ClockWidget.ClockWidgetManager: updateWeatherInfo -- weatherEntity is null!
2022-02-27 20:43:00.053 17414-18405/? E/OplusCustomizeRestrictionManagerService: isBiometricDisabled start
2022-02-27 20:43:00.056 17414-20283/? E/OplusCustomizeRestrictionManagerService: isBiometricDisabled start
2022-02-27 20:43:00.140 17114-17129/? D/audio_hw_primary: stop_output_stream: enter: usecase(0: deep-buffer-playback)
2022-02-27 20:43:00.140 17114-17129/? D/audio_hw_primary: disable_audio_route: reset and update mixer path: deep-buffer-playback
2022-02-27 20:43:00.141 17114-17129/? D/soundtrigger: audio_extn_sound_trigger_update_stream_status: uc_info->id 0 of type 0 for Event 2, with Raise=1
2022-02-27 20:43:00.141 17114-17129/? I/sound_trigger_platform: platform_stdev_check_and_update_concurrency: Received PLAYBACK_STREAM event, event type 2, usecase type 0
2022-02-27 20:43:00.141 17114-17129/? D/sound_trigger_platform: platform_stdev_get_capture_device: Device = 0x80000004
2022-02-27 20:43:00.141 17114-17129/? D/sound_trigger_platform: platform_stdev_get_capture_device: Available device = 0x80000004
2022-02-27 20:43:00.141 17114-17129/? D/sound_trigger_platform: platform_stdev_check_and_update_concurrency: dedicated path 1, reset backend 1, tx 0, rx 0, concurrency session allowed
2022-02-27 20:43:00.141 17114-17129/? D/hardware_info: hw_info_append_hw_type : device_name = speaker
2022-02-27 20:43:00.142 17114-17129/? D/audio_hw_primary: disable_snd_device: snd_device(2: speaker), snd_dev_ref_cnt 1
2022-02-27 20:43:00.142 17114-17129/? D/oplus_pa_boost_vol_aw: output_set_pa_voltage, 157, adev->adev_extends.stream_out_count = 1
2022-02-27 20:43:00.142 17114-17129/? D/oplus_pa_boost_vol_aw: set_pa_voltage, 122, voltage = 0
2022-02-27 20:43:00.143 17114-17129/? D/oplus_pa_boost_vol_aw: set_pa_voltage, 150, voltage = 0, adev->adev_extends.pre_boost_index = 0
2022-02-27 20:43:00.143 17114-17129/? D/audio_hw_primary: stop_output_stream: exit: status(0)
2022-02-27 20:43:00.143 17114-17129/? D/audio_hw_primary: out_standby: exit
2022-02-27 20:43:00.145 17414-18405/? I/system_server: oneway function results will be dropped but finished with status OK and parcel size 4
2022-02-27 20:43:00.223 17414-17479/? D/BatteryLed: getLightInColorState, oppoLightMgr empty!
2022-02-27 20:43:00.243 18244-18244/? D/DeviceStatisticsService: chargerType=0 batteryLevel=100 totalBatteryCapacity=5000000
2022-02-27 20:43:01.668 19796-20075/? E/libc: Access denied finding property "vendor.oplus.media.vpp.osie_sr.on"
2022-02-27 20:43:01.937 7649-7728/? D/AAudio: AAudioStream_close(s#1) called ---------------
2022-02-27 20:43:01.937 7649-7728/? D/AAudioStream: setState(s#1) from 10 to 11
2022-02-27 20:43:01.937 7649-7728/? D/AudioTrack: ~AudioTrack, releasing mStatus =0 session id 2001 from 7649 on behalf of 7649
2022-02-27 20:43:01.938 7649-7728/? D/AudioTrack: stop(217): prior state:STATE_STOPPED output 21 stream 3 session 2001
2022-02-27 20:43:01.939 7649-7728/? D/AAudioStream: setState(s#1) from 11 to 12
2022-02-27 20:43:01.939 7649-7728/? D/AAudioStream: ~AudioStream(s#1) mPlayerBase strongCount = 2
2022-02-27 20:43:01.939 7649-7728/? D/AAudio: AAudioStream_close(s#1) returned 0 ---------
2022-02-27 20:43:01.939 17118-17179/? D/OplusAudioLowLatency: outputReleased  portId(217)
2022-02-27 20:43:01.940 17118-17178/? D/GameAudioEffects: outputReleased portId(217)
2022-02-27 20:43:01.944 12747-12787/? D/AudioManager: getStreamVolume packageName=com.google.android.googlequicksearchbox, index=4, streamType=3
2022-02-27 20:43:02.074 7649-7727/? W/cr_MediaCodecBridge: Releasing: OMX.qcom.video.decoder.avc
2022-02-27 20:43:02.074 7649-8396/? D/SurfaceUtils: connecting to surface 0x732c163010, reason connectToSurface
2022-02-27 20:43:02.074 7649-8396/? I/MediaCodec: [OMX.qcom.video.decoder.avc] setting surface generation to 7832578
2022-02-27 20:43:02.074 7649-8396/? D/SurfaceUtils: disconnecting from surface 0x732c163010, reason connectToSurface(reconnect)
2022-02-27 20:43:02.074 7649-8396/? D/SurfaceUtils: connecting to surface 0x732c163010, reason connectToSurface(reconnect)
2022-02-27 20:43:02.075 1397-19351/? E/OMX-VDEC-1080P: Extension: OMX.google.android.index.AndroidNativeBufferConsumerUsage not implemented
2022-02-27 20:43:02.075 7649-8397/? D/SurfaceUtils: set up nativeWindow 0x732c163010 for 864x480, color 0x7fa30c04, rotation 0, usage 0x20002900
2022-02-27 20:43:02.075 7649-8396/? D/SurfaceUtils: disconnecting from surface 0x728d198010, reason disconnectFromSurface
2022-02-27 20:43:02.075 7649-8396/? E/Surface: freeAllBuffers: 17 buffers were freed while being dequeued!
2022-02-27 20:43:02.075 7649-8396/? I/OplusFeedbackInfo: [sendFeedbackInfo:L292]  send:MM_FB_EventID#21001#ClientPid#7649#ReportLevel#0#isHDRVideo#false#timeUsage#16#videoComponent#OMX.qcom.video.decoder.avc#videoHeight#480#videoMime#video/avc#videoWidth#854
2022-02-27 20:43:02.076 1358-1421/? D/AtlasService: clientsCount 2
2022-02-27 20:43:02.076 1358-1421/? D/AtlasService: notify 256 to client
2022-02-27 20:43:02.076 1358-1421/? D/AtlasService: notify 256 to client
2022-02-27 20:43:02.076 7649-7727/? W/cr_MediaCodecBridge: Codec released
2022-02-27 20:43:02.077 7649-8397/? D/ACodec: [OMX.qcom.video.decoder.avc] Now Executing->Idle
2022-02-27 20:43:02.084 19046-31777/? W/ContextImpl: Calling a method in the system process without a qualified user: android.app.ContextImpl.startService:1705 android.content.ContextWrapper.startService:730 com.oplus.util.OplusStatisticsImpl.startService:216 com.oplus.util.OplusStatisticsImpl.sendDataToDCS:192 com.oplus.util.OplusStatisticsImpl.onCommonSync:84 
2022-02-27 20:43:02.090 18364-18455/? W/[0]DCS-MobileHelper: getContryCode slotid=0,type=1,code=null,result=
2022-02-27 20:43:02.090 18364-18455/? W/[0]DCS-MobileHelper: getContryCode slotid=1,type=1,code=null,result=
2022-02-27 20:43:02.091 7649-8397/? D/ACodec: [OMX.qcom.video.decoder.avc] Now Idle->Loaded
2022-02-27 20:43:02.092 7649-8397/? D/ACodec: [OMX.qcom.video.decoder.avc] Now Loaded
2022-02-27 20:43:02.092 1397-4499/? I/OMX-VDEC-1080P: omx_vdec::component_deinit() complete
2022-02-27 20:43:02.096 1397-4499/? I/OMX-VDEC-1080P: Exit OMX vdec Destructor: fd=7
2022-02-27 20:43:02.098 7649-8397/? D/ACodec: Now uninitialized
2022-02-27 20:43:02.098 7649-8396/? D/SurfaceUtils: disconnecting from surface 0x732c163010, reason disconnectFromSurface
2022-02-27 20:43:02.100 7649-8396/? D/OplusACodec: ~OplusACodec [145]: 
2022-02-27 20:43:02.100 7649-8396/? I/ACodec: ~ACodec()
2022-02-27 20:43:02.100 7649-8396/? D/OplusFeedbackInfo: [notifyFpsToSF:L421] fixFps=0 currentFps=0 isRelease=1
2022-02-27 20:43:02.100 1081-4879/? D/DispPerfService: Codec Notify OVFR fixFPS = 0, calFPS = 0, codecOn = 0
2022-02-27 20:43:03.927 17414-18405/? V/AlarmManager: set(PendingIntent{a66a6d5: PendingIntentRecord{a719118 com.google.android.gms/com.google.android.gms.location_base broadcastIntent}}) : type=2 when=151909254whenElapsed151909257maxWhen =151909257 win=0 interval=0 flags=0x0 pkg = com.google.android.gms
2022-02-27 20:43:03.937 17414-17760/? D/WifiNative: Scan trigered from WifiNative
2022-02-27 20:43:03.942 17414-17760/? V/AlarmManager: set(null) : type=2 when=151934279whenElapsed151934279maxWhen =151956779 win=22500 interval=0 flags=0x8 pkg = android
2022-02-27 20:43:03.942 17414-17760/? V/AlarmManager: set(null) : type=2 when=151919279whenElapsed151919279maxWhen =151930529 win=11250 interval=0 flags=0x8 pkg = android
2022-02-27 20:43:05.558 1414-1502/? E/Parcel: Reading a NULL string not supported here.
2022-02-27 20:43:06.097 17414-17479/? D/BatteryLed: getLightInColorState, oppoLightMgr empty!
2022-02-27 20:43:06.109 18244-18244/? D/DeviceStatisticsService: chargerType=0 batteryLevel=100 totalBatteryCapacity=5000000
2022-02-27 20:43:06.179 17414-18137/? I/ColorHansManager: stateRToFFreeze--imporant case: pkgName: com.music.festival.battle, reason: audiofocus
2022-02-27 20:43:06.668 19796-20080/? E/libc: Access denied finding property "vendor.oplus.media.vpp.osie_sr.on"
2022-02-27 20:43:06.972 17414-20338/? D/WifiNl80211Manager: Scan result ready event
2022-02-27 20:43:06.987 17414-17714/? D/OplusPlatformManagerExt:  OplusPlatformManagerExt getInstance: com.oplus.server.wifi.OplusPlatformManagerImplExt@19f0983
2022-02-27 20:43:06.989 17414-17714/? I/chatty: uid=1000(system) WifiHandlerThre identical 8 lines
2022-02-27 20:43:06.989 17414-17714/? D/OplusPlatformManagerExt:  OplusPlatformManagerExt getInstance: com.oplus.server.wifi.OplusPlatformManagerImplExt@19f0983
2022-02-27 20:43:06.989 17414-17760/? D/WificondScannerImpl: Filtering out 3 scan results.
2022-02-27 20:43:06.989 17414-17760/? D/WificondScannerImpl: Filtering out 3 scan results.
2022-02-27 20:43:07.014 17414-17714/? D/OplusClientModeImpl2: handleScanResultEvent2
2022-02-27 20:43:07.025 17414-27383/? V/AlarmManager: set(PendingIntent{5e293af: PendingIntentRecord{a719118 com.google.android.gms/com.google.android.gms.location_base broadcastIntent}}) : type=2 when=9223372036854775807whenElapsed9223372036854775807maxWhen =9223372036854775807 win=0 interval=0 flags=0x0 pkg = com.google.android.gms
2022-02-27 20:43:07.036 17414-17714/? D/OplusAutoConnectManager: find scanConfKey "L176b5a3854in wlan assistant NetworkRecords
2022-02-27 20:43:07.157 17414-17829/? D/OplusCustomizeNetworkManagerService-hcwu: refreshDnsResult: not started restriction
2022-02-27 20:43:08.736 17414-17782/? D/JobScheduler.Temperature: get temperature=36.658
2022-02-27 20:43:07.037 17414-17714/? D/OplusAutoConnectManager: find scanConfKey "L176b5a3854in wlan assistant NetworkRecords
2022-02-27 20:43:09.016 1328-1344/? D/bspCriticalLog: power_monitor cpu-0-0-usr: open fail -1
2022-02-27 20:43:09.016 1328-1342/? D/bspCriticalLog: thermal_monitor ddr-usr: open fail -1
2022-02-27 20:43:09.016 1328-1342/? D/bspCriticalLog: thermal_monitor gpuss-0-usr: open fail -1
2022-02-27 20:43:09.016 1328-1342/? D/bspCriticalLog: thermal_monitor cpu-0-0-usr: open fail -1
2022-02-27 20:43:11.221 17414-17479/? D/BatteryLed: getLightInColorState, oppoLightMgr empty!
2022-02-27 20:43:11.234 18244-18244/? D/DeviceStatisticsService: chargerType=0 batteryLevel=100 totalBatteryCapacity=5000000
2022-02-27 20:43:11.344 17414-17777/? V/AlarmManager: set(null) : type=3 when=151941681whenElapsed151941681maxWhen =151964181 win=22500 interval=0 flags=0x8 pkg = android
2022-02-27 20:43:11.668 19796-20078/? E/libc: Access denied finding property "vendor.oplus.media.vpp.osie_sr.on"
2022-02-27 20:43:13.085 17414-17829/? D/OplusCustomizeNetworkManagerService-hcwu: refreshDnsResult: not started restriction
2022-02-27 20:43:16.668 19796-20080/? E/libc: Access denied finding property "vendor.oplus.media.vpp.osie_sr.on"
2022-02-27 20:43:17.104 17414-17479/? D/BatteryLed: getLightInColorState, oppoLightMgr empty!
2022-02-27 20:43:17.114 18244-18244/? D/DeviceStatisticsService: chargerType=0 batteryLevel=100 totalBatteryCapacity=5000000
2022-02-27 20:43:18.746 17414-17782/? D/JobScheduler.Temperature: get temperature=36.573
2022-02-27 20:43:19.310 31646-2628/? V/NativeCrypto: SSL shutdown failed: ssl=0xb4000072a94c32c8: I/O error during system call, Software caused connection abort
2022-02-27 20:43:21.668 19796-20078/? E/libc: Access denied finding property "vendor.oplus.media.vpp.osie_sr.on"
2022-02-27 20:43:23.033 17414-17463/? V/OppoBaseWatchdog: @WatchDog_ error e: java.io.FileNotFoundException: /d/wakeup_sources: open failed: ENOENT (No such file or directory)
2022-02-27 20:43:26.668 19796-20080/? E/libc: Access denied finding property "vendor.oplus.media.vpp.osie_sr.on"
2022-02-27 20:43:28.750 17414-17782/? D/JobScheduler.Temperature: get temperature=36.472
2022-02-27 20:43:29.016 1328-1342/? D/bspCriticalLog: thermal_monitor ddr-usr: open fail -1
2022-02-27 20:43:29.016 1328-1344/? D/bspCriticalLog: power_monitor cpu-0-0-usr: open fail -1
2022-02-27 20:43:29.016 1328-1342/? D/bspCriticalLog: thermal_monitor gpuss-0-usr: open fail -1
2022-02-27 20:43:29.016 1328-1342/? D/bspCriticalLog: thermal_monitor cpu-0-0-usr: open fail -1
2022-02-27 20:43:29.462 19572-20817/? I/Athena: MemoryGuardAction: 24375s since the last releasing, try to force trigger
2022-02-27 20:43:29.464 19572-20817/? I/Athena: MemoryGuardAction: triggerMemory:1600MB, availMemory:2374MB
2022-02-27 20:43:31.668 19796-20080/? E/libc: Access denied finding property "vendor.oplus.media.vpp.osie_sr.on"
