2022-02-27 20:51:20.956 9058-9058/? E/Parcel: Reading a NULL string not supported here.
2022-02-27 20:51:20.961 18609-22437/? W/ContextImpl: Calling a method in the system process without a qualified user: android.app.ContextImpl.startService:1705 android.content.ContextWrapper.startService:730 com.oppo.a.a.c.a.a:13 com.oppo.a.a.c.a.a:234 com.oppo.a.a.a.c.a:16 
2022-02-27 20:51:20.962 17414-17460/? D/OplusBaseBatteryStatsImpl: resumedUid:10336 resumedBatteryLevel:100  resumedPackage:com.music.festival.battle  resumedBatteryRealtimeCapacity:4835
2022-02-27 20:51:20.959 9058-9058/? I/chatty: uid=10336(com.music.festival.battle) SDLActivity identical 21 lines
2022-02-27 20:51:20.959 9058-9058/? E/Parcel: Reading a NULL string not supported here.
2022-02-27 20:51:20.964 18364-18455/? W/[0]DCS-MobileHelper: getContryCode slotid=0,type=1,code=null,result=
2022-02-27 20:51:20.965 18364-18455/? W/[0]DCS-MobileHelper: getContryCode slotid=1,type=1,code=null,result=
2022-02-27 20:51:20.966 9058-9058/? D/Admob: memoryshit: 536870912
2022-02-27 20:51:20.966 9058-9058/? D/Admob: memory usage shit: 27105040
2022-02-27 20:51:20.974 9058-9111/? I/FA-Ads: Tag Manager is not found and thus will not be used
2022-02-27 20:51:20.985 9058-9058/? D/GameAnalytics: request init
2022-02-27 20:51:20.988 9058-9058/? V/ironSourceSDK: INTERNAL: IronSourceObject init
2022-02-27 20:51:20.989 9058-9058/? I/ironSourceSDK: API: init(appKey:f990ca51)
2022-02-27 20:51:21.004 9058-9058/? I/WebViewFactory: Loading com.google.android.webview version 98.0.4758.101 (code 475810133)
2022-02-27 20:51:21.018 1029-6596/? E/ANDR-PERF-LM: VmRssMeter:: start() 447: Could not find pid, can not collect vmrss data
2022-02-27 20:51:21.019 1029-6597/? E/ANDR-PERF-LM: VmRssMeter:: start() 447: Could not find pid, can not collect vmrss data
2022-02-27 20:51:21.019 1029-6597/? E/ANDR-PERF-LM: AdaptiveLaunch: writeToDataBase() 64: Meter aborted or could not get meter data for this run
2022-02-27 20:51:21.033 9058-9058/? I/cr_WVCFactoryProvider: Loaded version=98.0.4758.101 minSdkVersion=29 isBundle=true multiprocess=true packageId=2
2022-02-27 20:51:21.044 9058-9058/? I/cr_LibraryLoader: Successfully loaded native library
2022-02-27 20:51:21.044 9058-9058/? I/cr_CachingUmaRecorder: Flushed 9 samples from 9 histograms.
2022-02-27 20:51:21.056 17414-18797/? D/CompatibilityChangeReporter: Compat change id reported: 135634846; UID 10336; state: DISABLED
2022-02-27 20:51:21.057 17414-17487/? D/CompatibilityChangeReporter: Compat change id reported: 143937733; UID 10336; state: ENABLED
2022-02-27 20:51:21.069 18044-18044/? D/Zygote: Forked child process 9136
2022-02-27 20:51:21.071 17414-17487/? I/ActivityManager: Start proc 9136:com.google.android.webview:sandboxed_process0:org.chromium.content.app.SandboxedProcessService0:0/u0i195 for  {com.music.festival.battle/org.chromium.content.app.SandboxedProcessService0:0}
2022-02-27 20:51:21.076 9136-9136/? E/ocessService0:: Unknown bits set in runtime_flags: 0x40000000
2022-02-27 20:51:21.077 9136-9136/? W/ocessService0:: Using default instruction set features for ARM CPU variant (cortex-a9) using conservative defaults
2022-02-27 20:51:21.080 9136-9136/? E/ocessService0:: Not starting debugger since process cannot load the jdwp agent.
2022-02-27 20:51:21.085 9136-9136/? E/RefClass: java.lang.reflect.InvocationTargetException
2022-02-27 20:51:21.086 9136-9136/? I/OneTrace: Mark active for pid=9136? true
2022-02-27 20:51:21.091 9058-9143/? W/chromium: [WARNING:dns_config_service_android.cc(114)] Failed to read DnsConfig.
2022-02-27 20:51:21.092 17414-18770/? D/CompatibilityChangeReporter: Compat change id reported: 136274596; UID 10336; state: ENABLED
2022-02-27 20:51:21.094 17414-17458/? D/OplusAppBwCore: onUidImportance: 99195, 100
2022-02-27 20:51:21.100 9136-9136/? I/oplus.android.OplusFrameworkFactoryImpl: get feature:IOplusScreenModeFeature
2022-02-27 20:51:21.100 9136-9136/? I/oplus.android.OplusFrameworkFactoryImpl: getOplusScreenModeFeature
2022-02-27 20:51:21.112 9136-9136/? E/libc: Access denied finding property "ro.odm.prev.product.name"
2022-02-27 20:51:21.117 31646-29565/? W/OplusExSystemServiceHelper: checkOplusExSystemService intent getComponent is null
2022-02-27 20:51:21.117 9058-9058/? V/ironSourceSDK: INTERNAL: setInitStatus(old status: NOT_INIT, new status: INIT_IN_PROGRESS)
2022-02-27 20:51:21.120 9058-9058/? I/IntegrationHelper: Verifying Integration:
2022-02-27 20:51:21.120 9058-9058/? I/IntegrationHelper: *** Permissions ***
2022-02-27 20:51:21.120 9058-9058/? I/IntegrationHelper: android.permission.INTERNET - VERIFIED
2022-02-27 20:51:21.120 9058-9058/? I/IntegrationHelper: android.permission.ACCESS_NETWORK_STATE - VERIFIED
2022-02-27 20:51:21.120 9058-9172/? V/ironSourceSDK: EVENT: {"eventId":14
    "timestamp":1645969881117
    "provider":"Mediation"
    "ext1":"appLanguage=Kotlin
    kiag
    androidx=true"
    "sessionDepth":1
    "eventSessionId":"a3211626-5829-41ea-897b-cea74505827a"
    "connectionType":"none"
    "firstSessionTimestamp":1645969160408}
2022-02-27 20:51:21.120 9058-9058/? I/IntegrationHelper: --------------- AdColony --------------
2022-02-27 20:51:21.121 9058-9058/? E/IntegrationHelper: Adapter - MISSING
2022-02-27 20:51:21.121 9058-9058/? E/IntegrationHelper: >>>> AdColony - NOT VERIFIED
2022-02-27 20:51:21.121 9058-9058/? I/IntegrationHelper: --------------- AdMob --------------
2022-02-27 20:51:21.121 9058-9058/? I/IntegrationHelper: Adapter 4.3.20 - VERIFIED
2022-02-27 20:51:21.121 9058-9058/? I/IntegrationHelper: Adapter - VERIFIED
2022-02-27 20:51:21.122 9058-9058/? W/validateSDKVersion: Unable to get SDK version
2022-02-27 20:51:21.122 9058-9058/? I/IntegrationHelper: *** Activities ***
2022-02-27 20:51:21.122 9136-9136/? D/NetworkSecurityConfig: No Network Security Config specified, using platform default
2022-02-27 20:51:21.123 9136-9136/? D/NetworkSecurityConfig: No Network Security Config specified, using platform default
2022-02-27 20:51:21.123 9136-9136/? I/cr_WebViewApkApp: Launched version=98.0.4758.101 minSdkVersion=29 isBundle=true processName=com.google.android.webview:sandboxed_process0:org.chromium.content.app.SandboxedProcessService0:0
2022-02-27 20:51:21.124 9058-9058/? I/IntegrationHelper: com.google.android.gms.ads.AdActivity - VERIFIED
2022-02-27 20:51:21.127 9136-9136/? I/cr_ChildProcessService: Creating new ChildProcessService pid=9136
2022-02-27 20:51:21.136 9058-9058/? E/Parcel: Reading a NULL string not supported here.
2022-02-27 20:51:21.145 9058-9058/? I/chatty: uid=10336(com.music.festival.battle) SDLActivity identical 5 lines
2022-02-27 20:51:21.146 9058-9058/? E/Parcel: Reading a NULL string not supported here.
2022-02-27 20:51:21.148 9058-9058/? I/IntegrationHelper: >>>> AdMob - VERIFIED
2022-02-27 20:51:21.148 9058-9058/? I/IntegrationHelper: --------------- Amazon --------------
2022-02-27 20:51:21.148 9058-9058/? E/IntegrationHelper: Adapter - MISSING
2022-02-27 20:51:21.148 9058-9058/? E/IntegrationHelper: >>>> Amazon - NOT VERIFIED
2022-02-27 20:51:21.148 9058-9058/? I/IntegrationHelper: --------------- AppLovin --------------
2022-02-27 20:51:21.149 9058-9058/? I/IntegrationHelper: Adapter 4.3.25 - VERIFIED
2022-02-27 20:51:21.149 9058-9058/? I/IntegrationHelper: Adapter - VERIFIED
2022-02-27 20:51:21.149 9058-9058/? I/IntegrationHelper: SDK Version - 10.3.0
2022-02-27 20:51:21.149 9058-9058/? I/IntegrationHelper: *** Activities ***
2022-02-27 20:51:21.151 9058-9058/? I/IntegrationHelper: com.applovin.adview.AppLovinInterstitialActivity - VERIFIED
2022-02-27 20:51:21.152 9058-9058/? I/IntegrationHelper: com.applovin.sdk.AppLovinWebViewActivity - VERIFIED
2022-02-27 20:51:21.153 9058-9058/? I/IntegrationHelper: com.applovin.adview.AppLovinFullscreenActivity - VERIFIED
2022-02-27 20:51:21.165 9058-9058/? E/Parcel: Reading a NULL string not supported here.
2022-02-27 20:51:21.173 9058-9058/? I/chatty: uid=10336(com.music.festival.battle) SDLActivity identical 5 lines
2022-02-27 20:51:21.175 9058-9058/? E/Parcel: Reading a NULL string not supported here.
2022-02-27 20:51:21.176 9058-9058/? I/IntegrationHelper: >>>> AppLovin - VERIFIED
2022-02-27 20:51:21.176 9058-9058/? I/IntegrationHelper: --------------- Chartboost --------------
2022-02-27 20:51:21.176 9058-9058/? E/IntegrationHelper: Adapter - MISSING
2022-02-27 20:51:21.176 9058-9058/? E/IntegrationHelper: >>>> Chartboost - NOT VERIFIED
2022-02-27 20:51:21.176 9058-9058/? I/IntegrationHelper: --------------- Facebook --------------
2022-02-27 20:51:21.177 9058-9058/? I/IntegrationHelper: Adapter 4.3.27 - VERIFIED
2022-02-27 20:51:21.177 9058-9058/? I/IntegrationHelper: Adapter - VERIFIED
2022-02-27 20:51:21.177 9058-9058/? I/IntegrationHelper: SDK Version - 6.5.0
2022-02-27 20:51:21.177 9058-9058/? I/IntegrationHelper: *** Activities ***
2022-02-27 20:51:21.178 9058-9058/? I/IntegrationHelper: com.facebook.ads.AudienceNetworkActivity - VERIFIED
2022-02-27 20:51:21.190 9058-9058/? E/Parcel: Reading a NULL string not supported here.
2022-02-27 20:51:21.198 9058-9058/? I/chatty: uid=10336(com.music.festival.battle) SDLActivity identical 5 lines
2022-02-27 20:51:21.200 9058-9058/? E/Parcel: Reading a NULL string not supported here.
2022-02-27 20:51:21.201 9058-9058/? I/IntegrationHelper: >>>> Facebook - VERIFIED
2022-02-27 20:51:21.201 9058-9058/? I/IntegrationHelper: --------------- Fyber --------------
2022-02-27 20:51:21.201 9058-9058/? E/IntegrationHelper: Adapter - MISSING
2022-02-27 20:51:21.201 9058-9058/? E/IntegrationHelper: >>>> Fyber - NOT VERIFIED
2022-02-27 20:51:21.201 9058-9058/? I/IntegrationHelper: --------------- HyprMX --------------
2022-02-27 20:51:21.201 9058-9058/? E/IntegrationHelper: Adapter - MISSING
2022-02-27 20:51:21.202 9058-9058/? E/IntegrationHelper: >>>> HyprMX - NOT VERIFIED
2022-02-27 20:51:21.202 9058-9058/? I/IntegrationHelper: --------------- InMobi --------------
2022-02-27 20:51:21.202 9058-9058/? I/IntegrationHelper: Adapter 4.3.9 - VERIFIED
2022-02-27 20:51:21.202 9058-9058/? I/IntegrationHelper: Adapter - VERIFIED
2022-02-27 20:51:21.202 9058-9058/? I/IntegrationHelper: SDK Version - 9.1.6
2022-02-27 20:51:21.202 9058-9058/? I/IntegrationHelper: *** Activities ***
2022-02-27 20:51:21.203 17114-17129/? D/audio_hw_primary: out_set_parameters: enter: usecase(1: low-latency-playback) kvpairs: suspend_playback=false
2022-02-27 20:51:21.204 9058-9058/? I/IntegrationHelper: com.inmobi.ads.rendering.InMobiAdActivity - VERIFIED
2022-02-27 20:51:21.204 9058-9058/? I/IntegrationHelper: *** External Libraries ***
2022-02-27 20:51:21.204 17114-17129/? D/audio_hw_primary: out_set_parameters: exit: code(0)
2022-02-27 20:51:21.204 9058-9058/? I/IntegrationHelper: picasso:2.71828 - VERIFIED
2022-02-27 20:51:21.204 17114-31434/? W/audio_hw_primary: out_write: underrun(431) frames_by_time(48256) > out->last_fifo_frames_remaining(384)
2022-02-27 20:51:21.215 9058-9058/? E/Parcel: Reading a NULL string not supported here.
2022-02-27 20:51:21.224 9058-9058/? I/chatty: uid=10336(com.music.festival.battle) SDLActivity identical 5 lines
2022-02-27 20:51:21.225 9058-9058/? E/Parcel: Reading a NULL string not supported here.
2022-02-27 20:51:21.227 9058-9058/? I/IntegrationHelper: >>>> InMobi - VERIFIED
2022-02-27 20:51:21.227 9058-9058/? I/IntegrationHelper: --------------- IronSource  --------------
2022-02-27 20:51:21.228 9058-9058/? I/IntegrationHelper: Adapter 7.1.6 - VERIFIED
2022-02-27 20:51:21.228 9058-9058/? I/IntegrationHelper: SDK Version - 5.100
2022-02-27 20:51:21.228 9058-9058/? I/IntegrationHelper: *** Activities ***
2022-02-27 20:51:21.229 9058-9058/? I/IntegrationHelper: com.ironsource.sdk.controller.ControllerActivity - VERIFIED
2022-02-27 20:51:21.230 9058-9058/? I/IntegrationHelper: com.ironsource.sdk.controller.InterstitialActivity - VERIFIED
2022-02-27 20:51:21.232 9058-9058/? I/IntegrationHelper: com.ironsource.sdk.controller.OpenUrlActivity - VERIFIED
2022-02-27 20:51:21.242 17114-17129/? D/audio_hw_primary: out_set_parameters: enter: usecase(1: low-latency-playback) kvpairs: suspend_playback=true
2022-02-27 20:51:21.242 17114-17129/? D/audio_hw_primary: out_set_parameters: exit: code(0)
2022-02-27 20:51:21.243 9058-9058/? E/Parcel: Reading a NULL string not supported here.
2022-02-27 20:51:21.251 9058-9058/? I/chatty: uid=10336(com.music.festival.battle) SDLActivity identical 5 lines
2022-02-27 20:51:21.253 9058-9058/? E/Parcel: Reading a NULL string not supported here.
2022-02-27 20:51:21.254 9058-9058/? I/IntegrationHelper: *** Content Providers ***
2022-02-27 20:51:21.254 9058-9058/? D/IntegrationHelper: com.ironsource.lifecycle.IronsourceLifecycleProvider- VERIFIED
2022-02-27 20:51:21.254 9058-9058/? I/IntegrationHelper: >>>> IronSource - VERIFIED
2022-02-27 20:51:21.254 9058-9058/? I/IntegrationHelper: --------------- Maio --------------
2022-02-27 20:51:21.255 9058-9058/? E/IntegrationHelper: Adapter - MISSING
2022-02-27 20:51:21.255 9058-9058/? E/IntegrationHelper: >>>> Maio - NOT VERIFIED
2022-02-27 20:51:21.255 9058-9058/? I/IntegrationHelper: --------------- MyTarget --------------
2022-02-27 20:51:21.255 9058-9058/? E/IntegrationHelper: Adapter - MISSING
2022-02-27 20:51:21.255 9058-9058/? E/IntegrationHelper: >>>> MyTarget - NOT VERIFIED
2022-02-27 20:51:21.255 9058-9058/? I/IntegrationHelper: --------------- Pangle --------------
2022-02-27 20:51:21.255 9058-9058/? I/IntegrationHelper: Adapter 4.3.2 - VERIFIED
2022-02-27 20:51:21.255 9058-9058/? I/IntegrationHelper: Adapter - VERIFIED
2022-02-27 20:51:21.255 9058-9058/? I/IntegrationHelper: SDK Version - 3.5.1.1
2022-02-27 20:51:21.267 9058-9058/? E/Parcel: Reading a NULL string not supported here.
2022-02-27 20:51:21.275 9058-9058/? I/chatty: uid=10336(com.music.festival.battle) SDLActivity identical 5 lines
2022-02-27 20:51:21.277 9058-9058/? E/Parcel: Reading a NULL string not supported here.
2022-02-27 20:51:21.278 9058-9058/? I/IntegrationHelper: >>>> Pangle - VERIFIED
2022-02-27 20:51:21.278 9058-9058/? I/IntegrationHelper: --------------- Smaato --------------
2022-02-27 20:51:21.279 9058-9058/? E/IntegrationHelper: Adapter - MISSING
2022-02-27 20:51:21.279 9058-9058/? E/IntegrationHelper: >>>> Smaato - NOT VERIFIED
2022-02-27 20:51:21.279 9058-9058/? I/IntegrationHelper: --------------- Tapjoy --------------
2022-02-27 20:51:21.279 9058-9058/? E/IntegrationHelper: Adapter - MISSING
2022-02-27 20:51:21.279 9058-9058/? E/IntegrationHelper: >>>> Tapjoy - NOT VERIFIED
2022-02-27 20:51:21.279 9058-9058/? I/IntegrationHelper: --------------- UnityAds --------------
2022-02-27 20:51:21.279 9058-9058/? I/IntegrationHelper: Adapter 4.3.10 - VERIFIED
2022-02-27 20:51:21.279 9058-9058/? I/IntegrationHelper: Adapter - VERIFIED
2022-02-27 20:51:21.280 9058-9058/? I/IntegrationHelper: SDK Version - 3.6.0
2022-02-27 20:51:21.280 9058-9058/? I/IntegrationHelper: *** Activities ***
2022-02-27 20:51:21.281 9058-9058/? I/IntegrationHelper: com.unity3d.services.ads.adunit.AdUnitActivity - VERIFIED
2022-02-27 20:51:21.282 9058-9058/? I/IntegrationHelper: com.unity3d.services.ads.adunit.AdUnitTransparentActivity - VERIFIED
2022-02-27 20:51:21.283 9058-9058/? I/IntegrationHelper: com.unity3d.services.ads.adunit.AdUnitTransparentSoftwareActivity - VERIFIED
2022-02-27 20:51:21.284 9058-9058/? I/IntegrationHelper: com.unity3d.services.ads.adunit.AdUnitSoftwareActivity - VERIFIED
2022-02-27 20:51:21.295 9058-9058/? E/Parcel: Reading a NULL string not supported here.
2022-02-27 20:51:21.304 9058-9058/? I/chatty: uid=10336(com.music.festival.battle) SDLActivity identical 5 lines
2022-02-27 20:51:21.305 9058-9058/? E/Parcel: Reading a NULL string not supported here.
2022-02-27 20:51:21.307 9058-9058/? I/IntegrationHelper: >>>> UnityAds - VERIFIED
2022-02-27 20:51:21.307 9058-9058/? I/IntegrationHelper: --------------- Vungle --------------
2022-02-27 20:51:21.307 9058-9058/? E/IntegrationHelper: Adapter - MISSING
2022-02-27 20:51:21.307 9058-9058/? E/IntegrationHelper: >>>> Vungle - NOT VERIFIED
2022-02-27 20:51:21.308 9058-9175/? W/IntegrationHelper: --------------- Google Play Services --------------
2022-02-27 20:51:21.308 9058-9175/? I/IntegrationHelper: Google Play Services - VERIFIED
2022-02-27 20:51:21.308 9058-9058/? V/ironSourceSDK: API: IronSourceObject setMetaData - key = AdMob_TFCD, values = [false]
2022-02-27 20:51:21.309 9058-9058/? V/ironSourceSDK: API: IronSourceObject setMetaData - key = AdMob_TFUA, values = [false]
2022-02-27 20:51:21.309 9058-9058/? V/ironSourceSDK: API: IronSourceObject setMetaData - key = UnityAds_COPPA, values = [false]
2022-02-27 20:51:21.309 1081-1081/? D/OppoExSurfaceFlinger: re-input flinger 1
2022-02-27 20:51:21.309 1081-1081/? D/DispPerfService: AIRefreshRate enable input motion 0x1
2022-02-27 20:51:21.309 9058-9058/? V/ironSourceSDK: API: IronSourceObject setMetaData - key = Facebook_IS_CacheFlag, values = [IMAGE]
2022-02-27 20:51:21.309 9058-9058/? V/ironSourceSDK: API: IronSourceObject setMetaData - key = Pangle_COPPA, values = [0]
2022-02-27 20:51:21.310 9058-9058/? V/ironSourceSDK: API: IronSourceObject setMetaData - key = AppLovin_AgeRestrictedUser, values = [false]
2022-02-27 20:51:21.310 9058-9058/? I/ironSourceSDK: API: setRewardedVideoListener(RVListener)
2022-02-27 20:51:21.310 9058-9058/? V/ironSourceSDK: INTERNAL: IronSourceObject loadBanner - placementName = 
2022-02-27 20:51:21.310 9058-9058/? E/ironSourceSDK: API: loadBanner can't be called - banner layout is null 
2022-02-27 20:51:21.311 9058-9058/? I/ironSourceSDK: API: setInterstitialListener(ISListener)
2022-02-27 20:51:21.311 9058-9058/? I/ironSourceSDK: API: loadInterstitial()
2022-02-27 20:51:21.311 9058-9058/? V/ironSourceSDK: INTERNAL: com.ironsource.mediationsdk.InterstitialManager Should Track Network State: true
2022-02-27 20:51:21.311 9058-9058/? V/ironSourceSDK: INTERNAL: RewardedVideoManager Should Track Network State: true
2022-02-27 20:51:21.312 9058-9058/? V/SDL: onStart()
2022-02-27 20:51:21.313 9058-9058/? V/SDL: onResume()
2022-02-27 20:51:21.313 9058-9058/? I/ironSourceSDK: API: onResume()
2022-02-27 20:51:21.314 9058-9058/? D/ColorViewRootUtil: initSwipState, isDisplayCompatApp false
2022-02-27 20:51:21.315 9058-9058/? D/ColorViewRootUtil: mScreenHeight 2412, mScreenWidth 1080
2022-02-27 20:51:21.315 9058-9058/? D/WindowManager: Add to mViews: DecorView@40ffa1c[GameStateActivity],pkg= com.music.festival.battle
2022-02-27 20:51:21.321 17414-17461/? V/WindowManager: Orientation start waiting for draw, mDrawState=DRAW_PENDING in Window{50e0db0 u0 Splash Screen com.music.festival.battle}, surfaceController Surface(name=Splash Screen com.music.festival.battle)/@0x785f6da
2022-02-27 20:51:21.326 9058-9058/? V/SDL: onPause()
2022-02-27 20:51:21.327 9058-9058/? I/ironSourceSDK: API: onPause()
2022-02-27 20:51:21.327 9058-9058/? V/SDL: onStop()
2022-02-27 20:51:21.327 9058-9058/? V/SensorManager: unRegisterListener by org.libsdl.app.SDLSurface and its name is bma4xy Accelerometer Non-wakeup
2022-02-27 20:51:21.328 9058-9058/? V/SDL: onDestroy()
2022-02-27 20:51:21.328 9058-9058/? V/SDL: SDLActivity thread ends
2022-02-27 20:51:21.331 17414-18770/? V/WindowManager: Orientation start waiting for draw, mDrawState=DRAW_PENDING in Window{50e0db0 u0 Splash Screen com.music.festival.battle}, surfaceController Surface(name=Splash Screen com.music.festival.battle)/@0x785f6da
2022-02-27 20:51:21.332 9058-9178/? E/libEGL: Invalid file path for libcolorx-loader.so
2022-02-27 20:51:21.337 1029-1117/? E/ANDR-PERF-OPTSHANDLER: Perflock resource /sys/class/devfreq/soc:qcom,cpu0-cpu-llcc-lat/mem_latency/ratio_ceil not supported
2022-02-27 20:51:21.337 1029-1117/? E/ANDR-PERF-RESOURCEQS: Failed to apply optimization [13, 8]
2022-02-27 20:51:21.337 1029-1117/? E/ANDR-PERF-OPTSHANDLER: Perflock resource /sys/class/devfreq/soc:qcom,cpu4-cpu-llcc-lat/mem_latency/ratio_ceil not supported
2022-02-27 20:51:21.337 1029-1117/? E/ANDR-PERF-RESOURCEQS: Failed to apply optimization [13, 9]
2022-02-27 20:51:21.339 9058-9058/? D/SplitCompat: addAssetPath completed with 31
2022-02-27 20:51:21.341 9058-9058/? D/SplitCompat: addAssetPath completed with 32
2022-02-27 20:51:21.341 1081-1081/? D/OppoExLayer: ~Layer() sequence=26234, name=da326dc com.music.festival.battle/com.es.gamestate.GameStateActivity#0@0xb400007165f04000
2022-02-27 20:51:21.342 9058-9058/? D/SplitCompat: addAssetPath completed with 33
2022-02-27 20:51:21.344 9058-9058/? D/SplitCompat: addAssetPath completed with 34
2022-02-27 20:51:21.344 9058-9058/? E/shit: holyshit gamestateActivity
2022-02-27 20:51:21.345 9058-9058/? V/SDL: Device: RED8C1L1
2022-02-27 20:51:21.345 9058-9058/? V/SDL: Model: RMX3491
2022-02-27 20:51:21.345 9058-9058/? V/SDL: onCreate()
2022-02-27 20:51:21.345 9058-9058/? V/SDL: nativeSetupJNI()
2022-02-27 20:51:21.345 9058-9058/? V/SDL: AUDIO nativeSetupJNI()
2022-02-27 20:51:21.345 9058-9058/? V/SDL: CONTROLLER nativeSetupJNI()
2022-02-27 20:51:21.352 9058-9058/? D/Admob: memoryshit: 536870912
2022-02-27 20:51:21.352 9058-9058/? D/Admob: memory usage shit: 35192880
2022-02-27 20:51:21.352 9058-9058/? D/GameAnalytics: request init
2022-02-27 20:51:21.352 9058-9058/? V/ironSourceSDK: INTERNAL: IronSourceObject init
2022-02-27 20:51:21.352 9058-9058/? E/ironSourceSDK: API: Multiple calls to init without ad units are not allowed
2022-02-27 20:51:21.352 9058-9058/? I/IntegrationHelper: Verifying Integration:
2022-02-27 20:51:21.352 9058-9058/? I/IntegrationHelper: *** Permissions ***
2022-02-27 20:51:21.352 9058-9058/? I/IntegrationHelper: android.permission.INTERNET - VERIFIED
2022-02-27 20:51:21.352 9058-9058/? I/IntegrationHelper: android.permission.ACCESS_NETWORK_STATE - VERIFIED
2022-02-27 20:51:21.352 9058-9058/? I/IntegrationHelper: --------------- AdColony --------------
2022-02-27 20:51:21.352 9058-9058/? E/IntegrationHelper: Adapter - MISSING
2022-02-27 20:51:21.352 9058-9058/? E/IntegrationHelper: >>>> AdColony - NOT VERIFIED
2022-02-27 20:51:21.352 9058-9058/? I/IntegrationHelper: --------------- AdMob --------------
2022-02-27 20:51:21.352 9058-9058/? I/IntegrationHelper: Adapter 4.3.20 - VERIFIED
2022-02-27 20:51:21.352 9058-9058/? I/IntegrationHelper: Adapter - VERIFIED
2022-02-27 20:51:21.352 9058-9058/? W/validateSDKVersion: Unable to get SDK version
2022-02-27 20:51:21.352 9058-9058/? I/IntegrationHelper: *** Activities ***
2022-02-27 20:51:21.354 9058-9058/? I/IntegrationHelper: com.google.android.gms.ads.AdActivity - VERIFIED
2022-02-27 20:51:21.365 9058-9058/? E/Parcel: Reading a NULL string not supported here.
2022-02-27 20:51:21.373 9058-9058/? I/chatty: uid=10336(com.music.festival.battle) SDLActivity identical 5 lines
2022-02-27 20:51:21.375 9058-9058/? E/Parcel: Reading a NULL string not supported here.
2022-02-27 20:51:21.377 9058-9058/? I/IntegrationHelper: >>>> AdMob - VERIFIED
2022-02-27 20:51:21.377 9058-9058/? I/IntegrationHelper: --------------- Amazon --------------
2022-02-27 20:51:21.377 9058-9058/? E/IntegrationHelper: Adapter - MISSING
2022-02-27 20:51:21.377 9058-9058/? E/IntegrationHelper: >>>> Amazon - NOT VERIFIED
2022-02-27 20:51:21.377 9058-9058/? I/IntegrationHelper: --------------- AppLovin --------------
2022-02-27 20:51:21.377 9058-9058/? I/IntegrationHelper: Adapter 4.3.25 - VERIFIED
2022-02-27 20:51:21.377 9058-9058/? I/IntegrationHelper: Adapter - VERIFIED
2022-02-27 20:51:21.377 9058-9058/? I/IntegrationHelper: SDK Version - 10.3.0
2022-02-27 20:51:21.377 9058-9058/? I/IntegrationHelper: *** Activities ***
2022-02-27 20:51:21.378 9058-9058/? I/IntegrationHelper: com.applovin.adview.AppLovinInterstitialActivity - VERIFIED
2022-02-27 20:51:21.379 9058-9058/? I/IntegrationHelper: com.applovin.sdk.AppLovinWebViewActivity - VERIFIED
2022-02-27 20:51:21.379 9058-9058/? I/IntegrationHelper: com.applovin.adview.AppLovinFullscreenActivity - VERIFIED
2022-02-27 20:51:21.397 9058-9058/? E/Parcel: Reading a NULL string not supported here.
2022-02-27 20:51:21.407 9058-9058/? I/chatty: uid=10336(com.music.festival.battle) SDLActivity identical 5 lines
2022-02-27 20:51:21.408 9058-9058/? E/Parcel: Reading a NULL string not supported here.
2022-02-27 20:51:21.410 9058-9058/? I/IntegrationHelper: >>>> AppLovin - VERIFIED
2022-02-27 20:51:21.410 9058-9058/? I/IntegrationHelper: --------------- Chartboost --------------
2022-02-27 20:51:21.410 9058-9058/? E/IntegrationHelper: Adapter - MISSING
2022-02-27 20:51:21.410 9058-9058/? E/IntegrationHelper: >>>> Chartboost - NOT VERIFIED
2022-02-27 20:51:21.410 9058-9058/? I/IntegrationHelper: --------------- Facebook --------------
2022-02-27 20:51:21.410 9058-9058/? I/IntegrationHelper: Adapter 4.3.27 - VERIFIED
2022-02-27 20:51:21.410 9058-9058/? I/IntegrationHelper: Adapter - VERIFIED
2022-02-27 20:51:21.410 9058-9058/? I/IntegrationHelper: SDK Version - 6.5.0
2022-02-27 20:51:21.410 9058-9058/? I/IntegrationHelper: *** Activities ***
2022-02-27 20:51:21.412 9058-9058/? I/IntegrationHelper: com.facebook.ads.AudienceNetworkActivity - VERIFIED
2022-02-27 20:51:21.428 9058-9058/? E/Parcel: Reading a NULL string not supported here.
2022-02-27 20:51:21.434 9058-9058/? I/chatty: uid=10336(com.music.festival.battle) SDLActivity identical 3 lines
2022-02-27 20:51:21.447 9058-9058/? E/Parcel: Reading a NULL string not supported here.
2022-02-27 20:51:21.448 18609-22345/? I/Quality-log: sysanimskip :21
2022-02-27 20:51:21.449 9058-9058/? E/Parcel: Reading a NULL string not supported here.
2022-02-27 20:51:21.451 9058-9058/? E/Parcel: Reading a NULL string not supported here.
2022-02-27 20:51:21.453 9058-9058/? I/IntegrationHelper: >>>> Facebook - VERIFIED
2022-02-27 20:51:21.453 9058-9058/? I/IntegrationHelper: --------------- Fyber --------------
2022-02-27 20:51:21.453 9058-9058/? E/IntegrationHelper: Adapter - MISSING
2022-02-27 20:51:21.453 9058-9058/? E/IntegrationHelper: >>>> Fyber - NOT VERIFIED
2022-02-27 20:51:21.453 9058-9058/? I/IntegrationHelper: --------------- HyprMX --------------
2022-02-27 20:51:21.453 9058-9058/? E/IntegrationHelper: Adapter - MISSING
2022-02-27 20:51:21.453 9058-9058/? E/IntegrationHelper: >>>> HyprMX - NOT VERIFIED
2022-02-27 20:51:21.453 9058-9058/? I/IntegrationHelper: --------------- InMobi --------------
2022-02-27 20:51:21.453 9058-9058/? I/IntegrationHelper: Adapter 4.3.9 - VERIFIED
2022-02-27 20:51:21.454 9058-9058/? I/IntegrationHelper: Adapter - VERIFIED
2022-02-27 20:51:21.454 9058-9058/? I/IntegrationHelper: SDK Version - 9.1.6
2022-02-27 20:51:21.454 9058-9058/? I/IntegrationHelper: *** Activities ***
2022-02-27 20:51:21.455 17414-17434/? W/System: A resource failed to call release. 
2022-02-27 20:51:21.455 17414-17434/? I/chatty: uid=1000(system) FinalizerDaemon identical 2 lines
2022-02-27 20:51:21.455 17414-17434/? W/System: A resource failed to call release. 
2022-02-27 20:51:21.455 9058-9058/? I/IntegrationHelper: com.inmobi.ads.rendering.InMobiAdActivity - VERIFIED
2022-02-27 20:51:21.455 9058-9058/? I/IntegrationHelper: *** External Libraries ***
2022-02-27 20:51:21.455 9058-9058/? I/IntegrationHelper: picasso:2.71828 - VERIFIED
2022-02-27 20:51:21.455 17414-17434/? W/System: A resource failed to call release. 
2022-02-27 20:51:21.456 17414-17434/? I/chatty: uid=1000(system) FinalizerDaemon identical 11 lines
2022-02-27 20:51:21.456 17414-17434/? W/System: A resource failed to call release. 
2022-02-27 20:51:21.458 1081-1081/? D/OppoExLayer: ~Layer() sequence=26190, name=Surface(name=d80fee NavigationBar0)/@0x1f034d6 - animation-leash#1@0xb400007144819000
2022-02-27 20:51:21.459 1081-1081/? D/OppoExLayer: ~Layer() sequence=26168, name=Surface(name=d80fee NavigationBar0)/@0x1f034d6 - animation-leash#1@0xb40000715cea5000
2022-02-27 20:51:21.459 1081-1081/? D/OppoExLayer: ~Layer() sequence=26167, name=Surface(name=d099261 StatusBar)/@0x58c020a - animation-leash#1@0xb400007165dc6000
2022-02-27 20:51:21.459 1081-1081/? D/OppoExLayer: ~Layer() sequence=26133, name=Surface(name=2d41f85 InputMethod)/@0x3fd060b - animation-leash#1@0xb40000716600d000
2022-02-27 20:51:21.459 1081-1081/? D/OppoExLayer: ~Layer() sequence=26177, name=Surface(name=2d41f85 InputMethod)/@0x3fd060b - animation-leash#0@0xb4000071660be000
2022-02-27 20:51:21.459 1081-1081/? D/OppoExLayer: ~Layer() sequence=26189, name=Surface(name=d099261 StatusBar)/@0x58c020a - animation-leash#1@0xb40000716c24a000
2022-02-27 20:51:21.459 1081-1081/? D/OppoExLayer: ~Layer() sequence=26230, name=Surface(name=WindowToken{b671c8 android.os.BinderProxy@77173ba})/@0xc2eeff8 - animation-leash#1@0xb400007166a3a000
2022-02-27 20:51:21.468 9058-9058/? E/Parcel: Reading a NULL string not supported here.
2022-02-27 20:51:21.470 18609-22437/? W/ContextImpl: Calling a method in the system process without a qualified user: android.app.ContextImpl.startService:1705 android.content.ContextWrapper.startService:730 com.oppo.a.a.c.a.a:13 com.oppo.a.a.c.a.a:234 com.oppo.a.a.a.c.a:16 
2022-02-27 20:51:21.470 9058-9058/? I/chatty: uid=10336(com.music.festival.battle) SDLActivity identical 1 line
2022-02-27 20:51:21.472 9058-9058/? E/Parcel: Reading a NULL string not supported here.
2022-02-27 20:51:21.472 18364-18455/? W/[0]DCS-MobileHelper: getContryCode slotid=0,type=1,code=null,result=
2022-02-27 20:51:21.472 18364-18455/? W/[0]DCS-MobileHelper: getContryCode slotid=1,type=1,code=null,result=
2022-02-27 20:51:21.473 9058-9058/? E/Parcel: Reading a NULL string not supported here.
2022-02-27 20:51:21.477 9058-9058/? I/chatty: uid=10336(com.music.festival.battle) SDLActivity identical 2 lines
2022-02-27 20:51:21.478 9058-9058/? E/Parcel: Reading a NULL string not supported here.
2022-02-27 20:51:21.480 9058-9058/? I/IntegrationHelper: >>>> InMobi - VERIFIED
2022-02-27 20:51:21.480 9058-9058/? I/IntegrationHelper: --------------- IronSource  --------------
2022-02-27 20:51:21.480 9058-9058/? I/IntegrationHelper: Adapter 7.1.6 - VERIFIED
2022-02-27 20:51:21.480 9058-9058/? I/IntegrationHelper: SDK Version - 5.100
2022-02-27 20:51:21.480 9058-9058/? I/IntegrationHelper: *** Activities ***
2022-02-27 20:51:21.481 9058-9058/? I/IntegrationHelper: com.ironsource.sdk.controller.ControllerActivity - VERIFIED
2022-02-27 20:51:21.482 9058-9058/? I/IntegrationHelper: com.ironsource.sdk.controller.InterstitialActivity - VERIFIED
2022-02-27 20:51:21.482 9058-9058/? I/IntegrationHelper: com.ironsource.sdk.controller.OpenUrlActivity - VERIFIED
2022-02-27 20:51:21.494 9058-9058/? E/Parcel: Reading a NULL string not supported here.
2022-02-27 20:51:21.502 9058-9058/? I/chatty: uid=10336(com.music.festival.battle) SDLActivity identical 5 lines
2022-02-27 20:51:21.504 9058-9058/? E/Parcel: Reading a NULL string not supported here.
2022-02-27 20:51:21.505 9058-9058/? I/IntegrationHelper: *** Content Providers ***
2022-02-27 20:51:21.505 9058-9058/? D/IntegrationHelper: com.ironsource.lifecycle.IronsourceLifecycleProvider- VERIFIED
2022-02-27 20:51:21.505 9058-9058/? I/IntegrationHelper: >>>> IronSource - VERIFIED
2022-02-27 20:51:21.505 9058-9058/? I/IntegrationHelper: --------------- Maio --------------
2022-02-27 20:51:21.505 9058-9058/? E/IntegrationHelper: Adapter - MISSING
2022-02-27 20:51:21.505 9058-9058/? E/IntegrationHelper: >>>> Maio - NOT VERIFIED
2022-02-27 20:51:21.505 9058-9058/? I/IntegrationHelper: --------------- MyTarget --------------
2022-02-27 20:51:21.505 9058-9058/? E/IntegrationHelper: Adapter - MISSING
2022-02-27 20:51:21.505 9058-9058/? E/IntegrationHelper: >>>> MyTarget - NOT VERIFIED
2022-02-27 20:51:21.505 9058-9058/? I/IntegrationHelper: --------------- Pangle --------------
2022-02-27 20:51:21.506 9058-9058/? I/IntegrationHelper: Adapter 4.3.2 - VERIFIED
2022-02-27 20:51:21.506 9058-9058/? I/IntegrationHelper: Adapter - VERIFIED
2022-02-27 20:51:21.506 9058-9058/? I/IntegrationHelper: SDK Version - 3.5.1.1
2022-02-27 20:51:21.517 9058-9058/? E/Parcel: Reading a NULL string not supported here.
2022-02-27 20:51:21.525 9058-9058/? I/chatty: uid=10336(com.music.festival.battle) SDLActivity identical 5 lines
2022-02-27 20:51:21.527 9058-9058/? E/Parcel: Reading a NULL string not supported here.
2022-02-27 20:51:21.528 9058-9058/? I/IntegrationHelper: >>>> Pangle - VERIFIED
2022-02-27 20:51:21.528 9058-9058/? I/IntegrationHelper: --------------- Smaato --------------
2022-02-27 20:51:21.528 9058-9058/? E/IntegrationHelper: Adapter - MISSING
2022-02-27 20:51:21.528 9058-9058/? E/IntegrationHelper: >>>> Smaato - NOT VERIFIED
2022-02-27 20:51:21.528 9058-9058/? I/IntegrationHelper: --------------- Tapjoy --------------
2022-02-27 20:51:21.528 9058-9058/? E/IntegrationHelper: Adapter - MISSING
2022-02-27 20:51:21.528 9058-9058/? E/IntegrationHelper: >>>> Tapjoy - NOT VERIFIED
2022-02-27 20:51:21.528 9058-9058/? I/IntegrationHelper: --------------- UnityAds --------------
2022-02-27 20:51:21.528 9058-9058/? I/IntegrationHelper: Adapter 4.3.10 - VERIFIED
2022-02-27 20:51:21.528 9058-9058/? I/IntegrationHelper: Adapter - VERIFIED
2022-02-27 20:51:21.528 9058-9058/? I/IntegrationHelper: SDK Version - 3.6.0
2022-02-27 20:51:21.528 9058-9058/? I/IntegrationHelper: *** Activities ***
2022-02-27 20:51:21.530 9058-9058/? I/IntegrationHelper: com.unity3d.services.ads.adunit.AdUnitActivity - VERIFIED
2022-02-27 20:51:21.530 9058-9058/? I/IntegrationHelper: com.unity3d.services.ads.adunit.AdUnitTransparentActivity - VERIFIED
2022-02-27 20:51:21.531 9058-9058/? I/IntegrationHelper: com.unity3d.services.ads.adunit.AdUnitTransparentSoftwareActivity - VERIFIED
2022-02-27 20:51:21.531 9058-9058/? I/IntegrationHelper: com.unity3d.services.ads.adunit.AdUnitSoftwareActivity - VERIFIED
2022-02-27 20:51:21.543 9058-9058/? E/Parcel: Reading a NULL string not supported here.
2022-02-27 20:51:21.551 9058-9058/? I/chatty: uid=10336(com.music.festival.battle) SDLActivity identical 5 lines
2022-02-27 20:51:21.552 9058-9058/? E/Parcel: Reading a NULL string not supported here.
2022-02-27 20:51:21.554 9058-9058/? I/IntegrationHelper: >>>> UnityAds - VERIFIED
2022-02-27 20:51:21.554 9058-9058/? I/IntegrationHelper: --------------- Vungle --------------
2022-02-27 20:51:21.554 9058-9058/? E/IntegrationHelper: Adapter - MISSING
2022-02-27 20:51:21.554 9058-9058/? E/IntegrationHelper: >>>> Vungle - NOT VERIFIED
2022-02-27 20:51:21.554 9058-9058/? V/ironSourceSDK: API: IronSourceObject setMetaData - key = AdMob_TFCD, values = [false]
2022-02-27 20:51:21.555 9058-9184/? W/IntegrationHelper: --------------- Google Play Services --------------
2022-02-27 20:51:21.555 9058-9184/? I/IntegrationHelper: Google Play Services - VERIFIED
2022-02-27 20:51:21.555 9058-9058/? V/ironSourceSDK: API: IronSourceObject setMetaData - key = AdMob_TFUA, values = [false]
2022-02-27 20:51:21.555 9058-9058/? V/ironSourceSDK: API: IronSourceObject setMetaData - key = UnityAds_COPPA, values = [false]
2022-02-27 20:51:21.555 9058-9058/? V/ironSourceSDK: API: IronSourceObject setMetaData - key = Facebook_IS_CacheFlag, values = [IMAGE]
2022-02-27 20:51:21.556 9058-9058/? V/ironSourceSDK: API: IronSourceObject setMetaData - key = Pangle_COPPA, values = [0]
2022-02-27 20:51:21.556 9058-9058/? V/ironSourceSDK: API: IronSourceObject setMetaData - key = AppLovin_AgeRestrictedUser, values = [false]
2022-02-27 20:51:21.556 9058-9058/? I/ironSourceSDK: API: setRewardedVideoListener(RVListener)
2022-02-27 20:51:21.556 9058-9058/? V/ironSourceSDK: INTERNAL: IronSourceObject loadBanner - placementName = 
2022-02-27 20:51:21.556 9058-9058/? E/ironSourceSDK: API: loadBanner can't be called - banner layout is null 
2022-02-27 20:51:21.556 9058-9058/? I/ironSourceSDK: API: setInterstitialListener(ISListener)
2022-02-27 20:51:21.556 9058-9058/? I/ironSourceSDK: API: loadInterstitial()
2022-02-27 20:51:21.556 9058-9058/? V/ironSourceSDK: INTERNAL: com.ironsource.mediationsdk.InterstitialManager Should Track Network State: true
2022-02-27 20:51:21.556 9058-9058/? V/ironSourceSDK: INTERNAL: RewardedVideoManager Should Track Network State: true
2022-02-27 20:51:21.557 17414-18405/? W/ActivityManager: Receiver with filter android.content.IntentFilter@b797c2b already registered for pid 9058, callerPackage is com.music.festival.battle
2022-02-27 20:51:21.558 9058-9058/? V/SDL: onStart()
2022-02-27 20:51:21.558 9058-9058/? V/SDL: onResume()
2022-02-27 20:51:21.559 9058-9058/? I/ironSourceSDK: API: onResume()
2022-02-27 20:51:21.560 9058-9058/? D/ColorViewRootUtil: initSwipState, isDisplayCompatApp false
2022-02-27 20:51:21.560 9058-9058/? D/ColorViewRootUtil: mScreenHeight 2412, mScreenWidth 1080
2022-02-27 20:51:21.560 9058-9058/? D/WindowManager: Add to mViews: DecorView@208e79e[GameStateActivity],pkg= com.music.festival.battle
2022-02-27 20:51:21.582 17414-18178/? V/WindowManager: Orientation start waiting for draw, mDrawState=DRAW_PENDING in Window{50e0db0 u0 Splash Screen com.music.festival.battle}, surfaceController Surface(name=Splash Screen com.music.festival.battle)/@0x785f6da
2022-02-27 20:51:21.582 9058-9135/? E/Parcel: Reading a NULL string not supported here.
2022-02-27 20:51:21.585 17414-18178/? V/WindowManager: Changing focus from null to Window{697e221 u0 com.music.festival.battle/com.es.gamestate.GameStateActivity},diplayid=0
2022-02-27 20:51:21.583 9058-9135/? E/Parcel: Reading a NULL string not supported here.
2022-02-27 20:51:21.587 17414-18178/? D/Theia.NoFocusWindow: FocusWindowErrorScene cancelCheckFreezeScreen
2022-02-27 20:51:21.592 17414-17460/? V/WindowManager: Orientation start waiting for draw, mDrawState=DRAW_PENDING in Window{50e0db0 u0 Splash Screen com.music.festival.battle}, surfaceController Surface(name=Splash Screen com.music.festival.battle)/@0x785f6da
2022-02-27 20:51:21.592 17414-17460/? V/WindowManager: Orientation start waiting for draw, mDrawState=DRAW_PENDING in Window{697e221 u0 com.music.festival.battle/com.es.gamestate.GameStateActivity}, surfaceController Surface(name=com.music.festival.battle/com.es.gamestate.GameStateActivity)/@0x10f45a3
2022-02-27 20:51:21.596 17414-20294/? V/WindowManager: Orientation start waiting for draw, mDrawState=DRAW_PENDING in Window{50e0db0 u0 Splash Screen com.music.festival.battle}, surfaceController Surface(name=Splash Screen com.music.festival.battle)/@0x785f6da
2022-02-27 20:51:21.597 17414-17714/? W/WifiConfigStore: No data stored for writing to file: /data/misc/apexdata/com.android.wifi/WifiConfigStoreSoftAp.xml
2022-02-27 20:51:21.597 9058-9058/? V/SDL: surfaceCreated()
2022-02-27 20:51:21.597 9058-9058/? V/SDL: surfaceChanged()
2022-02-27 20:51:21.597 9058-9058/? V/SDL: pixel format RGB_565
2022-02-27 20:51:21.597 9058-9058/? V/SDL: Window size: 2170x970
2022-02-27 20:51:21.597 9058-9058/? V/SDL: Device size: 2412x1080
2022-02-27 20:51:21.598 9058-9058/? V/SensorManager: RegisterListener bma4xy Accelerometer Non-wakeup type:1 delay:20000us by org.libsdl.app.SDLSurface
2022-02-27 20:51:21.598 9058-9058/? E/Parcel: Reading a NULL string not supported here.
2022-02-27 20:51:21.598 17414-17714/? W/WifiConfigStore: No data stored for writing to file: /data/misc_ce/0/apexdata/com.android.wifi/WifiConfigStoreNetworkSuggestions.xml
2022-02-27 20:51:21.598 17414-17714/? D/WifiConfigStore: Writing to stores completed in 3 ms.
2022-02-27 20:51:21.598 17414-18758/? D/SensorService: createSensorEventConnection, mCurrentOperatingMode = 0, requestedMode = 0
2022-02-27 20:51:21.598 17414-17444/? W/SensorService: SensorEventConnection sensor handle=11, package = org.libsdl.app.SDLSurface enable
2022-02-27 20:51:21.598 17414-17444/? E/SensorService: Required app org.libsdl.app.SDLSurface, uid 10336, pid 9058
2022-02-27 20:51:21.599 17414-17444/? D/SensorService: Calling batch handle==11 flags=0rate=20000000 timeout== 0
2022-02-27 20:51:21.599 17414-17444/? D/SensorService: SensorDevice::batch: ident=0xb40000732c1547c0, handle=0x0000000b, flags=0, period_ns=20000000 timeout=0
2022-02-27 20:51:21.599 17414-17444/? D/SensorService: 	>>> curr_period=9223372036854775807 min_period=20000000 curr_timeout=0 min_timeout=0
2022-02-27 20:51:21.599 17414-17444/? D/SensorService: 	>>> actuating h/w BATCH 0x0000000b 20000000 0
2022-02-27 20:51:21.599 17124-17124/? I/sensors-hal: batch:254, android.sensor.accelerometer/11, period=20000000, max_latency=0
2022-02-27 20:51:21.599 17124-17124/? I/sensors-hal: set_config:63, sample_period_ns is adjusted to 20000000 based on min/max delay_ns
2022-02-27 20:51:21.599 17124-17124/? I/sensors-hal: batch:276, android.sensor.accelerometer/11, period=20000000, max_latency=0 request completed
2022-02-27 20:51:21.599 17414-17444/? D/SensorService: recordConnection in enable
2022-02-27 20:51:21.599 17414-17444/? D/SensorService: Calling activate on 11
2022-02-27 20:51:21.599 17414-17444/? D/SensorService: SensorDevice::activate: ident=0xb40000732c1547c0, handle=0x0000000b, enabled=1, count=1
2022-02-27 20:51:21.599 17414-17444/? D/SensorService: enable index=0
2022-02-27 20:51:21.599 17414-17444/? D/SensorService: info.numActiveClients() = 1, info.isActive = 0
2022-02-27 20:51:21.599 17414-17444/? D/SensorService: activateHardware = 1
2022-02-27 20:51:21.599 17414-17444/? D/SensorService: 	>>> actuating h/w activate handle=11 enabled=1
2022-02-27 20:51:21.599 9058-9175/? I/IntegrationHelper: GAID is: e8e241e5-fa67-4343-8889-45e6342e7653 (use this for test devices)
2022-02-27 20:51:21.599 17124-17124/? I/sensors-hal: activate:213, android.sensor.accelerometer/11 en=1
2022-02-27 20:51:21.600 2429-2433/? E/Diag_Lib: [IMS_AP]"ims-rtp-daemon ims_rtp_qmi_handler_thread_func waiting on select thread>"
2022-02-27 20:51:21.602 2429-2433/? I/chatty: uid=1001(radio) /vendor/bin/ims_rtp_daemon identical 1 line
2022-02-27 20:51:21.603 2429-2433/? E/Diag_Lib: [IMS_AP]"ims-rtp-daemon ims_rtp_qmi_handler_thread_func waiting on select thread>"
2022-02-27 20:51:21.603 17124-17124/? I/sensors-hal: activate:232, android.sensor.accelerometer/11 en=1 completed
2022-02-27 20:51:21.603 9058-9058/? V/SensorManager: RegisterListener bma4xy Accelerometer Non-wakeup type:1 delay:20000us by org.libsdl.app.SDLSurface
2022-02-27 20:51:21.603 17124-9185/? I/sensors-hal: ssc_conn_resp_cb:673, resp_value = 0
2022-02-27 20:51:21.604 9058-9188/? V/SDL: Running main function hxcpp_main from library libApplicationMain.so
2022-02-27 20:51:21.604 9058-9188/? V/SDL: nativeRunMain()
2022-02-27 20:51:21.614 1081-4879/? D/DispPerfService: onframeavailable pid=9058, slot=0, seq=26236, name=com.music.festival.battle:com.music.festival.battle/com.es.gamestate.GameStateActivity#0
2022-02-27 20:51:21.614 9058-9188/? I/haxe plugin: Got Load Proc 0x72b8709d00
2022-02-27 20:51:21.616 9058-9170/? I/ironSourceSDK: INTERNAL: GeneralPropertiesWorker collectInformation - collecting data for events: {isLimitAdTrackingEnabled=false, appVersion=9.8, tz=Asia/Ho_Chi_Minh, icc=vn, advertisingId=e8e241e5-fa67-4343-8889-45e6342e7653, language=vi, battery=100, mcc=0, connectionType=none, internalFreeMemory=96615, osVersion=30(11), appKey=f990ca51, firstSession=false, deviceOEM=realme, auid=ff25df94-1035-49a5-927c-d353f9b519f0, mnc=0, deviceOS=Android, bundleId=com.music.festival.battle, sessionId=a3211626-5829-41ea-897b-cea74505827a, externalFreeMemory=96415, advertisingIdType=GAID, jb=false, sdkVersion=7.1.6, deviceModel=RMX3491, gmtMinutesOffset=420}
2022-02-27 20:51:21.621 17414-17444/? V/WindowManager: Orientation start waiting for draw, mDrawState=DRAW_PENDING in Window{50e0db0 u0 Splash Screen com.music.festival.battle}, surfaceController Surface(name=Splash Screen com.music.festival.battle)/@0x785f6da
2022-02-27 20:51:21.623 9058-9188/? D/openal: AL lib: alc_initconfig: Initializing library v1.19.0-96aacac master
2022-02-27 20:51:21.623 9058-9188/? D/openal: AL lib: alc_initconfig: Supported backends: opensl, sdl2, null, wave
2022-02-27 20:51:21.623 9058-9188/? D/openal: AL lib: ReadALConfig: Loading config /etc/openal/alsoft.conf...
2022-02-27 20:51:21.623 9058-9188/? D/openal: AL lib: ReadALConfig: Loading config /etc/xdg/alsoft.conf...
2022-02-27 20:51:21.623 9058-9188/? D/openal: AL lib: GetProcBinary: Got path: /system/bin
2022-02-27 20:51:21.623 9058-9188/? D/openal: AL lib: ReadALConfig: Loading config /system/bin/alsoft.conf...
2022-02-27 20:51:21.624 9058-9188/? D/openal: AL lib: GetConfigValue: Key disable-cpu-exts not found
2022-02-27 20:51:21.624 9058-9188/? D/openal: AL lib: FillCPUCaps: Extensions: -none-
2022-02-27 20:51:21.624 9058-9188/? D/openal: AL lib: GetConfigValue: Key rt-prio not found
2022-02-27 20:51:21.624 9058-9188/? D/openal: AL lib: GetConfigValue: Key resampler not found
2022-02-27 20:51:21.624 9058-9188/? D/openal: AL lib: GetConfigValue: Key trap-al-error not found
2022-02-27 20:51:21.624 9058-9188/? D/openal: AL lib: GetConfigValue: Key trap-alc-error not found
2022-02-27 20:51:21.624 9058-9188/? D/openal: AL lib: GetConfigValue: Key reverb/boost not found
2022-02-27 20:51:21.624 9058-9188/? D/openal: AL lib: GetConfigValue: Key drivers not found
2022-02-27 20:51:21.624 9058-9188/? D/openal: AL lib: alc_initconfig: Initialized backend "opensl"
2022-02-27 20:51:21.624 9058-9188/? D/openal: AL lib: alc_initconfig: Added "opensl" for playback
2022-02-27 20:51:21.624 9058-9188/? D/openal: AL lib: alc_initconfig: Added "opensl" for capture
2022-02-27 20:51:21.624 9058-9188/? D/openal: AL lib: GetConfigValue: Key excludefx not found
2022-02-27 20:51:21.624 9058-9188/? D/openal: AL lib: GetConfigValue: Key default-reverb not found
2022-02-27 20:51:21.624 9058-9188/? D/openal: AL lib: GetConfigValue: Key channels not found
2022-02-27 20:51:21.624 9058-9188/? D/openal: AL lib: GetConfigValue: Key sample-type not found
2022-02-27 20:51:21.624 9058-9188/? D/openal: AL lib: GetConfigValue: Key frequency not found
2022-02-27 20:51:21.624 9058-9188/? D/openal: AL lib: GetConfigValue: Key periods not found
2022-02-27 20:51:21.624 9058-9188/? D/openal: AL lib: GetConfigValue: Key period_size not found
2022-02-27 20:51:21.624 9058-9188/? D/openal: AL lib: GetConfigValue: Key sources not found
2022-02-27 20:51:21.624 9058-9188/? D/openal: AL lib: GetConfigValue: Key slots not found
2022-02-27 20:51:21.624 9058-9188/? D/openal: AL lib: GetConfigValue: Key sends not found
2022-02-27 20:51:21.625 9058-9188/? D/openal: AL lib: GetConfigValue: Key ambi-format not found
2022-02-27 20:51:21.625 9058-9188/? D/openal: AL lib: alcOpenDevice: Created device 0x7292703910, "OpenSL"
2022-02-27 20:51:21.625 9058-9188/? D/openal: AL lib: GetConfigValue: Key hrtf not found
2022-02-27 20:51:21.625 9058-9188/? D/openal: AL lib: UpdateDeviceParams: Pre-reset: Stereo, Float, 44100hz, 1024 update size x3
2022-02-27 20:51:21.627 17114-17129/? D/audio_hw_primary: out_set_parameters: enter: usecase(1: low-latency-playback) kvpairs: suspend_playback=false
2022-02-27 20:51:21.627 17114-17129/? D/audio_hw_primary: out_set_parameters: exit: code(0)
2022-02-27 20:51:21.627 17114-31434/? W/audio_hw_primary: out_write: underrun(432) frames_by_time(18553) > out->last_fifo_frames_remaining(384)
2022-02-27 20:51:21.628 17414-20147/? I/system_server: oneway function results will be dropped but finished with status OK and parcel size 4
2022-02-27 20:51:21.629 17414-20147/? I/system_server: oneway function results will be dropped but finished with status OK and parcel size 4
2022-02-27 20:51:21.630 17414-18797/? I/system_server: oneway function results will be dropped but finished with status OK and parcel size 4
2022-02-27 20:51:21.632 17414-18797/? I/chatty: uid=1000(system) Binder:17414_13 identical 2 lines
2022-02-27 20:51:21.632 17414-18797/? I/system_server: oneway function results will be dropped but finished with status OK and parcel size 4
2022-02-27 20:51:21.633 9058-9188/? D/festival.battl: PlayerBase::PlayerBase()
2022-02-27 20:51:21.634 9058-9188/? D/festival.battl: TrackPlayerBase::TrackPlayerBase()
2022-02-27 20:51:21.634 9058-9188/? I/libOpenSLES: Emulating old channel mask behavior (ignoring positional mask 0x3, using default mask 0x3 based on channel count of 2)
2022-02-27 20:51:21.634 9058-9188/? D/AudioTrack: set() streamType 3, sampleRate 44100, format 0x1, channelMask 0x3, frameCount 0, flags #104, notificationFrames -3, sessionId 2017, transferType 0, uid -1, pid -1 cbf 1
2022-02-27 20:51:21.634 9058-9188/? D/AudioTrack: gATLogLevel = 0
2022-02-27 20:51:21.625 17414-17444/? V/WindowManager: Orientation start waiting for draw, mDrawState=DRAW_PENDING in Window{50e0db0 u0 Splash Screen com.music.festival.battle}, surfaceController Surface(name=Splash Screen com.music.festival.battle)/@0x785f6da
2022-02-27 20:51:21.638 17414-27384/? V/WindowManager: Orientation start waiting for draw, mDrawState=DRAW_PENDING in Window{50e0db0 u0 Splash Screen com.music.festival.battle}, surfaceController Surface(name=Splash Screen com.music.festival.battle)/@0x785f6da
2022-02-27 20:51:21.638 17114-17129/? D/audio_hw_primary: adev_get_parameters:vr_audio_mode_on
2022-02-27 20:51:21.638 17114-17129/? D/audio_hw_primary: adev_get_parameters: exit: returns - vr_audio_mode_on=false
2022-02-27 20:51:21.638 17118-25870/? I/hash_map_utils: key: 'vr_audio_mode_on' value: ''
2022-02-27 20:51:21.639 17118-25870/? I/AudioPolicyManagerCustom: VR mode is 0, switch to primary output if request is for fast|raw
2022-02-27 20:51:21.639 17114-17129/? E/EffectFactoryHAL: Error querying effect descriptor for 9d4921da-8225-4f29-aefa-39537a04bcaa: No such file or directory
2022-02-27 20:51:21.640 17118-17178/? V/GameAudioEffects: outputSelected a new track request output with porId(219), session(2017), uid(10336) stream(3) flags(0x104)
2022-02-27 20:51:21.640 17118-17179/? V/OplusAudioLowLatency: outputSelected a new track request output with device(0x2),  porId(219), session(2017), uid(10336) stream(3) flags(0x104)
2022-02-27 20:51:21.640 17118-25870/? W/AudioFlinger: createTrack_l(): mismatch between requested flags (00000104) and output flags (00000006)
2022-02-27 20:51:21.640 17118-25870/? D/AudioFlinger: createTrack_l output 13  latencyMs 48 mNormalFrameCount 960 mSampleRate 48000
2022-02-27 20:51:21.640 17118-25870/? D/AudioFlinger: createTrack_l output 13 minFrameCount 1772 frameCount 0
