2022-02-27 20:51:18.410 31646-18959/? W/OplusExSystemServiceHelper: checkOplusExSystemService intent getComponent is null
2022-02-27 20:51:18.805 17414-18245/? I/ColorGameSpaceManager: in handleApplicationSwitchInner ---- gamemode = 0 ----mModeStatus = 0
2022-02-27 20:51:18.816 1029-1117/? E/ANDR-PERF-OPTSHANDLER: Perflock resource /sys/class/devfreq/soc:qcom,cpu0-cpu-llcc-lat/mem_latency/ratio_ceil not supported
2022-02-27 20:51:18.816 1029-1117/? E/ANDR-PERF-RESOURCEQS: Failed to apply optimization [13, 8]
2022-02-27 20:51:18.816 1029-1117/? E/ANDR-PERF-OPTSHANDLER: Perflock resource /sys/class/devfreq/soc:qcom,cpu4-cpu-llcc-lat/mem_latency/ratio_ceil not supported
2022-02-27 20:51:18.816 1029-1117/? E/ANDR-PERF-RESOURCEQS: Failed to apply optimization [13, 9]
2022-02-27 20:51:18.816 19572-20817/? I/Athena: MemoryGuardAction: triggerMemory:1600MB, availMemory:2649MB
2022-02-27 20:51:18.838 17414-18405/? D/SensorService: ~SensorEventConnection(0xb40000729612b380)
2022-02-27 20:51:18.838 17414-18405/? D/SensorService: 3 active sensors
2022-02-27 20:51:18.838 17414-18405/? D/SensorService: removing connection 0xb40000729612b380 for sensor[0].handle=0x00000033
2022-02-27 20:51:18.838 17414-18405/? D/SensorService: removing connection 0xb40000729612b380 for sensor[1].handle=0x000000bf
2022-02-27 20:51:18.838 17414-18405/? D/SensorService: removing connection 0xb40000729612b380 for sensor[2].handle=0x00000110
2022-02-27 20:51:18.838 8876-8876/? V/SDL: surfaceCreated()
2022-02-27 20:51:18.838 8876-8876/? V/SDL: surfaceChanged()
2022-02-27 20:51:18.839 8876-8876/? V/SDL: pixel format RGBA_8888
2022-02-27 20:51:18.839 8876-8876/? V/SDL: Window size: 1080x2170
2022-02-27 20:51:18.839 8876-8876/? V/SDL: Device size: 1080x2412
2022-02-27 20:51:18.840 8876-8876/? V/SDL: Skip .. Surface is not ready.
2022-02-27 20:51:18.842 8876-8876/? I/Choreographer: Skipped 60 frames!  The application may be doing too much work on its main thread.
2022-02-27 20:51:18.844 1081-1081/? D/OppoExSurfaceFlinger: re-input flinger 1
2022-02-27 20:51:18.844 1081-1081/? D/DispPerfService: AIRefreshRate enable input motion 0x1
2022-02-27 20:51:18.846 17414-18505/? V/WindowManager: nav_input_consumer created.
2022-02-27 20:51:18.847 17414-18405/? V/WindowManager: nav_input_consumer dismissed.
2022-02-27 20:51:18.849 17414-18405/? I/ColorStatusBarManagerService:  topIsFullscreen fullscreen: true
2022-02-27 20:51:18.850 17414-18405/? I/ColorStatusBarManagerService:  topIsFullscreen fullscreen: true
2022-02-27 20:51:18.853 17414-18405/? V/WindowManager: Orientation start waiting for draw, mDrawState=DRAW_PENDING in Window{6c0e82d u0 com.music.festival.battle/com.es.gamestate.GameStateActivity}, surfaceController Surface(name=com.music.festival.battle/com.es.gamestate.GameStateActivity)/@0xf415174
2022-02-27 20:51:18.857 1081-1081/? D/OppoExLayer: ~Layer() sequence=26170, name=SurfaceView - com.music.festival.battle/com.es.gamestate.GameStateActivity#0@0xb40000715cfae000
2022-02-27 20:51:18.858 1081-1081/? D/OppoExSurfaceFlinger: re-input flinger 1
2022-02-27 20:51:18.859 1081-1081/? D/DispPerfService: AIRefreshRate enable input motion 0x1
2022-02-27 20:51:18.859 1081-3753/? I/BpBinder: onLastStrongRef automatically unlinking death recipients: <uncached descriptor>
2022-02-27 20:51:18.863 18609-22345/? E/Quality-PerformanceUtils: /sys/devices/system/cpu/cpufreq/policy6/freq_change_info doesn't exist
2022-02-27 20:51:18.863 18609-22345/? E/Quality-PerformanceUtils: /sys/devices/system/cpu/cpufreq/policy0/freq_change_info doesn't exist
2022-02-27 20:51:18.865 8876-8876/? V/SDL: surfaceChanged()
2022-02-27 20:51:18.865 8876-8876/? V/SDL: pixel format RGBA_8888
2022-02-27 20:51:18.865 8876-8876/? V/SDL: Window size: 1080x2302
2022-02-27 20:51:18.865 8876-8876/? V/SDL: Device size: 1080x2412
2022-02-27 20:51:18.868 8876-8876/? V/SDL: Skip .. Surface is not ready.
2022-02-27 20:51:18.873 8876-8904/? I/OpenGLRenderer: Davey! duration=1034ms; Flags=1, IntendedVsync=67984817687065, Vsync=67985817687025, OldestInputEvent=9223372036854775807, NewestInputEvent=0, HandleInputStart=67985821696980, AnimationStart=67985821731303, PerformTraversalsStart=67985821733803, DrawStart=67985848950469, SyncQueued=67985849156876, SyncStart=67985849746615, IssueDrawCommandsStart=67985849837553, SwapBuffers=67985851371251, FrameCompleted=67985852407397, DequeueBufferDuration=840208, QueueBufferDuration=514792, GpuCompleted=0, 
2022-02-27 20:51:18.874 1081-1081/? D/OppoExLayer: ~Layer() sequence=26174, name=Input Consumer nav_input_consumer#0@0xb400007143703000
2022-02-27 20:51:18.877 1081-1081/? D/OppoExSurfaceFlinger: re-input flinger 1
2022-02-27 20:51:18.877 1081-1081/? D/DispPerfService: AIRefreshRate enable input motion 0x1
2022-02-27 20:51:18.892 1081-1081/? D/OppoExSurfaceFlinger: re-input flinger 1
2022-02-27 20:51:18.892 1081-1081/? D/DispPerfService: AIRefreshRate enable input motion 0x1
2022-02-27 20:51:18.893 17414-17461/? I/InputDispatcher: setInputDispatchMode: enabled=1, frozen=0
2022-02-27 20:51:18.894 17414-17461/? I/WindowManager: Screen frozen for +1s650ms due to Window{6c0e82d u0 com.music.festival.battle/com.es.gamestate.GameStateActivity}
2022-02-27 20:51:18.904 8876-8876/? V/SDL: onWindowFocusChanged(): true
2022-02-27 20:51:18.904 8876-8876/? V/SDL: nativeFocusChanged()
2022-02-27 20:51:18.908 17414-17460/? D/PowerManagerService: setScreenBrightnessOverrideFromWindowManagerInternal brightness=NaN mScreenBrightnessOverrideFromWindowManager=NaN
2022-02-27 20:51:18.912 18609-22345/? E/Quality-PerformanceUtils: /proc/oplus_healthinfo/cpufreq_max doesn't exist
2022-02-27 20:51:18.906 18609-18609/? W/LogcatParserThr: type=1400 audit(0.0:238923): avc: denied { write } for name="com.music.festival.battle-yEOgfLHQp0qTv_9hLCNmQA==" dev="dm-18" ino=34719 scontext=u:r:system_app:s0 tcontext=u:object_r:apk_data_file:s0 tclass=dir permissive=0
2022-02-27 20:51:18.913 31646-29565/? W/OplusExSystemServiceHelper: checkOplusExSystemService intent getComponent is null
2022-02-27 20:51:18.918 26384-26384/? I/GoogleInputMethodService: GoogleInputMethodService.onFinishInput():3210 
2022-02-27 20:51:18.919 26384-26384/? I/GoogleInputMethodService: GoogleInputMethodService.updateDeviceLockedStatus():2099 checkRepeatedly = false, unlocked = true
2022-02-27 20:51:18.919 26384-26384/? I/GoogleInputMethodService: GoogleInputMethodService.onStartInput():1907 onStartInput(EditorInfo{inputType=0x0(NULL) imeOptions=0x0 privateImeOptions=null actionName=UNSPECIFIED actionLabel=null actionId=0 initialSelStart=-1 initialSelEnd=-1 initialCapsMode=0x0 hintText=null label=null packageName=com.music.festival.battle fieldId=-1 fieldName=null extras=null}, false)
2022-02-27 20:51:18.920 26384-26384/? I/GoogleInputMethodService: GoogleInputMethodService.updateDeviceLockedStatus():2099 checkRepeatedly = true, unlocked = true
2022-02-27 20:51:18.909 17414-17460/? D/PowerManagerService: setScreenBrightnessOverrideFromWindowManagerInternal brightness=NaN mScreenBrightnessOverrideFromWindowManager=NaN
2022-02-27 20:51:18.920 18609-22345/? W/ContextImpl: Calling a method in the system process without a qualified user: android.app.ContextImpl.sendBroadcast:1162 android.content.ContextWrapper.sendBroadcast:483 com.oppo.qualityprotect.f.a:71 com.oppo.qualityprotect.c.e.c:414 com.oppo.qualityprotect.a.a:19 
2022-02-27 20:51:18.920 18609-22345/? I/QualityProtectUtils: OneTraceJankInfoEnd
2022-02-27 20:51:18.914 18609-18609/? W/qualitylog: type=1400 audit(0.0:238924): avc: denied { search } for name="traces" dev="dm-18" ino=300 scontext=u:r:system_app:s0 tcontext=u:object_r:trace_data_file:s0 tclass=dir permissive=0
2022-02-27 20:51:18.921 18609-22437/? W/ContextImpl: Calling a method in the system process without a qualified user: android.app.ContextImpl.startService:1705 android.content.ContextWrapper.startService:730 com.oppo.a.a.c.a.a:13 com.oppo.a.a.c.a.a:234 com.oppo.a.a.a.c.a:16 
2022-02-27 20:51:18.923 18609-22345/? E/Quality-PerformanceUtils: /sys/devices/system/cpu/cpufreq/policy6/freq_change_info doesn't exist
2022-02-27 20:51:18.923 18609-22345/? E/Quality-PerformanceUtils: /sys/devices/system/cpu/cpufreq/policy0/freq_change_info doesn't exist
2022-02-27 20:51:18.923 18364-18455/? W/[0]DCS-MobileHelper: getContryCode slotid=0,type=1,code=null,result=
2022-02-27 20:51:18.923 18364-18455/? W/[0]DCS-MobileHelper: getContryCode slotid=1,type=1,code=null,result=
2022-02-27 20:51:18.937 17414-17460/? D/PowerManagerService: setScreenBrightnessOverrideFromWindowManagerInternal brightness=NaN mScreenBrightnessOverrideFromWindowManager=NaN
2022-02-27 20:51:18.955 18609-22345/? E/Quality-PerformanceUtils: /proc/oplus_healthinfo/cpufreq_max doesn't exist
2022-02-27 20:51:18.950 18609-18609/? W/LogcatParserThr: type=1400 audit(0.0:238925): avc: denied { write } for name="com.music.festival.battle-yEOgfLHQp0qTv_9hLCNmQA==" dev="dm-18" ino=34719 scontext=u:r:system_app:s0 tcontext=u:object_r:apk_data_file:s0 tclass=dir permissive=0
2022-02-27 20:51:18.937 17414-17460/? I/chatty: uid=1000(system) android.display identical 1 line
2022-02-27 20:51:18.954 17414-17460/? D/PowerManagerService: setScreenBrightnessOverrideFromWindowManagerInternal brightness=NaN mScreenBrightnessOverrideFromWindowManager=NaN
2022-02-27 20:51:18.967 18609-22345/? W/ContextImpl: Calling a method in the system process without a qualified user: android.app.ContextImpl.sendBroadcast:1162 android.content.ContextWrapper.sendBroadcast:483 com.oppo.qualityprotect.f.a:71 com.oppo.qualityprotect.f.a:9 com.oppo.qualityprotect.c.w.c:255 
2022-02-27 20:51:18.967 8876-8953/? W/GameAnalytics: Warning/GameAnalytics: Event queue: Failed to send events to collector - Retrying next time
2022-02-27 20:51:18.967 18609-22437/? W/ContextImpl: Calling a method in the system process without a qualified user: android.app.ContextImpl.startService:1705 android.content.ContextWrapper.startService:730 com.oppo.a.a.c.a.a:13 com.oppo.a.a.c.a.a:234 com.oppo.a.a.a.c.a:16 
2022-02-27 20:51:18.962 18609-18609/? W/qualitylog: type=1400 audit(0.0:238926): avc: denied { search } for name="traces" dev="dm-18" ino=300 scontext=u:r:system_app:s0 tcontext=u:object_r:trace_data_file:s0 tclass=dir permissive=0
2022-02-27 20:51:18.967 18609-22345/? I/QualityProtectUtils: OneTraceJankInfoEnd
2022-02-27 20:51:18.968 18609-22345/? I/Quality-OIDTUtils: Exception type:2; pkgName:com.music.festival.battle;
2022-02-27 20:51:18.968 17414-18505/? D/OplusAmsUtilsFeatrue: detectExceptionsForOIDT type:2
2022-02-27 20:51:18.968 17414-18505/? D/OplusManager: send on stamp success
2022-02-27 20:51:18.970 18364-18455/? W/[0]DCS-MobileHelper: getContryCode slotid=0,type=1,code=null,result=
2022-02-27 20:51:18.970 18364-18455/? W/[0]DCS-MobileHelper: getContryCode slotid=1,type=1,code=null,result=
2022-02-27 20:51:18.970 17414-17651/? V/OppoStampEventRecorder: onStamp id : 020101
2022-02-27 20:51:18.973 1081-1081/? D/OppoExLayer: ~Layer() sequence=26162, name=com.music.festival.battle/com.es.mod.etc.EtcMainActivity#0@0xb400007166a3a000
2022-02-27 20:51:19.108 17414-17461/? I/InputDispatcher: setInputDispatchMode: enabled=1, frozen=1
2022-02-27 20:51:19.110 1081-1081/? D/OppoExSurfaceFlinger: re-input flinger 1
2022-02-27 20:51:19.110 1081-1081/? D/DispPerfService: AIRefreshRate enable input motion 0x1
2022-02-27 20:51:19.122 1029-1117/? E/ANDR-PERF-OPTSHANDLER: Perflock resource /sys/class/devfreq/soc:qcom,cpu0-cpu-llcc-lat/mem_latency/ratio_ceil not supported
2022-02-27 20:51:19.122 1029-1117/? E/ANDR-PERF-RESOURCEQS: Failed to apply optimization [13, 8]
2022-02-27 20:51:19.122 1029-1117/? E/ANDR-PERF-OPTSHANDLER: Perflock resource /sys/class/devfreq/soc:qcom,cpu4-cpu-llcc-lat/mem_latency/ratio_ceil not supported
2022-02-27 20:51:19.122 1029-1117/? E/ANDR-PERF-RESOURCEQS: Failed to apply optimization [13, 9]
2022-02-27 20:51:19.123 1081-1081/? D/OppoExLayer: ~Layer() sequence=26160, name=RotationLayer#0@0xb40000715cfb7000
2022-02-27 20:51:19.124 1081-1081/? D/OppoExLayer: ~Layer() sequence=26161, name=EnterBlackFrameLayer#0@0xb40000715cf6a000
2022-02-27 20:51:19.125 1081-1081/? D/OppoExLayer: ~Layer() sequence=26159, name=BackColorSurface#0@0xb40000715cfa8000
2022-02-27 20:51:19.125 1081-1081/? D/OppoExSurfaceFlinger: re-input flinger 1
2022-02-27 20:51:19.125 1081-1081/? D/DispPerfService: AIRefreshRate enable input motion 0x1
2022-02-27 20:51:19.135 1081-4879/? D/DispPerfService: onframeavailable pid=17414, slot=0, seq=26179, name=system_server:RotationLayer#0
2022-02-27 20:51:19.139 17414-17782/? D/JobScheduler.Temperature: get temperature=35.998
2022-02-27 20:51:19.142 1081-1081/? E/OppoExLayer: using cid as pid, cid=17414, name=BackColorSurface#0
2022-02-27 20:51:19.142 1081-1081/? D/OppoExSurfaceFlinger: re-input flinger 1
2022-02-27 20:51:19.142 1081-1081/? D/DispPerfService: AIRefreshRate enable input motion 0x1
2022-02-27 20:51:19.147 17951-17951/? D/Divider: Position in OnDisplayChangingListener is 1180
2022-02-27 20:51:19.149 17414-9031/? D/ColorAccidentallyManager: accidentPrevention >>> updateTouchPanelInfo: 0,1,0
2022-02-27 20:51:19.150 17414-9031/? D/ColorAccidentallyManager: accidentPrevention >>> writeNarrowFile: /proc/touchpanel/oplus_tp_limit_whitelist, 0
2022-02-27 20:51:19.150 17414-9031/? D/ColorAccidentallyManager: accidentPrevention >>> writeNarrowFile: /proc/touchpanel/oplus_tp_direction, 1
2022-02-27 20:51:19.150 17414-9031/? D/ColorAccidentallyManager: accidentPrevention >>> writeNarrowFile: /proc/touchpanel/oplus_tp_limit_enable, 0
2022-02-27 20:51:19.153 17414-17460/? I/ActivityTaskManager: Config changes=20000480 {1.0 ?mcc?mnc [vi_VN] ldltr sw360dp w723dp h323dp 480dpi nrml long land finger -keyb/v/h -nav/h winConfig={ mBounds=Rect(0, 0 - 2412, 1080) mAppBounds=Rect(110, 0 - 2280, 1080) mWindowingMode=fullscreen mDisplayWindowingMode=fullscreen mActivityType=undefined mAlwaysOnTop=undefined mRotation=ROTATION_90} s.17765mThemeChanged= 0, mThemeChangedFlags= 0, mFlipFont= 0, mAccessibleChanged= -1, mUxIconConfig= 3468923383113580577, mMaterialColor= 0, mUserId= 0, mFontUserId= 0, mFontVariationSettings= 226, mIconPackName= , mDarkModeBackgroundMaxL= 0.0, mDarkModeDialogBgMaxL= 27.0, mDarkModeForegroundMinL= 100.0, mOplusConfigType= 1}
2022-02-27 20:51:19.157 1081-1081/? D/OppoExLayer: ~Layer() sequence=26176, name=Surface(name=RotationLayer)/@0x2d50e37 - animation-leash#0@0xb400007166ba2000
2022-02-27 20:51:19.157 1081-1081/? D/OppoExLayer: ~Layer() sequence=26175, name=Surface(name=mWindowContainers)/@0xb6d068a - animation-leash#0@0xb400007166a81000
2022-02-27 20:51:19.159 1081-1081/? D/OppoExSurfaceFlinger: re-input flinger 1
2022-02-27 20:51:19.159 1081-1081/? D/DispPerfService: AIRefreshRate enable input motion 0x1
2022-02-27 20:51:19.175 18938-18938/? D/OppoDragWindowPolicy: ----------- onConfigChanged newConfig.orientation = 2
2022-02-27 20:51:19.175 1081-1081/? D/OppoExSurfaceFlinger: re-input flinger 1
2022-02-27 20:51:19.175 1081-1081/? D/DispPerfService: AIRefreshRate enable input motion 0x1
2022-02-27 20:51:19.177 32644-32644/? D/Tinker.DefaultAppLike: onConfigurationChanged:{1.0 ?mcc?mnc [vi_VN] ldltr sw360dp w723dp h323dp 480dpi nrml long land finger -keyb/v/h -nav/h winConfig={ mBounds=Rect(0, 0 - 2412, 1080) mAppBounds=Rect(110, 0 - 2280, 1080) mWindowingMode=fullscreen mDisplayWindowingMode=fullscreen mActivityType=undefined mAlwaysOnTop=undefined mRotation=ROTATION_90} s.17771mThemeChanged= 0, mThemeChangedFlags= 0, mFlipFont= 0, mAccessibleChanged= -1, mUxIconConfig= 3468923383113580577, mMaterialColor= 0, mUserId= 0, mFontUserId= 0, mFontVariationSettings= 226, mIconPackName= , mDarkModeBackgroundMaxL= 0.0, mDarkModeDialogBgMaxL= 27.0, mDarkModeForegroundMinL= 100.0, mOplusConfigType= 1}
2022-02-27 20:51:19.177 32665-32665/? D/Tinker.DefaultAppLike: onConfigurationChanged:{1.0 ?mcc?mnc [vi_VN] ldltr sw360dp w723dp h323dp 480dpi nrml long land finger -keyb/v/h -nav/h winConfig={ mBounds=Rect(0, 0 - 2412, 1080) mAppBounds=Rect(110, 0 - 2280, 1080) mWindowingMode=fullscreen mDisplayWindowingMode=fullscreen mActivityType=undefined mAlwaysOnTop=undefined mRotation=ROTATION_90} s.17770mThemeChanged= 0, mThemeChangedFlags= 0, mFlipFont= 0, mAccessibleChanged= -1, mUxIconConfig= 3468923383113580577, mMaterialColor= 0, mUserId= 0, mFontUserId= 0, mFontVariationSettings= 226, mIconPackName= , mDarkModeBackgroundMaxL= 0.0, mDarkModeDialogBgMaxL= 27.0, mDarkModeForegroundMinL= 100.0, mOplusConfigType= 1}
2022-02-27 20:51:19.190 17414-17460/? I/WindowManager: Override config changes=20000480 {1.0 ?mcc?mnc [vi_VN] ldltr sw360dp w723dp h323dp 480dpi nrml long land finger -keyb/v/h -nav/h winConfig={ mBounds=Rect(0, 0 - 2412, 1080) mAppBounds=Rect(110, 0 - 2280, 1080) mWindowingMode=fullscreen mDisplayWindowingMode=fullscreen mActivityType=undefined mAlwaysOnTop=undefined mRotation=ROTATION_90} s.17765mThemeChanged= 0, mThemeChangedFlags= 0, mFlipFont= 0, mAccessibleChanged= -1, mUxIconConfig= 3468923383113580577, mMaterialColor= 0, mUserId= 0, mFontUserId= 0, mFontVariationSettings= 226, mIconPackName= , mDarkModeBackgroundMaxL= 0.0, mDarkModeDialogBgMaxL= 27.0, mDarkModeForegroundMinL= 100.0, mOplusConfigType= 1} for displayId=0
2022-02-27 20:51:19.191 17951-18744/? D/ColorEventInterceptManager: start updateInvalidRegion, regionKey: gesture, region_size: 0, disposable: false, isDelete: false, bundle == null: true
2022-02-27 20:51:19.191 17414-20304/? E/InputManager: Uncorrect parameters, updateInvalidRegion failed
2022-02-27 20:51:19.192 1081-1081/? D/OppoExSurfaceFlinger: re-input flinger 1
2022-02-27 20:51:19.192 1081-1081/? D/DispPerfService: AIRefreshRate enable input motion 0x1
2022-02-27 20:51:19.193 17414-17460/? I/ColorMiniZoomWindowManagerService: onDisplayChanged: Rotation changer from 0  to 1
2022-02-27 20:51:19.197 18320-18320/? D/PhoneUtils: replayUSSDDialog currentNightMode:false, sIsNightMode: false
2022-02-27 20:51:19.201 17895-17895/? D/ColorSystemServiceApplication: onConfigurationChanged
2022-02-27 20:51:19.203 17414-17414/? D/ColorSystemServiceApplication: onConfigurationChanged
2022-02-27 20:51:19.206 8876-8876/? V/SDL: onPause()
2022-02-27 20:51:19.207 8876-8876/? I/ironSourceSDK: API: onPause()
2022-02-27 20:51:19.208 8876-8876/? V/SDL: surfaceDestroyed()
2022-02-27 20:51:19.209 17414-17460/? V/WindowManager: Orientation start waiting for draw, mDrawState=DRAW_PENDING in Window{1f2d695 u0 AssistOverlayBottom}, surfaceController Surface(name=AssistOverlayBottom)/@0x32ba055
2022-02-27 20:51:19.209 17414-17460/? V/WindowManager: Orientation start waiting for draw, mDrawState=DRAW_PENDING in Window{d80fee u0 NavigationBar}, surfaceController Surface(name=NavigationBar0)/@0xcc96137
2022-02-27 20:51:19.209 17414-17460/? V/WindowManager: Orientation start waiting for draw, mDrawState=DRAW_PENDING in Window{d099261 u0 StatusBar}, surfaceController Surface(name=StatusBar)/@0xbb46570
2022-02-27 20:51:19.210 17414-17460/? V/WindowManager: Orientation start waiting for draw, mDrawState=DRAW_PENDING in Window{6c0e82d u0 com.music.festival.battle/com.es.gamestate.GameStateActivity}, surfaceController Surface(name=com.music.festival.battle/com.es.gamestate.GameStateActivity)/@0xf415174
2022-02-27 20:51:19.212 8965-8965/? E/OplusCommonManager: remote is null: activity_task
2022-02-27 20:51:19.212 17414-17460/? D/DisplayManagerService: Delivering display event: displayId=0, event=2
2022-02-27 20:51:19.213 18344-18344/? D/IconConfigParser: parseConfig::icon config =: IconConfig = [ isForeign : true,theme : 2,iconSize : 5000,iconShape : 0,foregroundSize : 6000,artPlusOn : 0,iconRadius ：36,darkModeIcon:1 ]
2022-02-27 20:51:19.214 17414-17517/? D/OppoPowerManagerHelper: onDisplayChanged:0
2022-02-27 20:51:19.216 8965-8965/? D/OplusCommonManager: Retry remote is null: true
2022-02-27 20:51:19.216 17414-17414/? I/OppoWallpaperManagerServiceHelper: onDisplayChanged. displayId = 0
2022-02-27 20:51:19.217 21790-22343/? I/BtGatt.ScanManager: msg.what = 8
2022-02-27 20:51:19.218 21790-22343/? I/BtGatt.ScanManager: msg.what = 5
2022-02-27 20:51:19.218 17414-17461/? V/WindowManager: Orientation start waiting for draw, mDrawState=DRAW_PENDING in Window{6c0e82d u0 com.music.festival.battle/com.es.gamestate.GameStateActivity}, surfaceController Surface(name=com.music.festival.battle/com.es.gamestate.GameStateActivity)/@0xf415174
2022-02-27 20:51:19.222 17414-17460/? I/InputManager-JNI: Viewport [0] to add: local:19260619745193857, isActive: true
2022-02-27 20:51:19.226 1081-1081/? D/OppoExSurfaceFlinger: re-input flinger 1
2022-02-27 20:51:19.226 1081-1081/? D/DispPerfService: AIRefreshRate enable input motion 0x1
2022-02-27 20:51:19.226 26384-26384/? I/DeviceModeUtil: DeviceModeUtil.getDeviceMode():118 Get device mode phone by ui mode:1 and smallestScreenWidthDp:360
2022-02-27 20:51:19.227 26384-26384/? W/GoogleInputMethodService: GoogleInputMethodService.onConfigurationChanged():1592 onConfigurationChanged() : NewConfig = {1.0 ?mcc?mnc [vi_VN] ldltr sw360dp w723dp h323dp 480dpi nrml long land finger -keyb/v/h -nav/h winConfig={ mBounds=Rect(0, 0 - 2412, 1080) mAppBounds=Rect(110, 0 - 2280, 1080) mWindowingMode=fullscreen mDisplayWindowingMode=fullscreen mActivityType=undefined mAlwaysOnTop=undefined mRotation=ROTATION_90} s.17842mThemeChanged= 0, mThemeChangedFlags= 0, mFlipFont= 0, mAccessibleChanged= -1, mUxIconConfig= 3468923383113580577, mMaterialColor= 0, mUserId= 0, mFontUserId= 0, mFontVariationSettings= 226, mIconPackName= , mDarkModeBackgroundMaxL= 0.0, mDarkModeDialogBgMaxL= 27.0, mDarkModeForegroundMinL= 100.0, mOplusConfigType= 1}
2022-02-27 20:51:19.228 26384-26384/? I/NormalModeController: NormalModeController.getKeyboardBodyViewHolderPaddingBottom():111 currentPrimeKeyboardType:SOFT systemPaddingBottom:-1
2022-02-27 20:51:19.228 17414-17689/? I/InputReader: Reconfiguring input devices, changes=DISPLAY_INFO | 
2022-02-27 20:51:19.228 17414-17689/? I/InputReader: Device reconfigured: id=3, name='touchpanel', size 1080x2412, orientation 1, mode 1, display id 0
2022-02-27 20:51:19.233 18344-18344/? D/IconConfigParser: parseConfig::icon config =: IconConfig = [ isForeign : true,theme : 2,iconSize : 5000,iconShape : 0,foregroundSize : 6000,artPlusOn : 0,iconRadius ：36,darkModeIcon:1 ]
2022-02-27 20:51:19.235 18790-18790/? I/WeatherS_WeatherServiceVersionUtils: serviceVersionCode8002022
2022-02-27 20:51:19.235 26384-26384/? I/DeviceModeUtil: DeviceModeUtil.getDeviceMode():118 Get device mode phone by ui mode:1 and smallestScreenWidthDp:360
2022-02-27 20:51:19.235 18790-18790/? I/WeatherS_WeatherServiceVersionUtils: serviceVersionCode8002022
2022-02-27 20:51:19.235 18790-18790/? I/WeatherS_WeatherServiceVersionUtils: serviceVersionCode8002022
2022-02-27 20:51:19.235 26384-26384/? I/DeviceModeUtil: DeviceModeUtil.getDeviceMode():118 Get device mode phone by ui mode:1 and smallestScreenWidthDp:360
2022-02-27 20:51:19.236 26384-26384/? I/chatty: uid=10170(com.google.android.inputmethod.latin) identical 1 line
2022-02-27 20:51:19.236 26384-26384/? I/DeviceModeUtil: DeviceModeUtil.getDeviceMode():118 Get device mode phone by ui mode:1 and smallestScreenWidthDp:360
2022-02-27 20:51:19.236 26384-26384/? I/GoogleInputMethodService: GoogleInputMethodService.initializeKeyboardTheme():1373 Apply keyboard theme: theme_border_stylesheet_googleblue_materiallight_phone_builtin_google_blue_light.binarypb_land
2022-02-27 20:51:19.238 18790-18790/? W/ClockTag ClockWidget.ClockWidgetManager: updateWeatherInfo -- weatherEntity is null!
2022-02-27 20:51:19.238 17951-17951/? D/StatusBar: disable<e i a s b h r c s > disable2<q i n >
2022-02-27 20:51:19.244 26384-26384/? I/DeviceModeUtil: DeviceModeUtil.getDeviceMode():118 Get device mode phone by ui mode:1 and smallestScreenWidthDp:360
2022-02-27 20:51:19.222 17414-17461/? V/WindowManager: Orientation start waiting for draw, mDrawState=DRAW_PENDING in Window{6c0e82d u0 com.music.festival.battle/com.es.gamestate.GameStateActivity}, surfaceController Surface(name=com.music.festival.battle/com.es.gamestate.GameStateActivity)/@0xf415174
2022-02-27 20:51:19.244 17414-17444/? V/WindowManager: Orientation start waiting for draw, mDrawState=DRAW_PENDING in Window{6c0e82d u0 com.music.festival.battle/com.es.gamestate.GameStateActivity}, surfaceController Surface(name=com.music.festival.battle/com.es.gamestate.GameStateActivity)/@0xf415174
2022-02-27 20:51:19.244 26384-26384/? I/InputMethodEntryManager: InputMethodEntryManager.startLoadingInputMethodEntrySettings():779 Start loading input method entry settings: [LanguageTagVariantTuple{languageTag=vi, variant=qwerty}]
2022-02-27 20:51:19.245 17951-18744/? D/ColorEventInterceptManager: start updateInvalidRegion, regionKey: gesture, region_size: 0, disposable: false, isDelete: false, bundle == null: true
2022-02-27 20:51:19.245 17414-18710/? E/InputManager: Uncorrect parameters, updateInvalidRegion failed
2022-02-27 20:51:19.246 17414-17444/? V/WindowManager: Orientation start waiting for draw, mDrawState=DRAW_PENDING in Window{1f2d695 u0 AssistOverlayBottom}, surfaceController Surface(name=AssistOverlayBottom)/@0x32ba055
2022-02-27 20:51:19.246 17414-17444/? V/WindowManager: Orientation start waiting for draw, mDrawState=DRAW_PENDING in Window{6c0e82d u0 com.music.festival.battle/com.es.gamestate.GameStateActivity}, surfaceController Surface(name=com.music.festival.battle/com.es.gamestate.GameStateActivity)/@0xf415174
2022-02-27 20:51:19.250 17414-18505/? V/WindowManager: Orientation start waiting for draw, mDrawState=DRAW_PENDING in Window{6c0e82d u0 com.music.festival.battle/com.es.gamestate.GameStateActivity}, surfaceController Surface(name=com.music.festival.battle/com.es.gamestate.GameStateActivity)/@0xf415174
2022-02-27 20:51:19.250 26384-26384/? I/KeyboardViewUtil: KeyboardViewUtil.getKeyboardHeightRatio():168 systemKeyboardHeightRatio:1.000000; userKeyboardHeightRatio:1.000000.
2022-02-27 20:51:19.252 17414-18505/? V/WindowManager: Orientation start waiting for draw, mDrawState=DRAW_PENDING in Window{d80fee u0 NavigationBar}, surfaceController Surface(name=NavigationBar0)/@0xcc96137
2022-02-27 20:51:19.252 17414-18505/? V/WindowManager: Orientation start waiting for draw, mDrawState=DRAW_PENDING in Window{6c0e82d u0 com.music.festival.battle/com.es.gamestate.GameStateActivity}, surfaceController Surface(name=com.music.festival.battle/com.es.gamestate.GameStateActivity)/@0xf415174
2022-02-27 20:51:19.255 17414-17461/? V/WindowManager: Orientation start waiting for draw, mDrawState=DRAW_PENDING in Window{6c0e82d u0 com.music.festival.battle/com.es.gamestate.GameStateActivity}, surfaceController Surface(name=com.music.festival.battle/com.es.gamestate.GameStateActivity)/@0xf415174
2022-02-27 20:51:19.260 17414-18505/? V/WindowManager: Orientation start waiting for draw, mDrawState=DRAW_PENDING in Window{6c0e82d u0 com.music.festival.battle/com.es.gamestate.GameStateActivity}, surfaceController Surface(name=com.music.festival.battle/com.es.gamestate.GameStateActivity)/@0xf415174
2022-02-27 20:51:19.264 17951-26414/? E/libEGL: Invalid file path for libcolorx-loader.so
2022-02-27 20:51:19.280 26384-26384/? I/GoogleInputMethodService: GoogleInputMethodService.onStartInput():1907 onStartInput(EditorInfo{inputType=0x0(NULL) imeOptions=0x0 privateImeOptions=null actionName=UNSPECIFIED actionLabel=null actionId=0 initialSelStart=-1 initialSelEnd=-1 initialCapsMode=0x0 hintText=null label=null packageName=com.music.festival.battle fieldId=-1 fieldName=null extras=null}, true)
2022-02-27 20:51:19.281 26384-26384/? I/GoogleInputMethodService: GoogleInputMethodService.updateDeviceLockedStatus():2099 checkRepeatedly = true, unlocked = true
2022-02-27 20:51:19.281 26384-26384/? W/SessionManager: SessionManager.beginSession():53 Try to begin an already begun session [INPUT_SESSION], end it first
2022-02-27 20:51:19.286 26384-26384/? I/NormalModeController: NormalModeController.getKeyboardBodyViewHolderPaddingBottom():111 currentPrimeKeyboardType:SOFT systemPaddingBottom:-1
2022-02-27 20:51:19.289 17951-17951/? D/StatusBar: disable<e i a s b h r c s > disable2<q i n >
2022-02-27 20:51:19.291 26384-26384/? I/GoogleInputMethodService: GoogleInputMethodService.lambda$setDecorViewApplyWindowInsetsListener$10():1105 update screenHeightWithoutNaviBar to: 948
2022-02-27 20:51:19.293 26384-26384/? I/GoogleInputMethodService: GoogleInputMethodService.lambda$setDecorViewApplyWindowInsetsListener$10():1111 update max height when insets changes
2022-02-27 20:51:19.295 17414-18758/? V/WindowManager: Orientation start waiting for draw, mDrawState=DRAW_PENDING in Window{6c0e82d u0 com.music.festival.battle/com.es.gamestate.GameStateActivity}, surfaceController Surface(name=com.music.festival.battle/com.es.gamestate.GameStateActivity)/@0xf415174
2022-02-27 20:51:19.297 26384-26384/? I/GoogleInputMethodService: GoogleInputMethodService.lambda$setDecorViewApplyWindowInsetsListener$10():1105 update screenHeightWithoutNaviBar to: 1080
2022-02-27 20:51:19.297 26384-26384/? I/GoogleInputMethodService: GoogleInputMethodService.lambda$setDecorViewApplyWindowInsetsListener$10():1111 update max height when insets changes
2022-02-27 20:51:19.297 17951-17951/? D/Divider: The orientation of new config is 2
2022-02-27 20:51:19.297 17414-17461/? V/WindowManager: Orientation start waiting for draw, mDrawState=DRAW_PENDING in Window{6c0e82d u0 com.music.festival.battle/com.es.gamestate.GameStateActivity}, surfaceController Surface(name=com.music.festival.battle/com.es.gamestate.GameStateActivity)/@0xf415174
2022-02-27 20:51:19.302 17414-18758/? D/OplusCustomizeRestrictionManagerService: isSettingsApplicationDisabled = false
2022-02-27 20:51:19.304 17414-18758/? V/WindowManager: Orientation start waiting for draw, mDrawState=DRAW_PENDING in Window{6c0e82d u0 com.music.festival.battle/com.es.gamestate.GameStateActivity}, surfaceController Surface(name=com.music.festival.battle/com.es.gamestate.GameStateActivity)/@0xf415174
2022-02-27 20:51:19.318 17414-18758/? V/WindowManager: Orientation start waiting for draw, mDrawState=DRAW_PENDING in Window{6c0e82d u0 com.music.festival.battle/com.es.gamestate.GameStateActivity}, surfaceController Surface(name=com.music.festival.battle/com.es.gamestate.GameStateActivity)/@0xf415174
2022-02-27 20:51:19.320 17414-18758/? V/WindowManager: Orientation start waiting for draw, mDrawState=DRAW_PENDING in Window{d099261 u0 StatusBar}, surfaceController Surface(name=StatusBar)/@0xbb46570
2022-02-27 20:51:19.320 17414-18758/? V/WindowManager: Orientation start waiting for draw, mDrawState=DRAW_PENDING in Window{6c0e82d u0 com.music.festival.battle/com.es.gamestate.GameStateActivity}, surfaceController Surface(name=com.music.festival.battle/com.es.gamestate.GameStateActivity)/@0xf415174
2022-02-27 20:51:19.333 17414-17461/? V/WindowManager: Orientation start waiting for draw, mDrawState=DRAW_PENDING in Window{6c0e82d u0 com.music.festival.battle/com.es.gamestate.GameStateActivity}, surfaceController Surface(name=com.music.festival.battle/com.es.gamestate.GameStateActivity)/@0xf415174
2022-02-27 20:51:19.342 1081-1081/? D/OppoExSurfaceFlinger: re-input flinger 1
2022-02-27 20:51:19.342 1081-1081/? D/DispPerfService: AIRefreshRate enable input motion 0x1
2022-02-27 20:51:19.710 8876-8876/? V/SDL: onStop()
2022-02-27 20:51:19.712 8876-8876/? V/SDL: onDestroy()
2022-02-27 20:51:19.712 1081-1081/? D/OppoExSurfaceFlinger: re-input flinger 1
2022-02-27 20:51:19.712 1081-1081/? D/DispPerfService: AIRefreshRate enable input motion 0x1
2022-02-27 20:51:19.723 1081-1081/? D/OppoExLayer: ~Layer() sequence=26173, name=Background for -SurfaceView - com.music.festival.battle/com.es.gamestate.GameStateActivity#1@0xb4000071660bb000
2022-02-27 20:51:19.740 8876-9012/? E/libEGL: Invalid file path for libcolorx-loader.so
2022-02-27 20:51:19.745 8876-9012/? E/Exception: [openfl.display.Shader] ERROR: Error compiling vertex shader
    null
    #ifdef GL_ES
    				#ifdef GL_FRAGMENT_PRECISION_HIGH
    				precision highp float;
    				#else
    				precision mediump float;
    				#endif
    				#endif
    				attribute float openfl_Alpha;
    		attribute vec4 openfl_ColorMultiplier;
    		attribute vec4 openfl_ColorOffset;
    		attribute vec4 openfl_Position;
    		attribute vec2 openfl_TextureCoord;
    
    		varying float openfl_Alphav;
    		varying vec4 openfl_ColorMultiplierv;
    		varying vec4 openfl_ColorOffsetv;
    		varying vec2 openfl_TextureCoordv;
    
    		uniform mat4 openfl_Matrix;
    		uniform bool openfl_HasColorTransform;
    		uniform vec2 openfl_TextureSize;
    
    		void main(void) {
    
    			openfl_Alphav = openfl_Alpha;
    		openfl_TextureCoordv = openfl_TextureCoord;
    
    		if (openfl_HasColorTransform) {
    
    			openfl_ColorMultiplierv = openfl_ColorMultiplier;
    			openfl_ColorOffsetv = openfl_ColorOffset / 255.0;
    
    		}
    
    		gl_Position = openfl_Matrix * openfl_Position;
    
    		}
2022-02-27 20:51:19.745 8876-9012/? V/SDL: Finished main function
2022-02-27 20:51:19.747 17414-18505/? D/ActivityTrigger: ActivityTrigger activityPauseTrigger 
2022-02-27 20:51:19.748 1029-1118/? W/ANDR-PERF-LM: MetaMeter: handleAsync() 171: GameOptimization Invalid state for appName com.music.festival.battle 
2022-02-27 20:51:19.751 8876-8876/? E/SDL: SDLActivity thread ends (error=Try to release egl_surface with context probably still active)
2022-02-27 20:51:19.336 17414-17461/? V/WindowManager: Orientation start waiting for draw, mDrawState=DRAW_PENDING in Window{6c0e82d u0 com.music.festival.battle/com.es.gamestate.GameStateActivity}, surfaceController Surface(name=com.music.festival.battle/com.es.gamestate.GameStateActivity)/@0xf415174
2022-02-27 20:51:19.758 17414-18505/? I/ColorStatusBarManagerService:  topIsFullscreen fullscreen: false
2022-02-27 20:51:19.758 17414-20304/? I/InputDispatcher: Focus left window: Window{6c0e82d u0 com.music.festival.battle/com.es.gamestate.GameStateActivity} in display 0
2022-02-27 20:51:19.758 17414-18505/? I/ColorStatusBarManagerService:  topIsFullscreen fullscreen: false
2022-02-27 20:51:19.761 17414-18505/? V/WindowManager: Changing focus from Window{6c0e82d u0 com.music.festival.battle/com.es.gamestate.GameStateActivity} to null,diplayid=0
2022-02-27 20:51:19.762 17414-18505/? D/Theia.NoFocusWindow: FocusWindowErrorScene CheckFreezeScreen
2022-02-27 20:51:19.763 8876-9036/? E/libEGL: Invalid file path for libcolorx-loader.so
2022-02-27 20:51:19.767 1029-1117/? E/ANDR-PERF-OPTSHANDLER: Perflock resource /sys/class/devfreq/soc:qcom,cpu0-cpu-llcc-lat/mem_latency/ratio_ceil not supported
2022-02-27 20:51:19.767 1029-1117/? E/ANDR-PERF-RESOURCEQS: Failed to apply optimization [13, 8]
2022-02-27 20:51:19.767 1029-1117/? E/ANDR-PERF-OPTSHANDLER: Perflock resource /sys/class/devfreq/soc:qcom,cpu4-cpu-llcc-lat/mem_latency/ratio_ceil not supported
2022-02-27 20:51:19.767 1029-1117/? E/ANDR-PERF-RESOURCEQS: Failed to apply optimization [13, 9]
2022-02-27 20:51:19.767 8876-8876/? D/SplitCompat: addAssetPath completed with 31
2022-02-27 20:51:19.767 8876-8876/? D/SplitCompat: addAssetPath completed with 32
2022-02-27 20:51:19.768 8876-8876/? D/SplitCompat: addAssetPath completed with 33
2022-02-27 20:51:19.768 8876-8876/? D/SplitCompat: addAssetPath completed with 34
2022-02-27 20:51:19.768 8876-8876/? E/shit: holyshit gamestateActivity
2022-02-27 20:51:19.769 8876-8876/? V/SDL: Device: RED8C1L1
2022-02-27 20:51:19.769 8876-8876/? V/SDL: Model: RMX3491
2022-02-27 20:51:19.769 8876-8876/? V/SDL: onCreate()
2022-02-27 20:51:19.769 8876-8876/? V/SDL: nativeSetupJNI()
2022-02-27 20:51:19.770 8876-8876/? V/SDL: AUDIO nativeSetupJNI()
2022-02-27 20:51:19.770 8876-8876/? V/SDL: CONTROLLER nativeSetupJNI()
2022-02-27 20:51:19.774 1081-1081/? D/OppoExLayer: ~Layer() sequence=26166, name=com.music.festival.battle/com.es.gamestate.GameStateActivity#0@0xb40000715cf0b000
2022-02-27 20:51:19.774 1081-1081/? D/OppoExLayer: ~Layer() sequence=26169, name=Bounds for - com.music.festival.battle/com.es.gamestate.GameStateActivity#0@0xb40000715cfab000
2022-02-27 20:51:19.774 1081-1081/? D/OppoExLayer: ~Layer() sequence=26172, name=SurfaceView - com.music.festival.battle/com.es.gamestate.GameStateActivity#1@0xb400007143700000
2022-02-27 20:51:19.775 1081-1081/? D/OppoExLayer: ~Layer() sequence=26165, name=6c0e82d com.music.festival.battle/com.es.gamestate.GameStateActivity#0@0xb40000715cf08000
2022-02-27 20:51:19.777 8876-8876/? D/Admob: memoryshit: 536870912
2022-02-27 20:51:19.777 8876-8876/? D/Admob: memory usage shit: 38253928
2022-02-27 20:51:19.777 8876-8876/? D/GameAnalytics: request init
2022-02-27 20:51:19.777 8876-8876/? V/ironSourceSDK: INTERNAL: IronSourceObject init
2022-02-27 20:51:19.777 8876-8876/? E/ironSourceSDK: API: Multiple calls to init without ad units are not allowed
2022-02-27 20:51:19.777 8876-8876/? I/IntegrationHelper: Verifying Integration:
2022-02-27 20:51:19.777 8876-8876/? I/IntegrationHelper: *** Permissions ***
2022-02-27 20:51:19.777 8876-8876/? I/IntegrationHelper: android.permission.INTERNET - VERIFIED
2022-02-27 20:51:19.777 8876-8876/? I/IntegrationHelper: android.permission.ACCESS_NETWORK_STATE - VERIFIED
2022-02-27 20:51:19.778 8876-8876/? I/IntegrationHelper: --------------- AdColony --------------
2022-02-27 20:51:19.778 8876-8876/? E/IntegrationHelper: Adapter - MISSING
2022-02-27 20:51:19.778 8876-8876/? E/IntegrationHelper: >>>> AdColony - NOT VERIFIED
2022-02-27 20:51:19.778 8876-8876/? I/IntegrationHelper: --------------- AdMob --------------
2022-02-27 20:51:19.778 8876-8876/? I/IntegrationHelper: Adapter 4.3.20 - VERIFIED
2022-02-27 20:51:19.778 8876-8876/? I/IntegrationHelper: Adapter - VERIFIED
2022-02-27 20:51:19.778 8876-8876/? W/validateSDKVersion: Unable to get SDK version
2022-02-27 20:51:19.778 8876-8876/? I/IntegrationHelper: *** Activities ***
2022-02-27 20:51:19.779 8876-8876/? I/IntegrationHelper: com.google.android.gms.ads.AdActivity - VERIFIED
2022-02-27 20:51:19.791 8876-8876/? E/Parcel: Reading a NULL string not supported here.
2022-02-27 20:51:19.800 8876-8876/? I/chatty: uid=10336(com.music.festival.battle) SDLActivity identical 5 lines
2022-02-27 20:51:19.801 8876-8876/? E/Parcel: Reading a NULL string not supported here.
2022-02-27 20:51:19.803 8876-8876/? I/IntegrationHelper: >>>> AdMob - VERIFIED
2022-02-27 20:51:19.803 8876-8876/? I/IntegrationHelper: --------------- Amazon --------------
2022-02-27 20:51:19.803 8876-8876/? E/IntegrationHelper: Adapter - MISSING
2022-02-27 20:51:19.803 8876-8876/? E/IntegrationHelper: >>>> Amazon - NOT VERIFIED
2022-02-27 20:51:19.803 8876-8876/? I/IntegrationHelper: --------------- AppLovin --------------
2022-02-27 20:51:19.803 8876-8876/? I/IntegrationHelper: Adapter 4.3.25 - VERIFIED
2022-02-27 20:51:19.803 8876-8876/? I/IntegrationHelper: Adapter - VERIFIED
2022-02-27 20:51:19.803 8876-8876/? I/IntegrationHelper: SDK Version - 10.3.0
2022-02-27 20:51:19.803 8876-8876/? I/IntegrationHelper: *** Activities ***
2022-02-27 20:51:19.804 8876-8876/? I/IntegrationHelper: com.applovin.adview.AppLovinInterstitialActivity - VERIFIED
2022-02-27 20:51:19.805 8876-8876/? I/IntegrationHelper: com.applovin.sdk.AppLovinWebViewActivity - VERIFIED
2022-02-27 20:51:19.806 8876-8876/? I/IntegrationHelper: com.applovin.adview.AppLovinFullscreenActivity - VERIFIED
2022-02-27 20:51:19.817 8876-8876/? E/Parcel: Reading a NULL string not supported here.
2022-02-27 20:51:19.826 8876-8876/? I/chatty: uid=10336(com.music.festival.battle) SDLActivity identical 5 lines
2022-02-27 20:51:19.827 8876-8876/? E/Parcel: Reading a NULL string not supported here.
2022-02-27 20:51:19.829 8876-8876/? I/IntegrationHelper: >>>> AppLovin - VERIFIED
2022-02-27 20:51:19.829 8876-8876/? I/IntegrationHelper: --------------- Chartboost --------------
2022-02-27 20:51:19.829 8876-8876/? E/IntegrationHelper: Adapter - MISSING
2022-02-27 20:51:19.829 8876-8876/? E/IntegrationHelper: >>>> Chartboost - NOT VERIFIED
2022-02-27 20:51:19.829 8876-8876/? I/IntegrationHelper: --------------- Facebook --------------
2022-02-27 20:51:19.829 8876-8876/? I/IntegrationHelper: Adapter 4.3.27 - VERIFIED
2022-02-27 20:51:19.829 8876-8876/? I/IntegrationHelper: Adapter - VERIFIED
2022-02-27 20:51:19.829 8876-8876/? I/IntegrationHelper: SDK Version - 6.5.0
2022-02-27 20:51:19.829 8876-8876/? I/IntegrationHelper: *** Activities ***
2022-02-27 20:51:19.830 8876-8876/? I/IntegrationHelper: com.facebook.ads.AudienceNetworkActivity - VERIFIED
2022-02-27 20:51:19.842 8876-8876/? E/Parcel: Reading a NULL string not supported here.
2022-02-27 20:51:19.842 817-817/? W/adbd: timeout expired while flushing socket, closing
2022-02-27 20:51:19.843 8876-8876/? E/Parcel: Reading a NULL string not supported here.
2022-02-27 20:51:19.850 8876-8876/? I/chatty: uid=10336(com.music.festival.battle) SDLActivity identical 4 lines
2022-02-27 20:51:19.852 8876-8876/? E/Parcel: Reading a NULL string not supported here.
2022-02-27 20:51:19.853 8876-8876/? I/IntegrationHelper: >>>> Facebook - VERIFIED
2022-02-27 20:51:19.853 8876-8876/? I/IntegrationHelper: --------------- Fyber --------------
2022-02-27 20:51:19.853 8876-8876/? E/IntegrationHelper: Adapter - MISSING
2022-02-27 20:51:19.853 8876-8876/? E/IntegrationHelper: >>>> Fyber - NOT VERIFIED
2022-02-27 20:51:19.853 8876-8876/? I/IntegrationHelper: --------------- HyprMX --------------
2022-02-27 20:51:19.853 8876-8876/? E/IntegrationHelper: Adapter - MISSING
2022-02-27 20:51:19.853 8876-8876/? E/IntegrationHelper: >>>> HyprMX - NOT VERIFIED
2022-02-27 20:51:19.853 8876-8876/? I/IntegrationHelper: --------------- InMobi --------------
2022-02-27 20:51:19.853 8876-8876/? I/IntegrationHelper: Adapter 4.3.9 - VERIFIED
2022-02-27 20:51:19.853 8876-8876/? I/IntegrationHelper: Adapter - VERIFIED
2022-02-27 20:51:19.853 8876-8876/? I/IntegrationHelper: SDK Version - 9.1.6
2022-02-27 20:51:19.853 8876-8876/? I/IntegrationHelper: *** Activities ***
2022-02-27 20:51:19.854 8876-8876/? I/IntegrationHelper: com.inmobi.ads.rendering.InMobiAdActivity - VERIFIED
2022-02-27 20:51:19.854 8876-8876/? I/IntegrationHelper: *** External Libraries ***
2022-02-27 20:51:19.854 8876-8876/? I/IntegrationHelper: picasso:2.71828 - VERIFIED
2022-02-27 20:51:19.866 8876-8876/? E/Parcel: Reading a NULL string not supported here.
2022-02-27 20:51:19.874 8876-8876/? I/chatty: uid=10336(com.music.festival.battle) SDLActivity identical 5 lines
2022-02-27 20:51:19.876 8876-8876/? E/Parcel: Reading a NULL string not supported here.
2022-02-27 20:51:19.877 8876-8876/? I/IntegrationHelper: >>>> InMobi - VERIFIED
2022-02-27 20:51:19.877 8876-8876/? I/IntegrationHelper: --------------- IronSource  --------------
2022-02-27 20:51:19.877 8876-8876/? I/IntegrationHelper: Adapter 7.1.6 - VERIFIED
2022-02-27 20:51:19.877 8876-8876/? I/IntegrationHelper: SDK Version - 5.100
2022-02-27 20:51:19.877 8876-8876/? I/IntegrationHelper: *** Activities ***
2022-02-27 20:51:19.878 8876-8876/? I/IntegrationHelper: com.ironsource.sdk.controller.ControllerActivity - VERIFIED
2022-02-27 20:51:19.879 8876-8876/? I/IntegrationHelper: com.ironsource.sdk.controller.InterstitialActivity - VERIFIED
2022-02-27 20:51:19.880 8876-8876/? I/IntegrationHelper: com.ironsource.sdk.controller.OpenUrlActivity - VERIFIED
2022-02-27 20:51:19.891 8876-8876/? E/Parcel: Reading a NULL string not supported here.
2022-02-27 20:51:19.899 8876-8876/? I/chatty: uid=10336(com.music.festival.battle) SDLActivity identical 5 lines
2022-02-27 20:51:19.901 8876-8876/? E/Parcel: Reading a NULL string not supported here.
2022-02-27 20:51:19.903 8876-8876/? I/IntegrationHelper: *** Content Providers ***
2022-02-27 20:51:19.903 8876-8876/? D/IntegrationHelper: com.ironsource.lifecycle.IronsourceLifecycleProvider- VERIFIED
2022-02-27 20:51:19.903 8876-8876/? I/IntegrationHelper: >>>> IronSource - VERIFIED
2022-02-27 20:51:19.903 8876-8876/? I/IntegrationHelper: --------------- Maio --------------
2022-02-27 20:51:19.903 8876-8876/? E/IntegrationHelper: Adapter - MISSING
2022-02-27 20:51:19.903 8876-8876/? E/IntegrationHelper: >>>> Maio - NOT VERIFIED
2022-02-27 20:51:19.903 8876-8876/? I/IntegrationHelper: --------------- MyTarget --------------
2022-02-27 20:51:19.903 8876-8876/? E/IntegrationHelper: Adapter - MISSING
2022-02-27 20:51:19.903 8876-8876/? E/IntegrationHelper: >>>> MyTarget - NOT VERIFIED
2022-02-27 20:51:19.903 8876-8876/? I/IntegrationHelper: --------------- Pangle --------------
2022-02-27 20:51:19.903 8876-8876/? I/IntegrationHelper: Adapter 4.3.2 - VERIFIED
2022-02-27 20:51:19.903 8876-8876/? I/IntegrationHelper: Adapter - VERIFIED
2022-02-27 20:51:19.903 8876-8876/? I/IntegrationHelper: SDK Version - 3.5.1.1
2022-02-27 20:51:19.916 8876-8876/? E/Parcel: Reading a NULL string not supported here.
2022-02-27 20:51:19.924 8876-8876/? I/chatty: uid=10336(com.music.festival.battle) SDLActivity identical 5 lines
2022-02-27 20:51:19.925 8876-8876/? E/Parcel: Reading a NULL string not supported here.
2022-02-27 20:51:19.927 8876-8876/? I/IntegrationHelper: >>>> Pangle - VERIFIED
2022-02-27 20:51:19.927 8876-8876/? I/IntegrationHelper: --------------- Smaato --------------
2022-02-27 20:51:19.927 8876-8876/? E/IntegrationHelper: Adapter - MISSING
2022-02-27 20:51:19.927 8876-8876/? E/IntegrationHelper: >>>> Smaato - NOT VERIFIED
2022-02-27 20:51:19.927 8876-8876/? I/IntegrationHelper: --------------- Tapjoy --------------
2022-02-27 20:51:19.927 8876-8876/? E/IntegrationHelper: Adapter - MISSING
2022-02-27 20:51:19.927 8876-8876/? E/IntegrationHelper: >>>> Tapjoy - NOT VERIFIED
2022-02-27 20:51:19.927 8876-8876/? I/IntegrationHelper: --------------- UnityAds --------------
2022-02-27 20:51:19.927 8876-8876/? I/IntegrationHelper: Adapter 4.3.10 - VERIFIED
2022-02-27 20:51:19.927 8876-8876/? I/IntegrationHelper: Adapter - VERIFIED
2022-02-27 20:51:19.927 8876-8876/? I/IntegrationHelper: SDK Version - 3.6.0
2022-02-27 20:51:19.927 8876-8876/? I/IntegrationHelper: *** Activities ***
2022-02-27 20:51:19.928 8876-8876/? I/IntegrationHelper: com.unity3d.services.ads.adunit.AdUnitActivity - VERIFIED
2022-02-27 20:51:19.929 8876-8876/? I/IntegrationHelper: com.unity3d.services.ads.adunit.AdUnitTransparentActivity - VERIFIED
2022-02-27 20:51:19.930 8876-8876/? I/IntegrationHelper: com.unity3d.services.ads.adunit.AdUnitTransparentSoftwareActivity - VERIFIED
2022-02-27 20:51:19.930 8876-8876/? I/IntegrationHelper: com.unity3d.services.ads.adunit.AdUnitSoftwareActivity - VERIFIED
2022-02-27 20:51:19.942 8876-8876/? E/Parcel: Reading a NULL string not supported here.
2022-02-27 20:51:19.950 8876-8876/? I/chatty: uid=10336(com.music.festival.battle) SDLActivity identical 5 lines
2022-02-27 20:51:19.951 8876-8876/? E/Parcel: Reading a NULL string not supported here.
2022-02-27 20:51:19.953 8876-8876/? I/IntegrationHelper: >>>> UnityAds - VERIFIED
2022-02-27 20:51:19.953 8876-8876/? I/IntegrationHelper: --------------- Vungle --------------
2022-02-27 20:51:19.953 8876-8876/? E/IntegrationHelper: Adapter - MISSING
2022-02-27 20:51:19.953 8876-8876/? E/IntegrationHelper: >>>> Vungle - NOT VERIFIED
2022-02-27 20:51:19.953 8876-9037/? W/IntegrationHelper: --------------- Google Play Services --------------
2022-02-27 20:51:19.954 8876-8876/? V/ironSourceSDK: API: IronSourceObject setMetaData - key = AdMob_TFCD, values = [false]
2022-02-27 20:51:19.954 8876-9037/? I/IntegrationHelper: Google Play Services - VERIFIED
2022-02-27 20:51:19.954 8876-8876/? V/ironSourceSDK: API: IronSourceObject setMetaData - key = AdMob_TFUA, values = [false]
2022-02-27 20:51:19.954 8876-8876/? V/ironSourceSDK: API: IronSourceObject setMetaData - key = UnityAds_COPPA, values = [false]
2022-02-27 20:51:19.954 8876-8876/? V/ironSourceSDK: API: IronSourceObject setMetaData - key = Facebook_IS_CacheFlag, values = [IMAGE]
2022-02-27 20:51:19.955 8876-8876/? V/ironSourceSDK: API: IronSourceObject setMetaData - key = Pangle_COPPA, values = [0]
2022-02-27 20:51:19.955 8876-8876/? V/ironSourceSDK: API: IronSourceObject setMetaData - key = AppLovin_AgeRestrictedUser, values = [false]
2022-02-27 20:51:19.955 8876-8876/? I/ironSourceSDK: API: setRewardedVideoListener(RVListener)
2022-02-27 20:51:19.955 8876-8876/? V/ironSourceSDK: INTERNAL: IronSourceObject loadBanner - placementName = 
2022-02-27 20:51:19.955 8876-8876/? E/ironSourceSDK: API: loadBanner can't be called - banner layout is null 
2022-02-27 20:51:19.955 8876-8876/? I/ironSourceSDK: API: setInterstitialListener(ISListener)
2022-02-27 20:51:19.955 8876-8876/? I/ironSourceSDK: API: loadInterstitial()
2022-02-27 20:51:19.955 8876-8876/? V/ironSourceSDK: INTERNAL: com.ironsource.mediationsdk.InterstitialManager Should Track Network State: true
2022-02-27 20:51:19.955 8876-8876/? V/ironSourceSDK: INTERNAL: RewardedVideoManager Should Track Network State: true
2022-02-27 20:51:19.957 31646-29565/? W/OplusExSystemServiceHelper: checkOplusExSystemService intent getComponent is null
2022-02-27 20:51:19.957 17414-18758/? W/ActivityManager: Receiver with filter android.content.IntentFilter@8628bf already registered for pid 8876, callerPackage is com.music.festival.battle
2022-02-27 20:51:19.958 8876-8876/? V/SDL: onStart()
2022-02-27 20:51:19.959 8876-8876/? V/SDL: onResume()
2022-02-27 20:51:19.959 8876-8876/? I/ironSourceSDK: API: onResume()
2022-02-27 20:51:19.961 8876-8876/? D/ColorViewRootUtil: initSwipState, isDisplayCompatApp false
2022-02-27 20:51:19.961 8876-8876/? D/ColorViewRootUtil: mScreenHeight 2412, mScreenWidth 1080
2022-02-27 20:51:19.961 8876-8876/? D/WindowManager: Add to mViews: DecorView@e0bc561[GameStateActivity],pkg= com.music.festival.battle
2022-02-27 20:51:19.968 17414-18710/? W/WindowManager: Failed looking up window session=Session{e8ed70d 8876:u0a10336} callers=com.android.server.wm.WindowManagerService.windowForClientLocked:5920 com.android.server.wm.Session.insetsModified:536 android.view.IWindowSession$Stub.onTransact:1396 
2022-02-27 20:51:19.969 8876-8876/? V/SDL: onPause()
