2022-02-27 20:51:24.011 17414-17433/? I/BpBinder: onLastStrongRef automatically unlinking death recipients: <uncached descriptor>
2022-02-27 20:51:24.015 17414-17434/? W/System: A resource failed to call release. 
2022-02-27 20:51:24.015 17414-17434/? I/chatty: uid=1000(system) FinalizerDaemon identical 11 lines
2022-02-27 20:51:24.015 17414-17434/? W/System: A resource failed to call release. 
2022-02-27 20:51:24.560 9058-9072/? W/System: A resource failed to call release. 
2022-02-27 20:51:24.562 1081-1081/? D/OppoExLayer: ~Layer() sequence=26241, name=Background for -SurfaceView - com.music.festival.battle/com.es.gamestate.GameStateActivity#0@0xb40000716601e000
2022-02-27 20:51:24.637 17414-18405/? I/system_server: oneway function results will be dropped but finished with status OK and parcel size 4
2022-02-27 20:51:24.641 17414-18405/? I/chatty: uid=1000(system) Binder:17414_B identical 1 line
2022-02-27 20:51:24.645 17414-18405/? I/system_server: oneway function results will be dropped but finished with status OK and parcel size 4
2022-02-27 20:51:25.769 9058-9188/? I/trace: source/Main.hx:94: 2302,1080
2022-02-27 20:51:25.769 9058-9188/? I/trace: source/Main.hx:132: 1280,601
2022-02-27 20:51:25.769 9058-9188/? I/trace: source/Main.hx:133: fucking zoom: 1.7984375
2022-02-27 20:51:25.785 9058-9188/? E/AdMobEx: Shit tried to get Instance without calling INIT first on AdMobEx class!
2022-02-27 20:51:25.785 9058-9188/? D/AdMob: haxeobjectshit!
2022-02-27 20:51:25.788 9058-9188/? I/trace: source/state/StartState.hx:100: Load week progress, total unlocked: 1
2022-02-27 20:51:25.788 9058-9188/? I/trace: source/state/StartState.hx:135: song datas was loaded!
2022-02-27 20:51:25.788 9058-9188/? I/trace: flixel/FlxGame.hx:658: Bitmap count: 0
2022-02-27 20:51:23.366 17414-17460/? I/chatty: uid=1000(system) android.display identical 4 lines
2022-02-27 20:51:23.377 17414-17460/? D/PowerManagerService: setScreenBrightnessOverrideFromWindowManagerInternal brightness=NaN mScreenBrightnessOverrideFromWindowManager=NaN
2022-02-27 20:51:26.087 17414-17797/? D/BatteryLed: getLightInColorState, oppoLightMgr empty!
2022-02-27 20:51:26.116 18244-18244/? D/DeviceStatisticsService: chargerType=0 batteryLevel=100 totalBatteryCapacity=5000000
2022-02-27 20:51:26.670 19796-20080/? E/libc: Access denied finding property "vendor.oplus.media.vpp.osie_sr.on"
2022-02-27 20:51:26.762 3933-3970/? I/Finsky: [4984] opb.h(1): Triggered update for experiment package com.google.android.finsky.stable.
2022-02-27 20:51:26.765 3933-9205/? I/DpmTcmClient: RegisterTcmMonitor from: $Proxy1
2022-02-27 20:51:26.802 3933-9206/? W/ProxyAndroidLoggerBackend: Too many Flogger logs received before configuration. Dropping old logs.
2022-02-27 20:51:26.809 3933-3964/? I/Finsky: [4978] qnu.accept(64): SCH: Scheduling phonesky job Id: 16-16161616, CT: 1645969886759, Constraints: [{ L: 60000, D: 60000, C: 1, I: 1, N: 0 }]
2022-02-27 20:51:26.841 3933-3964/? I/Finsky: [4978] qng.apply(77): SCH: Scheduling 1 system job(s)
2022-02-27 20:51:26.841 3933-3964/? D/BaseJobBuilder: set process for client: com.android.vending
2022-02-27 20:51:26.842 3933-3964/? I/Finsky: [4978] qng.apply(83): SCH: Scheduling system job Id: 9236, L: 59918, D: 59918, C: false, I: false, N: 0
2022-02-27 20:51:26.854 17414-27384/? V/AlarmManager: set(null) : type=2 when=152467101whenElapsed152467101maxWhen =152512033 win=44932 interval=0 flags=0x0 pkg = android
2022-02-27 20:51:26.861 17414-27384/? V/AlarmManager: set(null) : type=3 when=152467101whenElapsed152467101maxWhen =152512027 win=44926 interval=0 flags=0x0 pkg = android
2022-02-27 20:51:26.902 3933-9206/? W/ProxyAndroidLoggerBackend: Too many Flogger logs received before configuration. Dropping old logs.
2022-02-27 20:51:26.953 3933-9206/? I/chatty: uid=10161(com.android.vending) BlockingExecuto identical 1 line
2022-02-27 20:51:26.953 3933-9206/? W/ProxyAndroidLoggerBackend: Too many Flogger logs received before configuration. Dropping old logs.
2022-02-27 20:51:26.957 3933-3970/? I/Finsky: [4984] opb.h(7): Already at the latest configurations for experiment package com.google.android.finsky.stable.
2022-02-27 20:51:26.958 3933-3969/? I/Finsky: [4983] opb.h(1): Triggered update for experiment package com.google.android.finsky.regular.
2022-02-27 20:51:27.050 3933-9206/? W/ProxyAndroidLoggerBackend: Too many Flogger logs received before configuration. Dropping old logs.
2022-02-27 20:51:27.152 3933-9206/? I/chatty: uid=10161(com.android.vending) BlockingExecuto identical 1 line
2022-02-27 20:51:27.152 3933-9206/? W/ProxyAndroidLoggerBackend: Too many Flogger logs received before configuration. Dropping old logs.
2022-02-27 20:51:27.161 3933-3969/? I/Finsky: [4983] opb.h(7): Already at the latest configurations for experiment package com.google.android.finsky.regular.
2022-02-27 20:51:27.163 3933-3983/? I/Finsky: [4988] opb.h(1): Triggered update for experiment package com.google.android.finsky.regular.
2022-02-27 20:51:27.255 3933-9206/? W/ProxyAndroidLoggerBackend: Too many Flogger logs received before configuration. Dropping old logs.
2022-02-27 20:51:27.348 3933-9206/? I/chatty: uid=10161(com.android.vending) BlockingExecuto identical 1 line
2022-02-27 20:51:27.348 3933-9206/? W/ProxyAndroidLoggerBackend: Too many Flogger logs received before configuration. Dropping old logs.
2022-02-27 20:51:27.354 3933-3983/? I/Finsky: [4988] opb.h(7): Already at the latest configurations for experiment package com.google.android.finsky.regular.
2022-02-27 20:51:28.207 9058-9188/? I/trace: source/Conductor.hx:75: Change BPM: 102
2022-02-27 20:51:29.031 1328-1344/? D/bspCriticalLog: power_monitor cpu-0-0-usr: open fail -1
2022-02-27 20:51:29.033 1328-1342/? D/bspCriticalLog: thermal_monitor ddr-usr: open fail -1
2022-02-27 20:51:29.033 1328-1342/? D/bspCriticalLog: thermal_monitor gpuss-0-usr: open fail -1
2022-02-27 20:51:29.033 1328-1342/? D/bspCriticalLog: thermal_monitor cpu-0-0-usr: open fail -1
2022-02-27 20:51:29.150 17414-17782/? D/JobScheduler.Temperature: get temperature=36.076
2022-02-27 20:51:29.736 19572-20817/? I/Athena: MemoryGuardAction: 24855s since the last releasing, try to force trigger
2022-02-27 20:51:29.737 19572-20817/? I/Athena: MemoryGuardAction: triggerMemory:1600MB, availMemory:2479MB
2022-02-27 20:51:31.195 17414-17797/? D/BatteryLed: getLightInColorState, oppoLightMgr empty!
2022-02-27 20:51:31.224 18244-18244/? D/DeviceStatisticsService: chargerType=0 batteryLevel=100 totalBatteryCapacity=5000000
2022-02-27 20:51:31.668 19796-20080/? E/libc: Access denied finding property "vendor.oplus.media.vpp.osie_sr.on"
2022-02-27 20:51:31.753 31646-31646/? D/BoundBrokerSvc: onUnbind: Intent { act=com.google.android.gms.measurement.START pkg=com.google.android.gms }
2022-02-27 20:51:34.362 9058-9058/? D/ViewRootImpl: enqueueInputEventMotionEvent { action=ACTION_DOWN, actionButton=0, id[0]=0, x[0]=1669.0, y[0]=372.0, toolType[0]=TOOL_TYPE_FINGER, buttonState=0, classification=NONE, metaState=0, flags=0x0, edgeFlags=0x0, pointerCount=1, historySize=0, eventTime=68001337, downTime=68001337, deviceId=3, source=0x1002, displayId=0 }
2022-02-27 20:51:34.362 912-912/? D/ORMS_HAL: OrmsHalService write file /proc/sys/kernel/input_boost_enabled - 1.
2022-02-27 20:51:34.362 9058-9058/? D/ViewRootImpl[GameStateActivity]: processMotionEvent MotionEvent { action=ACTION_DOWN, actionButton=0, id[0]=0, x[0]=1669.0, y[0]=372.0, toolType[0]=TOOL_TYPE_FINGER, buttonState=0, classification=NONE, metaState=0, flags=0x0, edgeFlags=0x0, pointerCount=1, historySize=0, eventTime=68001337, downTime=68001337, deviceId=3, source=0x1002, displayId=0 }
2022-02-27 20:51:34.371 1029-1117/? E/ANDR-PERF-OPTSHANDLER: Perflock resource /sys/class/devfreq/soc:qcom,cpu0-cpu-llcc-lat/mem_latency/ratio_ceil not supported
2022-02-27 20:51:34.371 1029-1117/? E/ANDR-PERF-RESOURCEQS: Failed to apply optimization [13, 8]
2022-02-27 20:51:34.371 1029-1117/? E/ANDR-PERF-OPTSHANDLER: Perflock resource /sys/class/devfreq/soc:qcom,cpu4-cpu-llcc-lat/mem_latency/ratio_ceil not supported
2022-02-27 20:51:34.371 1029-1117/? E/ANDR-PERF-RESOURCEQS: Failed to apply optimization [13, 9]
2022-02-27 20:51:34.379 9058-9058/? D/ViewRootImpl[GameStateActivity]: dispatchPointerEvent handled=true, event=MotionEvent { action=ACTION_DOWN, actionButton=0, id[0]=0, x[0]=1669.0, y[0]=372.0, toolType[0]=TOOL_TYPE_FINGER, buttonState=0, classification=NONE, metaState=0, flags=0x0, edgeFlags=0x0, pointerCount=1, historySize=0, eventTime=68001337, downTime=68001337, deviceId=3, source=0x1002, displayId=0 }
2022-02-27 20:51:34.402 9058-9058/? D/ViewRootImpl[GameStateActivity]: processMotionEvent MotionEvent { action=ACTION_UP, actionButton=0, id[0]=0, x[0]=1665.0, y[0]=368.0, toolType[0]=TOOL_TYPE_FINGER, buttonState=0, classification=NONE, metaState=0, flags=0x0, edgeFlags=0x0, pointerCount=1, historySize=0, eventTime=68001379, downTime=68001337, deviceId=3, source=0x1002, displayId=0 }
2022-02-27 20:51:34.406 912-912/? D/ORMS_HAL: OrmsHalService write file /proc/sys/kernel/slide_boost_enabled - 1.
2022-02-27 20:51:34.406 9058-9058/? D/ViewRootImpl[GameStateActivity]: dispatchPointerEvent handled=true, event=MotionEvent { action=ACTION_UP, actionButton=0, id[0]=0, x[0]=1665.0, y[0]=368.0, toolType[0]=TOOL_TYPE_FINGER, buttonState=0, classification=NONE, metaState=0, flags=0x0, edgeFlags=0x0, pointerCount=1, historySize=0, eventTime=68001379, downTime=68001337, deviceId=3, source=0x1002, displayId=0 }
2022-02-27 20:51:34.409 1029-1117/? E/ANDR-PERF-OPTSHANDLER: Perflock resource /sys/class/devfreq/soc:qcom,cpu0-cpu-llcc-lat/mem_latency/ratio_ceil not supported
2022-02-27 20:51:34.409 1029-1117/? E/ANDR-PERF-RESOURCEQS: Failed to apply optimization [13, 8]
2022-02-27 20:51:34.409 1029-1117/? E/ANDR-PERF-OPTSHANDLER: Perflock resource /sys/class/devfreq/soc:qcom,cpu4-cpu-llcc-lat/mem_latency/ratio_ceil not supported
2022-02-27 20:51:34.409 1029-1117/? E/ANDR-PERF-RESOURCEQS: Failed to apply optimization [13, 9]
2022-02-27 20:51:34.457 912-912/? D/ORMS_HAL: OrmsHalService write file /proc/sys/kernel/slide_boost_enabled - 0.
2022-02-27 20:51:34.461 1029-1117/? E/ANDR-PERF-OPTSHANDLER: Perflock resource /sys/class/devfreq/soc:qcom,cpu0-cpu-llcc-lat/mem_latency/ratio_ceil not supported
2022-02-27 20:51:34.461 1029-1117/? E/ANDR-PERF-RESOURCEQS: Failed to apply optimization [13, 8]
2022-02-27 20:51:34.461 1029-1117/? E/ANDR-PERF-OPTSHANDLER: Perflock resource /sys/class/devfreq/soc:qcom,cpu4-cpu-llcc-lat/mem_latency/ratio_ceil not supported
2022-02-27 20:51:34.461 1029-1117/? E/ANDR-PERF-RESOURCEQS: Failed to apply optimization [13, 9]
2022-02-27 20:51:34.525 912-912/? D/ORMS_HAL: OrmsHalService write file /proc/sys/kernel/input_boost_enabled - 1.
2022-02-27 20:51:34.525 9058-9058/? D/ViewRootImpl: enqueueInputEventMotionEvent { action=ACTION_DOWN, actionButton=0, id[0]=0, x[0]=1495.0, y[0]=316.0, toolType[0]=TOOL_TYPE_FINGER, buttonState=0, classification=NONE, metaState=0, flags=0x0, edgeFlags=0x0, pointerCount=1, historySize=0, eventTime=68001501, downTime=68001501, deviceId=3, source=0x1002, displayId=0 }
2022-02-27 20:51:34.525 9058-9058/? D/ViewRootImpl[GameStateActivity]: processMotionEvent MotionEvent { action=ACTION_DOWN, actionButton=0, id[0]=0, x[0]=1495.0, y[0]=316.0, toolType[0]=TOOL_TYPE_FINGER, buttonState=0, classification=NONE, metaState=0, flags=0x0, edgeFlags=0x0, pointerCount=1, historySize=0, eventTime=68001501, downTime=68001501, deviceId=3, source=0x1002, displayId=0 }
2022-02-27 20:51:34.526 9058-9058/? D/ViewRootImpl[GameStateActivity]: dispatchPointerEvent handled=true, event=MotionEvent { action=ACTION_DOWN, actionButton=0, id[0]=0, x[0]=1495.0, y[0]=316.0, toolType[0]=TOOL_TYPE_FINGER, buttonState=0, classification=NONE, metaState=0, flags=0x0, edgeFlags=0x0, pointerCount=1, historySize=0, eventTime=68001501, downTime=68001501, deviceId=3, source=0x1002, displayId=0 }
2022-02-27 20:51:34.530 1029-1117/? E/ANDR-PERF-OPTSHANDLER: Perflock resource /sys/class/devfreq/soc:qcom,cpu0-cpu-llcc-lat/mem_latency/ratio_ceil not supported
2022-02-27 20:51:34.530 1029-1117/? E/ANDR-PERF-RESOURCEQS: Failed to apply optimization [13, 8]
2022-02-27 20:51:34.530 1029-1117/? E/ANDR-PERF-OPTSHANDLER: Perflock resource /sys/class/devfreq/soc:qcom,cpu4-cpu-llcc-lat/mem_latency/ratio_ceil not supported
2022-02-27 20:51:34.530 1029-1117/? E/ANDR-PERF-RESOURCEQS: Failed to apply optimization [13, 9]
2022-02-27 20:51:34.583 912-912/? D/ORMS_HAL: OrmsHalService write file /proc/sys/kernel/slide_boost_enabled - 1.
2022-02-27 20:51:34.586 9058-9058/? D/ViewRootImpl[GameStateActivity]: processMotionEvent MotionEvent { action=ACTION_UP, actionButton=0, id[0]=0, x[0]=1454.0, y[0]=308.0, toolType[0]=TOOL_TYPE_FINGER, buttonState=0, classification=NONE, metaState=0, flags=0x0, edgeFlags=0x0, pointerCount=1, historySize=0, eventTime=68001562, downTime=68001501, deviceId=3, source=0x1002, displayId=0 }
2022-02-27 20:51:34.587 1029-1117/? E/ANDR-PERF-OPTSHANDLER: Perflock resource /sys/class/devfreq/soc:qcom,cpu0-cpu-llcc-lat/mem_latency/ratio_ceil not supported
2022-02-27 20:51:34.587 1029-1117/? E/ANDR-PERF-RESOURCEQS: Failed to apply optimization [13, 8]
2022-02-27 20:51:34.587 1029-1117/? E/ANDR-PERF-OPTSHANDLER: Perflock resource /sys/class/devfreq/soc:qcom,cpu4-cpu-llcc-lat/mem_latency/ratio_ceil not supported
2022-02-27 20:51:34.587 1029-1117/? E/ANDR-PERF-RESOURCEQS: Failed to apply optimization [13, 9]
2022-02-27 20:51:34.588 912-912/? D/ORMS_HAL: OrmsHalService write file /proc/sys/kernel/slide_boost_enabled - 0.
2022-02-27 20:51:34.589 912-912/? D/ORMS_HAL: OrmsHalService write file /proc/sys/kernel/slide_boost_enabled - 1.
2022-02-27 20:51:34.592 9058-9058/? D/ViewRootImpl[GameStateActivity]: dispatchPointerEvent handled=true, event=MotionEvent { action=ACTION_UP, actionButton=0, id[0]=0, x[0]=1454.0, y[0]=308.0, toolType[0]=TOOL_TYPE_FINGER, buttonState=0, classification=NONE, metaState=0, flags=0x0, edgeFlags=0x0, pointerCount=1, historySize=0, eventTime=68001562, downTime=68001501, deviceId=3, source=0x1002, displayId=0 }
2022-02-27 20:51:34.594 1029-1117/? E/ANDR-PERF-OPTSHANDLER: Perflock resource /sys/class/devfreq/soc:qcom,cpu0-cpu-llcc-lat/mem_latency/ratio_ceil not supported
2022-02-27 20:51:34.594 1029-1117/? E/ANDR-PERF-RESOURCEQS: Failed to apply optimization [13, 8]
2022-02-27 20:51:34.594 1029-1117/? E/ANDR-PERF-OPTSHANDLER: Perflock resource /sys/class/devfreq/soc:qcom,cpu4-cpu-llcc-lat/mem_latency/ratio_ceil not supported
2022-02-27 20:51:34.595 1029-1117/? E/ANDR-PERF-RESOURCEQS: Failed to apply optimization [13, 9]
2022-02-27 20:51:34.663 912-912/? D/ORMS_HAL: OrmsHalService write file /proc/sys/kernel/slide_boost_enabled - 0.
2022-02-27 20:51:34.663 9058-9058/? D/ViewRootImpl: enqueueInputEventMotionEvent { action=ACTION_DOWN, actionButton=0, id[0]=0, x[0]=1274.0, y[0]=296.0, toolType[0]=TOOL_TYPE_FINGER, buttonState=0, classification=NONE, metaState=0, flags=0x0, edgeFlags=0x0, pointerCount=1, historySize=0, eventTime=68001640, downTime=68001640, deviceId=3, source=0x1002, displayId=0 }
2022-02-27 20:51:34.664 912-912/? D/ORMS_HAL: OrmsHalService write file /proc/sys/kernel/slide_boost_enabled - 1.
2022-02-27 20:51:34.665 912-912/? D/ORMS_HAL: OrmsHalService write file /proc/sys/kernel/input_boost_enabled - 1.
2022-02-27 20:51:34.666 9058-9058/? D/ViewRootImpl[GameStateActivity]: processMotionEvent MotionEvent { action=ACTION_DOWN, actionButton=0, id[0]=0, x[0]=1274.0, y[0]=296.0, toolType[0]=TOOL_TYPE_FINGER, buttonState=0, classification=NONE, metaState=0, flags=0x0, edgeFlags=0x0, pointerCount=1, historySize=0, eventTime=68001640, downTime=68001640, deviceId=3, source=0x1002, displayId=0 }
2022-02-27 20:51:34.667 9058-9058/? D/ViewRootImpl[GameStateActivity]: dispatchPointerEvent handled=true, event=MotionEvent { action=ACTION_DOWN, actionButton=0, id[0]=0, x[0]=1274.0, y[0]=296.0, toolType[0]=TOOL_TYPE_FINGER, buttonState=0, classification=NONE, metaState=0, flags=0x0, edgeFlags=0x0, pointerCount=1, historySize=0, eventTime=68001640, downTime=68001640, deviceId=3, source=0x1002, displayId=0 }
2022-02-27 20:51:34.669 1029-1117/? E/ANDR-PERF-OPTSHANDLER: Perflock resource /sys/class/devfreq/soc:qcom,cpu0-cpu-llcc-lat/mem_latency/ratio_ceil not supported
2022-02-27 20:51:34.669 1029-1117/? E/ANDR-PERF-RESOURCEQS: Failed to apply optimization [13, 8]
2022-02-27 20:51:34.669 1029-1117/? E/ANDR-PERF-OPTSHANDLER: Perflock resource /sys/class/devfreq/soc:qcom,cpu4-cpu-llcc-lat/mem_latency/ratio_ceil not supported
2022-02-27 20:51:34.669 1029-1117/? E/ANDR-PERF-RESOURCEQS: Failed to apply optimization [13, 9]
2022-02-27 20:51:34.673 912-912/? D/ORMS_HAL: OrmsHalService write file /proc/sys/kernel/slide_boost_enabled - 0.
2022-02-27 20:51:34.677 1029-1117/? E/ANDR-PERF-OPTSHANDLER: Perflock resource /sys/class/devfreq/soc:qcom,cpu0-cpu-llcc-lat/mem_latency/ratio_ceil not supported
2022-02-27 20:51:34.677 1029-1117/? E/ANDR-PERF-RESOURCEQS: Failed to apply optimization [13, 8]
2022-02-27 20:51:34.677 1029-1117/? E/ANDR-PERF-OPTSHANDLER: Perflock resource /sys/class/devfreq/soc:qcom,cpu4-cpu-llcc-lat/mem_latency/ratio_ceil not supported
2022-02-27 20:51:34.677 1029-1117/? E/ANDR-PERF-RESOURCEQS: Failed to apply optimization [13, 9]
2022-02-27 20:51:34.735 9058-9058/? D/ViewRootImpl[GameStateActivity]: processMotionEvent MotionEvent { action=ACTION_UP, actionButton=0, id[0]=0, x[0]=1258.0, y[0]=293.0, toolType[0]=TOOL_TYPE_FINGER, buttonState=0, classification=NONE, metaState=0, flags=0x0, edgeFlags=0x0, pointerCount=1, historySize=0, eventTime=68001713, downTime=68001640, deviceId=3, source=0x1002, displayId=0 }
2022-02-27 20:51:34.736 9058-9058/? D/ViewRootImpl[GameStateActivity]: dispatchPointerEvent handled=true, event=MotionEvent { action=ACTION_UP, actionButton=0, id[0]=0, x[0]=1258.0, y[0]=293.0, toolType[0]=TOOL_TYPE_FINGER, buttonState=0, classification=NONE, metaState=0, flags=0x0, edgeFlags=0x0, pointerCount=1, historySize=0, eventTime=68001713, downTime=68001640, deviceId=3, source=0x1002, displayId=0 }
2022-02-27 20:51:34.738 912-912/? D/ORMS_HAL: OrmsHalService write file /proc/sys/kernel/slide_boost_enabled - 1.
2022-02-27 20:51:34.742 1029-1117/? E/ANDR-PERF-OPTSHANDLER: Perflock resource /sys/class/devfreq/soc:qcom,cpu0-cpu-llcc-lat/mem_latency/ratio_ceil not supported
2022-02-27 20:51:34.742 1029-1117/? E/ANDR-PERF-RESOURCEQS: Failed to apply optimization [13, 8]
2022-02-27 20:51:34.742 1029-1117/? E/ANDR-PERF-OPTSHANDLER: Perflock resource /sys/class/devfreq/soc:qcom,cpu4-cpu-llcc-lat/mem_latency/ratio_ceil not supported
2022-02-27 20:51:34.742 1029-1117/? E/ANDR-PERF-RESOURCEQS: Failed to apply optimization [13, 9]
2022-02-27 20:51:34.764 912-912/? D/ORMS_HAL: OrmsHalService write file /proc/sys/kernel/slide_boost_enabled - 0.
2022-02-27 20:51:34.768 1029-1117/? E/ANDR-PERF-OPTSHANDLER: Perflock resource /sys/class/devfreq/soc:qcom,cpu0-cpu-llcc-lat/mem_latency/ratio_ceil not supported
2022-02-27 20:51:34.768 1029-1117/? E/ANDR-PERF-RESOURCEQS: Failed to apply optimization [13, 8]
2022-02-27 20:51:34.768 1029-1117/? E/ANDR-PERF-OPTSHANDLER: Perflock resource /sys/class/devfreq/soc:qcom,cpu4-cpu-llcc-lat/mem_latency/ratio_ceil not supported
2022-02-27 20:51:34.768 1029-1117/? E/ANDR-PERF-RESOURCEQS: Failed to apply optimization [13, 9]
2022-02-27 20:51:35.309 912-912/? D/ORMS_HAL: OrmsHalService write file /proc/sys/kernel/input_boost_enabled - 1.
2022-02-27 20:51:35.309 9058-9058/? D/ViewRootImpl: enqueueInputEventMotionEvent { action=ACTION_DOWN, actionButton=0, id[0]=0, x[0]=2077.0, y[0]=1054.0, toolType[0]=TOOL_TYPE_FINGER, buttonState=0, classification=NONE, metaState=0, flags=0x0, edgeFlags=0x0, pointerCount=1, historySize=0, eventTime=68002286, downTime=68002286, deviceId=3, source=0x1002, displayId=0 }
2022-02-27 20:51:35.309 9058-9058/? D/ViewRootImpl[GameStateActivity]: processMotionEvent MotionEvent { action=ACTION_DOWN, actionButton=0, id[0]=0, x[0]=2077.0, y[0]=1054.0, toolType[0]=TOOL_TYPE_FINGER, buttonState=0, classification=NONE, metaState=0, flags=0x0, edgeFlags=0x0, pointerCount=1, historySize=0, eventTime=68002286, downTime=68002286, deviceId=3, source=0x1002, displayId=0 }
2022-02-27 20:51:35.310 9058-9058/? D/ViewRootImpl[GameStateActivity]: dispatchPointerEvent handled=true, event=MotionEvent { action=ACTION_DOWN, actionButton=0, id[0]=0, x[0]=2077.0, y[0]=1054.0, toolType[0]=TOOL_TYPE_FINGER, buttonState=0, classification=NONE, metaState=0, flags=0x0, edgeFlags=0x0, pointerCount=1, historySize=0, eventTime=68002286, downTime=68002286, deviceId=3, source=0x1002, displayId=0 }
2022-02-27 20:51:35.315 1029-1117/? E/ANDR-PERF-OPTSHANDLER: Perflock resource /sys/class/devfreq/soc:qcom,cpu0-cpu-llcc-lat/mem_latency/ratio_ceil not supported
2022-02-27 20:51:35.315 1029-1117/? E/ANDR-PERF-RESOURCEQS: Failed to apply optimization [13, 8]
2022-02-27 20:51:35.315 1029-1117/? E/ANDR-PERF-OPTSHANDLER: Perflock resource /sys/class/devfreq/soc:qcom,cpu4-cpu-llcc-lat/mem_latency/ratio_ceil not supported
2022-02-27 20:51:35.315 1029-1117/? E/ANDR-PERF-RESOURCEQS: Failed to apply optimization [13, 9]
2022-02-27 20:51:35.317 9058-9058/? D/ViewRootImpl[GameStateActivity]: processMotionEvent MotionEvent { action=ACTION_UP, actionButton=0, id[0]=0, x[0]=2077.0, y[0]=1054.0, toolType[0]=TOOL_TYPE_FINGER, buttonState=0, classification=NONE, metaState=0, flags=0x0, edgeFlags=0x0, pointerCount=1, historySize=0, eventTime=68002290, downTime=68002286, deviceId=3, source=0x1002, displayId=0 }
2022-02-27 20:51:35.318 9058-9058/? D/ViewRootImpl[GameStateActivity]: dispatchPointerEvent handled=true, event=MotionEvent { action=ACTION_UP, actionButton=0, id[0]=0, x[0]=2077.0, y[0]=1054.0, toolType[0]=TOOL_TYPE_FINGER, buttonState=0, classification=NONE, metaState=0, flags=0x0, edgeFlags=0x0, pointerCount=1, historySize=0, eventTime=68002290, downTime=68002286, deviceId=3, source=0x1002, displayId=0 }
2022-02-27 20:51:35.341 912-912/? D/ORMS_HAL: OrmsHalService write file /proc/sys/kernel/input_boost_enabled - 1.
2022-02-27 20:51:35.342 9058-9058/? D/ViewRootImpl: enqueueInputEventMotionEvent { action=ACTION_DOWN, actionButton=0, id[0]=0, x[0]=2068.0, y[0]=1056.0, toolType[0]=TOOL_TYPE_FINGER, buttonState=0, classification=NONE, metaState=0, flags=0x0, edgeFlags=0x0, pointerCount=1, historySize=0, eventTime=68002319, downTime=68002319, deviceId=3, source=0x1002, displayId=0 }
2022-02-27 20:51:35.342 9058-9058/? D/ViewRootImpl[GameStateActivity]: processMotionEvent MotionEvent { action=ACTION_DOWN, actionButton=0, id[0]=0, x[0]=2068.0, y[0]=1056.0, toolType[0]=TOOL_TYPE_FINGER, buttonState=0, classification=NONE, metaState=0, flags=0x0, edgeFlags=0x0, pointerCount=1, historySize=0, eventTime=68002319, downTime=68002319, deviceId=3, source=0x1002, displayId=0 }
2022-02-27 20:51:35.342 9058-9058/? D/ViewRootImpl[GameStateActivity]: dispatchPointerEvent handled=true, event=MotionEvent { action=ACTION_DOWN, actionButton=0, id[0]=0, x[0]=2068.0, y[0]=1056.0, toolType[0]=TOOL_TYPE_FINGER, buttonState=0, classification=NONE, metaState=0, flags=0x0, edgeFlags=0x0, pointerCount=1, historySize=0, eventTime=68002319, downTime=68002319, deviceId=3, source=0x1002, displayId=0 }
2022-02-27 20:51:35.345 1029-1117/? E/ANDR-PERF-OPTSHANDLER: Perflock resource /sys/class/devfreq/soc:qcom,cpu0-cpu-llcc-lat/mem_latency/ratio_ceil not supported
2022-02-27 20:51:35.345 1029-1117/? E/ANDR-PERF-RESOURCEQS: Failed to apply optimization [13, 8]
2022-02-27 20:51:35.345 1029-1117/? E/ANDR-PERF-OPTSHANDLER: Perflock resource /sys/class/devfreq/soc:qcom,cpu4-cpu-llcc-lat/mem_latency/ratio_ceil not supported
2022-02-27 20:51:35.345 1029-1117/? E/ANDR-PERF-RESOURCEQS: Failed to apply optimization [13, 9]
2022-02-27 20:51:35.349 9058-9058/? D/ViewRootImpl[GameStateActivity]: processMotionEvent MotionEvent { action=ACTION_UP, actionButton=0, id[0]=0, x[0]=2068.0, y[0]=1056.0, toolType[0]=TOOL_TYPE_FINGER, buttonState=0, classification=NONE, metaState=0, flags=0x0, edgeFlags=0x0, pointerCount=1, historySize=0, eventTime=68002324, downTime=68002319, deviceId=3, source=0x1002, displayId=0 }
2022-02-27 20:51:35.351 9058-9058/? D/ViewRootImpl[GameStateActivity]: dispatchPointerEvent handled=true, event=MotionEvent { action=ACTION_UP, actionButton=0, id[0]=0, x[0]=2068.0, y[0]=1056.0, toolType[0]=TOOL_TYPE_FINGER, buttonState=0, classification=NONE, metaState=0, flags=0x0, edgeFlags=0x0, pointerCount=1, historySize=0, eventTime=68002324, downTime=68002319, deviceId=3, source=0x1002, displayId=0 }
2022-02-27 20:51:35.520 9058-9058/? D/ViewRootImpl: enqueueInputEventMotionEvent { action=ACTION_DOWN, actionButton=0, id[0]=0, x[0]=1739.0, y[0]=34.0, toolType[0]=TOOL_TYPE_FINGER, buttonState=0, classification=NONE, metaState=0, flags=0x0, edgeFlags=0x0, pointerCount=1, historySize=0, eventTime=68002496, downTime=68002496, deviceId=3, source=0x1002, displayId=0 }
2022-02-27 20:51:35.520 912-912/? D/ORMS_HAL: OrmsHalService write file /proc/sys/kernel/input_boost_enabled - 1.
2022-02-27 20:51:35.520 9058-9058/? D/ViewRootImpl[GameStateActivity]: processMotionEvent MotionEvent { action=ACTION_DOWN, actionButton=0, id[0]=0, x[0]=1739.0, y[0]=34.0, toolType[0]=TOOL_TYPE_FINGER, buttonState=0, classification=NONE, metaState=0, flags=0x0, edgeFlags=0x0, pointerCount=1, historySize=0, eventTime=68002496, downTime=68002496, deviceId=3, source=0x1002, displayId=0 }
2022-02-27 20:51:35.521 9058-9058/? D/ViewRootImpl[GameStateActivity]: dispatchPointerEvent handled=true, event=MotionEvent { action=ACTION_DOWN, actionButton=0, id[0]=0, x[0]=1739.0, y[0]=34.0, toolType[0]=TOOL_TYPE_FINGER, buttonState=0, classification=NONE, metaState=0, flags=0x0, edgeFlags=0x0, pointerCount=1, historySize=0, eventTime=68002496, downTime=68002496, deviceId=3, source=0x1002, displayId=0 }
2022-02-27 20:51:35.523 1029-1117/? E/ANDR-PERF-OPTSHANDLER: Perflock resource /sys/class/devfreq/soc:qcom,cpu0-cpu-llcc-lat/mem_latency/ratio_ceil not supported
2022-02-27 20:51:35.523 1029-1117/? E/ANDR-PERF-RESOURCEQS: Failed to apply optimization [13, 8]
2022-02-27 20:51:35.523 1029-1117/? E/ANDR-PERF-OPTSHANDLER: Perflock resource /sys/class/devfreq/soc:qcom,cpu4-cpu-llcc-lat/mem_latency/ratio_ceil not supported
2022-02-27 20:51:35.523 1029-1117/? E/ANDR-PERF-RESOURCEQS: Failed to apply optimization [13, 9]
2022-02-27 20:51:35.524 9058-9058/? D/ViewRootImpl[GameStateActivity]: processMotionEvent MotionEvent { action=ACTION_UP, actionButton=0, id[0]=0, x[0]=1739.0, y[0]=34.0, toolType[0]=TOOL_TYPE_FINGER, buttonState=0, classification=NONE, metaState=0, flags=0x0, edgeFlags=0x0, pointerCount=1, historySize=0, eventTime=68002501, downTime=68002496, deviceId=3, source=0x1002, displayId=0 }
2022-02-27 20:51:35.524 9058-9058/? D/ViewRootImpl[GameStateActivity]: dispatchPointerEvent handled=true, event=MotionEvent { action=ACTION_UP, actionButton=0, id[0]=0, x[0]=1739.0, y[0]=34.0, toolType[0]=TOOL_TYPE_FINGER, buttonState=0, classification=NONE, metaState=0, flags=0x0, edgeFlags=0x0, pointerCount=1, historySize=0, eventTime=68002501, downTime=68002496, deviceId=3, source=0x1002, displayId=0 }
2022-02-27 20:51:35.863 1414-1502/? E/Parcel: Reading a NULL string not supported here.
2022-02-27 20:51:36.027 9058-9058/? D/ViewRootImpl: enqueueInputEventMotionEvent { action=ACTION_DOWN, actionButton=0, id[0]=0, x[0]=1258.0, y[0]=915.0, toolType[0]=TOOL_TYPE_FINGER, buttonState=0, classification=NONE, metaState=0, flags=0x0, edgeFlags=0x0, pointerCount=1, historySize=0, eventTime=68003004, downTime=68003004, deviceId=3, source=0x1002, displayId=0 }
2022-02-27 20:51:36.028 9058-9058/? D/ViewRootImpl[GameStateActivity]: processMotionEvent MotionEvent { action=ACTION_DOWN, actionButton=0, id[0]=0, x[0]=1258.0, y[0]=915.0, toolType[0]=TOOL_TYPE_FINGER, buttonState=0, classification=NONE, metaState=0, flags=0x0, edgeFlags=0x0, pointerCount=1, historySize=0, eventTime=68003004, downTime=68003004, deviceId=3, source=0x1002, displayId=0 }
2022-02-27 20:51:36.028 912-912/? D/ORMS_HAL: OrmsHalService write file /proc/sys/kernel/input_boost_enabled - 1.
2022-02-27 20:51:36.029 9058-9058/? D/ViewRootImpl[GameStateActivity]: dispatchPointerEvent handled=true, event=MotionEvent { action=ACTION_DOWN, actionButton=0, id[0]=0, x[0]=1258.0, y[0]=915.0, toolType[0]=TOOL_TYPE_FINGER, buttonState=0, classification=NONE, metaState=0, flags=0x0, edgeFlags=0x0, pointerCount=1, historySize=0, eventTime=68003004, downTime=68003004, deviceId=3, source=0x1002, displayId=0 }
2022-02-27 20:51:36.031 1029-1117/? E/ANDR-PERF-OPTSHANDLER: Perflock resource /sys/class/devfreq/soc:qcom,cpu0-cpu-llcc-lat/mem_latency/ratio_ceil not supported
2022-02-27 20:51:36.032 1029-1117/? E/ANDR-PERF-RESOURCEQS: Failed to apply optimization [13, 8]
2022-02-27 20:51:36.032 1029-1117/? E/ANDR-PERF-OPTSHANDLER: Perflock resource /sys/class/devfreq/soc:qcom,cpu4-cpu-llcc-lat/mem_latency/ratio_ceil not supported
2022-02-27 20:51:36.032 1029-1117/? E/ANDR-PERF-RESOURCEQS: Failed to apply optimization [13, 9]
2022-02-27 20:51:36.080 9058-9058/? D/ViewRootImpl[GameStateActivity]: processMotionEvent MotionEvent { action=ACTION_UP, actionButton=0, id[0]=0, x[0]=1258.0, y[0]=915.0, toolType[0]=TOOL_TYPE_FINGER, buttonState=0, classification=NONE, metaState=0, flags=0x0, edgeFlags=0x0, pointerCount=1, historySize=0, eventTime=68003057, downTime=68003004, deviceId=3, source=0x1002, displayId=0 }
2022-02-27 20:51:36.080 9058-9058/? D/ViewRootImpl[GameStateActivity]: dispatchPointerEvent handled=true, event=MotionEvent { action=ACTION_UP, actionButton=0, id[0]=0, x[0]=1258.0, y[0]=915.0, toolType[0]=TOOL_TYPE_FINGER, buttonState=0, classification=NONE, metaState=0, flags=0x0, edgeFlags=0x0, pointerCount=1, historySize=0, eventTime=68003057, downTime=68003004, deviceId=3, source=0x1002, displayId=0 }
2022-02-27 20:51:36.676 21790-22343/? I/BtGatt.ScanManager: msg.what = 6
2022-02-27 20:51:36.681 9058-9058/? I/ironSourceSDK: CALLBACK: onInterstitialAdLoadFailed(errorCode:508, errorMessage:Interstitial - init() had failed)
2022-02-27 20:51:36.681 19796-20078/? E/libc: Access denied finding property "vendor.oplus.media.vpp.osie_sr.on"
2022-02-27 20:51:37.085 17414-17797/? D/BatteryLed: getLightInColorState, oppoLightMgr empty!
2022-02-27 20:51:37.095 18244-18244/? D/DeviceStatisticsService: chargerType=0 batteryLevel=100 totalBatteryCapacity=5000000
2022-02-27 20:51:37.555 9058-9188/? I/trace: flixel/FlxGame.hx:658: Bitmap count: 18
2022-02-27 20:51:38.335 9058-9058/? D/ViewRootImpl: enqueueInputEventMotionEvent { action=ACTION_DOWN, actionButton=0, id[0]=0, x[0]=104.0, y[0]=935.0, toolType[0]=TOOL_TYPE_FINGER, buttonState=0, classification=NONE, metaState=0, flags=0x0, edgeFlags=0x0, pointerCount=1, historySize=0, eventTime=68005310, downTime=68005310, deviceId=3, source=0x1002, displayId=0 }
2022-02-27 20:51:38.335 9058-9058/? D/ViewRootImpl[GameStateActivity]: processMotionEvent MotionEvent { action=ACTION_DOWN, actionButton=0, id[0]=0, x[0]=104.0, y[0]=935.0, toolType[0]=TOOL_TYPE_FINGER, buttonState=0, classification=NONE, metaState=0, flags=0x0, edgeFlags=0x0, pointerCount=1, historySize=0, eventTime=68005310, downTime=68005310, deviceId=3, source=0x1002, displayId=0 }
2022-02-27 20:51:38.335 912-912/? D/ORMS_HAL: OrmsHalService write file /proc/sys/kernel/input_boost_enabled - 1.
2022-02-27 20:51:38.335 9058-9058/? D/ViewRootImpl[GameStateActivity]: dispatchPointerEvent handled=true, event=MotionEvent { action=ACTION_DOWN, actionButton=0, id[0]=0, x[0]=104.0, y[0]=935.0, toolType[0]=TOOL_TYPE_FINGER, buttonState=0, classification=NONE, metaState=0, flags=0x0, edgeFlags=0x0, pointerCount=1, historySize=0, eventTime=68005310, downTime=68005310, deviceId=3, source=0x1002, displayId=0 }
2022-02-27 20:51:38.340 1029-1117/? E/ANDR-PERF-OPTSHANDLER: Perflock resource /sys/class/devfreq/soc:qcom,cpu0-cpu-llcc-lat/mem_latency/ratio_ceil not supported
2022-02-27 20:51:38.340 1029-1117/? E/ANDR-PERF-RESOURCEQS: Failed to apply optimization [13, 8]
2022-02-27 20:51:38.340 1029-1117/? E/ANDR-PERF-OPTSHANDLER: Perflock resource /sys/class/devfreq/soc:qcom,cpu4-cpu-llcc-lat/mem_latency/ratio_ceil not supported
2022-02-27 20:51:38.340 1029-1117/? E/ANDR-PERF-RESOURCEQS: Failed to apply optimization [13, 9]
2022-02-27 20:51:38.475 9058-9058/? D/ViewRootImpl[GameStateActivity]: processMotionEvent MotionEvent { action=ACTION_UP, actionButton=0, id[0]=0, x[0]=104.0, y[0]=935.0, toolType[0]=TOOL_TYPE_FINGER, buttonState=0, classification=NONE, metaState=0, flags=0x0, edgeFlags=0x0, pointerCount=1, historySize=0, eventTime=68005447, downTime=68005310, deviceId=3, source=0x1002, displayId=0 }
2022-02-27 20:51:38.475 9058-9058/? D/ViewRootImpl[GameStateActivity]: dispatchPointerEvent handled=true, event=MotionEvent { action=ACTION_UP, actionButton=0, id[0]=0, x[0]=104.0, y[0]=935.0, toolType[0]=TOOL_TYPE_FINGER, buttonState=0, classification=NONE, metaState=0, flags=0x0, edgeFlags=0x0, pointerCount=1, historySize=0, eventTime=68005447, downTime=68005310, deviceId=3, source=0x1002, displayId=0 }
2022-02-27 20:51:38.479 17414-17777/? V/AlarmManager: set(null) : type=3 when=152448816whenElapsed152448816maxWhen =152471316 win=22500 interval=0 flags=0x8 pkg = android
2022-02-27 20:51:38.483 19125-24454/? E/WakeLock: GCM_HB_ALARM release without a matched acquire!
2022-02-27 20:51:38.483 19125-24454/? W/WakeLock: GCM_HB_ALARM counter does not exist
2022-02-27 20:51:38.487 17414-27384/? V/AlarmManager: set(PendingIntent{7ac4c58: PendingIntentRecord{a8ccda2 com.google.android.gms/com.google.android.gms.gcm broadcastIntent}}) : type=2 when=152454427whenElapsed152454427maxWhen =152454427 win=0 interval=0 flags=0x8 pkg = com.google.android.gms
2022-02-27 20:51:38.488 19125-24454/? E/WakeLock: GCM_CONN_ALARM release without a matched acquire!
2022-02-27 20:51:38.756 9058-9058/? D/ViewRootImpl: enqueueInputEventMotionEvent { action=ACTION_DOWN, actionButton=0, id[0]=0, x[0]=106.0, y[0]=934.0, toolType[0]=TOOL_TYPE_FINGER, buttonState=0, classification=NONE, metaState=0, flags=0x0, edgeFlags=0x0, pointerCount=1, historySize=0, eventTime=68005733, downTime=68005733, deviceId=3, source=0x1002, displayId=0 }
2022-02-27 20:51:38.757 9058-9058/? D/ViewRootImpl[GameStateActivity]: processMotionEvent MotionEvent { action=ACTION_DOWN, actionButton=0, id[0]=0, x[0]=106.0, y[0]=934.0, toolType[0]=TOOL_TYPE_FINGER, buttonState=0, classification=NONE, metaState=0, flags=0x0, edgeFlags=0x0, pointerCount=1, historySize=0, eventTime=68005733, downTime=68005733, deviceId=3, source=0x1002, displayId=0 }
2022-02-27 20:51:38.757 912-912/? D/ORMS_HAL: OrmsHalService write file /proc/sys/kernel/input_boost_enabled - 1.
2022-02-27 20:51:38.757 9058-9058/? D/ViewRootImpl[GameStateActivity]: dispatchPointerEvent handled=true, event=MotionEvent { action=ACTION_DOWN, actionButton=0, id[0]=0, x[0]=106.0, y[0]=934.0, toolType[0]=TOOL_TYPE_FINGER, buttonState=0, classification=NONE, metaState=0, flags=0x0, edgeFlags=0x0, pointerCount=1, historySize=0, eventTime=68005733, downTime=68005733, deviceId=3, source=0x1002, displayId=0 }
2022-02-27 20:51:38.760 1029-1117/? E/ANDR-PERF-OPTSHANDLER: Perflock resource /sys/class/devfreq/soc:qcom,cpu0-cpu-llcc-lat/mem_latency/ratio_ceil not supported
2022-02-27 20:51:38.760 1029-1117/? E/ANDR-PERF-RESOURCEQS: Failed to apply optimization [13, 8]
2022-02-27 20:51:38.761 1029-1117/? E/ANDR-PERF-OPTSHANDLER: Perflock resource /sys/class/devfreq/soc:qcom,cpu4-cpu-llcc-lat/mem_latency/ratio_ceil not supported
2022-02-27 20:51:38.761 1029-1117/? E/ANDR-PERF-RESOURCEQS: Failed to apply optimization [13, 9]
2022-02-27 20:51:38.854 9058-9058/? D/ViewRootImpl[GameStateActivity]: processMotionEvent MotionEvent { action=ACTION_UP, actionButton=0, id[0]=0, x[0]=102.0, y[0]=934.0, toolType[0]=TOOL_TYPE_FINGER, buttonState=0, classification=NONE, metaState=0, flags=0x0, edgeFlags=0x0, pointerCount=1, historySize=0, eventTime=68005831, downTime=68005733, deviceId=3, source=0x1002, displayId=0 }
2022-02-27 20:51:38.855 9058-9058/? D/ViewRootImpl[GameStateActivity]: dispatchPointerEvent handled=true, event=MotionEvent { action=ACTION_UP, actionButton=0, id[0]=0, x[0]=102.0, y[0]=934.0, toolType[0]=TOOL_TYPE_FINGER, buttonState=0, classification=NONE, metaState=0, flags=0x0, edgeFlags=0x0, pointerCount=1, historySize=0, eventTime=68005831, downTime=68005733, deviceId=3, source=0x1002, displayId=0 }
2022-02-27 20:51:39.019 9058-9058/? D/ViewRootImpl: enqueueInputEventMotionEvent { action=ACTION_DOWN, actionButton=0, id[0]=0, x[0]=2135.0, y[0]=919.0, toolType[0]=TOOL_TYPE_FINGER, buttonState=0, classification=NONE, metaState=0, flags=0x0, edgeFlags=0x0, pointerCount=1, historySize=0, eventTime=68005993, downTime=68005993, deviceId=3, source=0x1002, displayId=0 }
2022-02-27 20:51:39.019 912-912/? D/ORMS_HAL: OrmsHalService write file /proc/sys/kernel/input_boost_enabled - 1.
2022-02-27 20:51:39.019 9058-9058/? D/ViewRootImpl[GameStateActivity]: processMotionEvent MotionEvent { action=ACTION_DOWN, actionButton=0, id[0]=0, x[0]=2135.0, y[0]=919.0, toolType[0]=TOOL_TYPE_FINGER, buttonState=0, classification=NONE, metaState=0, flags=0x0, edgeFlags=0x0, pointerCount=1, historySize=0, eventTime=68005993, downTime=68005993, deviceId=3, source=0x1002, displayId=0 }
2022-02-27 20:51:39.021 9058-9058/? D/ViewRootImpl[GameStateActivity]: dispatchPointerEvent handled=true, event=MotionEvent { action=ACTION_DOWN, actionButton=0, id[0]=0, x[0]=2135.0, y[0]=919.0, toolType[0]=TOOL_TYPE_FINGER, buttonState=0, classification=NONE, metaState=0, flags=0x0, edgeFlags=0x0, pointerCount=1, historySize=0, eventTime=68005993, downTime=68005993, deviceId=3, source=0x1002, displayId=0 }
2022-02-27 20:51:39.024 1029-1117/? E/ANDR-PERF-OPTSHANDLER: Perflock resource /sys/class/devfreq/soc:qcom,cpu0-cpu-llcc-lat/mem_latency/ratio_ceil not supported
2022-02-27 20:51:39.024 1029-1117/? E/ANDR-PERF-RESOURCEQS: Failed to apply optimization [13, 8]
2022-02-27 20:51:39.024 1029-1117/? E/ANDR-PERF-OPTSHANDLER: Perflock resource /sys/class/devfreq/soc:qcom,cpu4-cpu-llcc-lat/mem_latency/ratio_ceil not supported
2022-02-27 20:51:39.024 1029-1117/? E/ANDR-PERF-RESOURCEQS: Failed to apply optimization [13, 9]
2022-02-27 20:51:39.083 9058-9058/? D/ViewRootImpl[GameStateActivity]: processMotionEvent MotionEvent { action=ACTION_UP, actionButton=0, id[0]=0, x[0]=2135.0, y[0]=919.0, toolType[0]=TOOL_TYPE_FINGER, buttonState=0, classification=NONE, metaState=0, flags=0x0, edgeFlags=0x0, pointerCount=1, historySize=0, eventTime=68006058, downTime=68005993, deviceId=3, source=0x1002, displayId=0 }
2022-02-27 20:51:39.083 9058-9058/? D/ViewRootImpl[GameStateActivity]: dispatchPointerEvent handled=true, event=MotionEvent { action=ACTION_UP, actionButton=0, id[0]=0, x[0]=2135.0, y[0]=919.0, toolType[0]=TOOL_TYPE_FINGER, buttonState=0, classification=NONE, metaState=0, flags=0x0, edgeFlags=0x0, pointerCount=1, historySize=0, eventTime=68006058, downTime=68005993, deviceId=3, source=0x1002, displayId=0 }
2022-02-27 20:51:39.157 17414-17782/? D/JobScheduler.Temperature: get temperature=36.076
2022-02-27 20:51:41.178 9058-9188/? I/trace: flixel/FlxGame.hx:658: Bitmap count: 32
2022-02-27 20:51:41.669 19796-20075/? E/libc: Access denied finding property "vendor.oplus.media.vpp.osie_sr.on"
2022-02-27 20:51:42.201 17414-17797/? D/BatteryLed: getLightInColorState, oppoLightMgr empty!
2022-02-27 20:51:42.211 18244-18244/? D/DeviceStatisticsService: chargerType=0 batteryLevel=100 totalBatteryCapacity=5000000
2022-02-27 20:51:46.668 19796-20160/? E/libc: Access denied finding property "vendor.oplus.media.vpp.osie_sr.on"
2022-02-27 20:51:48.106 18244-18244/? D/DeviceStatisticsService: chargerType=0 batteryLevel=100 totalBatteryCapacity=5000000
2022-02-27 20:51:49.032 1328-1344/? D/bspCriticalLog: power_monitor cpu-0-0-usr: open fail -1
2022-02-27 20:51:49.033 1328-1342/? D/bspCriticalLog: thermal_monitor ddr-usr: open fail -1
2022-02-27 20:51:49.033 1328-1342/? D/bspCriticalLog: thermal_monitor gpuss-0-usr: open fail -1
2022-02-27 20:51:49.034 1328-1342/? D/bspCriticalLog: thermal_monitor cpu-0-0-usr: open fail -1
2022-02-27 20:51:48.087 17414-17797/? D/BatteryLed: getLightInColorState, oppoLightMgr empty!
2022-02-27 20:51:49.168 17414-17782/? D/JobScheduler.Temperature: get temperature=36.217
2022-02-27 20:51:51.668 19796-20075/? E/libc: Access denied finding property "vendor.oplus.media.vpp.osie_sr.on"
2022-02-27 20:51:53.065 17414-17463/? V/OppoBaseWatchdog: @WatchDog_ error e: java.io.FileNotFoundException: /d/wakeup_sources: open failed: ENOENT (No such file or directory)
2022-02-27 20:51:56.668 19796-20080/? E/libc: Access denied finding property "vendor.oplus.media.vpp.osie_sr.on"
2022-02-27 20:51:59.168 17414-17782/? D/JobScheduler.Temperature: get temperature=36.217
2022-02-27 20:52:00.000 17414-17673/? V/AlarmManager: set(null) : type=3 when=152500337whenElapsed152500337maxWhen =152500337 win=0 interval=0 flags=0x1 pkg = android
2022-02-27 20:52:00.005 18790-18790/? I/WeatherS_WeatherServiceVersionUtils: serviceVersionCode8002022
2022-02-27 20:52:00.005 18790-18790/? I/chatty: uid=10205(com.coloros.alarmclock) identical 1 line
2022-02-27 20:52:00.005 18790-18790/? I/WeatherS_WeatherServiceVersionUtils: serviceVersionCode8002022
2022-02-27 20:52:00.008 18790-18790/? W/ClockTag ClockWidget.ClockWidgetManager: updateWeatherInfo -- weatherEntity is null!
2022-02-27 20:52:00.064 17414-17444/? E/OplusCustomizeRestrictionManagerService: isBiometricDisabled start
2022-02-27 20:52:00.066 17414-18758/? E/OplusCustomizeRestrictionManagerService: isBiometricDisabled start
2022-02-27 20:52:01.668 19796-20080/? E/libc: Access denied finding property "vendor.oplus.media.vpp.osie_sr.on"
