2022-02-27 20:51:19.969 8876-8876/? I/ironSourceSDK: API: onPause()
2022-02-27 20:51:19.968 17414-18710/? I/chatty: uid=1000(system) Binder:17414_F identical 2 lines
2022-02-27 20:51:19.968 17414-18710/? W/WindowManager: Failed looking up window session=Session{e8ed70d 8876:u0a10336} callers=com.android.server.wm.WindowManagerService.windowForClientLocked:5920 com.android.server.wm.Session.insetsModified:536 android.view.IWindowSession$Stub.onTransact:1396 
2022-02-27 20:51:19.970 17414-18758/? D/ActivityTaskManager: setWillCloseOrEnterPip:false ActivityRecord:ActivityRecord{accaff7 u0 com.music.festival.battle/com.es.gamestate.GameStateActivity t431 f}} callers:com.android.server.wm.ActivityStack.completePauseLocked:1333 com.android.server.wm.ActivityRecord.activityPaused:5533 com.android.server.wm.ActivityTaskManagerService.activityPaused:1989 android.app.IActivityTaskManager$Stub.onTransact:1956 com.android.server.wm.OppoActivityTaskManagerService.onTransact:180 
2022-02-27 20:51:19.971 17414-17460/? D/OplusBaseBatteryStatsImpl: pausedBatteryLevel:100 activityFocusedTimeInMin:0
2022-02-27 20:51:19.971 17414-18758/? I/InputDispatcher: setInputDispatchMode: enabled=1, frozen=0
2022-02-27 20:51:19.972 17414-18758/? I/WindowManager: Screen frozen for +863ms due to ActivityRecord{accaff7 u0 com.music.festival.battle/com.es.gamestate.GameStateActivity t431 f}}
2022-02-27 20:51:19.975 1081-1081/? D/OppoExSurfaceFlinger: re-input flinger 1
2022-02-27 20:51:19.975 1081-1081/? D/DispPerfService: AIRefreshRate enable input motion 0x1
2022-02-27 20:51:19.978 17414-18758/? I/OppoBaseActivityStack: notifyAppSwitch the same packageName!
2022-02-27 20:51:19.980 1029-1118/? W/ANDR-PERF-LM: FeatureState: writeState() 188: GameOptimization: State transition not allowed
2022-02-27 20:51:19.980 17414-18758/? I/InputDispatcher: setFocusedApplication displayId=0 ActivityRecord{648dfed u0 com.music.festival.battle/com.es.mod.etc.EtcMainActivity t431}
2022-02-27 20:51:19.983 17414-17460/? D/OplusBaseBatteryStatsImpl: resumedUid:10336 resumedBatteryLevel:100  resumedPackage:com.music.festival.battle  resumedBatteryRealtimeCapacity:4835
2022-02-27 20:51:19.986 17414-18758/? I/ColorStatusBarManagerService:  topIsFullscreen fullscreen: true
2022-02-27 20:51:19.986 17414-18758/? I/ColorStatusBarManagerService:  topIsFullscreen fullscreen: true
2022-02-27 20:51:20.000 17414-17460/? D/PowerManagerService: setScreenBrightnessOverrideFromWindowManagerInternal brightness=NaN mScreenBrightnessOverrideFromWindowManager=NaN
2022-02-27 20:51:20.009 1081-1081/? D/OppoExSurfaceFlinger: re-input flinger 1
2022-02-27 20:51:20.009 1081-1081/? D/DispPerfService: AIRefreshRate enable input motion 0x1
2022-02-27 20:51:20.013 8876-8876/? V/SDL: surfaceCreated()
2022-02-27 20:51:20.013 8876-8876/? V/SDL: surfaceChanged()
2022-02-27 20:51:20.013 8876-8876/? V/SDL: pixel format RGB_565
2022-02-27 20:51:20.013 8876-8876/? V/SDL: Window size: 2170x1080
2022-02-27 20:51:20.013 8876-8876/? V/SDL: Device size: 2412x1080
2022-02-27 20:51:20.014 8876-8876/? E/libEGL: Invalid file path for libcolorx-loader.so
2022-02-27 20:51:20.016 8876-8876/? V/SensorManager: RegisterListener bma4xy Accelerometer Non-wakeup type:1 delay:20000us by org.libsdl.app.SDLSurface
2022-02-27 20:51:20.016 8876-8876/? E/Parcel: Reading a NULL string not supported here.
2022-02-27 20:51:20.017 17414-18505/? D/SensorService: createSensorEventConnection, mCurrentOperatingMode = 0, requestedMode = 0
2022-02-27 20:51:20.017 17414-17444/? W/SensorService: SensorEventConnection sensor handle=11, package = org.libsdl.app.SDLSurface enable
2022-02-27 20:51:20.017 17414-17444/? E/SensorService: Required app org.libsdl.app.SDLSurface, uid 10336, pid 8876
2022-02-27 20:51:20.017 17414-17444/? D/SensorService: Calling batch handle==11 flags=0rate=20000000 timeout== 0
2022-02-27 20:51:20.017 17414-17444/? D/SensorService: SensorDevice::batch: ident=0xb4000072a744fa00, handle=0x0000000b, flags=0, period_ns=20000000 timeout=0
2022-02-27 20:51:20.017 17414-17444/? D/SensorService: 	>>> curr_period=9223372036854775807 min_period=20000000 curr_timeout=0 min_timeout=0
2022-02-27 20:51:20.017 17414-17444/? D/SensorService: 	>>> actuating h/w BATCH 0x0000000b 20000000 0
2022-02-27 20:51:20.017 17124-17124/? I/sensors-hal: batch:254, android.sensor.accelerometer/11, period=20000000, max_latency=0
2022-02-27 20:51:20.018 17124-17124/? I/sensors-hal: set_config:63, sample_period_ns is adjusted to 20000000 based on min/max delay_ns
2022-02-27 20:51:20.018 17124-17124/? I/sensors-hal: batch:276, android.sensor.accelerometer/11, period=20000000, max_latency=0 request completed
2022-02-27 20:51:20.018 17414-17444/? D/SensorService: recordConnection in enable
2022-02-27 20:51:20.018 17414-17444/? D/SensorService: Calling activate on 11
2022-02-27 20:51:20.018 17414-17444/? D/SensorService: SensorDevice::activate: ident=0xb4000072a744fa00, handle=0x0000000b, enabled=1, count=1
2022-02-27 20:51:20.018 17414-17444/? D/SensorService: enable index=0
2022-02-27 20:51:20.018 17414-17444/? D/SensorService: info.numActiveClients() = 1, info.isActive = 0
2022-02-27 20:51:20.018 17414-17444/? D/SensorService: activateHardware = 1
2022-02-27 20:51:20.018 17414-17444/? D/SensorService: 	>>> actuating h/w activate handle=11 enabled=1
2022-02-27 20:51:20.018 17124-17124/? I/sensors-hal: activate:213, android.sensor.accelerometer/11 en=1
2022-02-27 20:51:20.019 2429-2433/? E/Diag_Lib: [IMS_AP]"ims-rtp-daemon ims_rtp_qmi_handler_thread_func waiting on select thread>"
2022-02-27 20:51:20.021 2429-2433/? I/chatty: uid=1001(radio) /vendor/bin/ims_rtp_daemon identical 1 line
2022-02-27 20:51:20.022 2429-2433/? E/Diag_Lib: [IMS_AP]"ims-rtp-daemon ims_rtp_qmi_handler_thread_func waiting on select thread>"
2022-02-27 20:51:20.023 17124-17124/? I/sensors-hal: activate:232, android.sensor.accelerometer/11 en=1 completed
2022-02-27 20:51:20.024 2429-2433/? E/Diag_Lib: [IMS_AP]"ims-rtp-daemon ims_rtp_qmi_handler_thread_func waiting on select thread>"
2022-02-27 20:51:20.024 8876-8876/? V/SensorManager: RegisterListener bma4xy Accelerometer Non-wakeup type:1 delay:20000us by org.libsdl.app.SDLSurface
2022-02-27 20:51:20.024 17124-9041/? I/sensors-hal: ssc_conn_resp_cb:673, resp_value = 0
2022-02-27 20:51:20.025 8876-9044/? V/SDL: Running main function hxcpp_main from library libApplicationMain.so
2022-02-27 20:51:20.025 8876-9044/? V/SDL: nativeRunMain()
2022-02-27 20:51:20.028 1081-1081/? W/HwcComposer: command 0x4080000 generated error 4
2022-02-27 20:51:20.028 1081-1081/? W/HwcComposer: command 0x4080000 generated error 4
2022-02-27 20:51:20.031 1081-1164/? D/DispPerfService: onframeavailable pid=8876, slot=0, seq=26191, name=com.music.festival.battle:com.music.festival.battle/com.es.gamestate.GameStateActivity#0
2022-02-27 20:51:20.030 17414-17460/? I/chatty: uid=1000(system) android.display identical 5 lines
2022-02-27 20:51:20.031 17414-17460/? D/PowerManagerService: setScreenBrightnessOverrideFromWindowManagerInternal brightness=NaN mScreenBrightnessOverrideFromWindowManager=NaN
2022-02-27 20:51:20.033 8876-8876/? E/ActivityThread: Activity com.es.gamestate.GameStateActivity has leaked IntentReceiver com.ironsource.environment.NetworkStateReceiver@3f26ee4 that was originally registered here. Are you missing a call to unregisterReceiver()?
    android.app.IntentReceiverLeaked: Activity com.es.gamestate.GameStateActivity has leaked IntentReceiver com.ironsource.environment.NetworkStateReceiver@3f26ee4 that was originally registered here. Are you missing a call to unregisterReceiver()?
        at android.app.LoadedApk$ReceiverDispatcher.<init>(LoadedApk.java:1775)
        at android.app.LoadedApk.getReceiverDispatcher(LoadedApk.java:1478)
        at android.app.ContextImpl.registerReceiverInternal(ContextImpl.java:1650)
        at android.app.ContextImpl.registerReceiver(ContextImpl.java:1616)
        at android.app.ContextImpl.registerReceiver(ContextImpl.java:1604)
        at android.content.ContextWrapper.registerReceiver(ContextWrapper.java:678)
        at com.ironsource.mediationsdk.MediationInitializer.init(MediationInitializer.java:276)
        at com.ironsource.mediationsdk.IronSourceObject.init(IronSourceObject.java:324)
        at com.ironsource.mediationsdk.IronSource.init(IronSource.java:86)
        at com.ironsource.mediationsdk.IronSource.init(IronSource.java:75)
        at admobex.AdMobEx.init(AdMobEx.java:280)
        at org.haxe.lime.GameActivity.onCreate(GameActivity.java:173)
        at android.app.Activity.performCreate(Activity.java:8140)
        at android.app.Activity.performCreate(Activity.java:8124)
        at android.app.Instrumentation.callActivityOnCreate(Instrumentation.java:1310)
        at android.app.ActivityThread.performLaunchActivity(ActivityThread.java:3682)
        at android.app.ActivityThread.handleLaunchActivity(ActivityThread.java:3892)
        at android.app.servertransaction.LaunchActivityItem.execute(LaunchActivityItem.java:85)
        at android.app.servertransaction.TransactionExecutor.executeCallbacks(TransactionExecutor.java:140)
        at android.app.servertransaction.TransactionExecutor.execute(TransactionExecutor.java:100)
        at android.app.ActivityThread$H.handleMessage(ActivityThread.java:2328)
        at android.os.Handler.dispatchMessage(Handler.java:106)
        at android.os.Looper.loop(Looper.java:263)
        at android.app.ActivityThread.main(ActivityThread.java:8321)
        at java.lang.reflect.Method.invoke(Native Method)
        at com.android.internal.os.RuntimeInit$MethodAndArgsCaller.run(RuntimeInit.java:612)
        at com.android.internal.os.ZygoteInit.main(ZygoteInit.java:1006)
2022-02-27 20:51:20.038 8876-9044/? I/trace: Predator.hx:30: ratio: 0.5625
2022-02-27 20:51:20.039 17414-17460/? D/PowerManagerService: setScreenBrightnessOverrideFromWindowManagerInternal brightness=NaN mScreenBrightnessOverrideFromWindowManager=NaN
2022-02-27 20:51:20.042 17124-9042/? I/sensors-hal: handle_sns_client_event:464, accel_sample(accelcal_available:0): ts=152400345027767 ns; value = [-0.443002, -0.118588, 9.856255], status=3
2022-02-27 20:51:20.043 1081-1081/? E/OppoExLayer: using cid as pid, cid=8876, name=Background for -SurfaceView - com.music.festival.battle/com.es.gamestate.GameStateActivity#0
2022-02-27 20:51:20.043 1081-1081/? D/OppoExSurfaceFlinger: re-input flinger 1
2022-02-27 20:51:20.043 1081-1081/? D/DispPerfService: AIRefreshRate enable input motion 0x1
2022-02-27 20:51:20.044 1081-1081/? W/HwcComposer: command 0x4080000 generated error 4
2022-02-27 20:51:20.044 1081-1081/? I/chatty: uid=1000(system) /system/bin/surfaceflinger identical 1 line
2022-02-27 20:51:20.044 1081-1081/? W/HwcComposer: command 0x4080000 generated error 4
2022-02-27 20:51:20.047 8876-9037/? I/IntegrationHelper: GAID is: e8e241e5-fa67-4343-8889-45e6342e7653 (use this for test devices)
2022-02-27 20:51:20.056 8876-8876/? V/SDL: surfaceChanged()
2022-02-27 20:51:20.056 8876-8876/? V/SDL: pixel format RGB_565
2022-02-27 20:51:20.056 8876-8876/? V/SDL: Window size: 2170x970
2022-02-27 20:51:20.056 8876-8876/? V/SDL: Device size: 1080x2412
2022-02-27 20:51:20.060 1081-1081/? E/OppoExLayer: using cid as pid, cid=17414, name=Letterbox - left#1
2022-02-27 20:51:20.060 1081-1081/? D/OppoExSurfaceFlinger: re-input flinger 1
2022-02-27 20:51:20.060 1081-1081/? D/DispPerfService: AIRefreshRate enable input motion 0x1
2022-02-27 20:51:20.062 1081-1081/? W/HwcComposer: command 0x4080000 generated error 4
2022-02-27 20:51:20.058 17414-17460/? I/chatty: uid=1000(system) android.display identical 4 lines
2022-02-27 20:51:20.061 17414-17460/? D/PowerManagerService: setScreenBrightnessOverrideFromWindowManagerInternal brightness=NaN mScreenBrightnessOverrideFromWindowManager=NaN
2022-02-27 20:51:20.073 17414-18710/? V/WindowManager: Changing focus from null to Window{944fcd0 u0 com.music.festival.battle/com.es.mod.etc.EtcMainActivity},diplayid=0
2022-02-27 20:51:20.062 1081-1081/? I/chatty: uid=1000(system) /system/bin/surfaceflinger identical 1 line
2022-02-27 20:51:20.062 1081-1081/? W/HwcComposer: command 0x4080000 generated error 4
2022-02-27 20:51:20.076 1081-1081/? D/OppoExSurfaceFlinger: re-input flinger 1
2022-02-27 20:51:20.076 1081-1081/? D/DispPerfService: AIRefreshRate enable input motion 0x1
2022-02-27 20:51:20.077 17414-18710/? D/Theia.NoFocusWindow: FocusWindowErrorScene cancelCheckFreezeScreen
2022-02-27 20:51:20.078 17414-17460/? D/PowerManagerService: setScreenBrightnessOverrideFromWindowManagerInternal brightness=NaN mScreenBrightnessOverrideFromWindowManager=NaN
2022-02-27 20:51:20.078 1081-1081/? W/HwcComposer: command 0x4080000 generated error 4
2022-02-27 20:51:20.078 1081-1081/? I/chatty: uid=1000(system) /system/bin/surfaceflinger identical 1 line
2022-02-27 20:51:20.078 1081-1081/? W/HwcComposer: command 0x4080000 generated error 4
2022-02-27 20:51:20.090 1081-1164/? D/DispPerfService: onframeavailable pid=8876, slot=0, seq=26195, name=com.music.festival.battle:com.music.festival.battle/com.es.mod.etc.EtcMainActivity#0
2022-02-27 20:51:20.094 1081-1081/? D/OppoExSurfaceFlinger: re-input flinger 1
2022-02-27 20:51:20.094 1081-1081/? D/DispPerfService: AIRefreshRate enable input motion 0x1
2022-02-27 20:51:20.094 8876-8876/? V/SDL: surfaceDestroyed()
2022-02-27 20:51:20.095 8876-8876/? V/SDL: nativePause()
2022-02-27 20:51:20.095 8876-8876/? V/SensorManager: unRegisterListener by org.libsdl.app.SDLSurface and its name is bma4xy Accelerometer Non-wakeup
2022-02-27 20:51:20.095 17414-18770/? W/SensorService: SensorEventConnection sensor handle=11, package = org.libsdl.app.SDLSurface disable
2022-02-27 20:51:20.095 17414-18770/? D/SensorService: recordConnection in disable
2022-02-27 20:51:20.095 17414-18770/? D/SensorService: SensorDevice::activate: ident=0xb4000072a744fa00, handle=0x0000000b, enabled=0, count=1
2022-02-27 20:51:20.095 17414-18770/? D/SensorService: disable index=0
2022-02-27 20:51:20.095 17414-18770/? D/SensorService: activateHardware = 1
2022-02-27 20:51:20.095 17414-18770/? D/SensorService: 	>>> actuating h/w activate handle=11 enabled=0
2022-02-27 20:51:20.095 1081-1081/? W/HwcComposer: command 0x4080000 generated error 4
2022-02-27 20:51:20.095 1081-1081/? I/chatty: uid=1000(system) /system/bin/surfaceflinger identical 2 lines
2022-02-27 20:51:20.095 1081-1081/? W/HwcComposer: command 0x4080000 generated error 4
2022-02-27 20:51:20.095 17124-17124/? I/sensors-hal: activate:213, android.sensor.accelerometer/11 en=0
2022-02-27 20:51:20.096 8876-9044/? D/festival.battl: PlayerBase::stop() from IPlayer
2022-02-27 20:51:20.096 8876-9044/? D/AudioTrack: stop(218): prior state:STATE_ACTIVE output 13 stream 3 session 2009
2022-02-27 20:51:20.096 8876-9044/? D/AudioTrack: stop(218): called with 97910 frames delivered
2022-02-27 20:51:20.096 8876-9044/? D/AudioTrack: flush(218): prior state:STATE_STOPPED
2022-02-27 20:51:20.096 17124-17124/? I/sensors-hal: activate:232, android.sensor.accelerometer/11 en=0 completed
2022-02-27 20:51:20.096 8876-9044/? D/openal: AL lib: FreeContext: 0x72c76c2910
2022-02-27 20:51:20.096 8876-9044/? D/openal: AL lib: FreeContext: Freed 0 context property objects
2022-02-27 20:51:20.096 8876-9044/? D/openal: AL lib: FreeContext: Freed 0 AuxiliaryEffectSlot property objects
2022-02-27 20:51:20.096 8876-9044/? D/openal: AL lib: FreeContext: Freed 0 voice property objects
2022-02-27 20:51:20.096 8876-9044/? D/openal: AL lib: FreeContext: Freed 1 listener property object
2022-02-27 20:51:20.096 17414-18770/? D/SensorService: reset the mRecentEvent handle = 11
2022-02-27 20:51:20.096 17414-18770/? D/SensorService: disable reset the lastEvent handle = 11 in disable
2022-02-27 20:51:20.096 8876-9044/? D/openal: AL lib: FreeDevice: 0x728e0803d0
2022-02-27 20:51:20.096 8876-9044/? D/AudioTrack: stop(218): prior state:STATE_FLUSHED output 13 stream 3 session 2009
2022-02-27 20:51:20.096 8876-9044/? D/AudioTrack: ~AudioTrack, releasing mStatus =0 session id 2009 from 8876 on behalf of 8876
2022-02-27 20:51:20.097 8876-8876/? E/Parcel: Reading a NULL string not supported here.
2022-02-27 20:51:20.097 8876-9044/? D/AudioTrack: stop(218): prior state:STATE_FLUSHED output 13 stream 3 session 2009
2022-02-27 20:51:20.097 17414-18770/? D/SensorService: ~SensorEventConnection(0xb4000072a744fa00)
2022-02-27 20:51:20.097 17414-18770/? D/SensorService: 3 active sensors
2022-02-27 20:51:20.097 17414-18770/? D/SensorService: removing connection 0xb4000072a744fa00 for sensor[0].handle=0x00000033
2022-02-27 20:51:20.097 17414-18770/? D/SensorService: removing connection 0xb4000072a744fa00 for sensor[1].handle=0x000000bf
2022-02-27 20:51:20.097 17414-18770/? D/SensorService: removing connection 0xb4000072a744fa00 for sensor[2].handle=0x00000110
2022-02-27 20:51:20.097 2429-2433/? E/Diag_Lib: [IMS_AP]"ims-rtp-daemon ims_rtp_qmi_handler_thread_func waiting on select thread>"
2022-02-27 20:51:20.097 8876-8876/? V/SDL: surfaceCreated()
2022-02-27 20:51:20.097 8876-8876/? V/SDL: surfaceChanged()
2022-02-27 20:51:20.097 8876-8876/? V/SDL: pixel format RGBA_8888
2022-02-27 20:51:20.097 8876-8876/? V/SDL: Window size: 2170x970
2022-02-27 20:51:20.097 8876-8876/? V/SDL: Device size: 1080x2412
    
    --------- beginning of crash
2022-02-27 20:51:20.101 8876-9046/? A/libc: FORTIFY: pthread_mutex_lock called on a destroyed mutex (0x72c16f5980)
2022-02-27 20:51:20.110 17414-20304/? E/Region: Region::unflatten() failed, invalid region
2022-02-27 20:51:20.116 1081-1081/? W/HwcComposer: command 0x4080000 generated error 4
2022-02-27 20:51:20.116 1081-1081/? I/chatty: uid=1000(system) /system/bin/surfaceflinger identical 2 lines
2022-02-27 20:51:20.116 1081-1081/? W/HwcComposer: command 0x4080000 generated error 4
2022-02-27 20:51:20.119 17114-17114/? D/audio_hw_primary: out_set_parameters: enter: usecase(1: low-latency-playback) kvpairs: suspend_playback=true
2022-02-27 20:51:20.119 17114-17114/? D/audio_hw_primary: out_set_parameters: exit: code(0)
2022-02-27 20:51:20.127 8876-8876/? V/SDL: nativeResume()
2022-02-27 20:51:20.127 8876-8876/? V/SensorManager: RegisterListener bma4xy Accelerometer Non-wakeup type:1 delay:20000us by org.libsdl.app.SDLSurface
2022-02-27 20:51:20.127 8876-8876/? E/Parcel: Reading a NULL string not supported here.
2022-02-27 20:51:20.127 17414-18710/? E/Region: Region::unflatten() failed, invalid region
2022-02-27 20:51:20.128 17414-18505/? D/SensorService: createSensorEventConnection, mCurrentOperatingMode = 0, requestedMode = 0
2022-02-27 20:51:20.128 17414-18710/? I/InputDispatcher: Focus entered window: Window{944fcd0 u0 com.music.festival.battle/com.es.mod.etc.EtcMainActivity} in display 0
2022-02-27 20:51:20.128 17414-18710/? W/SensorService: SensorEventConnection sensor handle=11, package = org.libsdl.app.SDLSurface enable
2022-02-27 20:51:20.128 17414-18710/? E/SensorService: Required app org.libsdl.app.SDLSurface, uid 10336, pid 8876
2022-02-27 20:51:20.128 17414-18710/? D/SensorService: Calling batch handle==11 flags=0rate=20000000 timeout== 0
2022-02-27 20:51:20.128 17414-18710/? D/SensorService: SensorDevice::batch: ident=0xb40000732c156e80, handle=0x0000000b, flags=0, period_ns=20000000 timeout=0
2022-02-27 20:51:20.128 17414-18710/? D/SensorService: 	>>> curr_period=9223372036854775807 min_period=20000000 curr_timeout=0 min_timeout=0
2022-02-27 20:51:20.128 17414-18710/? D/SensorService: 	>>> actuating h/w BATCH 0x0000000b 20000000 0
2022-02-27 20:51:20.129 17124-17124/? I/sensors-hal: batch:254, android.sensor.accelerometer/11, period=20000000, max_latency=0
2022-02-27 20:51:20.129 17124-17124/? I/sensors-hal: set_config:63, sample_period_ns is adjusted to 20000000 based on min/max delay_ns
2022-02-27 20:51:20.129 17124-17124/? I/sensors-hal: batch:276, android.sensor.accelerometer/11, period=20000000, max_latency=0 request completed
2022-02-27 20:51:20.129 17414-18710/? D/SensorService: recordConnection in enable
2022-02-27 20:51:20.129 17414-18710/? D/SensorService: Calling activate on 11
2022-02-27 20:51:20.129 17414-18710/? D/SensorService: SensorDevice::activate: ident=0xb40000732c156e80, handle=0x0000000b, enabled=1, count=1
2022-02-27 20:51:20.129 17414-18710/? D/SensorService: enable index=0
2022-02-27 20:51:20.129 17414-18710/? D/SensorService: info.numActiveClients() = 1, info.isActive = 0
2022-02-27 20:51:20.129 17414-18710/? D/SensorService: activateHardware = 1
2022-02-27 20:51:20.129 17414-18710/? D/SensorService: 	>>> actuating h/w activate handle=11 enabled=1
2022-02-27 20:51:20.129 17124-17124/? I/sensors-hal: activate:213, android.sensor.accelerometer/11 en=1
2022-02-27 20:51:20.129 1081-1081/? D/OppoExSurfaceFlinger: re-input flinger 1
2022-02-27 20:51:20.129 1081-1081/? D/DispPerfService: AIRefreshRate enable input motion 0x1
2022-02-27 20:51:20.131 2429-2433/? E/Diag_Lib: [IMS_AP]"ims-rtp-daemon ims_rtp_qmi_handler_thread_func waiting on select thread>"
2022-02-27 20:51:20.131 1081-1081/? W/HwcComposer: command 0x4080000 generated error 4
2022-02-27 20:51:20.131 1081-1081/? I/chatty: uid=1000(system) /system/bin/surfaceflinger identical 3 lines
2022-02-27 20:51:20.131 1081-1081/? W/HwcComposer: command 0x4080000 generated error 4
2022-02-27 20:51:20.133 17114-17114/? D/audio_hw_primary: out_set_parameters: enter: usecase(1: low-latency-playback) kvpairs: suspend_playback=false
2022-02-27 20:51:20.133 17114-17114/? D/audio_hw_primary: out_set_parameters: exit: code(0)
2022-02-27 20:51:20.134 17114-21773/? D/audio_hw_primary: out_set_parameters: enter: usecase(1: low-latency-playback) kvpairs: suspend_playback=true
2022-02-27 20:51:20.134 17114-21773/? D/audio_hw_primary: out_set_parameters: exit: code(0)
2022-02-27 20:51:20.134 2429-2433/? E/Diag_Lib: [IMS_AP]"ims-rtp-daemon ims_rtp_qmi_handler_thread_func waiting on select thread>"
2022-02-27 20:51:20.135 2429-2433/? I/chatty: uid=1001(radio) /vendor/bin/ims_rtp_daemon identical 1 line
2022-02-27 20:51:20.136 2429-2433/? E/Diag_Lib: [IMS_AP]"ims-rtp-daemon ims_rtp_qmi_handler_thread_func waiting on select thread>"
2022-02-27 20:51:20.136 17124-17124/? I/sensors-hal: activate:232, android.sensor.accelerometer/11 en=1 completed
2022-02-27 20:51:20.138 17124-9048/? I/sensors-hal: ssc_conn_resp_cb:673, resp_value = 0
2022-02-27 20:51:20.142 1081-1081/? D/OppoExLayer: ~Layer() sequence=26193, name=SurfaceView - com.music.festival.battle/com.es.gamestate.GameStateActivity#0@0xb40000716601b000
2022-02-27 20:51:20.145 17114-17114/? D/audio_hw_primary: out_set_parameters: enter: usecase(1: low-latency-playback) kvpairs: suspend_playback=false
2022-02-27 20:51:20.145 17114-17114/? D/audio_hw_primary: out_set_parameters: exit: code(0)
2022-02-27 20:51:20.146 17414-18710/? E/Region: Region::unflatten() failed, invalid region
2022-02-27 20:51:20.148 1081-1081/? D/OppoExSurfaceFlinger: re-input flinger 1
2022-02-27 20:51:20.149 1081-1081/? D/DispPerfService: AIRefreshRate enable input motion 0x1
2022-02-27 20:51:20.153 1081-1081/? W/HwcComposer: command 0x4080000 generated error 4
2022-02-27 20:51:20.153 1081-1081/? I/chatty: uid=1000(system) /system/bin/surfaceflinger identical 3 lines
2022-02-27 20:51:20.153 1081-1081/? W/HwcComposer: command 0x4080000 generated error 4
2022-02-27 20:51:20.157 17124-9049/? I/sensors-hal: handle_sns_client_event:464, accel_sample(accelcal_available:0): ts=152400463366361 ns; value = [-0.471732, -0.099434, 9.908927], status=3
2022-02-27 20:51:20.159 17114-17129/? D/audio_hw_primary: out_set_parameters: enter: usecase(1: low-latency-playback) kvpairs: suspend_playback=true
2022-02-27 20:51:20.159 17114-17129/? D/audio_hw_primary: out_set_parameters: exit: code(0)
2022-02-27 20:51:20.166 17414-18710/? E/Region: Region::unflatten() failed, invalid region
2022-02-27 20:51:20.167 1081-1081/? D/OppoExSurfaceFlinger: re-input flinger 1
2022-02-27 20:51:20.167 1081-1081/? D/DispPerfService: AIRefreshRate enable input motion 0x1
2022-02-27 20:51:20.169 1081-1081/? W/HwcComposer: command 0x4080000 generated error 4
2022-02-27 20:51:20.169 1081-1081/? I/chatty: uid=1000(system) /system/bin/surfaceflinger identical 3 lines
2022-02-27 20:51:20.169 1081-1081/? W/HwcComposer: command 0x4080000 generated error 4
2022-02-27 20:51:20.169 17114-17129/? D/audio_hw_primary: out_set_parameters: enter: usecase(1: low-latency-playback) kvpairs: suspend_playback=false
2022-02-27 20:51:20.169 17114-17129/? D/audio_hw_primary: out_set_parameters: exit: code(0)
2022-02-27 20:51:20.170 17118-17387/? D/AudioFlinger: dcclog abandonSchedBoost  pid(8876) mAudioFlinger->mActiveTrackPids.size(0)
2022-02-27 20:51:20.170 17118-17177/? D/APM_AudioPolicyManager: stopOutput portId 218
2022-02-27 20:51:20.170 17118-17177/? D/APM_AudioPolicyManager: stopOutput() output 13, stream 3, session 2009
2022-02-27 20:51:20.170 1358-4364/? D/OppoAudioState: updateAudioState eventId:2
2022-02-27 20:51:20.170 17118-17177/? D/APM_AudioPolicyManager: setOutputDevice() output 13 device AUDIO_DEVICE_NONE force 0 delayMs 96
2022-02-27 20:51:20.170 17118-17177/? D/APM_AudioPolicyManager: setOutputDevices() prevDevice {type:0x2,@:}
2022-02-27 20:51:20.171 17118-17177/? W/APM::AudioPolicyEngine: getDevicesForStrategy() unknown strategy: -1
2022-02-27 20:51:20.171 17118-17177/? I/chatty: uid=1041(audioserver) ApmOutput identical 1 line
2022-02-27 20:51:20.171 17118-17177/? W/APM::AudioPolicyEngine: getDevicesForStrategy() unknown strategy: -1
2022-02-27 20:51:20.171 17118-17177/? D/GameAudioEffects: hasAliveFastEffectTracks  return (0)
2022-02-27 20:51:20.171 17118-17178/? D/GameAudioEffects: outputStopped  portId(218)
2022-02-27 20:51:20.171 17118-17178/? D/GameAudioEffects: outputReleased portId(218)
2022-02-27 20:51:20.171 17118-17179/? D/OplusAudioLowLatency: outputStopped  portId(218)
2022-02-27 20:51:20.171 17118-17179/? D/OplusAudioLowLatency: outputReleased  portId(218)
2022-02-27 20:51:20.171 17414-18710/? I/system_server: oneway function results will be dropped but finished with status OK and parcel size 4
2022-02-27 20:51:20.178 17414-18710/? E/Region: Region::unflatten() failed, invalid region
2022-02-27 20:51:20.124 17414-17460/? I/chatty: uid=1000(system) android.display identical 4 lines
2022-02-27 20:51:20.124 17414-17460/? D/PowerManagerService: setScreenBrightnessOverrideFromWindowManagerInternal brightness=NaN mScreenBrightnessOverrideFromWindowManager=NaN
2022-02-27 20:51:20.179 17414-17797/? D/BatteryLed: getLightInColorState, oppoLightMgr empty!
2022-02-27 20:51:20.180 1081-1081/? D/OppoExSurfaceFlinger: re-input flinger 1
2022-02-27 20:51:20.180 1081-1081/? D/DispPerfService: AIRefreshRate enable input motion 0x1
2022-02-27 20:51:20.182 1081-1081/? W/HwcComposer: command 0x4080000 generated error 4
2022-02-27 20:51:20.182 1081-1081/? I/chatty: uid=1000(system) /system/bin/surfaceflinger identical 3 lines
2022-02-27 20:51:20.182 1081-1081/? W/HwcComposer: command 0x4080000 generated error 4
2022-02-27 20:51:20.184 8876-9044/? I/BpBinder: onLastStrongRef automatically unlinking death recipients: <uncached descriptor>
2022-02-27 20:51:20.184 8876-9044/? I/chatty: uid=10336(com.music.festival.battle) SDLThread identical 1 line
2022-02-27 20:51:20.185 8876-9044/? I/BpBinder: onLastStrongRef automatically unlinking death recipients: <uncached descriptor>
2022-02-27 20:51:20.185 18244-18244/? D/DeviceStatisticsService: chargerType=0 batteryLevel=100 totalBatteryCapacity=5000000
2022-02-27 20:51:20.186 8876-8943/? A/libc: FORTIFY: pthread_mutex_lock called on a destroyed mutex (0x73b86b9250)
2022-02-27 20:51:20.194 17414-17719/? I/OplusWifiSarManager: Received action: android.media.ACTION_AUDIO_DEVICE_ROUTE_CHANGED
2022-02-27 20:51:20.195 17414-18710/? E/Region: Region::unflatten() failed, invalid region
2022-02-27 20:51:20.198 1081-1081/? W/HwcComposer: command 0x4080000 generated error 4
2022-02-27 20:51:20.198 1081-1081/? I/chatty: uid=1000(system) /system/bin/surfaceflinger identical 3 lines
2022-02-27 20:51:20.198 1081-1081/? W/HwcComposer: command 0x4080000 generated error 4
2022-02-27 20:51:20.194 1029-1029/? W//vendor/bin/hw/vendor.qti.hardware.perf@2.2-service: type=1400 audit(0.0:238927): avc: denied { search } for comm=41646170744C61756E636820566D name="17460" dev="proc" ino=6616311 scontext=u:r:vendor_hal_perf_default:s0 tcontext=u:r:system_server:s0 tclass=dir permissive=0
2022-02-27 20:51:20.200 19046-22022/? D/AudioManager: getStreamVolume packageName=com.oppo.atlas, index=4, streamType=3
2022-02-27 20:51:20.198 1029-1029/? W//vendor/bin/hw/vendor.qti.hardware.perf@2.2-service: type=1400 audit(0.0:238928): avc: denied { search } for comm=41646170744C61756E636820566D name="17460" dev="proc" ino=6616311 scontext=u:r:vendor_hal_perf_default:s0 tcontext=u:r:system_server:s0 tclass=dir permissive=0
2022-02-27 20:51:20.198 1029-1029/? W//vendor/bin/hw/vendor.qti.hardware.perf@2.2-service: type=1400 audit(0.0:238929): avc: denied { search } for comm=41646170744C61756E636820566D name="17461" dev="proc" ino=6616312 scontext=u:r:vendor_hal_perf_default:s0 tcontext=u:r:system_server:s0 tclass=dir permissive=0
2022-02-27 20:51:20.198 1029-1029/? W//vendor/bin/hw/vendor.qti.hardware.perf@2.2-service: type=1400 audit(0.0:238930): avc: denied { search } for comm=41646170744C61756E636820566D name="17461" dev="proc" ino=6616312 scontext=u:r:vendor_hal_perf_default:s0 tcontext=u:r:system_server:s0 tclass=dir permissive=0
2022-02-27 20:51:20.198 1029-1029/? W//vendor/bin/hw/vendor.qti.hardware.perf@2.2-service: type=1400 audit(0.0:238931): avc: denied { search } for comm=41646170744C61756E636820566D name="17462" dev="proc" ino=6616313 scontext=u:r:vendor_hal_perf_default:s0 tcontext=u:r:system_server:s0 tclass=dir permissive=0
2022-02-27 20:51:20.203 17114-17129/? D/audio_hw_primary: out_set_parameters: enter: usecase(1: low-latency-playback) kvpairs: suspend_playback=true
2022-02-27 20:51:20.203 17114-17129/? D/audio_hw_primary: out_set_parameters: exit: code(0)
2022-02-27 20:51:20.206 19159-19159/? D/OppoDiracService: mrDiracEffectBroadcastReceiver action = android.Multimedia.AudioEffect.AudioTrack_BROADCAST
2022-02-27 20:51:20.207 19159-19159/? D/OppoDiracService: +new tast
2022-02-27 20:51:20.207 19159-19159/? D/OppoDiracService: -new tast
2022-02-27 20:51:20.212 17414-17444/? E/Region: Region::unflatten() failed, invalid region
2022-02-27 20:51:20.215 1081-1081/? W/HwcComposer: command 0x4080000 generated error 4
2022-02-27 20:51:20.215 1081-1081/? I/chatty: uid=1000(system) /system/bin/surfaceflinger identical 3 lines
2022-02-27 20:51:20.215 1081-1081/? W/HwcComposer: command 0x4080000 generated error 4
2022-02-27 20:51:20.227 17414-18505/? E/Region: Region::unflatten() failed, invalid region
2022-02-27 20:51:20.229 1081-1081/? W/HwcComposer: command 0x4080000 generated error 4
2022-02-27 20:51:20.229 1081-1081/? I/chatty: uid=1000(system) /system/bin/surfaceflinger identical 3 lines
2022-02-27 20:51:20.229 1081-1081/? W/HwcComposer: command 0x4080000 generated error 4
2022-02-27 20:51:20.244 17414-18505/? E/Region: Region::unflatten() failed, invalid region
2022-02-27 20:51:20.246 17124-9049/? I/sensors-hal: handle_sns_client_event:464, accel_sample(accelcal_available:0): ts=152400562211517 ns; value = [-0.433425, -0.080280, 9.861043], status=3
2022-02-27 20:51:20.247 1081-1081/? W/HwcComposer: command 0x4080000 generated error 4
2022-02-27 20:51:20.247 1081-1081/? I/chatty: uid=1000(system) /system/bin/surfaceflinger identical 3 lines
2022-02-27 20:51:20.247 1081-1081/? W/HwcComposer: command 0x4080000 generated error 4
2022-02-27 20:51:20.260 17414-17688/? W/InputDispatcher: channel '944fcd0 com.music.festival.battle/com.es.mod.etc.EtcMainActivity (server)' ~ Consumer closed input channel or an error occurred.  events=0x9
2022-02-27 20:51:20.260 17414-17688/? E/InputDispatcher: channel '944fcd0 com.music.festival.battle/com.es.mod.etc.EtcMainActivity (server)' ~ Channel is unrecoverably broken and will be disposed!
2022-02-27 20:51:20.260 17414-18770/? I/WindowManager: WIN DEATH: Window{643b2d5 u0 com.music.festival.battle/com.es.gamestate.GameStateActivity}
2022-02-27 20:51:20.261 17414-18770/? W/InputDispatcher: Attempted to unregister already unregistered input channel '643b2d5 com.music.festival.battle/com.es.gamestate.GameStateActivity (server)'
2022-02-27 20:51:20.261 19159-19357/? D/OppoDiracService: handleMessage, msg what = 21
2022-02-27 20:51:20.261 19159-31567/? D/DiracDetectSceneService: Task.run, effectenable = true
2022-02-27 20:51:20.262 19159-31567/? D/DiracDetectSceneService: checkAndSetDirac : activeAudioPids = null
2022-02-27 20:51:20.262 19159-31567/? D/OppoDiracService: setDiracEffectInternal ++++ enable = false mode = NONE mSceneModeForUI:AUTO
2022-02-27 20:51:20.262 19159-31567/? D/OppoDiracService: isHeadsetOn mWiredHeadsetOn:false mA2dpConnected:false
2022-02-27 20:51:20.262 19159-31567/? D/OppoDiracService: ignore this time setDiracEnalbe, enable = false mode = NONE mSceneModeForUI = AUTO
2022-02-27 20:51:20.263 17116-17116/? I/Zygote: Process 8876 exited cleanly (0)
2022-02-27 20:51:20.264 17414-18797/? D/DisplayManagerService: Display listener for pid 8876 died.
2022-02-27 20:51:20.265 17414-20294/? E/Region: Region::unflatten() failed, invalid region
2022-02-27 20:51:20.265 17414-18178/? D/SensorService: ~SensorEventConnection(0xb40000732c156e80)
2022-02-27 20:51:20.265 17414-18178/? D/SensorService: 4 active sensors
2022-02-27 20:51:20.265 17414-18178/? D/SensorService: 0: disabling handle=0x0000000b
2022-02-27 20:51:20.265 17414-18178/? D/SensorService: recordConnection in cleanupConnection
2022-02-27 20:51:20.265 17414-18178/? D/SensorService: SensorDevice::activate: ident=0xb40000732c156e80, handle=0x0000000b, enabled=0, count=1
2022-02-27 20:51:20.265 17414-18178/? D/SensorService: disable index=0
2022-02-27 20:51:20.265 17414-18178/? D/SensorService: activateHardware = 1
2022-02-27 20:51:20.265 17414-18178/? D/SensorService: 	>>> actuating h/w activate handle=11 enabled=0
2022-02-27 20:51:20.265 17124-17124/? I/sensors-hal: activate:213, android.sensor.accelerometer/11 en=0
2022-02-27 20:51:20.265 17414-20294/? I/InputDispatcher: Focus left window: Window{944fcd0 u0 com.music.festival.battle/com.es.mod.etc.EtcMainActivity} in display 0
2022-02-27 20:51:20.266 17124-17124/? I/sensors-hal: activate:232, android.sensor.accelerometer/11 en=0 completed
2022-02-27 20:51:20.266 17414-18178/? D/SensorService: removing connection 0xb40000732c156e80 for sensor[0].handle=0x0000000b
2022-02-27 20:51:20.266 17414-18178/? D/SensorService: ... and it was the last connection
2022-02-27 20:51:20.266 1081-1081/? W/HwcComposer: command 0x4080000 generated error 4
2022-02-27 20:51:20.266 17414-18178/? D/SensorService: cleanupConnection delete handle=11, setLastEventState
2022-02-27 20:51:20.266 1081-1081/? W/HwcComposer: command 0x4080000 generated error 4
2022-02-27 20:51:20.266 17414-18178/? D/SensorService: removing connection 0xb40000732c156e80 for sensor[0].handle=0x00000033
2022-02-27 20:51:20.266 1081-1081/? W/HwcComposer: command 0x4080000 generated error 4
2022-02-27 20:51:20.266 1081-1081/? W/HwcComposer: command 0x4080000 generated error 4
2022-02-27 20:51:20.266 17414-18178/? D/SensorService: removing connection 0xb40000732c156e80 for sensor[1].handle=0x000000bf
2022-02-27 20:51:20.266 1081-1081/? W/HwcComposer: command 0x4080000 generated error 4
2022-02-27 20:51:20.266 17414-18178/? D/SensorService: removing connection 0xb40000732c156e80 for sensor[2].handle=0x00000110
2022-02-27 20:51:20.267 2429-2433/? E/Diag_Lib: [IMS_AP]"ims-rtp-daemon ims_rtp_qmi_handler_thread_func waiting on select thread>"
2022-02-27 20:51:20.267 17414-17444/? I/WindowManager: WIN DEATH: Window{6ae534b u0 com.music.festival.battle/com.music.festival.battle.MainActivity}
2022-02-27 20:51:20.267 17414-17460/? D/PowerManagerService: setScreenBrightnessOverrideFromWindowManagerInternal brightness=NaN mScreenBrightnessOverrideFromWindowManager=NaN
2022-02-27 20:51:20.268 17414-17444/? W/InputDispatcher: Attempted to unregister already unregistered input channel '6ae534b com.music.festival.battle/com.music.festival.battle.MainActivity (server)'
2022-02-27 20:51:20.268 17414-17460/? D/PowerManagerService: setScreenBrightnessOverrideFromWindowManagerInternal brightness=NaN mScreenBrightnessOverrideFromWindowManager=NaN
2022-02-27 20:51:20.272 17414-20156/? I/WindowManager: WIN DEATH: Window{944fcd0 u0 com.music.festival.battle/com.es.mod.etc.EtcMainActivity}
2022-02-27 20:51:20.272 17414-20156/? W/InputDispatcher: Attempted to unregister already unregistered input channel '944fcd0 com.music.festival.battle/com.es.mod.etc.EtcMainActivity (server)'
2022-02-27 20:51:20.273 17414-20156/? D/WindowManager: WARNING: focused app window can't receive keys, focusedApp:ActivityRecord{648dfed u0 com.music.festival.battle/com.es.mod.etc.EtcMainActivity t431} window:Window{944fcd0 u0 com.music.festival.battle/com.es.mod.etc.EtcMainActivity EXITING}
2022-02-27 20:51:20.273 17414-20156/? D/WindowManager: isRecentsAnimationConsumingAppInput:false isParentWindowHidden:false mAnimatingExit:true mRelayoutCalled:true
2022-02-27 20:51:20.273 17414-20156/? V/WindowManager: Changing focus from Window{944fcd0 u0 com.music.festival.battle/com.es.mod.etc.EtcMainActivity EXITING} to null,diplayid=0
2022-02-27 20:51:20.277 17414-20156/? D/Theia.NoFocusWindow: FocusWindowErrorScene CheckFreezeScreen
2022-02-27 20:51:20.278 1081-1081/? D/OppoExLayer: ~Layer() sequence=26183, name=Surface(name=d099261 StatusBar)/@0x58c020a - animation-leash#0@0xb400007165df7000
2022-02-27 20:51:20.278 1081-1081/? D/OppoExLayer: ~Layer() sequence=26194, name=Background for -SurfaceView - com.music.festival.battle/com.es.gamestate.GameStateActivity#0@0xb400007165f04000
2022-02-27 20:51:20.278 1081-1081/? D/OppoExLayer: ~Layer() sequence=26171, name=Background for -SurfaceView - com.music.festival.battle/com.es.gamestate.GameStateActivity#0@0xb400007166a4e000
2022-02-27 20:51:20.278 1081-1081/? D/OppoExLayer: ~Layer() sequence=26181, name=Surface(name=d80fee NavigationBar0)/@0x1f034d6 - animation-leash#0@0xb40000716c2c2000
2022-02-27 20:51:20.278 1081-1081/? D/OppoExLayer: ~Layer() sequence=26146, name=6ae534b com.music.festival.battle/com.music.festival.battle.MainActivity#0@0xb400007165f07000
2022-02-27 20:51:20.280 17414-17444/? E/Region: Region::unflatten() failed, invalid region
2022-02-27 20:51:20.281 17414-20145/? I/WindowManager: WIN DEATH: Window{9c4999c u0 com.music.festival.battle/com.es.core.MainActivity}
2022-02-27 20:51:20.282 17414-20145/? W/InputDispatcher: Attempted to unregister already unregistered input channel '9c4999c com.music.festival.battle/com.es.core.MainActivity (server)'
2022-02-27 20:51:20.284 1081-1081/? W/HwcComposer: command 0x4080000 generated error 4
2022-02-27 20:51:20.284 17414-20145/? D/WindowManager: WARNING: focused app window can't receive keys, focusedApp:ActivityRecord{648dfed u0 com.music.festival.battle/com.es.mod.etc.EtcMainActivity t431} window:Window{944fcd0 u0 com.music.festival.battle/com.es.mod.etc.EtcMainActivity EXITING}
2022-02-27 20:51:20.284 17414-20145/? D/WindowManager: isRecentsAnimationConsumingAppInput:false isParentWindowHidden:false mAnimatingExit:true mRelayoutCalled:true
2022-02-27 20:51:20.285 17414-17460/? D/PowerManagerService: setScreenBrightnessOverrideFromWindowManagerInternal brightness=NaN mScreenBrightnessOverrideFromWindowManager=NaN
2022-02-27 20:51:20.284 1081-1081/? I/chatty: uid=1000(system) /system/bin/surfaceflinger identical 3 lines
2022-02-27 20:51:20.284 1081-1081/? W/HwcComposer: command 0x4080000 generated error 4
2022-02-27 20:51:20.285 17414-17490/? I/libprocessgroup: Successfully killed process cgroup uid 10336 pid 8876 in 17ms
2022-02-27 20:51:20.285 17414-31584/? D/TheiaSocketClient: TheiaSend receive content : 4298113028:ApplicationFGCrash:1645969880285
2022-02-27 20:51:20.285 17414-18797/? D/TheiaCrashMonitor: com.music.festival.battlecrash
2022-02-27 20:51:20.285 17414-18797/? I/ActivityManager: Process com.music.festival.battle (pid 8876) has died: fg  TOP 
2022-02-27 20:51:20.285 17414-31584/? D/TheiaSocketClient: send message success
2022-02-27 20:51:20.285 17414-18797/? W/ContextImpl: Calling a method in the system process without a qualified user: android.app.ContextImpl.sendBroadcast:1147 com.android.server.am.OppoExtraActivityManagerService.setKeyLockModeNormal:51 com.android.server.am.ActivityManagerService.appDiedLocked:4300 com.android.server.am.ActivityManagerService$AppDeathRecipient.binderDied:1785 android.os.IBinder$DeathRecipient.binderDied:305 
2022-02-27 20:51:20.285 17123-31746/? I/theia_socket: recv 4298113028:ApplicationFGCrash:1645969880285
2022-02-27 20:51:20.285 17123-31746/? I/theia_socket: nowEvent is not KeyEvent
2022-02-27 20:51:20.285 17414-17543/? W/ContextImpl: Calling a method in the system process without a qualified user: android.app.ContextImpl.startService:1705 com.oplus.util.OplusStatisticsImpl.startService:216 com.oplus.util.OplusStatisticsImpl.sendDataToDCS:192 com.oplus.util.OplusStatisticsImpl.onCommonSync:84 com.oplus.util.OplusStatisticsImpl$1.run:124 
2022-02-27 20:51:20.291 17414-17460/? D/PowerManagerService: setScreenBrightnessOverrideFromWindowManagerInternal brightness=NaN mScreenBrightnessOverrideFromWindowManager=NaN
2022-02-27 20:51:20.292 1081-1081/? D/OppoExLayer: ~Layer() sequence=26151, name=9c4999c com.music.festival.battle/com.es.core.MainActivity#0@0xb40000716c278000
2022-02-27 20:51:20.294 17414-20145/? E/Region: Region::unflatten() failed, invalid region
2022-02-27 20:51:20.295 17414-17461/? I/ColorStatusBarManagerService:  topIsFullscreen fullscreen: false
2022-02-27 20:51:20.297 1081-1081/? W/HwcComposer: command 0x4080000 generated error 4
2022-02-27 20:51:20.297 1081-1081/? I/chatty: uid=1000(system) /system/bin/surfaceflinger identical 3 lines
2022-02-27 20:51:20.297 1081-1081/? W/HwcComposer: command 0x4080000 generated error 4
2022-02-27 20:51:20.299 17414-17461/? I/InputDispatcher: setInputDispatchMode: enabled=1, frozen=1
2022-02-27 20:51:20.308 1081-1081/? D/OppoExLayer: ~Layer() sequence=26157, name=944fcd0 com.music.festival.battle/com.es.mod.etc.EtcMainActivity#0@0xb400007143bf4000
2022-02-27 20:51:20.309 1081-1081/? D/OppoExLayer: ~Layer() sequence=26201, name=Surface(name=ActivityRecord{648dfed u0 com.music.festival.battle/com.es.mod.etc.EtcMainActivity)/@0x84cb06d - animation-bounds#0@0xb40000715cea8000
2022-02-27 20:51:20.309 1081-1081/? D/OppoExLayer: ~Layer() sequence=26200, name=Surface(name=ActivityRecord{648dfed u0 com.music.festival.battle/com.es.mod.etc.EtcMainActivity)/@0x84cb06d - animation-leash#0@0xb400007166a3a000
2022-02-27 20:51:20.310 17414-20145/? E/Region: Region::unflatten() failed, invalid region
2022-02-27 20:51:20.312 1081-1081/? D/OppoExLayer: ~Layer() sequence=26195, name=com.music.festival.battle/com.es.mod.etc.EtcMainActivity#0@0xb400007165dfa000
2022-02-27 20:51:20.312 1081-1081/? D/OppoExSurfaceFlinger: re-input flinger 1
2022-02-27 20:51:20.312 1081-1081/? D/DispPerfService: AIRefreshRate enable input motion 0x1
2022-02-27 20:51:20.313 1081-1081/? W/HwcComposer: command 0x4080000 generated error 4
2022-02-27 20:51:20.327 1081-1081/? I/chatty: uid=1000(system) /system/bin/surfaceflinger identical 4 lines
2022-02-27 20:51:20.327 1081-1081/? W/HwcComposer: command 0x4080000 generated error 4
2022-02-27 20:51:20.356 1081-4879/? D/DispPerfService: onframeavailable pid=17414, slot=0, seq=26205, name=system_server:RotationLayer#1
2022-02-27 20:51:20.362 1081-1081/? D/OppoExSurfaceFlinger: re-input flinger 1
2022-02-27 20:51:20.362 1081-1081/? D/DispPerfService: AIRefreshRate enable input motion 0x1
2022-02-27 20:51:20.296 17414-17461/? I/ColorStatusBarManagerService:  topIsFullscreen fullscreen: false
2022-02-27 20:51:20.369 17414-17460/? D/PowerManagerService: setScreenBrightnessOverrideFromWindowManagerInternal brightness=NaN mScreenBrightnessOverrideFromWindowManager=NaN
2022-02-27 20:51:20.370 1029-1117/? E/ANDR-PERF-OPTSHANDLER: Perflock resource /sys/class/devfreq/soc:qcom,cpu0-cpu-llcc-lat/mem_latency/ratio_ceil not supported
2022-02-27 20:51:20.370 1029-1117/? E/ANDR-PERF-RESOURCEQS: Failed to apply optimization [13, 8]
2022-02-27 20:51:20.370 1029-1117/? E/ANDR-PERF-OPTSHANDLER: Perflock resource /sys/class/devfreq/soc:qcom,cpu4-cpu-llcc-lat/mem_latency/ratio_ceil not supported
2022-02-27 20:51:20.370 1029-1117/? E/ANDR-PERF-RESOURCEQS: Failed to apply optimization [13, 9]
2022-02-27 20:51:20.374 31646-31646/? D/BoundBrokerSvc: onUnbind: Intent { act=com.google.android.gms.measurement.START pkg=com.google.android.gms }
2022-02-27 20:51:20.374 8965-8965/? I/cr_ChildProcessService: Destroying ChildProcessService pid=8965
2022-02-27 20:51:20.374 1081-1081/? D/OppoExLayer: ~Layer() sequence=26185, name=643b2d5 com.music.festival.battle/com.es.gamestate.GameStateActivity#0@0xb40000716c2c8000
2022-02-27 20:51:20.375 1081-1081/? D/OppoExLayer: ~Layer() sequence=26191, name=com.music.festival.battle/com.es.gamestate.GameStateActivity#0@0xb4000071483fb000
2022-02-27 20:51:20.375 1081-1081/? D/OppoExLayer: ~Layer() sequence=26192, name=Bounds for - com.music.festival.battle/com.es.gamestate.GameStateActivity#0@0xb40000715cfae000
2022-02-27 20:51:20.375 1081-1081/? D/OppoExLayer: ~Layer() sequence=26198, name=SurfaceView - com.music.festival.battle/com.es.gamestate.GameStateActivity#1@0xb400007143703000
2022-02-27 20:51:20.375 1081-1081/? D/OppoExLayer: ~Layer() sequence=26199, name=Background for -SurfaceView - com.music.festival.battle/com.es.gamestate.GameStateActivity#1@0xb40000716c2a7000
2022-02-27 20:51:20.375 1081-1081/? D/OppoExLayer: ~Layer() sequence=26203, name=Surface(name=ActivityRecord{accaff7 u0 com.music.festival.battle/com.es.gamestate.GameStateActivity)/@0xdc88025 - animation-bounds#0@0xb40000714440d000
2022-02-27 20:51:20.375 1081-1081/? D/OppoExLayer: ~Layer() sequence=26202, name=Surface(name=ActivityRecord{accaff7 u0 com.music.festival.battle/com.es.gamestate.GameStateActivity)/@0xdc88025 - animation-leash#0@0xb40000715ceab000
2022-02-27 20:51:20.375 1081-1081/? D/OppoExLayer: ~Layer() sequence=26188, name=Surface(name=WindowToken{b671c8 android.os.BinderProxy@77173ba})/@0xc2eeff8 - animation-leash#0@0xb4000071452b7000
2022-02-27 20:51:20.375 1081-1081/? D/OppoExLayer: ~Layer() sequence=26180, name=EnterBlackFrameLayer#0@0xb400007148a4b000
2022-02-27 20:51:20.375 1081-1081/? D/OppoExLayer: ~Layer() sequence=26187, name=Surface(name=RotationLayer)/@0x7473d42 - animation-leash#0@0xb40000716c2ce000
2022-02-27 20:51:20.375 1081-1081/? D/OppoExLayer: ~Layer() sequence=26179, name=RotationLayer#0@0xb400007148a48000
2022-02-27 20:51:20.376 1081-1081/? D/OppoExLayer: ~Layer() sequence=26186, name=Surface(name=mWindowContainers)/@0xb6d068a - animation-leash#0@0xb40000716c2cb000
2022-02-27 20:51:20.376 8965-8965/? I/ocessService0:: System.exit called, status: 0
2022-02-27 20:51:20.376 8965-8965/? I/AndroidRuntime: VM exiting with result code 0, cleanup skipped.
2022-02-27 20:51:20.376 1029-1117/? E/ANDR-PERF-OPTSHANDLER: Perflock resource /sys/class/devfreq/soc:qcom,cpu0-cpu-llcc-lat/mem_latency/ratio_ceil not supported
2022-02-27 20:51:20.376 1029-1117/? E/ANDR-PERF-RESOURCEQS: Failed to apply optimization [13, 8]
2022-02-27 20:51:20.376 1029-1117/? E/ANDR-PERF-OPTSHANDLER: Perflock resource /sys/class/devfreq/soc:qcom,cpu4-cpu-llcc-lat/mem_latency/ratio_ceil not supported
2022-02-27 20:51:20.376 1029-1117/? E/ANDR-PERF-RESOURCEQS: Failed to apply optimization [13, 9]
2022-02-27 20:51:20.371 17414-17460/? D/PowerManagerService: setScreenBrightnessOverrideFromWindowManagerInternal brightness=NaN mScreenBrightnessOverrideFromWindowManager=NaN
2022-02-27 20:51:20.378 17414-18797/? W/ActivityTaskManager: Force removing ActivityRecord{648dfed u0 com.music.festival.battle/com.es.mod.etc.EtcMainActivity t431}: app died, no saved state
2022-02-27 20:51:20.378 17414-18797/? I/InputDispatcher: setInputDispatchMode: enabled=1, frozen=0
2022-02-27 20:51:20.379 1081-1081/? D/OppoExLayer: ~Layer() sequence=26178, name=BackColorSurface#0@0xb40000715cf6d000
2022-02-27 20:51:20.379 1081-1081/? E/OppoExLayer: using cid as pid, cid=17414, name=BackColorSurface#1
2022-02-27 20:51:20.379 1081-1081/? D/OppoExSurfaceFlinger: re-input flinger 1
2022-02-27 20:51:20.379 1081-1081/? D/DispPerfService: AIRefreshRate enable input motion 0x1
2022-02-27 20:51:20.379 17414-18797/? I/WindowManager: Screen frozen for +80ms due to ActivityRecord{648dfed u0 com.music.festival.battle/com.es.mod.etc.EtcMainActivity t431 f}}
2022-02-27 20:51:20.387 18044-18044/? I/Zygote: Process 8965 exited cleanly (0)
2022-02-27 20:51:20.388 17414-18797/? I/InputDispatcher: setFocusedApplication displayId=0 <nullptr>
2022-02-27 20:51:20.389 17414-18710/? D/DisplayManagerService: Display listener for pid 8965 died.
2022-02-27 20:51:20.390 1081-1081/? D/OppoExLayer: ~Layer() sequence=26155, name=ActivityRecord{accaff7 u0 com.music.festival.battle/com.es.gamestate.GameStateActivity#0@0xb400007143bf1000
2022-02-27 20:51:20.390 1081-1081/? D/OppoExLayer: ~Layer() sequence=26156, name=Letterbox - top#3@0xb40000716c264000
2022-02-27 20:51:20.390 1081-1081/? D/OppoExLayer: ~Layer() sequence=26182, name=Letterbox - left#1@0xb4000071483f8000
2022-02-27 20:51:20.390 1029-1118/? W/ANDR-PERF-LM: MetaMeter: handlePrimaryAsync() 118: AdaptLaunch MetaMeter. No MeterMgr Available to handle this Primary Async. !!!!
2022-02-27 20:51:20.391 1029-1118/? W/ANDR-PERF-LM: MetaMeter: handlePrimaryAsync() 118: AdaptLaunch MetaMeter. No MeterMgr Available to handle this Primary Async. !!!!
2022-02-27 20:51:20.392 17414-18797/? V/SensorManager: setScreenShotDisableImpl
2022-02-27 20:51:20.392 17414-18797/? D/SensorService: debug_oplusGeminiProximity setScreenShotDisable in SensorService
2022-02-27 20:51:20.392 1081-1081/? D/OppoExLayer: ~Layer() sequence=26150, name=Letterbox - top#2@0xb40000716c27e000
