2022-02-27 18:07:28.776 8152-8481/? E/Parcel: Reading a NULL string not supported here.
2022-02-27 18:07:28.777 17124-8066/? I/sensors-hal: ssc_conn_resp_cb:673, resp_value = 0
2022-02-27 18:07:28.777 17414-17644/? I/chatty: uid=1000(system) SensorService identical 1 line
2022-02-27 18:07:28.777 17414-17644/? I/chatty: uid=1000(system) SensorService identical 2 lines
2022-02-27 18:07:28.779 17414-20294/? W/SensorService: SensorEventConnection sensor handle=41, package = com.facebook.ads.redexgen.X.8v enable
2022-02-27 18:07:28.779 17414-20294/? E/SensorService: Required app com.facebook.ads.redexgen.X.8v, uid 10334, pid 8152
2022-02-27 18:07:28.779 17124-17124/? I/sensors-hal: batch:254, android.sensor.gyroscope/41, period=200000000, max_latency=0
2022-02-27 18:07:28.779 17124-17124/? I/sensors-hal: set_config:63, sample_period_ns is adjusted to 200000000 based on min/max delay_ns
2022-02-27 18:07:28.779 17124-17124/? I/sensors-hal: batch:276, android.sensor.gyroscope/41, period=200000000, max_latency=0 request completed
2022-02-27 18:07:28.779 17124-17124/? I/sensors-hal: activate:213, android.sensor.gyroscope/41 en=1
2022-02-27 18:07:28.787 2429-2433/? E/Diag_Lib: [IMS_AP]"ims-rtp-daemon ims_rtp_qmi_handler_thread_func waiting on select thread>"
2022-02-27 18:07:28.789 2429-2433/? I/chatty: uid=1001(radio) /vendor/bin/ims_rtp_daemon identical 1 line
2022-02-27 18:07:28.791 2429-2433/? E/Diag_Lib: [IMS_AP]"ims-rtp-daemon ims_rtp_qmi_handler_thread_func waiting on select thread>"
2022-02-27 18:07:28.791 17124-17124/? I/sensors-hal: activate:232, android.sensor.gyroscope/41 en=1 completed
2022-02-27 18:07:28.792 17124-8610/? I/sensors-hal: ssc_conn_resp_cb:673, resp_value = 0
2022-02-27 18:07:28.792 17414-17444/? W/SensorService: SensorEventConnection sensor handle=11, package = com.facebook.ads.redexgen.X.8v disable
2022-02-27 18:07:28.792 17124-17124/? I/sensors-hal: batch:254, android.sensor.accelerometer/11, period=20000000, max_latency=0
2022-02-27 18:07:28.792 17124-17124/? I/sensors-hal: set_config:63, sample_period_ns is adjusted to 20000000 based on min/max delay_ns
2022-02-27 18:07:28.792 17124-17124/? I/sensors-hal: batch:276, android.sensor.accelerometer/11, period=20000000, max_latency=0 request completed
2022-02-27 18:07:28.793 8152-8152/? E/Parcel: Reading a NULL string not supported here.
2022-02-27 18:07:28.793 8451-8451/? I/AudioManagerModule: TelephoneStateListener.init took 18ms
2022-02-27 18:07:28.793 8451-8451/? I/AudioManager: In isSpeakerphoneOn(), calling application: com.skype.raider
2022-02-27 18:07:28.794 17414-17986/? I/AS.AudioDeviceBroker: In isSpeakerphoneOn(), mForcedUseForCommExt: 0
2022-02-27 18:07:28.794 8451-8451/? I/AudioManagerModule: Sending output changed event to EARPIECE (causeId 4a725dce)
2022-02-27 18:07:28.795 8451-8451/? E/ReactNative: Unable to launch logbox because react was unable to create the root view
2022-02-27 18:07:28.814 8152-8567/? W/Settings: Setting airplane_mode_on has moved from android.provider.Settings.System to android.provider.Settings.Global, returning read-only value.
2022-02-27 18:07:28.820 8152-8618/? I/DpmTcmClient: RegisterTcmMonitor from: $Proxy1
2022-02-27 18:07:28.825 19666-8415/? E/MCS2.0_CIPHER_ALGO: checkSign 1  
2022-02-27 18:07:28.835 31646-29565/? W/OplusExSystemServiceHelper: checkOplusExSystemService intent getComponent is null
2022-02-27 18:07:28.851 8152-8567/? E/Parcel: Reading a NULL string not supported here.
2022-02-27 18:07:28.856 8152-8567/? I/chatty: uid=10334(com.music.festival.battle) JavaBridge identical 3 lines
2022-02-27 18:07:28.857 8152-8567/? E/Parcel: Reading a NULL string not supported here.
2022-02-27 18:07:28.974 8451-8602/? W/ReactNativeJS: [#ffffffff-u] [WARN] [JS.GenericUnsafe] AccessibilityInfo.fetch is deprecated, call AccessibilityInfo.isScreenReaderEnabled instead
2022-02-27 18:07:28.975 8451-8602/? I/chatty: uid=10299(com.skype.raider) mqt_js identical 2 lines
2022-02-27 18:07:28.975 8451-8602/? W/ReactNativeJS: [#ffffffff-u] [WARN] [JS.GenericUnsafe] AccessibilityInfo.fetch is deprecated, call AccessibilityInfo.isScreenReaderEnabled instead
2022-02-27 18:07:28.993 17414-20147/? W/SensorService: SensorEventConnection sensor handle=41, package = com.facebook.ads.redexgen.X.8v disable
2022-02-27 18:07:28.993 17124-17124/? I/sensors-hal: activate:213, android.sensor.gyroscope/41 en=0
2022-02-27 18:07:28.994 17124-17124/? I/sensors-hal: activate:232, android.sensor.gyroscope/41 en=0 completed
2022-02-27 18:07:28.994 8451-8602/? I/QuickActions: isSystemSupported: false
2022-02-27 18:07:28.994 2429-2433/? E/Diag_Lib: [IMS_AP]"ims-rtp-daemon ims_rtp_qmi_handler_thread_func waiting on select thread>"
2022-02-27 18:07:28.995 8152-8152/? E/Parcel: Reading a NULL string not supported here.
2022-02-27 18:07:29.011 8451-8602/? E/ReactNativeJNI: logMarker RUN_JS_BUNDLE_END
2022-02-27 18:07:29.012 8451-8603/? I/ReactAppCenter: AppCenter - initializing configuration
2022-02-27 18:07:29.013 8451-8603/? I/ReactNative: Check for new app crashes
2022-02-27 18:07:29.078 8451-8602/? I/RNManualFileCache: Getting or creating the shared cache folder
2022-02-27 18:07:29.212 8451-8603/? I/RNPushAndroid: checkPermissions registered: true isNotificationEnabled: true
2022-02-27 18:07:29.222 8451-8602/? I/ReactNativeJS: [#ffffffff-u] [TRACE] [JS.TokenStore] getInitialSkypeToken - successfully fetched SkypeToken
2022-02-27 18:07:29.222 8451-8602/? I/ReactNativeJS: [#ffffffff-u] [TRACE] [JS.TokenStore] getInitialSkypeToken - successfully fetched SkypeToken
2022-02-27 18:07:29.222 8451-8602/? I/ReactNativeJS: [#ffffffff-u] [TRACE] [JS.TokenStore] getInitialMSAToken - successfully fetched token
2022-02-27 18:07:29.222 8451-8602/? I/ReactNativeJS: [#ffffffff-u] [TRACE] [JS.TokenStore] getInitialMSAToken - successfully fetched token
2022-02-27 18:07:29.223 8451-8602/? I/ReactNativeJS: [#ffffffff-u] [TRACE] [JS.Startup] [WARN] shimmed atob called, please switch to CryptoHelpers.atobUtf8()
2022-02-27 18:07:29.223 8451-8602/? I/ReactNativeJS: [#ffffffff-u] [TRACE] [JS.Startup] [WARN] shimmed atob called, please switch to CryptoHelpers.atobUtf8()
2022-02-27 18:07:29.224 8451-8602/? I/ReactNativeJS: [#ffffffff-u] [TRACE] [JS.TokenStore] Setting MSACID and MSACIDHEX from Skypetoken - 5309713679342145000 49AFE47594388A52
2022-02-27 18:07:29.224 8451-8602/? I/ReactNativeJS: [#ffffffff-u] [TRACE] [JS.TokenStore] Setting MSACID and MSACIDHEX from Skypetoken - 5309713679342145000 49AFE47594388A52
2022-02-27 18:07:29.226 8451-8602/? I/ReactNativeJS: [#ffffffff-u] [TRACE] [JS.TokenStore] TokenStore Started - Usable Skypetoken - expiration: Mon Feb 28 2022 11:31:37 GMT+0700
2022-02-27 18:07:29.226 8451-8602/? I/ReactNativeJS: [#ffffffff-u] [TRACE] [JS.TokenStore] TokenStore Started - Usable Skypetoken - expiration: Mon Feb 28 2022 11:31:37 GMT+0700
2022-02-27 18:07:29.226 8451-8602/? I/ReactNativeJS: [#ffffffff-u] [TRACE] [JS.Startup] Finish: TokenStore: 75ms
2022-02-27 18:07:29.226 8451-8602/? I/ReactNativeJS: [#ffffffff-u] [TRACE] [JS.Startup] Finish: TokenStore: 75ms
2022-02-27 18:07:29.226 8451-8602/? I/ReactNativeJS: [#ffffffff-u] [TRACE] [JS.Startup] Starting: TrouterService, Deps Finish: 63ms
2022-02-27 18:07:29.226 8451-8602/? I/ReactNativeJS: [#ffffffff-u] [TRACE] [JS.Startup] Starting: TrouterService, Deps Finish: 63ms
2022-02-27 18:07:29.227 8451-8602/? I/ReactNativeJS: [#ffffffff-S] [TRACE] [JS.Trouter] onConnectedChanged true
2022-02-27 18:07:29.227 8451-8602/? I/ReactNativeJS: [#ffffffff-S] [TRACE] [JS.Trouter] onConnectedChanged true
2022-02-27 18:07:29.227 8451-8602/? I/ReactNativeJS: [#ffffffff-u] [TRACE] [JS.TokenStore] Valid Skype Token available
2022-02-27 18:07:29.227 8451-8602/? I/ReactNativeJS: [#ffffffff-u] [TRACE] [JS.TokenStore] Valid Skype Token available
2022-02-27 18:07:29.227 8451-8602/? I/ReactNativeJS: [#ffffffff-u] [TRACE] [JS.Startup] Finish: TrouterService: 1ms
2022-02-27 18:07:29.227 8451-8602/? I/ReactNativeJS: [#ffffffff-u] [TRACE] [JS.Startup] Finish: TrouterService: 1ms
2022-02-27 18:07:29.227 8451-8602/? I/ReactNativeJS: [#ffffffff-u] [TRACE] [JS.Startup] Starting: RegistrarService, Deps Finish: 64ms
2022-02-27 18:07:29.227 8451-8602/? I/ReactNativeJS: [#ffffffff-u] [TRACE] [JS.Startup] Starting: RegistrarService, Deps Finish: 64ms
2022-02-27 18:07:29.227 8451-8602/? I/ReactNativeJS: [#ffffffff-S] [TRACE] [JS.RegistrarService] Loaded registrationId: e928efbe-b0e3-fea3-b0e3-42c442c4b0e3 lastPostedTime: 1645959503224
2022-02-27 18:07:29.227 8451-8602/? I/ReactNativeJS: [#ffffffff-S] [TRACE] [JS.RegistrarService] Loaded registrationId: e928efbe-b0e3-fea3-b0e3-42c442c4b0e3 lastPostedTime: 1645959503224
2022-02-27 18:07:29.228 8451-8602/? I/ReactNativeJS: [#ffffffff-S] [TRACE] [JS.RegistrarService] Skipping PNH registration request: No valid transport
2022-02-27 18:07:29.228 8451-8602/? I/ReactNativeJS: [#ffffffff-S] [TRACE] [JS.RegistrarService] Skipping PNH registration request: No valid transport
2022-02-27 18:07:29.228 8451-8602/? I/ReactNativeJS: [#ffffffff-u] [TRACE] [JS.Startup] Finish: RegistrarService: 1ms
2022-02-27 18:07:29.228 8451-8602/? I/ReactNativeJS: [#ffffffff-u] [TRACE] [JS.Startup] Finish: RegistrarService: 1ms
2022-02-27 18:07:29.228 8451-8602/? I/ReactNativeJS: [#ffffffff-S] [TRACE] [JS.RegistrarService] Skipping PNH registration request: No valid transport
2022-02-27 18:07:29.228 8451-8602/? I/ReactNativeJS: [#ffffffff-S] [TRACE] [JS.RegistrarService] Skipping PNH registration request: No valid transport
2022-02-27 18:07:29.228 8451-8602/? I/ReactNativeJS: [#ffffffff-u] [TRACE] [JS.Startup] Finish: PermissionsStore: 69ms
2022-02-27 18:07:29.229 8451-8602/? I/ReactNativeJS: [#ffffffff-u] [TRACE] [JS.Startup] Finish: PermissionsStore: 69ms
2022-02-27 18:07:29.229 8451-8602/? I/ReactNativeJS: [#ffffffff-u] [TRACE] [JS.Startup] Starting: NotificationPermissionService, Deps Finish: 70ms
2022-02-27 18:07:29.229 8451-8602/? I/ReactNativeJS: [#ffffffff-u] [TRACE] [JS.Startup] Starting: NotificationPermissionService, Deps Finish: 70ms
2022-02-27 18:07:29.230 8451-8602/? I/ReactNativeJS: [#ffffffff-S] [TRACE] [JS.Push] initializeNotification causeId: 5d17be1c
2022-02-27 18:07:29.230 8451-8602/? I/ReactNativeJS: [#ffffffff-S] [TRACE] [JS.Push] initializeNotification causeId: 5d17be1c
2022-02-27 18:07:29.231 8451-8603/? I/TokenShareModule: setAccountWithToken()
2022-02-27 18:07:29.231 8451-8602/? I/ReactNativeJS: [#ffffffff-S] [TRACE] [JS.Notifications] Initializing push notifications module
2022-02-27 18:07:29.231 8451-8602/? I/ReactNativeJS: [#ffffffff-S] [TRACE] [JS.Notifications] Initializing push notifications module
2022-02-27 18:07:29.231 8451-8602/? I/ReactNativeJS: [#ffffffff-S] [TRACE] [JS.Notifications] Initializing Android push notifications module
2022-02-27 18:07:29.231 8451-8602/? I/ReactNativeJS: [#ffffffff-S] [TRACE] [JS.Notifications] Initializing Android push notifications module
2022-02-27 18:07:29.232 8451-8602/? I/ReactNativeJS: [#ffffffff-u] [TRACE] [JS.Startup] Finish: NotificationPermissionService: 2ms
2022-02-27 18:07:29.232 8451-8602/? I/ReactNativeJS: [#ffffffff-u] [TRACE] [JS.Startup] Finish: NotificationPermissionService: 2ms
2022-02-27 18:07:29.241 8451-8603/? I/RNPushAndroid: getUnacknowledgedNotifications, count 0
2022-02-27 18:07:29.241 8451-8602/? I/ReactNativeJS: [#ffffffff-S] [TRACE] [JS.ConsoleSink] initialized and paused
2022-02-27 18:07:29.241 8451-8602/? I/ReactNativeJS: [#ffffffff-S] [TRACE] [JS.ConsoleSink] initialized and paused
2022-02-27 18:07:29.242 8451-8603/? I/RNPushAndroid: requestPermissions: registered: true isNotificationEnabled: true
2022-02-27 18:07:29.250 8451-8602/? I/ReactNativeJS: [#ffffffff-u] [TRACE] [JS.GenericUnsafe] Startup Phase 3 duration: 271ms
2022-02-27 18:07:29.250 8451-8602/? I/ReactNativeJS: [#ffffffff-u] [TRACE] [JS.GenericUnsafe] Startup Phase 3 duration: 271ms
2022-02-27 18:07:29.250 8451-8602/? I/ReactNativeJS: [#ffffffff-u] [TRACE] [JS.Startup] AppStartupIntent mark step: Phase3 undefined
2022-02-27 18:07:29.250 8451-8602/? I/ReactNativeJS: [#ffffffff-u] [TRACE] [JS.Startup] AppStartupIntent mark step: Phase3 undefined
2022-02-27 18:07:29.251 8451-8602/? I/ReactNativeJS: [#ffffffff-u] [TRACE] [JS.Startup] Starting: ReportedConnectivityStore
2022-02-27 18:07:29.251 8451-8602/? I/ReactNativeJS: [#ffffffff-u] [TRACE] [JS.Startup] Starting: ReportedConnectivityStore
2022-02-27 18:07:29.251 8451-8602/? I/ReactNativeJS: [#ffffffff-u] [TRACE] [JS.Startup] Finish: ReportedConnectivityStore: 0ms
2022-02-27 18:07:29.251 8451-8602/? I/ReactNativeJS: [#ffffffff-u] [TRACE] [JS.Startup] Finish: ReportedConnectivityStore: 0ms
2022-02-27 18:07:29.251 8451-8602/? I/ReactNativeJS: [#ffffffff-u] [TRACE] [JS.Startup] Starting: AuthBackgroundRefreshService, Deps Finish: 0ms
2022-02-27 18:07:29.251 8451-8602/? I/ReactNativeJS: [#ffffffff-u] [TRACE] [JS.Startup] Starting: AuthBackgroundRefreshService, Deps Finish: 0ms
2022-02-27 18:07:29.252 8451-8602/? I/ReactNativeJS: [#ffffffff-S] [TRACE] [JS.SISU] [AuthBackgroundRefreshService] starting, last refresh was 6.597 hours ago
2022-02-27 18:07:29.252 8451-8602/? I/ReactNativeJS: [#ffffffff-S] [TRACE] [JS.SISU] [AuthBackgroundRefreshService] starting, last refresh was 6.597 hours ago
2022-02-27 18:07:29.252 8451-8602/? I/ReactNativeJS: [#ffffffff-S] [TRACE] [JS.SISU] [AuthBackgroundRefreshService] a pending refresh timer already exists, firing 17.403 hours from now
2022-02-27 18:07:29.252 8451-8602/? I/ReactNativeJS: [#ffffffff-S] [TRACE] [JS.SISU] [AuthBackgroundRefreshService] a pending refresh timer already exists, firing 17.403 hours from now
2022-02-27 18:07:29.252 8451-8602/? I/ReactNativeJS: [#ffffffff-u] [TRACE] [JS.Startup] Finish: AuthBackgroundRefreshService: 1ms
2022-02-27 18:07:29.252 8451-8602/? I/ReactNativeJS: [#ffffffff-u] [TRACE] [JS.Startup] Finish: AuthBackgroundRefreshService: 1ms
2022-02-27 18:07:29.252 8451-8602/? I/ReactNativeJS: [#ffffffff-u] [TRACE] [JS.Startup] Starting: AuthService, Deps Finish: 1ms
2022-02-27 18:07:29.252 8451-8602/? I/ReactNativeJS: [#ffffffff-u] [TRACE] [JS.Startup] Starting: AuthService, Deps Finish: 1ms
2022-02-27 18:07:29.252 8451-8602/? I/ReactNativeJS: [#ffffffff-S] [TRACE] [JS.AuthService] checkSkypeToken (Startup): Setting Timer for Sun Feb 27 2022 23:31:37 GMT+0700
2022-02-27 18:07:29.252 8451-8602/? I/ReactNativeJS: [#ffffffff-S] [TRACE] [JS.AuthService] checkSkypeToken (Startup): Setting Timer for Sun Feb 27 2022 23:31:37 GMT+0700
2022-02-27 18:07:29.253 8451-8602/? I/ReactNativeJS: [#ffffffff-u] [TRACE] [JS.Startup] Finish: AuthService: 0ms
2022-02-27 18:07:29.253 8451-8602/? I/ReactNativeJS: [#ffffffff-u] [TRACE] [JS.Startup] Finish: AuthService: 0ms
2022-02-27 18:07:29.253 8451-8602/? I/ReactNativeJS: [#ffffffff-u] [TRACE] [JS.Startup] AppStartupIntent mark step: CheckAppState {"reason":"ColdStartup"}
2022-02-27 18:07:29.253 8451-8602/? I/ReactNativeJS: [#ffffffff-u] [TRACE] [JS.Startup] AppStartupIntent mark step: CheckAppState {"reason":"ColdStartup"}
2022-02-27 18:07:29.253 8451-8602/? I/ReactNativeJS: [#ffffffff-u] [TRACE] [JS.Startup] App State: Background shouldShowUi: false everProcessedPush: false everProcessedLocal: false hasQueuedPushes: false hasQueuedLocalNotifications: false reason: ColdStartup
2022-02-27 18:07:29.253 8451-8602/? I/ReactNativeJS: [#ffffffff-u] [TRACE] [JS.Startup] App State: Background shouldShowUi: false everProcessedPush: false everProcessedLocal: false hasQueuedPushes: false hasQueuedLocalNotifications: false reason: ColdStartup
2022-02-27 18:07:29.253 8451-8602/? I/ReactNativeJS: [#ffffffff-S] [TRACE] [JS.ConsoleSink] start using user id
2022-02-27 18:07:29.253 8451-8602/? I/ReactNativeJS: [#ffffffff-S] [TRACE] [JS.ConsoleSink] start using user id
2022-02-27 18:07:29.254 8451-8602/? I/ReactNativeJS: [#ffffffff-S] [TRACE] [JS.ConsoleSink] resumed
2022-02-27 18:07:29.254 8451-8602/? I/ReactNativeJS: [#ffffffff-S] [TRACE] [JS.ConsoleSink] resumed
2022-02-27 18:07:29.263 17414-17714/? E/WifiClientModeImpl: Checking internet access, SSID="L10ccf1837d BSSID=a0:**:**:**:8d:a9 checkSequence=15
2022-02-27 18:07:29.264 8451-8602/? I/ReactNativeJS: [#ffffffff-u] [TRACE] [JS.ReportedConnectivityStore] Captive portal waiting for network type
2022-02-27 18:07:29.264 8451-8602/? I/ReactNativeJS: [#ffffffff-u] [TRACE] [JS.ReportedConnectivityStore] Captive portal waiting for network type
2022-02-27 18:07:29.265 8451-8602/? I/ReactNativeJS: [#ffffffff-S] [TRACE] [JS.IdleSchedulingService] oldState: {"uiDisplayed":false,"inCall":false,"inCallEstablishment":false,"networkingAvailable":false,"busyTaskDelay":250,"afterUiShownDelay":2500} partialState: {"networkingAvailable":true} diffState: {"networkingAvailable":true}
2022-02-27 18:07:29.265 8451-8602/? I/ReactNativeJS: [#ffffffff-S] [TRACE] [JS.IdleSchedulingService] oldState: {"uiDisplayed":false,"inCall":false,"inCallEstablishment":false,"networkingAvailable":false,"busyTaskDelay":250,"afterUiShownDelay":2500} partialState: {"networkingAvailable":true} diffState: {"networkingAvailable":true}
2022-02-27 18:07:29.265 8451-8602/? I/ReactNativeJS: [#ffffffff-u] [TRACE] [JS.ReportedConnectivityStore]  _fetchNetworkType() type: Wifi
2022-02-27 18:07:29.265 8451-8602/? I/ReactNativeJS: [#ffffffff-u] [TRACE] [JS.ReportedConnectivityStore]  _fetchNetworkType() type: Wifi
2022-02-27 18:07:29.265 8451-8602/? I/ReactNativeJS: [#ffffffff-u] [TRACE] [JS.ReportedConnectivityStore] Performing connectivity/captive portal check with fetch
2022-02-27 18:07:29.265 8451-8602/? I/ReactNativeJS: [#ffffffff-u] [TRACE] [JS.ReportedConnectivityStore] Performing connectivity/captive portal check with fetch
2022-02-27 18:07:29.266 17414-17850/? I/DpmTcmClient: RegisterTcmMonitor from: $Proxy1
2022-02-27 18:07:29.269 8451-8602/? I/ReactNativeJS: [#ffffffff-S] [TRACE] [JS.Push] No unacknowledged notifications found causeId: 446d299f
2022-02-27 18:07:29.270 8451-8602/? I/ReactNativeJS: [#ffffffff-S] [TRACE] [JS.Push] No unacknowledged notifications found causeId: 446d299f
2022-02-27 18:07:29.270 8451-8602/? I/ReactNativeJS: [#ffffffff-S] [TRACE] [JS.Notifications] Received PNH registration token
2022-02-27 18:07:29.270 8451-8602/? I/ReactNativeJS: [#ffffffff-S] [TRACE] [JS.Notifications] Received PNH registration token
2022-02-27 18:07:29.271 8451-8602/? I/ReactNativeJS: [#ffffffff-S] [TRACE] [JS.RegistrarService] OS Push Notification registration token received: [pii<"...>]
2022-02-27 18:07:29.271 8451-8602/? I/ReactNativeJS: [#ffffffff-S] [TRACE] [JS.RegistrarService] OS Push Notification registration token received: [pii<"...>]
2022-02-27 18:07:29.272 8451-8602/? I/ReactNativeJS: [#ffffffff-S] [TRACE] [JS.RegistrarService] Sending PNH registration request:
    Client Description: {"appId":"com.skype.raider","platform":"android","languageId":"vi-VN","templateKey":"com.skype.raider:8.14","platformUIVersion":"1419/8.80.0.137/"}, NodeId: , Registration Id: e928efbe-b0e3-fea3-b0e3-42c442c4b0e3, Transports: 
    FCM registered for:, Context: NGCS2S, TTL: 15552000, CreationTime: ,, Context: NGCGVC, TTL: 15552000, CreationTime: ,, Context: NGCL2S, TTL: 15552000, CreationTime: ,, Context: , TTL: 15552000, CreationTime: ,, Context: NGC_CAST, TTL: 15552000, CreationTime: ,, Context: NGC_STOP_RINGER, TTL: 15552000, CreationTime: ,, Context: NGCP2S, TTL: 15552000, CreationTime: ,, Context: NGC_WARM_PUSH, TTL: 15552000, CreationTime: , with Path: [safe<fEQQj8tESeuBJHHWmH-rQl:APA91bFg5F9Ld-WtqTZA-JgXb14JsiKU5hleppdIWWlqhZ2ff4CJ5ZgescVjTUOfe2jVNQhf2fkDogi9mT0kHl263pJAMqJQu1F92hsupIl4smPFKn2FwkskFPRVsNEO24tSwP2m2_1x>]
2022-02-27 18:07:29.272 8451-8602/? I/ReactNativeJS: [#ffffffff-S] [TRACE] [JS.RegistrarService] Sending PNH registration request:
    Client Description: {"appId":"com.skype.raider","platform":"android","languageId":"vi-VN","templateKey":"com.skype.raider:8.14","platformUIVersion":"1419/8.80.0.137/"}, NodeId: , Registration Id: e928efbe-b0e3-fea3-b0e3-42c442c4b0e3, Transports: 
    FCM registered for:, Context: NGCS2S, TTL: 15552000, CreationTime: ,, Context: NGCGVC, TTL: 15552000, CreationTime: ,, Context: NGCL2S, TTL: 15552000, CreationTime: ,, Context: , TTL: 15552000, CreationTime: ,, Context: NGC_CAST, TTL: 15552000, CreationTime: ,, Context: NGC_STOP_RINGER, TTL: 15552000, CreationTime: ,, Context: NGCP2S, TTL: 15552000, CreationTime: ,, Context: NGC_WARM_PUSH, TTL: 15552000, CreationTime: , with Path: [safe<fEQQj8tESeuBJHHWmH-rQl:APA91bFg5F9Ld-WtqTZA-JgXb14JsiKU5hleppdIWWlqhZ2ff4CJ5ZgescVjTUOfe2jVNQhf2fkDogi9mT0kHl263pJAMqJQu1F92hsupIl4smPFKn2FwkskFPRVsNEO24tSwP2m2_1x>]
2022-02-27 18:07:29.274 8451-8602/? I/ReactNativeJS: [#ffffffff-u] [TRACE] [JS.GenericUnsafe] SWR: start POST prod.registrar.skype.com
2022-02-27 18:07:29.274 8451-8602/? I/ReactNativeJS: [#ffffffff-u] [TRACE] [JS.GenericUnsafe] SWR: start POST prod.registrar.skype.com
2022-02-27 18:07:29.274 8451-8602/? I/ReactNativeJS: [#ffffffff-u] [TRACE] [JS.GenericUnsafe] SWR._enqueue inserting at the end of queue 0, POST prod.registrar.skype.com
2022-02-27 18:07:29.274 8451-8602/? I/ReactNativeJS: [#ffffffff-u] [TRACE] [JS.GenericUnsafe] SWR._enqueue inserting at the end of queue 0, POST prod.registrar.skype.com
2022-02-27 18:07:29.274 8451-8602/? I/ReactNativeJS: [#ffffffff-u] [TRACE] [JS.GenericUnsafe] SimpleWebRequestBase._fire POST prod.registrar.skype.com 1 ms after creation
2022-02-27 18:07:29.274 8451-8602/? I/ReactNativeJS: [#ffffffff-u] [TRACE] [JS.GenericUnsafe] SimpleWebRequestBase._fire POST prod.registrar.skype.com 1 ms after creation
2022-02-27 18:07:29.275 8451-8602/? I/ReactNativeJS: [#ffffffff-u] [TRACE] [JS.GenericUnsafe] SWR.checkQueueProcessing:  Queued:0, Executing:1, Blocked:0, Max:10
2022-02-27 18:07:29.275 8451-8602/? I/ReactNativeJS: [#ffffffff-u] [TRACE] [JS.GenericUnsafe] SWR.checkQueueProcessing:  Queued:0, Executing:1, Blocked:0, Max:10
2022-02-27 18:07:29.276 8451-8602/? I/ReactNativeJS: [#ffffffff-S] [TRACE] [JS.Notifications] Initializing local notifications module
2022-02-27 18:07:29.276 8451-8602/? I/ReactNativeJS: [#ffffffff-S] [TRACE] [JS.Notifications] Initializing local notifications module
2022-02-27 18:07:29.276 8451-8602/? I/ReactNativeJS: [#ffffffff-S] [TRACE] [JS.Notifications] Initializing Android local notifications module
2022-02-27 18:07:29.276 8451-8602/? I/ReactNativeJS: [#ffffffff-S] [TRACE] [JS.Notifications] Initializing Android local notifications module
2022-02-27 18:07:29.277 8451-8602/? I/ReactNativeJS: [#ffffffff-S] [TRACE] [JS.Notifications] Starting processing queued local notifications
2022-02-27 18:07:29.277 8451-8602/? I/ReactNativeJS: [#ffffffff-S] [TRACE] [JS.Notifications] Starting processing queued local notifications
2022-02-27 18:07:29.277 8451-8602/? I/ReactNativeJS: [#ffffffff-S] [TRACE] [JS.Push] Notification permission grant status: PUSH: true LOCAL: true, causeId: 5d17be1c
2022-02-27 18:07:29.277 8451-8602/? I/ReactNativeJS: [#ffffffff-S] [TRACE] [JS.Push] Notification permission grant status: PUSH: true LOCAL: true, causeId: 5d17be1c
2022-02-27 18:07:29.278 8451-8603/? I/RNPushAndroid: registerCategories
2022-02-27 18:07:29.279 8451-8603/? I/RNPushAndroid: registerCategories
2022-02-27 18:07:29.280 8451-8603/? I/RNPushAndroid: startProcessingQueuedNotifications - process queued up notifications now that we initialised the JS side
2022-02-27 18:07:29.280 8451-8603/? I/RNPushAndroid: processing the queue of size: 1
2022-02-27 18:07:29.280 8451-8603/? I/RNPushAndroid: handleIntent with action=com.microsoft.react.push.PushConstants.ACTION_MESSAGE_RECEIVED
2022-02-27 18:07:29.282 8451-8602/? I/ReactNativeJS: [#ffffffff-S] [TRACE] [JS.Notifications] onNotification - preparing to signal push notification received
2022-02-27 18:07:29.282 8451-8602/? I/ReactNativeJS: [#ffffffff-S] [TRACE] [JS.Notifications] onNotification - preparing to signal push notification received
2022-02-27 18:07:29.282 8451-8602/? I/ReactNativeJS: [#ffffffff-S] [TRACE] [JS.Notifications] Push notification received - category: undefined, identifier: undefined
2022-02-27 18:07:29.282 8451-8602/? I/ReactNativeJS: [#ffffffff-S] [TRACE] [JS.Notifications] Push notification received - category: undefined, identifier: undefined
2022-02-27 18:07:29.283 8451-8602/? I/ReactNativeJS: [#ffffffff-S] [TRACE] [JS.Push] notificationReceivedEvent causeId: b7b0f8ca
2022-02-27 18:07:29.283 8451-8602/? I/ReactNativeJS: [#ffffffff-S] [TRACE] [JS.Push] notificationReceivedEvent causeId: b7b0f8ca
2022-02-27 18:07:29.286 8451-8602/? I/ReactNativeJS: [#ffffffff-u] [TRACE] [JS.Startup] AppStartupIntent mark step: CheckAppState {"reason":"Push"}
2022-02-27 18:07:29.286 8451-8602/? I/ReactNativeJS: [#ffffffff-u] [TRACE] [JS.Startup] AppStartupIntent mark step: CheckAppState {"reason":"Push"}
2022-02-27 18:07:29.286 8451-8602/? I/ReactNativeJS: [#ffffffff-u] [TRACE] [JS.Startup] App State: Background shouldShowUi: false everProcessedPush: false everProcessedLocal: false hasQueuedPushes: true hasQueuedLocalNotifications: false reason: Push
2022-02-27 18:07:29.286 8451-8602/? I/ReactNativeJS: [#ffffffff-u] [TRACE] [JS.Startup] App State: Background shouldShowUi: false everProcessedPush: false everProcessedLocal: false hasQueuedPushes: true hasQueuedLocalNotifications: false reason: Push
2022-02-27 18:07:29.286 8451-8602/? I/ReactNativeJS: [#ffffffff-u] [TRACE] [JS.Startup] Starting Push Processing Intent
2022-02-27 18:07:29.286 8451-8602/? I/ReactNativeJS: [#ffffffff-u] [TRACE] [JS.Startup] Starting Push Processing Intent
2022-02-27 18:07:29.287 8451-8602/? I/ReactNativeJS: [#ffffffff-u] [TRACE] [JS.Startup] Starting: BlockedMriStore, Deps Finish: 1ms
2022-02-27 18:07:29.287 8451-8602/? I/ReactNativeJS: [#ffffffff-u] [TRACE] [JS.Startup] Starting: BlockedMriStore, Deps Finish: 1ms
2022-02-27 18:07:29.287 8451-8602/? I/ReactNativeJS: [#ffffffff-u] [TRACE] [JS.Startup] Finish: BlockedMriStore: 0ms
2022-02-27 18:07:29.287 8451-8602/? I/ReactNativeJS: [#ffffffff-u] [TRACE] [JS.Startup] Finish: BlockedMriStore: 0ms
2022-02-27 18:07:29.287 8451-8602/? I/ReactNativeJS: [#ffffffff-u] [TRACE] [JS.Startup] Starting: ChatServiceDataService, Deps Finish: 1ms
2022-02-27 18:07:29.287 8451-8602/? I/ReactNativeJS: [#ffffffff-u] [TRACE] [JS.Startup] Starting: ChatServiceDataService, Deps Finish: 1ms
2022-02-27 18:07:29.287 8451-8602/? I/ReactNativeJS: [#ffffffff-u] [TRACE] [JS.Startup] Finish: ChatServiceDataService: 0ms
2022-02-27 18:07:29.287 8451-8602/? I/ReactNativeJS: [#ffffffff-u] [TRACE] [JS.Startup] Finish: ChatServiceDataService: 0ms
2022-02-27 18:07:29.288 8451-8602/? I/ReactNativeJS: [#ffffffff-u] [TRACE] [JS.Startup] Starting: PushNotificationsService, Deps Finish: 1ms
2022-02-27 18:07:29.288 8451-8602/? I/ReactNativeJS: [#ffffffff-u] [TRACE] [JS.Startup] Starting: PushNotificationsService, Deps Finish: 1ms
2022-02-27 18:07:29.290 8451-8602/? I/ReactNativeJS: [#ffffffff-S] [TRACE] [JS.Push] Acknowledging notification with correlation ID 355a589e-3205-4d51-ac10-d2b541aee0ba causeId: b7b0f8ca
2022-02-27 18:07:29.290 8451-8602/? I/ReactNativeJS: [#ffffffff-S] [TRACE] [JS.Push] Acknowledging notification with correlation ID 355a589e-3205-4d51-ac10-d2b541aee0ba causeId: b7b0f8ca
2022-02-27 18:07:29.291 8451-8603/? I/RNPushAndroid: acknowledgeNotificationReceived 355a589e-3205-4d51-ac10-d2b541aee0ba
2022-02-27 18:07:29.291 8451-8602/? I/ReactNativeJS: [#ffffffff-S] [TRACE] [JS.Push] Push notification received (UI: false, Evt: 204, Time: 2022-02-27T11:07:28.372Z, causeId: b7b0f8ca, cv: C55CKq7ZsEyP82pX.1)
2022-02-27 18:07:29.291 8451-8602/? I/ReactNativeJS: [#ffffffff-S] [TRACE] [JS.Push] Push notification received (UI: false, Evt: 204, Time: 2022-02-27T11:07:28.372Z, causeId: b7b0f8ca, cv: C55CKq7ZsEyP82pX.1)
2022-02-27 18:07:29.291 8451-8602/? I/ReactNativeJS: [#ffffffff-u] [TRACE] [JS.Startup] Setting startup telemetry context Push
2022-02-27 18:07:29.291 8451-8602/? I/ReactNativeJS: [#ffffffff-u] [TRACE] [JS.Startup] Setting startup telemetry context Push
2022-02-27 18:07:29.291 8451-8602/? I/ReactNativeJS: [#ffffffff-u] [TRACE] [JS.Startup] AppStartupIntent mark step: StartedProcessingPush {"eventType":"IncomingChatHearts"}
2022-02-27 18:07:29.298 17414-17829/? I/chatty: uid=1000(system) DnsEventHandleT identical 1 line
2022-02-27 18:07:29.291 8451-8602/? I/ReactNativeJS: [#ffffffff-u] [TRACE] [JS.Startup] AppStartupIntent mark step: StartedProcessingPush {"eventType":"IncomingChatHearts"}
2022-02-27 18:07:29.343 8451-8629/? I/HttpLoggingInterceptor: Http succeeded, request: GET www.msftconnecttest.com. Response: 200 OK (75 ms, 22 body)
2022-02-27 18:07:29.348 8451-8602/? I/ReactNativeJS: [#ffffffff-S] [TRACE] [JS.Push] processing push notification, cv: C55CKq7ZsEyP82pX.1 conversationId=[pii<19:325f972e9a6b466395b66c0a3e9500e3@thread.skype>] id=[pii<u1>] version=1645959975335 isOtherEndpointActive=false causeId=b7b0f8ca CMID=11412732235438063748 correlationId=cf5a4f5c9d952ec8809650090bbc1b6d eventType=204 isEncryptedContentMissing=false
2022-02-27 18:07:29.348 8451-8602/? I/ReactNativeJS: [#ffffffff-S] [TRACE] [JS.Push] processing push notification, cv: C55CKq7ZsEyP82pX.1 conversationId=[pii<19:325f972e9a6b466395b66c0a3e9500e3@thread.skype>] id=[pii<u1>] version=1645959975335 isOtherEndpointActive=false causeId=b7b0f8ca CMID=11412732235438063748 correlationId=cf5a4f5c9d952ec8809650090bbc1b6d eventType=204 isEncryptedContentMissing=false
2022-02-27 18:07:29.348 8451-8602/? I/ReactNativeJS: [#ffffffff-S] [TRACE] [JS.ChatService] Starting ProcessBundle: 1 Convs
2022-02-27 18:07:29.348 8451-8602/? I/ReactNativeJS: [#ffffffff-S] [TRACE] [JS.ChatService] Starting ProcessBundle: 1 Convs
2022-02-27 18:07:29.348 8451-8602/? I/ReactNativeJS: [#ffffffff-u] [TRACE] [JS.Startup] Finish: PushNotificationsService: 61ms
2022-02-27 18:07:29.348 8451-8602/? I/ReactNativeJS: [#ffffffff-u] [TRACE] [JS.Startup] Finish: PushNotificationsService: 61ms
2022-02-27 18:07:29.350 8451-8602/? I/ReactNativeJS: [#ffffffff-u] [TRACE] [JS.ReportedConnectivityStore] Captive portal check finished; connected: Yes; Status code: 200; Response length: 22
2022-02-27 18:07:29.350 8451-8602/? I/ReactNativeJS: [#ffffffff-u] [TRACE] [JS.ReportedConnectivityStore] Captive portal check finished; connected: Yes; Status code: 200; Response length: 22
2022-02-27 18:07:29.389 8451-8602/? I/ReactNativeJS: [#ffffffff-S] [TRACE] [JS.ChatService] Processing ConvBundle: [pii<19:325f972e9a6b466395b66c0a3e9500e3@thread.skype>]: 1 MessageActions
2022-02-27 18:07:29.389 8451-8602/? I/ReactNativeJS: [#ffffffff-S] [TRACE] [JS.ChatService] Processing ConvBundle: [pii<19:325f972e9a6b466395b66c0a3e9500e3@thread.skype>]: 1 MessageActions
2022-02-27 18:07:29.396 8451-8602/? I/ReactNativeJS: [#ffffffff-S] [TRACE] [JS.ConversationCalculations] Unread conversation count: 0
2022-02-27 18:07:29.396 8451-8602/? I/ReactNativeJS: [#ffffffff-S] [TRACE] [JS.ConversationCalculations] Unread conversation count: 0
2022-02-27 18:07:29.397 8451-8602/? I/ReactNativeJS: [#ffffffff-u] [TRACE] [JS.Startup] Starting: SessionInfoStore, Deps Finish: 1ms
2022-02-27 18:07:29.397 8451-8602/? I/ReactNativeJS: [#ffffffff-u] [TRACE] [JS.Startup] Starting: SessionInfoStore, Deps Finish: 1ms
2022-02-27 18:07:29.397 8451-8602/? I/ReactNativeJS: [#ffffffff-S] [TRACE] [JS.ChatService] Startup: Stored Endpoint Info: {"id":"{e928efbe-b0e3-fea3-b0e3-42c442c4b0e3}","exists":true,"featureFlags":"Agent,Presence2015,MessageProperties,CustomUserProperties,Casts,ModernBots,AutoIdleForWebApi,secureThreads,notificationStream,InviteFree,SupportsReadReceipts","presenceDocPublished":{"id":"messagingService","privateInfo":{"epname":"RMX3491"},"publicInfo":{"capabilities":"Audio|Video","typ":"17","skypeNameVersion":"1419/8.80.0.137/SkypeX","nodeInfo":"xx","version":"15"}},"ecsEtag":"\"A5GwF4g/L+5Q2Rskwej+7nUpeKIi08TPXcKezOj1zU4=\"","reason":"Subscription created","tcid":{"contextId":"tcid=3941404699267478080,server=BY3PEPF0000852A","date":"Sat, 26 Feb 2022 07:51:50 GMT"},"restEndpointUrl":"https://azwus1-client-s.gateway.messenger.live.com/"}
2022-02-27 18:07:29.397 8451-8602/? I/ReactNativeJS: [#ffffffff-S] [TRACE] [JS.ChatService] Startup: Stored Endpoint Info: {"id":"{e928efbe-b0e3-fea3-b0e3-42c442c4b0e3}","exists":true,"featureFlags":"Agent,Presence2015,MessageProperties,CustomUserProperties,Casts,ModernBots,AutoIdleForWebApi,secureThreads,notificationStream,InviteFree,SupportsReadReceipts","presenceDocPublished":{"id":"messagingService","privateInfo":{"epname":"RMX3491"},"publicInfo":{"capabilities":"Audio|Video","typ":"17","skypeNameVersion":"1419/8.80.0.137/SkypeX","nodeInfo":"xx","version":"15"}},"ecsEtag":"\"A5GwF4g/L+5Q2Rskwej+7nUpeKIi08TPXcKezOj1zU4=\"","reason":"Subscription created","tcid":{"contextId":"tcid=3941404699267478080,server=BY3PEPF0000852A","date":"Sat, 26 Feb 2022 07:51:50 GMT"},"restEndpointUrl":"https://azwus1-client-s.gateway.messenger.live.com/"}
2022-02-27 18:07:29.398 8451-8602/? I/ReactNativeJS: [#ffffffff-u] [TRACE] [JS.Startup] Finish: SessionInfoStore: 0ms
2022-02-27 18:07:29.398 8451-8602/? I/ReactNativeJS: [#ffffffff-u] [TRACE] [JS.Startup] Finish: SessionInfoStore: 0ms
2022-02-27 18:07:29.398 8451-8602/? I/ReactNativeJS: [#ffffffff-u] [TRACE] [JS.Startup] Starting: PersistedNotificationsService
2022-02-27 18:07:29.398 8451-8602/? I/ReactNativeJS: [#ffffffff-u] [TRACE] [JS.Startup] Starting: PersistedNotificationsService
2022-02-27 18:07:29.398 8451-8603/? I/skype:bgexec: Acquire WakeLockID=1 at=1645960049.398s max_time=180.0s debugCause=ConvCounts
2022-02-27 18:07:29.398 8451-8602/? I/ReactNativeJS: [#ffffffff-u] [TRACE] [JS.Startup] Starting: LocalEngagementNotificationsService
2022-02-27 18:07:29.398 8451-8602/? I/ReactNativeJS: [#ffffffff-u] [TRACE] [JS.Startup] Starting: LocalEngagementNotificationsService
2022-02-27 18:07:29.399 8451-8602/? I/ReactNativeJS: [#ffffffff-S] [TRACE] [JS.Notifications] Initializing local notifications module
2022-02-27 18:07:29.399 8451-8602/? I/ReactNativeJS: [#ffffffff-S] [TRACE] [JS.Notifications] Initializing local notifications module
2022-02-27 18:07:29.399 8451-8602/? I/ReactNativeJS: [#ffffffff-S] [TRACE] [JS.Notifications] Initializing Android local notifications module
2022-02-27 18:07:29.399 8451-8602/? I/ReactNativeJS: [#ffffffff-S] [TRACE] [JS.Notifications] Initializing Android local notifications module
2022-02-27 18:07:29.399 8451-8602/? I/ReactNativeJS: [#ffffffff-u] [TRACE] [JS.Startup] Finish: LocalEngagementNotificationsService: 1ms
2022-02-27 18:07:29.399 8451-8602/? I/ReactNativeJS: [#ffffffff-u] [TRACE] [JS.Startup] Finish: LocalEngagementNotificationsService: 1ms
2022-02-27 18:07:29.400 8451-8603/? I/skype:bgexec: Acquire WakeLockID=2 at=1645960049.400s max_time=180.0s debugCause=Notifications:conv
2022-02-27 18:07:29.406 8451-8602/? I/ReactNativeJS: [#ffffffff-S] [TRACE] [JS.AlertsHelpers] Start calculating alerts for updated message: 11412732235438063748
2022-02-27 18:07:29.406 8451-8602/? I/ReactNativeJS: [#ffffffff-S] [TRACE] [JS.AlertsHelpers] Start calculating alerts for updated message: 11412732235438063748
2022-02-27 18:07:29.408 8451-8602/? I/ReactNativeJS: [#ffffffff-S] [TRACE] [JS.AlertsHelpers] Emoticon annotations length 1
2022-02-27 18:07:29.408 8451-8602/? I/ReactNativeJS: [#ffffffff-S] [TRACE] [JS.AlertsHelpers] Emoticon annotations length 1
2022-02-27 18:07:29.409 8451-8602/? I/ReactNativeJS: [#ffffffff-S] [TRACE] [JS.AlertsHelpers] Reaction notification added
2022-02-27 18:07:29.409 8451-8602/? I/ReactNativeJS: [#ffffffff-S] [TRACE] [JS.AlertsHelpers] Reaction notification added
2022-02-27 18:07:29.409 8451-8602/? I/ReactNativeJS: [#ffffffff-S] [TRACE] [JS.AlertsHelpers] Finish calculating alerts for updated message: 11412732235438063748
2022-02-27 18:07:29.409 8451-8602/? I/ReactNativeJS: [#ffffffff-S] [TRACE] [JS.AlertsHelpers] Finish calculating alerts for updated message: 11412732235438063748
2022-02-27 18:07:29.445 8451-8602/? I/ReactNativeJS: [#ffffffff-S] [TRACE] [JS.ChatService] Calculated counts: [pii<19:325f972e9a6b466395b66c0a3e9500e3@thread.skype>]: Recalculated (29ms): Unread: 0, HiPri: 0, MyMessages: 3452
2022-02-27 18:07:29.445 8451-8602/? I/ReactNativeJS: [#ffffffff-S] [TRACE] [JS.ChatService] Calculated counts: [pii<19:325f972e9a6b466395b66c0a3e9500e3@thread.skype>]: Recalculated (29ms): Unread: 0, HiPri: 0, MyMessages: 3452
2022-02-27 18:07:29.458 8451-8602/? I/ReactNativeJS: [#ffffffff-S] [TRACE] [JS.ChatService] Finished Processing Bundle: 70ms (40ms OpenTransLock, 58ms Processing, 12ms Persisting): 1 ConvMetas, 1 Messages, 1 New Alerts
2022-02-27 18:07:29.458 8451-8602/? I/ReactNativeJS: [#ffffffff-S] [TRACE] [JS.ChatService] Finished Processing Bundle: 70ms (40ms OpenTransLock, 58ms Processing, 12ms Persisting): 1 ConvMetas, 1 Messages, 1 New Alerts
2022-02-27 18:07:29.459 8451-8602/? I/ReactNativeJS: [#ffffffff-S] [TRACE] [JS.Push] pushProcessingPromise complete causeId: b7b0f8ca, cv: C55CKq7ZsEyP82pX.1
2022-02-27 18:07:29.459 8451-8602/? I/ReactNativeJS: [#ffffffff-S] [TRACE] [JS.Push] pushProcessingPromise complete causeId: b7b0f8ca, cv: C55CKq7ZsEyP82pX.1
2022-02-27 18:07:29.459 8451-8603/? I/skype:bgexec: Acquire WakeLockID=3 at=1645960049.459s max_time=180.0s debugCause=Notifications:conv
2022-02-27 18:07:29.461 8451-8603/? I/skype:bgexec: Acquire WakeLockID=4 at=1645960049.461s max_time=180.0s debugCause=Notifications:msg
2022-02-27 18:07:29.503 19125-19125/? E/Parcel: Reading a NULL string not supported here.
2022-02-27 18:07:29.605 8451-8602/? I/ReactNativeJS: [#ffffffff-u] [TRACE] [JS.GenericUnsafe] Fetched 402 events from DB
2022-02-27 18:07:29.605 8451-8602/? I/ReactNativeJS: [#ffffffff-u] [TRACE] [JS.GenericUnsafe] Fetched 402 events from DB
2022-02-27 18:07:29.733 8451-8602/? I/ReactNativeJS: [#ffffffff-u] [TRACE] [JS.GenericUnsafe] Fetched 403 events from DB
2022-02-27 18:07:29.733 8451-8602/? I/ReactNativeJS: [#ffffffff-u] [TRACE] [JS.GenericUnsafe] Fetched 403 events from DB
2022-02-27 18:07:29.736 8451-8602/? I/ReactNativeJS: [#ffffffff-u] [TRACE] [JS.GenericUnsafe] Database Transaction Duration Warning: Stores: conversationsv14, Write: false, Lock Time: 339ms, Execute Time: 0ms
2022-02-27 18:07:29.736 8451-8602/? I/ReactNativeJS: [#ffffffff-u] [TRACE] [JS.GenericUnsafe] Database Transaction Duration Warning: Stores: conversationsv14, Write: false, Lock Time: 339ms, Execute Time: 0ms
2022-02-27 18:07:29.738 8451-8603/? I/AndroidBadgesModule: getCount: 0
2022-02-27 18:07:29.738 8451-8602/? I/ReactNativeJS: [#ffffffff-u] [TRACE] [JS.GenericUnsafe] Database Transaction Duration Warning: Stores: localnotificationsv2, Write: false, Lock Time: 340ms, Execute Time: 0ms
2022-02-27 18:07:29.738 8451-8602/? I/ReactNativeJS: [#ffffffff-u] [TRACE] [JS.GenericUnsafe] Database Transaction Duration Warning: Stores: localnotificationsv2, Write: false, Lock Time: 340ms, Execute Time: 0ms
2022-02-27 18:07:29.739 8451-8603/? I/skype:bgexec: Release WakeLockID=1 at=1645960049.739s duration=0.339s isKnown=true debugCause=ConvCounts
2022-02-27 18:07:29.750 8451-8602/? I/ReactNativeJS: [#ffffffff-u] [TRACE] [JS.Startup] Finish: PersistedNotificationsService: 351ms
2022-02-27 18:07:29.750 8451-8602/? I/ReactNativeJS: [#ffffffff-u] [TRACE] [JS.Startup] Finish: PersistedNotificationsService: 351ms
2022-02-27 18:07:29.750 8451-8602/? I/ReactNativeJS: [#ffffffff-u] [TRACE] [JS.Startup] Starting: LocalNotificationsService, Deps Finish: 354ms
2022-02-27 18:07:29.750 8451-8602/? I/ReactNativeJS: [#ffffffff-u] [TRACE] [JS.Startup] Starting: LocalNotificationsService, Deps Finish: 354ms
2022-02-27 18:07:29.755 8451-8602/? W/ReactNativeJS: [#01f1280b-S] [WARN] [RootToolsManager] registerListeners: RootToolsManagerDelegate missing setNativeLoggingEventCallback method
2022-02-27 18:07:29.755 8451-8602/? W/ReactNativeJS: [#01f1280b-S] [WARN] [RootToolsManager] registerListeners: RootToolsManagerDelegate missing setNativeLoggingEventCallback method
2022-02-27 18:07:29.755 8451-8602/? I/ReactNativeJS: [#ffffffff-u] [TRACE] [JS.Startup] Finish: LocalNotificationsService: 5ms
2022-02-27 18:07:29.755 8451-8602/? I/ReactNativeJS: [#ffffffff-u] [TRACE] [JS.Startup] Finish: LocalNotificationsService: 5ms
2022-02-27 18:07:29.756 8451-8603/? I/skype:bgexec: Release WakeLockID=2 at=1645960049.756s duration=0.355s isKnown=true debugCause=Notifications:conv
2022-02-27 18:07:29.757 8451-8602/? I/ReactNativeJS: [#ffffffff-u] [TRACE] [JS.Startup] Starting: LocalMessageNotificationsService, Deps Finish: 0ms
2022-02-27 18:07:29.757 8451-8602/? I/ReactNativeJS: [#ffffffff-u] [TRACE] [JS.Startup] Starting: LocalMessageNotificationsService, Deps Finish: 0ms
2022-02-27 18:07:29.758 8451-8602/? I/ReactNativeJS: [#ffffffff-u] [TRACE] [JS.Startup] Finish: LocalMessageNotificationsService: 1ms
2022-02-27 18:07:29.758 8451-8602/? I/ReactNativeJS: [#ffffffff-u] [TRACE] [JS.Startup] Finish: LocalMessageNotificationsService: 1ms
2022-02-27 18:07:29.760 8451-8602/? I/ReactNativeJS: [#ffffffff-u] [TRACE] [JS.Startup] Starting: MyUserPreferencesStore, Deps Finish: 0ms
2022-02-27 18:07:29.760 8451-8602/? I/ReactNativeJS: [#ffffffff-u] [TRACE] [JS.Startup] Starting: MyUserPreferencesStore, Deps Finish: 0ms
2022-02-27 18:07:29.760 8451-8602/? I/ReactNativeJS: [#ffffffff-S] [TRACE] [JS.ReadReceipts] Got enabled=true on startup
2022-02-27 18:07:29.760 8451-8602/? I/ReactNativeJS: [#ffffffff-S] [TRACE] [JS.ReadReceipts] Got enabled=true on startup
2022-02-27 18:07:29.761 8451-8602/? I/ReactNativeJS: [#ffffffff-u] [TRACE] [JS.Startup] Finish: MyUserPreferencesStore: 1ms
2022-02-27 18:07:29.761 8451-8602/? I/ReactNativeJS: [#ffffffff-u] [TRACE] [JS.Startup] Finish: MyUserPreferencesStore: 1ms
2022-02-27 18:07:29.763 8451-8602/? I/ReactNativeJS: [#ffffffff-u] [TRACE] [JS.Startup] Starting: ChatService, Deps Finish: 0ms
2022-02-27 18:07:29.763 8451-8602/? I/ReactNativeJS: [#ffffffff-u] [TRACE] [JS.Startup] Starting: ChatService, Deps Finish: 0ms
2022-02-27 18:07:29.764 8451-8602/? I/ReactNativeJS: [#ffffffff-S] [TRACE] [JS.ChatServiceTransport] RestTransport Started Up. EndpointInfo: {"id":"{e928efbe-b0e3-fea3-b0e3-42c442c4b0e3}","exists":true,"featureFlags":"Agent,Presence2015,MessageProperties,CustomUserProperties,Casts,ModernBots,AutoIdleForWebApi,secureThreads,notificationStream,InviteFree,SupportsReadReceipts","presenceDocPublished":{"id":"messagingService","privateInfo":{"epname":"RMX3491"},"publicInfo":{"capabilities":"Audio|Video","typ":"17","skypeNameVersion":"1419/8.80.0.137/SkypeX","nodeInfo":"xx","version":"15"}},"ecsEtag":"\"A5GwF4g/L+5Q2Rskwej+7nUpeKIi08TPXcKezOj1zU4=\"","reason":"Subscription created","tcid":{"contextId":"tcid=3941404699267478080,server=BY3PEPF0000852A","date":"Sat, 26 Feb 2022 07:51:50 GMT"},"restEndpointUrl":"https://azwus1-client-s.gateway.messenger.live.com/"}
2022-02-27 18:07:29.764 8451-8602/? I/ReactNativeJS: [#ffffffff-S] [TRACE] [JS.ChatServiceTransport] RestTransport Started Up. EndpointInfo: {"id":"{e928efbe-b0e3-fea3-b0e3-42c442c4b0e3}","exists":true,"featureFlags":"Agent,Presence2015,MessageProperties,CustomUserProperties,Casts,ModernBots,AutoIdleForWebApi,secureThreads,notificationStream,InviteFree,SupportsReadReceipts","presenceDocPublished":{"id":"messagingService","privateInfo":{"epname":"RMX3491"},"publicInfo":{"capabilities":"Audio|Video","typ":"17","skypeNameVersion":"1419/8.80.0.137/SkypeX","nodeInfo":"xx","version":"15"}},"ecsEtag":"\"A5GwF4g/L+5Q2Rskwej+7nUpeKIi08TPXcKezOj1zU4=\"","reason":"Subscription created","tcid":{"contextId":"tcid=3941404699267478080,server=BY3PEPF0000852A","date":"Sat, 26 Feb 2022 07:51:50 GMT"},"restEndpointUrl":"https://azwus1-client-s.gateway.messenger.live.com/"}
2022-02-27 18:07:29.765 8451-8602/? I/ReactNativeJS: [#ffffffff-S] [TRACE] [JS.ChatServiceSubscriptions] LongPoll started up with endpoint Info: {"id":"{e928efbe-b0e3-fea3-b0e3-42c442c4b0e3}","exists":true,"featureFlags":"Agent,Presence2015,MessageProperties,CustomUserProperties,Casts,ModernBots,AutoIdleForWebApi,secureThreads,notificationStream,InviteFree,SupportsReadReceipts","presenceDocPublished":{"id":"messagingService","privateInfo":{"epname":"RMX3491"},"publicInfo":{"capabilities":"Audio|Video","typ":"17","skypeNameVersion":"1419/8.80.0.137/SkypeX","nodeInfo":"xx","version":"15"}},"ecsEtag":"\"A5GwF4g/L+5Q2Rskwej+7nUpeKIi08TPXcKezOj1zU4=\"","reason":"Subscription created","tcid":{"contextId":"tcid=3941404699267478080,server=BY3PEPF0000852A","date":"Sat, 26 Feb 2022 07:51:50 GMT"},"restEndpointUrl":"https://azwus1-client-s.gateway.messenger.live.com/"}
2022-02-27 18:07:29.765 8451-8602/? I/ReactNativeJS: [#ffffffff-S] [TRACE] [JS.ChatServiceSubscriptions] LongPoll started up with endpoint Info: {"id":"{e928efbe-b0e3-fea3-b0e3-42c442c4b0e3}","exists":true,"featureFlags":"Agent,Presence2015,MessageProperties,CustomUserProperties,Casts,ModernBots,AutoIdleForWebApi,secureThreads,notificationStream,InviteFree,SupportsReadReceipts","presenceDocPublished":{"id":"messagingService","privateInfo":{"epname":"RMX3491"},"publicInfo":{"capabilities":"Audio|Video","typ":"17","skypeNameVersion":"1419/8.80.0.137/SkypeX","nodeInfo":"xx","version":"15"}},"ecsEtag":"\"A5GwF4g/L+5Q2Rskwej+7nUpeKIi08TPXcKezOj1zU4=\"","reason":"Subscription created","tcid":{"contextId":"tcid=3941404699267478080,server=BY3PEPF0000852A","date":"Sat, 26 Feb 2022 07:51:50 GMT"},"restEndpointUrl":"https://azwus1-client-s.gateway.messenger.live.com/"}
2022-02-27 18:07:29.765 8451-8602/? I/ReactNativeJS: [#ffffffff-S] [TRACE] [JS.ChatServiceSubscriptions] LongPoll got desired sub parameters: [pii<{...>]
2022-02-27 18:07:29.765 8451-8602/? I/ReactNativeJS: [#ffffffff-S] [TRACE] [JS.ChatServiceSubscriptions] LongPoll got desired sub parameters: [pii<{...>]
2022-02-27 18:07:29.766 8451-8602/? I/ReactNativeJS: [#ffffffff-S] [TRACE] [JS.ChatServiceSubscriptions] Push started up with endpoint Info: {"id":"{e928efbe-b0e3-fea3-b0e3-42c442c4b0e3}","exists":true,"featureFlags":"Agent,Presence2015,MessageProperties,CustomUserProperties,Casts,ModernBots,AutoIdleForWebApi,secureThreads,notificationStream,InviteFree,SupportsReadReceipts","presenceDocPublished":{"id":"messagingService","privateInfo":{"epname":"RMX3491"},"publicInfo":{"capabilities":"Audio|Video","typ":"17","skypeNameVersion":"1419/8.80.0.137/SkypeX","nodeInfo":"xx","version":"15"}},"ecsEtag":"\"A5GwF4g/L+5Q2Rskwej+7nUpeKIi08TPXcKezOj1zU4=\"","reason":"Subscription created","tcid":{"contextId":"tcid=3941404699267478080,server=BY3PEPF0000852A","date":"Sat, 26 Feb 2022 07:51:50 GMT"},"restEndpointUrl":"https://azwus1-client-s.gateway.messenger.live.com/"}
2022-02-27 18:07:29.766 8451-8602/? I/ReactNativeJS: [#ffffffff-S] [TRACE] [JS.ChatServiceSubscriptions] Push started up with endpoint Info: {"id":"{e928efbe-b0e3-fea3-b0e3-42c442c4b0e3}","exists":true,"featureFlags":"Agent,Presence2015,MessageProperties,CustomUserProperties,Casts,ModernBots,AutoIdleForWebApi,secureThreads,notificationStream,InviteFree,SupportsReadReceipts","presenceDocPublished":{"id":"messagingService","privateInfo":{"epname":"RMX3491"},"publicInfo":{"capabilities":"Audio|Video","typ":"17","skypeNameVersion":"1419/8.80.0.137/SkypeX","nodeInfo":"xx","version":"15"}},"ecsEtag":"\"A5GwF4g/L+5Q2Rskwej+7nUpeKIi08TPXcKezOj1zU4=\"","reason":"Subscription created","tcid":{"contextId":"tcid=3941404699267478080,server=BY3PEPF0000852A","date":"Sat, 26 Feb 2022 07:51:50 GMT"},"restEndpointUrl":"https://azwus1-client-s.gateway.messenger.live.com/"}
2022-02-27 18:07:29.766 8451-8602/? I/ReactNativeJS: [#ffffffff-S] [TRACE] [JS.ChatServiceSubscriptions] Push got desired sub parameters: [pii<{...>]
2022-02-27 18:07:29.766 8451-8602/? I/ReactNativeJS: [#ffffffff-S] [TRACE] [JS.ChatServiceSubscriptions] Push got desired sub parameters: [pii<{...>]
2022-02-27 18:07:29.766 8451-8602/? I/ReactNativeJS: [#ffffffff-S] [TRACE] [JS.ChatServiceSubscriptions] Push state changed from: None, to: CreatedActive
2022-02-27 18:07:29.766 8451-8602/? I/ReactNativeJS: [#ffffffff-S] [TRACE] [JS.ChatServiceSubscriptions] Push state changed from: None, to: CreatedActive
2022-02-27 18:07:29.767 8451-8602/? I/ReactNativeJS: [#ffffffff-u] [TRACE] [JS.Startup] Finish: ChatService: 4ms
2022-02-27 18:07:29.767 8451-8602/? I/ReactNativeJS: [#ffffffff-u] [TRACE] [JS.Startup] Finish: ChatService: 4ms
2022-02-27 18:07:29.767 8451-8602/? I/ReactNativeJS: [#ffffffff-u] [TRACE] [JS.Startup] Starting: PresenceService, Deps Finish: 4ms
2022-02-27 18:07:29.767 8451-8602/? I/ReactNativeJS: [#ffffffff-u] [TRACE] [JS.Startup] Starting: PresenceService, Deps Finish: 4ms
2022-02-27 18:07:29.769 8451-8602/? I/ReactNativeJS: [#ffffffff-u] [TRACE] [JS.GenericUnsafe] SWR: start GET azwus1-client-s.gateway.messenger.live.com
2022-02-27 18:07:29.769 8451-8602/? I/ReactNativeJS: [#ffffffff-u] [TRACE] [JS.GenericUnsafe] SWR: start GET azwus1-client-s.gateway.messenger.live.com
2022-02-27 18:07:29.770 8451-8602/? I/ReactNativeJS: [#ffffffff-u] [TRACE] [JS.GenericUnsafe] SWR._enqueue inserting at the end of queue 0, GET azwus1-client-s.gateway.messenger.live.com
2022-02-27 18:07:29.770 8451-8602/? I/ReactNativeJS: [#ffffffff-u] [TRACE] [JS.GenericUnsafe] SWR._enqueue inserting at the end of queue 0, GET azwus1-client-s.gateway.messenger.live.com
2022-02-27 18:07:29.770 8451-8602/? I/ReactNativeJS: [#ffffffff-u] [TRACE] [JS.GenericUnsafe] SimpleWebRequestBase._fire GET azwus1-client-s.gateway.messenger.live.com 1 ms after creation
2022-02-27 18:07:29.770 8451-8602/? I/ReactNativeJS: [#ffffffff-u] [TRACE] [JS.GenericUnsafe] SimpleWebRequestBase._fire GET azwus1-client-s.gateway.messenger.live.com 1 ms after creation
2022-02-27 18:07:29.771 8451-8603/? I/skype:bgexec: Release WakeLockID=3 at=1645960049.771s duration=0.31s isKnown=true debugCause=Notifications:conv
2022-02-27 18:07:29.772 8451-8602/? I/ReactNativeJS: [#ffffffff-u] [TRACE] [JS.GenericUnsafe] SWR.checkQueueProcessing:  Queued:0, Executing:2, Blocked:0, Max:10
