2022-02-27 18:07:29.772 8451-8602/? I/ReactNativeJS: [#ffffffff-u] [TRACE] [JS.GenericUnsafe] SWR.checkQueueProcessing:  Queued:0, Executing:2, Blocked:0, Max:10
2022-02-27 18:07:29.772 8451-8602/? I/ReactNativeJS: [#ffffffff-u] [TRACE] [JS.Startup] Finish: PresenceService: 5ms
2022-02-27 18:07:29.772 8451-8602/? I/ReactNativeJS: [#ffffffff-u] [TRACE] [JS.Startup] Finish: PresenceService: 5ms
2022-02-27 18:07:29.772 8451-8602/? I/ReactNativeJS: [#ffffffff-u] [TRACE] [JS.Startup] Starting: MyUserPresenceStore, Deps Finish: 9ms
2022-02-27 18:07:29.772 8451-8602/? I/ReactNativeJS: [#ffffffff-u] [TRACE] [JS.Startup] Starting: MyUserPresenceStore, Deps Finish: 9ms
2022-02-27 18:07:29.772 8451-8602/? I/ReactNativeJS: [#ffffffff-u] [TRACE] [JS.Startup] Finish: MyUserPresenceStore: 0ms
2022-02-27 18:07:29.772 8451-8602/? I/ReactNativeJS: [#ffffffff-u] [TRACE] [JS.Startup] Finish: MyUserPresenceStore: 0ms
2022-02-27 18:07:29.773 8451-8602/? I/ReactNativeJS: [#ffffffff-S] [TRACE] [JS.Notifications] isDisabledNotification user status: 1, maskedStatus: 1
2022-02-27 18:07:29.773 8451-8602/? I/ReactNativeJS: [#ffffffff-S] [TRACE] [JS.Notifications] isDisabledNotification user status: 1, maskedStatus: 1
2022-02-27 18:07:29.773 8451-8602/? I/ReactNativeJS: [#ffffffff-u] [TRACE] [JS.Startup] Starting: CurrentUserActiveStore
2022-02-27 18:07:29.773 8451-8602/? I/ReactNativeJS: [#ffffffff-u] [TRACE] [JS.Startup] Starting: CurrentUserActiveStore
2022-02-27 18:07:29.773 8451-8602/? I/ReactNativeJS: [#ffffffff-S] [TRACE] [JS.CurrentUserActiveStore] _isUserActive=false _isUserPresent=true _isAppActive=false
2022-02-27 18:07:29.773 8451-8602/? I/ReactNativeJS: [#ffffffff-S] [TRACE] [JS.CurrentUserActiveStore] _isUserActive=false _isUserPresent=true _isAppActive=false
2022-02-27 18:07:29.779 18609-18609/? I/NotificationBackend: onReceive intent= Intent { act=android.intent.action.PACKAGE_CHANGED dat=package:com.skype.raider flg=0x45000010 (has extras) }
2022-02-27 18:07:29.780 18609-18690/? W/ContextImpl: Calling a method in the system process without a qualified user: android.app.ContextImpl.sendBroadcast:1162 android.content.ContextWrapper.sendBroadcast:483 com.coloros.notificationmanager.AppModificationReceiver.notifyAppModified:42 com.coloros.notificationmanager.NotificationBackend.processBroadcast:2304 com.coloros.notificationmanager.NotificationBackend.access$300:97 
2022-02-27 18:07:29.787 8451-8602/? I/ReactNativeJS: [#ffffffff-u] [TRACE] [JS.Startup] Finish: CurrentUserActiveStore: 14ms
2022-02-27 18:07:29.787 8451-8602/? I/ReactNativeJS: [#ffffffff-u] [TRACE] [JS.Startup] Finish: CurrentUserActiveStore: 14ms
2022-02-27 18:07:29.787 8451-8602/? I/ReactNativeJS: [#ffffffff-S] [TRACE] [JS.Notifications] Processed message info, deciding if we need to show a new notification
2022-02-27 18:07:29.788 8451-8602/? I/ReactNativeJS: [#ffffffff-S] [TRACE] [JS.Notifications] Processed message info, deciding if we need to show a new notification
2022-02-27 18:07:29.794 8451-8602/? I/ReactNativeJS: [#ffffffff-S] [TRACE] [JS.CurrentUserActiveStore] Store has record of 5354744 ms of app usage
2022-02-27 18:07:29.794 8451-8602/? I/ReactNativeJS: [#ffffffff-S] [TRACE] [JS.CurrentUserActiveStore] Store has record of 5354744 ms of app usage
2022-02-27 18:07:29.795 8451-8602/? I/ReactNativeJS: [#ffffffff-S] [TRACE] [JS.CurrentUserActiveStore] Total elapsed time is 5354744 ms
2022-02-27 18:07:29.795 8451-8602/? I/ReactNativeJS: [#ffffffff-S] [TRACE] [JS.CurrentUserActiveStore] Total elapsed time is 5354744 ms
2022-02-27 18:07:29.799 17414-17761/? E/DnsManager: file path: /backup_hosts
2022-02-27 18:07:29.799 17414-17761/? E/DnsManager: file does not exist
2022-02-27 18:07:29.803 18121-21750/? E/QCNEJ/WlanStaInfoRelay: update link properties given null lp
2022-02-27 18:07:29.808 8451-8602/? I/ReactNativeJS: [#ffffffff-S] [TRACE] [JS.Notifications] Previous message is old, preparing to display current notification to user
2022-02-27 18:07:29.808 8451-8602/? I/ReactNativeJS: [#ffffffff-S] [TRACE] [JS.Notifications] Previous message is old, preparing to display current notification to user
2022-02-27 18:07:29.809 8451-8602/? I/ReactNativeJS: [#ffffffff-S] [TRACE] [JS.Notifications] Preparing to present local message notification
2022-02-27 18:07:29.809 8451-8602/? I/ReactNativeJS: [#ffffffff-S] [TRACE] [JS.Notifications] Preparing to present local message notification
2022-02-27 18:07:29.820 8451-8602/? I/ReactNativeJS: [#ffffffff-S] [TRACE] [JS.Notifications] Presenting system notification
2022-02-27 18:07:29.820 8451-8602/? I/ReactNativeJS: [#ffffffff-S] [TRACE] [JS.Notifications] Presenting system notification
2022-02-27 18:07:29.824 17414-17689/? I/InputReader: Reconfiguring input devices, changes=KEYBOARD_LAYOUTS | 
2022-02-27 18:07:29.850 8451-8602/? I/ReactNativeJS: [#ffffffff-u] [TRACE] [JS.Startup] Starting: EmoticonStore, Deps Finish: 0ms
2022-02-27 18:07:29.850 8451-8602/? I/ReactNativeJS: [#ffffffff-u] [TRACE] [JS.Startup] Starting: EmoticonStore, Deps Finish: 0ms
2022-02-27 18:07:29.863 19125-8651/? I/Fitness: OnPackageChangedOperation got intent: Intent { act=android.intent.action.PACKAGE_CHANGED dat=package:com.skype.raider flg=0x45000010 pkg=com.google.android.gms cmp=com.google.android.gms/.chimera.PersistentIntentOperationService (has extras) } [CONTEXT service_id=17 ]
2022-02-27 18:07:29.876 8451-8602/? I/ReactNativeJS: [#ffffffff-u] [TRACE] [JS.Startup] Finish: EmoticonStore: 26ms
2022-02-27 18:07:29.876 8451-8602/? I/ReactNativeJS: [#ffffffff-u] [TRACE] [JS.Startup] Finish: EmoticonStore: 26ms
2022-02-27 18:07:29.882 31646-22913/? E/Parcel: Reading a NULL string not supported here.
2022-02-27 18:07:29.887 31646-22913/? E/Parcel: Reading a NULL string not supported here.
2022-02-27 18:07:29.891 8451-8602/? I/ReactNativeJS: [#ffffffff-S] [TRACE] [JS.Notifications] Notification id: [pii<19:325f972e9a6b466395b66c0a3e9500e3@thread.skype1645957869237>] origin: recomputeAndroidNotification single enableVibration: true enableLight: true silent:false sound:Skype_Notification.m4a grouped: No
2022-02-27 18:07:29.892 8451-8602/? I/ReactNativeJS: [#ffffffff-S] [TRACE] [JS.Notifications] Notification id: [pii<19:325f972e9a6b466395b66c0a3e9500e3@thread.skype1645957869237>] origin: recomputeAndroidNotification single enableVibration: true enableLight: true silent:false sound:Skype_Notification.m4a grouped: No
2022-02-27 18:07:29.892 8451-8602/? I/ReactNativeJS: [#ffffffff-S] [TRACE] [JS.Notifications] Preparing to show local notification - category: ChatCategoryIdentifier, correlationId: undefined
2022-02-27 18:07:29.892 8451-8602/? I/ReactNativeJS: [#ffffffff-S] [TRACE] [JS.Notifications] Preparing to show local notification - category: ChatCategoryIdentifier, correlationId: undefined
2022-02-27 18:07:29.893 8451-8603/? I/RNPushAndroid: cancelLocalNotification (notificationId: ChatCategoryIdentifier, conversationId: null)
2022-02-27 18:07:29.894 31646-22913/? E/Parcel: Reading a NULL string not supported here.
2022-02-27 18:07:29.895 8451-8603/? I/RNPushAndroid: presentLocalNotification
2022-02-27 18:07:29.902 31646-22913/? E/Parcel: Reading a NULL string not supported here.
2022-02-27 18:07:29.908 31646-22913/? E/Parcel: Reading a NULL string not supported here.
2022-02-27 18:07:29.910 8451-8603/? I/otificationChannelUtils: Channel already exists for current notification. Channel type: GROUP_MESSAGE, channelId: skype_group_messages_channel_id, soundName: android.resource://com.skype.raider/raw/skype_notification, shouldVibrate: true, shouldShowLed: true, importance: 4
2022-02-27 18:07:29.910 18320-18320/? E/PhoneInterfaceManager: [PhoneIntfMgr] getCarrierPackageNamesForIntentAndPhone: No UICC
2022-02-27 18:07:29.911 25722-25740/? W/rocess.contact: Reducing the number of considered missed Gc histogram windows from 220 to 100
2022-02-27 18:07:29.911 18320-18320/? E/PhoneInterfaceManager: [PhoneIntfMgr] getCarrierPackageNamesForIntentAndPhone: No UICC
2022-02-27 18:07:29.915 19125-21015/? W/ChimeraUtils: Module com.google.android.gms.nearby_en has empty metadata display_name_string_id
2022-02-27 18:07:29.915 31646-22913/? E/Parcel: Reading a NULL string not supported here.
2022-02-27 18:07:29.919 31646-22913/? E/Parcel: Reading a NULL string not supported here.
2022-02-27 18:07:29.920 19125-8651/? I/Fitness: FitCleanupIntentOperation received Intent android.intent.action.PACKAGE_CHANGED [CONTEXT service_id=17 ]
2022-02-27 18:07:29.930 31646-22913/? E/Parcel: Reading a NULL string not supported here.
2022-02-27 18:07:29.932 31646-22913/? E/Parcel: Reading a NULL string not supported here.
2022-02-27 18:07:29.932 19125-21015/? W/ChimeraUtils: Module com.google.android.gms.nearby_en has empty metadata display_name_string_id
2022-02-27 18:07:29.934 31646-22913/? E/Parcel: Reading a NULL string not supported here.
2022-02-27 18:07:29.936 31646-22913/? E/Parcel: Reading a NULL string not supported here.
2022-02-27 18:07:29.939 19125-21015/? W/ChimeraUtils: Module com.google.android.gms.nearby_en has empty metadata display_name_string_id
2022-02-27 18:07:29.956 18344-18344/? W/Launcher.AlphabeticalAppsList: updateAdapterItems
2022-02-27 18:07:29.956 8451-8603/? I/PushDisplayUtils: Preparing to display BigText style notification (notification category: ChatCategoryIdentifier)
2022-02-27 18:07:29.957 18344-18344/? W/Launcher.AlphabeticalAppsList: drawAppSort cost to muchTime sortCost = 0 sectionUpdateCost = 0 adapterUpdateCost = 2
2022-02-27 18:07:29.979 8451-8602/? I/ReactNativeJS: [#ffffffff-S] [TRACE] [JS.ConsoleSink] consuming event kpi_message_delivered
2022-02-27 18:07:29.980 8451-8602/? I/ReactNativeJS: [#ffffffff-S] [TRACE] [JS.ConsoleSink] consuming event kpi_message_delivered
2022-02-27 18:07:29.981 8451-8602/? I/ReactNativeJS: [#ffffffff-S] [TRACE] [JS.Notifications] Processed 1 Messages: NotifiedSystemMessage: (cuid: 11412732235438063748 CorrelationId: cf5a4f5c9d952ec8809650090bbc1b6d)
2022-02-27 18:07:29.981 8451-8602/? I/ReactNativeJS: [#ffffffff-S] [TRACE] [JS.Notifications] Processed 1 Messages: NotifiedSystemMessage: (cuid: 11412732235438063748 CorrelationId: cf5a4f5c9d952ec8809650090bbc1b6d)
2022-02-27 18:07:29.982 8451-8602/? I/ReactNativeJS: [#ffffffff-S] [TRACE] [JS.Push] notificationPromises completed causeId: b7b0f8ca, cv: C55CKq7ZsEyP82pX.1
2022-02-27 18:07:29.982 8451-8602/? I/ReactNativeJS: [#ffffffff-S] [TRACE] [JS.Push] notificationPromises completed causeId: b7b0f8ca, cv: C55CKq7ZsEyP82pX.1
2022-02-27 18:07:29.982 8451-8602/? I/ReactNativeJS: [#ffffffff-u] [TRACE] [JS.Startup] AppStartupIntent mark step: PushProcessingComplete undefined
2022-02-27 18:07:29.982 8451-8602/? I/ReactNativeJS: [#ffffffff-u] [TRACE] [JS.Startup] AppStartupIntent mark step: PushProcessingComplete undefined
2022-02-27 18:07:29.982 8451-8603/? I/RNPushAndroid: finishPushProcessing for notificationProcessingId:1
2022-02-27 18:07:29.984 8451-8603/? I/shHandlingServiceHelper: Initial state - Dump Jobs Info:
    Job id: ACQUIRE_WAKELOCK (Id = 1), Job type: com.microsoft.react.push.notificationprocessing.PushHandlingService
2022-02-27 18:07:29.985 8451-8602/? I/ReactNativeJS: [#ffffffff-u] [TRACE] [JS.ScenarioTracker] Id: dc4bc37f-ff05-4421-ae22-14d31b04a3b7; Name: AppStartupIntent
    	Context_step_name_started: 0
    	Context_AppState: 2
    	Context_StartupContext: Push
    	Context_ColdStartup: false
    	PERF_AppStartupIntent_started : 0 ms | 0 ms
    	PERF_AppStartupIntent_CheckAppState : 2 ms | 2 ms
    	PERF_AppStartupIntent_StartedProcessingPush : 5 ms | 7 ms
    	PERF_AppStartupIntent_PushProcessingComplete : 691 ms | 698 ms
    	PERF_AppStartupIntent_finished : 0 ms | 698 ms (TARGET)
    	PERF_AppStartupIntent_Total : 698 ms
2022-02-27 18:07:29.985 8451-8602/? I/ReactNativeJS: [#ffffffff-u] [TRACE] [JS.ScenarioTracker] Id: dc4bc37f-ff05-4421-ae22-14d31b04a3b7; Name: AppStartupIntent
    	Context_step_name_started: 0
    	Context_AppState: 2
    	Context_StartupContext: Push
    	Context_ColdStartup: false
    	PERF_AppStartupIntent_started : 0 ms | 0 ms
    	PERF_AppStartupIntent_CheckAppState : 2 ms | 2 ms
    	PERF_AppStartupIntent_StartedProcessingPush : 5 ms | 7 ms
    	PERF_AppStartupIntent_PushProcessingComplete : 691 ms | 698 ms
    	PERF_AppStartupIntent_finished : 0 ms | 698 ms (TARGET)
    	PERF_AppStartupIntent_Total : 698 ms
2022-02-27 18:07:29.987 8451-8603/? I/shHandlingServiceHelper: Will schedule job of type RELEASE_WAKELOCK (Id = 2) with pushIds:[1]
2022-02-27 18:07:29.998 8451-8603/? I/skype:bgexec: Release WakeLockID=4 at=1645960049.998s duration=0.536s isKnown=true debugCause=Notifications:msg
2022-02-27 18:07:30.006 31646-3665/? I/Icing: Indexing com.google.android.gms-apps from com.google.android.gms
2022-02-27 18:07:30.014 31646-27708/? I/Icing: Indexing done com.google.android.gms-apps
2022-02-27 18:07:30.025 8451-8674/? I/PushDisplayUtils: displayFinalNotification - displaying notification for category: ChatCategoryIdentifier
2022-02-27 18:07:30.026 8451-8674/? I/PushDisplayUtils: displayFinalNotification - adding Android R specific conversation metadata to the notification before requesting display
2022-02-27 18:07:30.043 17414-17414/? W/Looper: Slow dispatch took 283ms main h=android.app.ActivityThread$H c=android.app.-$$Lambda$LoadedApk$ReceiverDispatcher$Args$_BumDX2UKsnxLVrE6UJsJZkotuA@7e2d29 m=0
2022-02-27 18:07:30.043 17414-17414/? W/Looper: Slow delivery took 278ms main h=android.app.ActivityThread$H c=android.app.-$$Lambda$LoadedApk$ReceiverDispatcher$Args$_BumDX2UKsnxLVrE6UJsJZkotuA@e31e8ae m=0
2022-02-27 18:07:30.054 17414-17777/? W/ActivityManager: Unable to start service Intent { cmp=com.facebook.appmanager/com.facebook.oxygen.common.periodicwork.PeriodicWorkJobService (has extras) } U=0: not found
2022-02-27 18:07:30.055 17414-17777/? W/ActivityManager: Unable to start service Intent { cmp=com.facebook.appmanager/com.facebook.oxygen.common.periodicwork.PeriodicWorkJobService (has extras) } U=0: not found
2022-02-27 18:07:30.056 11623-11643/? I/PermissionControllerServiceImpl: Updating user sensitive for uid 10299
2022-02-27 18:07:30.070 17414-17777/? W/ActivityManager: Unable to start service Intent { cmp=com.facebook.appmanager/com.facebook.oxygen.common.periodicwork.PeriodicWorkJobService (has extras) } U=0: not found
2022-02-27 18:07:30.071 17414-17777/? W/ActivityManager: Unable to start service Intent { cmp=com.facebook.appmanager/com.facebook.oxygen.common.periodicwork.PeriodicWorkJobService (has extras) } U=0: not found
2022-02-27 18:07:30.132 18187-18187/? I/QImsService: OplusWifiApmStateMgr : onReceive,wifiSignal: -39
2022-02-27 18:07:30.177 8152-8469/? E/Parcel: Reading a NULL string not supported here.
2022-02-27 18:07:30.183 8152-8469/? I/chatty: uid=10334(com.music.festival.battle) AsyncTask #1 identical 3 lines
2022-02-27 18:07:30.185 8152-8469/? E/Parcel: Reading a NULL string not supported here.
2022-02-27 18:07:30.198 8152-8469/? E/Parcel: Reading a NULL string not supported here.
2022-02-27 18:07:30.198 17414-17414/? W/Looper: Slow dispatch took 152ms main h=android.app.ActivityThread$H c=android.app.-$$Lambda$LoadedApk$ReceiverDispatcher$Args$_BumDX2UKsnxLVrE6UJsJZkotuA@e4e8796 m=0
2022-02-27 18:07:30.198 17414-18397/? W/SensorService: SensorEventConnection sensor handle=11, package = com.facebook.ads.redexgen.X.8v enable
2022-02-27 18:07:30.198 17414-18397/? E/SensorService: Required app com.facebook.ads.redexgen.X.8v, uid 10334, pid 8152
2022-02-27 18:07:30.199 17124-17124/? I/sensors-hal: flush:296, android.sensor.accelerometer/11
2022-02-27 18:07:30.199 17124-17124/? I/sensors-hal: flush:302, android.sensor.accelerometer/11 completed
2022-02-27 18:07:30.199 17124-8066/? I/sensors-hal: ssc_conn_resp_cb:673, resp_value = 0
2022-02-27 18:07:30.199 8152-8469/? E/Parcel: Reading a NULL string not supported here.
2022-02-27 18:07:30.200 17414-17644/? I/chatty: uid=1000(system) SensorService identical 2 lines
2022-02-27 18:07:30.200 17414-17644/? I/chatty: uid=1000(system) SensorService identical 1 line
2022-02-27 18:07:30.200 8451-8451/? I/PushHandlingService: Stop push handling - pushIds: [1], jobId: 2 (of type RELEASE_WAKELOCK), number of pending pushes: 1
2022-02-27 18:07:30.200 8451-8451/? I/PushHandlingService: Done with push JobID: 1 - com.microsoft.react.push.notificationprocessing.PushHandlingService$b@dfa90bc
2022-02-27 18:07:30.200 17414-18397/? W/SensorService: SensorEventConnection sensor handle=41, package = com.facebook.ads.redexgen.X.8v enable
2022-02-27 18:07:30.200 17414-18397/? E/SensorService: Required app com.facebook.ads.redexgen.X.8v, uid 10334, pid 8152
2022-02-27 18:07:30.200 17414-17414/? W/Looper: Drained
2022-02-27 18:07:30.200 17124-17124/? I/sensors-hal: batch:254, android.sensor.gyroscope/41, period=200000000, max_latency=0
2022-02-27 18:07:30.200 17124-17124/? I/sensors-hal: set_config:63, sample_period_ns is adjusted to 200000000 based on min/max delay_ns
2022-02-27 18:07:30.200 17124-17124/? I/sensors-hal: batch:276, android.sensor.gyroscope/41, period=200000000, max_latency=0 request completed
2022-02-27 18:07:30.201 17124-17124/? I/sensors-hal: activate:213, android.sensor.gyroscope/41 en=1
2022-02-27 18:07:30.202 2429-2433/? E/Diag_Lib: [IMS_AP]"ims-rtp-daemon ims_rtp_qmi_handler_thread_func waiting on select thread>"
2022-02-27 18:07:30.203 2429-2433/? I/chatty: uid=1001(radio) /vendor/bin/ims_rtp_daemon identical 1 line
2022-02-27 18:07:30.203 2429-2433/? E/Diag_Lib: [IMS_AP]"ims-rtp-daemon ims_rtp_qmi_handler_thread_func waiting on select thread>"
2022-02-27 18:07:30.204 17124-17124/? I/sensors-hal: activate:232, android.sensor.gyroscope/41 en=1 completed
2022-02-27 18:07:30.204 2429-2433/? E/Diag_Lib: [IMS_AP]"ims-rtp-daemon ims_rtp_qmi_handler_thread_func waiting on select thread>"
2022-02-27 18:07:30.204 17124-8684/? I/sensors-hal: ssc_conn_resp_cb:673, resp_value = 0
2022-02-27 18:07:30.209 17414-18397/? W/SensorService: SensorEventConnection sensor handle=11, package = com.facebook.ads.redexgen.X.8v disable
2022-02-27 18:07:30.210 17124-17124/? I/sensors-hal: batch:254, android.sensor.accelerometer/11, period=20000000, max_latency=0
2022-02-27 18:07:30.210 17124-17124/? I/sensors-hal: set_config:63, sample_period_ns is adjusted to 20000000 based on min/max delay_ns
2022-02-27 18:07:30.210 17124-17124/? I/sensors-hal: batch:276, android.sensor.accelerometer/11, period=20000000, max_latency=0 request completed
2022-02-27 18:07:30.210 8152-8152/? E/Parcel: Reading a NULL string not supported here.
2022-02-27 18:07:30.215 17414-17777/? W/ActivityManager: Unable to start service Intent { cmp=com.facebook.appmanager/com.facebook.oxygen.common.periodicwork.PeriodicWorkJobService (has extras) } U=0: not found
2022-02-27 18:07:30.217 17414-17777/? W/ActivityManager: Unable to start service Intent { cmp=com.facebook.appmanager/com.facebook.oxygen.common.periodicwork.PeriodicWorkJobService (has extras) } U=0: not found
2022-02-27 18:07:30.222 8451-8451/? I/PushHandlingService: Service destroyed. Number of pending pushes: 0
2022-02-27 18:07:30.226 17414-17777/? W/ActivityManager: Unable to start service Intent { cmp=com.facebook.appmanager/com.facebook.oxygen.common.periodicwork.PeriodicWorkJobService (has extras) } U=0: not found
2022-02-27 18:07:30.229 31646-31752/? W/OplusExSystemServiceHelper: checkOplusExSystemService intent getComponent is null
2022-02-27 18:07:30.230 17414-17777/? W/ActivityManager: Unable to start service Intent { cmp=com.facebook.appmanager/com.facebook.oxygen.common.periodicwork.PeriodicWorkJobService (has extras) } U=0: not found
2022-02-27 18:07:30.237 17414-17777/? W/ActivityManager: Unable to start service Intent { cmp=com.facebook.appmanager/com.facebook.oxygen.common.periodicwork.PeriodicWorkJobService (has extras) } U=0: not found
2022-02-27 18:07:30.238 17414-17777/? W/ActivityManager: Unable to start service Intent { cmp=com.facebook.appmanager/com.facebook.oxygen.common.periodicwork.PeriodicWorkJobService (has extras) } U=0: not found
2022-02-27 18:07:30.244 17414-17777/? W/ActivityManager: Unable to start service Intent { cmp=com.facebook.appmanager/com.facebook.oxygen.common.periodicwork.PeriodicWorkJobService (has extras) } U=0: not found
2022-02-27 18:07:30.249 17414-17777/? W/ActivityManager: Unable to start service Intent { cmp=com.facebook.appmanager/com.facebook.oxygen.common.periodicwork.PeriodicWorkJobService (has extras) } U=0: not found
2022-02-27 18:07:30.260 17414-17480/? W/Searchables: No web search activity found
2022-02-27 18:07:30.281 8152-8469/? E/OplusCustomizeRestrictionManager: sInstance is null, start a new sInstance
2022-02-27 18:07:30.290 31646-22735/? W/OplusExSystemServiceHelper: checkOplusExSystemService intent getComponent is null
2022-02-27 18:07:30.299 8152-8693/? I/DpmTcmClient: RegisterTcmMonitor from: $Proxy1
2022-02-27 18:07:30.332 8451-8632/? I/HttpLoggingInterceptor: Http succeeded, request: POST prod.registrar.skype.com (2088 body). Response: 202 Accepted (1051 ms, 0 body)
2022-02-27 18:07:30.334 8451-8602/? I/ReactNativeJS: [#ffffffff-u] [TRACE] [JS.GenericUnsafe] SWR: _respond  POST prod.registrar.skype.com 4 undefined
2022-02-27 18:07:30.334 8451-8602/? I/ReactNativeJS: [#ffffffff-u] [TRACE] [JS.GenericUnsafe] SWR: _respond  POST prod.registrar.skype.com 4 undefined
2022-02-27 18:07:30.334 8451-8602/? I/ReactNativeJS: [#ffffffff-u] [TRACE] [JS.GenericUnsafe] SWR: _respond resolving POST prod.registrar.skype.com
2022-02-27 18:07:30.334 8451-8602/? I/ReactNativeJS: [#ffffffff-u] [TRACE] [JS.GenericUnsafe] SWR: _respond resolving POST prod.registrar.skype.com
2022-02-27 18:07:30.336 8451-8602/? I/ReactNativeJS: [#ffffffff-u] [TRACE] [JS.ScenarioTracker] Id: 972ac575-102e-4b92-8605-d57d6769a966; Name: PNH_Post
    	Context_NodeId: 8150047838028604173
    	Context_step_name_started: 0
    	PERF_PNH_Post_started : 0 ms | 0 ms
    	PERF_PNH_Post_finished : 1061 ms | 1061 ms (TARGET)
    	PERF_PNH_Post_Total : 1061 ms
2022-02-27 18:07:30.336 8451-8602/? I/ReactNativeJS: [#ffffffff-u] [TRACE] [JS.ScenarioTracker] Id: 972ac575-102e-4b92-8605-d57d6769a966; Name: PNH_Post
    	Context_NodeId: 8150047838028604173
    	Context_step_name_started: 0
    	PERF_PNH_Post_started : 0 ms | 0 ms
    	PERF_PNH_Post_finished : 1061 ms | 1061 ms (TARGET)
    	PERF_PNH_Post_Total : 1061 ms
2022-02-27 18:07:30.337 8451-8602/? I/ReactNativeJS: [#ffffffff-S] [TRACE] [JS.RegistrarService] PNH Registration Succeeded!
2022-02-27 18:07:30.337 8451-8602/? I/ReactNativeJS: [#ffffffff-S] [TRACE] [JS.RegistrarService] PNH Registration Succeeded!
2022-02-27 18:07:30.342 8451-8602/? I/ReactNativeJS: [#ffffffff-u] [TRACE] [JS.GenericUnsafe] SWR.checkQueueProcessing:  Queued:0, Executing:1, Blocked:0, Max:10
2022-02-27 18:07:30.342 8451-8602/? I/ReactNativeJS: [#ffffffff-u] [TRACE] [JS.GenericUnsafe] SWR.checkQueueProcessing:  Queued:0, Executing:1, Blocked:0, Max:10
2022-02-27 18:07:30.381 19625-8701/? E/Parcel: Reading a NULL string not supported here.
2022-02-27 18:07:30.381 17414-17761/? E/DnsManager: file path: /backup_hosts
2022-02-27 18:07:30.381 17414-17761/? E/DnsManager: file does not exist
2022-02-27 18:07:30.381 18121-21750/? E/QCNEJ/WlanStaInfoRelay: update link properties given null lp
2022-02-27 18:07:30.383 19625-8701/? E/Parcel: Reading a NULL string not supported here.
2022-02-27 18:07:30.392 19625-8701/? I/chatty: uid=10220(com.coloros.gamespace) IntentService[C identical 3 lines
2022-02-27 18:07:30.395 19625-8701/? E/Parcel: Reading a NULL string not supported here.
2022-02-27 18:07:30.406 17414-18397/? W/SensorService: SensorEventConnection sensor handle=41, package = com.facebook.ads.redexgen.X.8v disable
2022-02-27 18:07:30.407 17124-17124/? I/sensors-hal: activate:213, android.sensor.gyroscope/41 en=0
2022-02-27 18:07:30.408 17124-17124/? I/sensors-hal: activate:232, android.sensor.gyroscope/41 en=0 completed
2022-02-27 18:07:30.408 2429-2433/? E/Diag_Lib: [IMS_AP]"ims-rtp-daemon ims_rtp_qmi_handler_thread_func waiting on select thread>"
2022-02-27 18:07:30.408 8152-8152/? E/Parcel: Reading a NULL string not supported here.
2022-02-27 18:07:30.411 19625-8701/? E/Parcel: Reading a NULL string not supported here.
2022-02-27 18:07:30.413 17414-17414/? W/NotificationHistory: Attempted to add notif for locked/gone/disabled user 0
2022-02-27 18:07:30.425 19625-8701/? I/chatty: uid=10220(com.coloros.gamespace) IntentService[C identical 3 lines
2022-02-27 18:07:30.426 19625-8701/? E/Parcel: Reading a NULL string not supported here.
2022-02-27 18:07:30.447 17951-17951/? W/NotifBindPipeline: Row is not set so pipeline will not run. notif = 0|com.skype.raider|595162591|null|10299
2022-02-27 18:07:30.452 18364-18455/? W/[0]DCS-MobileHelper: getContryCode slotid=0,type=1,code=null,result=
2022-02-27 18:07:30.452 18364-18455/? W/[0]DCS-MobileHelper: getContryCode slotid=1,type=1,code=null,result=
2022-02-27 18:07:30.473 21005-21118/? E/OpenID: com.coloros.gamespace:GUID:ret:T
2022-02-27 18:07:30.474 19625-20129/? E/Parcel: Reading a NULL string not supported here.
2022-02-27 18:07:30.544 17414-17986/? I/ColorStatusBarManagerService:  getTopIsFullscreen mTopIsFullscreen: true
2022-02-27 18:07:30.484 19625-20129/? I/chatty: uid=10220(com.coloros.gamespace) pool-3-thread-4 identical 6 lines
2022-02-27 18:07:30.487 19625-20129/? E/Parcel: Reading a NULL string not supported here.
2022-02-27 18:07:30.582 17414-8704/? I/OplusBaseSystemVibrator: SystemVibrator vibrate is uid= 1000,opPkg =android,duration=900,effect=Waveform{mTimings=[0, 400, 100, 400], mAmplitudes=[0, -1, 0, -1], mRepeat=-1},Binder.getCallingPid()=17414
2022-02-27 18:07:30.678 1450-1612/? I/QC-NETMGR-LIB: NetmgrNetdClientSetForwardingBetweenInterfaces(): Looking for Netd service
2022-02-27 18:07:30.678 1450-1612/? I/QC-NETMGR-LIB: NetmgrNetdClientSetForwardingBetweenInterfaces(): starting command
2022-02-27 18:07:30.678 1450-1612/? I/QC-NETMGR-LIB: setForwardingBetweenInterfaces() r_rmnet_data0 wlan0: Attempting setForwardingBetweenInterfaces
2022-02-27 18:07:30.678 1450-1612/? I/QC-NETMGR-LIB: NetmgrNetdClientSetForwardingBetweenInterfaces(): completed command
2022-02-27 18:07:30.841 17414-17460/? I/chatty: uid=1000(system) android.display identical 16 lines
2022-02-27 18:07:30.874 17414-17829/? I/chatty: uid=1000(system) DnsEventHandleT identical 3 lines
2022-02-27 18:07:31.259 17414-17433/? W/JavaBinder: BinderProxy is being destroyed but the application did not call unlinkToDeath to unlink all of its death recipients beforehand.  Releasing leaked death recipient: com.android.server.AlarmManagerService$2
2022-02-27 18:07:31.259 17414-17433/? I/BpBinder: onLastStrongRef automatically unlinking death recipients: <uncached descriptor>
2022-02-27 18:07:31.259 17414-17433/? W/JavaBinder: BinderProxy is being destroyed but the application did not call unlinkToDeath to unlink all of its death recipients beforehand.  Releasing leaked death recipient: com.android.server.AlarmManagerService$2
2022-02-27 18:07:31.259 17414-17433/? I/BpBinder: onLastStrongRef automatically unlinking death recipients: <uncached descriptor>
2022-02-27 18:07:31.270 8451-8645/? I/HttpLoggingInterceptor: Http succeeded, request: GET azwus1-client-s.gateway.messenger.live.com. Response: 200 OK (1489 ms, -1 body)
2022-02-27 18:07:31.272 8451-8602/? I/ReactNativeJS: [#ffffffff-u] [TRACE] [JS.GenericUnsafe] SWR: _respond  GET azwus1-client-s.gateway.messenger.live.com 4 undefined
2022-02-27 18:07:31.272 8451-8602/? I/ReactNativeJS: [#ffffffff-u] [TRACE] [JS.GenericUnsafe] SWR: _respond  GET azwus1-client-s.gateway.messenger.live.com 4 undefined
2022-02-27 18:07:31.273 8451-8602/? I/ReactNativeJS: [#ffffffff-u] [TRACE] [JS.GenericUnsafe] SWR: _respond resolving GET azwus1-client-s.gateway.messenger.live.com
2022-02-27 18:07:31.273 8451-8602/? I/ReactNativeJS: [#ffffffff-u] [TRACE] [JS.GenericUnsafe] SWR: _respond resolving GET azwus1-client-s.gateway.messenger.live.com
2022-02-27 18:07:31.273 8451-8602/? I/ReactNativeJS: [#ffffffff-u] [TRACE] [JS.ScenarioTracker] Id: aa5d2704-d3f1-476d-a295-3bba17f6de1e; Name: ChatServiceRequest
    	Context_scenario: getMyPresenceStatus
    	Context_connectionType: ChatServiceV1
    	Context_attempt: 0
    	Context_requestId: aa5d2704-d3f1-476d-a295-3bba17f6de1e
    	Context_step_name_started: 0
    	Context_ContextId: tcid=8726449497313325439,server=BY3PEPF000084C0
    	Context_Date: Sun, 27 Feb 2022 11:07:30 GMT
    	PERF_ChatServiceRequest_started : 0 ms | 0 ms
    	PERF_ChatServiceRequest_finished : 1505 ms | 1505 ms (TARGET)
    	PERF_ChatServiceRequest_Total : 1505 ms
2022-02-27 18:07:31.273 8451-8602/? I/ReactNativeJS: [#ffffffff-u] [TRACE] [JS.ScenarioTracker] Id: aa5d2704-d3f1-476d-a295-3bba17f6de1e; Name: ChatServiceRequest
    	Context_scenario: getMyPresenceStatus
    	Context_connectionType: ChatServiceV1
    	Context_attempt: 0
    	Context_requestId: aa5d2704-d3f1-476d-a295-3bba17f6de1e
    	Context_step_name_started: 0
    	Context_ContextId: tcid=8726449497313325439,server=BY3PEPF000084C0
    	Context_Date: Sun, 27 Feb 2022 11:07:30 GMT
    	PERF_ChatServiceRequest_started : 0 ms | 0 ms
    	PERF_ChatServiceRequest_finished : 1505 ms | 1505 ms (TARGET)
    	PERF_ChatServiceRequest_Total : 1505 ms
2022-02-27 18:07:31.274 8451-8602/? I/ReactNativeJS: [#ffffffff-S] [TRACE] [JS.ChatServiceTransport] Registration token updated to using new, Expires: Mon Feb 28 2022 11:31:37 GMT+0700, EndpointId: {e928efbe-b0e3-fea3-b0e3-42c442c4b0e3}, SkypeToken valid: true, SkypeToken expiration: Mon Feb 28 2022 11:31:37 GMT+0700
2022-02-27 18:07:31.274 8451-8602/? I/ReactNativeJS: [#ffffffff-S] [TRACE] [JS.ChatServiceTransport] Registration token updated to using new, Expires: Mon Feb 28 2022 11:31:37 GMT+0700, EndpointId: {e928efbe-b0e3-fea3-b0e3-42c442c4b0e3}, SkypeToken valid: true, SkypeToken expiration: Mon Feb 28 2022 11:31:37 GMT+0700
2022-02-27 18:07:31.275 8451-8602/? I/ReactNativeJS: [#ffffffff-S] [TRACE] [JS.Presence] Received valid MyPresenceStatus: Idle
2022-02-27 18:07:31.275 8451-8602/? I/ReactNativeJS: [#ffffffff-S] [TRACE] [JS.Presence] Received valid MyPresenceStatus: Idle
2022-02-27 18:07:31.275 8451-8602/? I/ReactNativeJS: [#ffffffff-S] [TRACE] [JS.Presence] Presence update state : 1
2022-02-27 18:07:31.275 8451-8602/? I/ReactNativeJS: [#ffffffff-S] [TRACE] [JS.Presence] Presence update state : 1
2022-02-27 18:07:31.276 8451-8602/? I/ReactNativeJS: [#ffffffff-S] [TRACE] [JS.Presence] Presence updated in store - from Online to Idle origin InitialFetch
2022-02-27 18:07:31.276 8451-8602/? I/ReactNativeJS: [#ffffffff-S] [TRACE] [JS.Presence] Presence updated in store - from Online to Idle origin InitialFetch
2022-02-27 18:07:31.282 8451-8602/? I/ReactNativeJS: [#ffffffff-u] [TRACE] [JS.GenericUnsafe] SWR.checkQueueProcessing:  Queued:0, Executing:0, Blocked:0, Max:10
2022-02-27 18:07:31.282 8451-8602/? I/ReactNativeJS: [#ffffffff-u] [TRACE] [JS.GenericUnsafe] SWR.checkQueueProcessing:  Queued:0, Executing:0, Blocked:0, Max:10
2022-02-27 18:07:31.285 17414-17434/? W/System: A resource failed to call release. 
2022-02-27 18:07:31.285 17414-17434/? W/System: A resource failed to call release. 
2022-02-27 18:07:31.347 8321-8369/? W/ProcessAnrErrorMonitor: Starting process monitor checks for process 'com.facebook.lite'
2022-02-27 18:07:31.371 1450-1612/? I/QC-NETMGR-LIB: NetmgrNetdClientSetForwardingBetweenInterfaces(): Looking for Netd service
2022-02-27 18:07:31.371 1450-1612/? I/QC-NETMGR-LIB: NetmgrNetdClientSetForwardingBetweenInterfaces(): starting command
2022-02-27 18:07:31.371 1450-1612/? I/QC-NETMGR-LIB: setForwardingBetweenInterfaces() r_rmnet_data0 wlan0: Attempting setForwardingBetweenInterfaces
2022-02-27 18:07:31.372 1450-1612/? I/QC-NETMGR-LIB: NetmgrNetdClientSetForwardingBetweenInterfaces(): completed command
2022-02-27 18:07:31.494 19625-21815/? E/Parcel: Reading a NULL string not supported here.
2022-02-27 18:07:31.495 19625-21815/? E/Parcel: Reading a NULL string not supported here.
2022-02-27 18:07:31.496 8152-8788/? I/DpmTcmClient: RegisterTcmMonitor from: $Proxy1
2022-02-27 18:07:31.497 19625-21815/? E/Parcel: Reading a NULL string not supported here.
2022-02-27 18:07:31.288 17414-17460/? I/chatty: uid=1000(system) android.display identical 21 lines
2022-02-27 18:07:31.510 19625-21815/? I/chatty: uid=10220(com.coloros.gamespace) pool-3-thread-6 identical 8 lines
2022-02-27 18:07:31.536 19625-21815/? E/Parcel: Reading a NULL string not supported here.
2022-02-27 18:07:31.641 19796-20075/? E/libc: Access denied finding property "vendor.oplus.media.vpp.osie_sr.on"
2022-02-27 18:07:32.101 8152-8152/? W/Choreographer: Frame time is 0.085682 ms in the future!  Check that graphics HAL is generating vsync timestamps using the correct timebase.
2022-02-27 18:07:32.151 8152-8567/? I/chatty: uid=10334(com.music.festival.battle) JavaBridge identical 1 line
2022-02-27 18:07:32.458 8152-8236/? W/AudioCapabilities: Unsupported mime audio/ffmpeg
2022-02-27 18:07:32.458 8152-8236/? W/VideoCapabilities: Unsupported mime image/vnd.android.heic
2022-02-27 18:07:32.460 8152-8236/? W/VideoCapabilities: Unsupported mime video/ffmpeg
2022-02-27 18:07:32.462 29450-29450/? E/cr_BTSPrefs: No data found for task id: 53
2022-02-27 18:07:32.462 29450-29450/? E/cr_BkgrdTaskScheduler: Task cannot be canceled because no data was found instorage or data was invalid
2022-02-27 18:07:32.480 8152-8232/? I/AAudio: AAudioStreamBuilder_openStream() called ----------------------------------------
2022-02-27 18:07:32.480 8152-8232/? I/AudioStreamBuilder: rate   =  24000, channels  = 1, format   = 5, sharing = SH, dir = OUTPUT
2022-02-27 18:07:32.480 8152-8232/? I/AudioStreamBuilder: device =      0, sessionId = -1, perfMode = 11, callback: ON with frames = 512
2022-02-27 18:07:32.480 8152-8232/? I/AudioStreamBuilder: usage  =      1, contentType = 0, inputPreset = 0, allowedCapturePolicy = 0
2022-02-27 18:07:32.480 8152-8232/? I/AudioStreamBuilder: privacy sensitive = false
2022-02-27 18:07:32.482 8152-8231/? I/cr_MediaCodecBridge: create MediaCodec video decoder, mime video/avc
2022-02-27 18:07:32.483 17118-8061/? I/hash_map_utils: key: 'vr_audio_mode_on' value: ''
2022-02-27 18:07:32.483 17118-8061/? I/AudioPolicyManagerCustom: VR mode is 0, switch to primary output if request is for fast|raw
2022-02-27 18:07:32.483 17114-21773/? E/EffectFactoryHAL: Error querying effect descriptor for 9d4921da-8225-4f29-aefa-39537a04bcaa: No such file or directory
2022-02-27 18:07:32.483 8152-8231/? E/Parcel: Reading a NULL string not supported here.
2022-02-27 18:07:32.485 8152-8231/? I/ACodec: new ACodec()
2022-02-27 18:07:32.487 17118-17178/? E/GameAudioEffects: outputSelected call  getListValueByPid(fast-audio-effects) but return null, callingPid(8152))
2022-02-27 18:07:32.490 8152-8232/? I/AAudio: AAudioStreamBuilder_openStream() returns 0 = AAUDIO_OK for s#1 ----------------
2022-02-27 18:07:32.490 17414-17986/? I/system_server: oneway function results will be dropped but finished with status OK and parcel size 4
2022-02-27 18:07:32.490 17414-17986/? I/system_server: oneway function results will be dropped but finished with status OK and parcel size 4
2022-02-27 18:07:32.491 8152-8816/? I/OMXClient: IOmx service obtained
2022-02-27 18:07:32.491 8152-8816/? I/festival.battl: OPPOLoadFrame::CreateSpace -- create new namespace oppoex
2022-02-27 18:07:32.491 17414-17986/? I/system_server: oneway function results will be dropped but finished with status OK and parcel size 4
2022-02-27 18:07:32.491 8152-8816/? I/festival.battl: OPPOLoadFrame::CreateSpace -- executable_path = /system/bin/app_process64
2022-02-27 18:07:32.491 8152-8816/? I/festival.battl: OPPOLoadFrame::GetCurrentSection -- ld_config_file_path = /linkerconfig/ld.config.txt
2022-02-27 18:07:32.492 17414-17986/? I/system_server: oneway function results will be dropped but finished with status OK and parcel size 4
2022-02-27 18:07:32.492 8152-8816/? I/festival.battl: OPPOLoadFrame::CreateSpace -- section = system
2022-02-27 18:07:32.492 17414-17986/? I/system_server: oneway function results will be dropped but finished with status OK and parcel size 4
2022-02-27 18:07:32.492 17414-18178/? I/system_server: oneway function results will be dropped but finished with status OK and parcel size 4
2022-02-27 18:07:32.492 8152-8816/? I/festival.battl: OPPOLoadFrame::ReadLink --  read /system/etc/public.libraries.txt success!
2022-02-27 18:07:32.492 8152-8816/? I/festival.battl: OPPOLoadFrame::ReadLink --  read /apex/com.android.vndk.v30/etc/llndk.libraries.30.txt success!
2022-02-27 18:07:32.492 8152-8816/? I/festival.battl: OPPOLoadFrame::ReadLink --  read /system_ext/oppoex/public.libraries-oppoex.txt success!
2022-02-27 18:07:32.492 8152-8816/? I/festival.battl: OPPOLoadFrame::ReadLink --  read /apex/com.android.vndk.v30/etc/vndksp.libraries.30.txt success!
2022-02-27 18:07:32.492 8152-8816/? I/festival.battl: OPPOLoadFrame::ReadLink --  read /vendor/etc/public.libraries.txt success!
2022-02-27 18:07:32.492 8152-8816/? I/festival.battl: OPPOLoadFrame::CreateSpace -- paths = /my_company/lib64/oppoex:/my_carrier/lib64/oppoex:/my_region/lib64/oppoex:/my_product/lib64/oppoex:/system_ext/lib64/oppoex:/system/lib64/oppoex
2022-02-27 18:07:32.493 8152-8816/? I/festival.battl: OPPOLoadFrame::CreateSpace -- link default : libandroid.so:libaaudio.so:libamidi.so:libbinder_ndk.so:libc.so:libcamera2ndk.so:libdl.so:libEGL.so:libGLESv1_CM.so:libGLESv2.so:libGLESv3.so:libicui18n.so:libicuuc.so:libjnigraphics.so:liblog.so:libmediandk.so:libm.so:libnativewindow.so:libneuralnetworks.so:libOpenMAXAL.so:libOpenSLES.so:libRS.so:libstdc++.so:libsync.so:libvulkan.so:libwebviewchromium_plat_support.so:libz.so:libEGL.so:libGLESv1_CM.so:libGLESv2.so:libGLESv3.so:libRS.so:libandroid_net.so:libbinder_ndk.so:libc.so:libcgrouprc.so:libclang_rt.asan-aarch64-android.so:libclang_rt.asan-arm-android.so:libdl.so:libft2.so:liblog.so:libm.so:libmediandk.so:libnativewindow.so:libneuralnetworks.so:libselinux.so:libsync.so:libvndksupport.so:libvulkan.so:libbinder.so
2022-02-27 18:07:32.493 8152-8816/? I/festival.battl: OPPOLoadFrame::CreateSpace -- link sphal : libqti-perfd-client.so:libadsprpc.so:libcdsprpc.so:libsdsprpc.so:libfastcvopt.so:liblistensoundmodel2.so:libOpenCL.so:libAlgoProcess.so:libancbase_rt_bokeh.so:libAncHumBokeh.so:libstblur_api.so:libstdc++.so:libAncHumVideoBase.so:libmidasserviceintf.so:libarcsoft_scbokeh_video.so
2022-02-27 18:07:32.493 8152-8816/? I/festival.battl: OPPOLoadFrame::CreateSpace -- link vndk : android.hardware.common-V1-ndk_platform.so:android.hardware.graphics.common-V1-ndk_platform.so:android.hardware.graphics.common@1.0.so:android.hardware.graphics.common@1.1.so:android.hardware.graphics.common@1.2.so:android.hardware.graphics.mapper@2.0.so:android.hardware.graphics.mapper@2.1.so:android.hardware.graphics.mapper@3.0.so:android.hardware.graphics.mapper@4.0.so:android.hardware.renderscript@1.0.so:android.hidl.memory.token@1.0.so:android.hidl.memory@1.0-impl.so:android.hidl.memory@1.0.so:android.hidl.safe_union@1.0.so:libRSCpuRef.so:libRSDriver.so:libRS_internal.so:libbacktrace.so:libbase.so:libbcinfo.so:libblas.so:libc++.so:libcompiler_rt.so:libcutils.so:libgralloctypes.so:libhardware.so:libhidlbase.so:libhidlmemory.so:libion.so:libjsoncpp.so:liblzma.so:libprocessgroup.so:libunwindstack.so:libutils.so:libutilscallstack.so:libz.so
2022-02-27 18:07:32.494 17118-17177/? W/APM::AudioPolicyEngine: getDevicesForStrategy() unknown strategy: -1
2022-02-27 18:07:32.495 17118-17177/? W/APM::AudioPolicyEngine: getDevicesForStrategy() unknown strategy: -1
2022-02-27 18:07:32.495 17118-17177/? W/APM::AudioPolicyEngine: getDevicesForStrategy() unknown strategy: -1
2022-02-27 18:07:32.496 17114-32155/? E/se.dirac.effect: first processing
2022-02-27 18:07:32.496 17414-17986/? I/system_server: oneway function results will be dropped but finished with status OK and parcel size 4
2022-02-27 18:07:32.497 17114-32149/? I/msm8974_platform: platform_check_and_set_codec_backend_cfg:becf: afe: bitwidth 16, samplerate 48000 channels 2, backend_idx 0 usecase = 0 device (speaker)
2022-02-27 18:07:32.497 17114-32149/? I/msm8974_platform: platform_check_and_set_codec_backend_cfg: new_snd_devices[0] is 2
2022-02-27 18:07:32.497 17114-32149/? I/msm8974_platform: platform_check_codec_backend_cfg:becf: afe: bitwidth 16, samplerate 48000 channels 2, backend_idx 0 usecase = 0 device (speaker)
2022-02-27 18:07:32.497 1397-6336/? I/OMXMaster: makeComponentInstance(OMX.qcom.video.decoder.avc) in android.hardwar process
2022-02-27 18:07:32.498 17114-32149/? I/msm8974_platform: platform_check_codec_backend_cfg:becf: afe: Codec selected backend: 0 updated bit width: 16 and sample rate: 48000
2022-02-27 18:07:32.498 17114-32149/? I/sound_trigger_platform: platform_stdev_check_and_update_concurrency: Received PLAYBACK_STREAM event, event type 3, usecase type 0
2022-02-27 18:07:32.498 17114-32149/? I/audio_hw_utils: send_app_type_cfg_for_device PLAYBACK app_type 69936, acdb_dev_id 15, sample_rate 48000, snd_device_be_idx 187
2022-02-27 18:07:32.499 17114-32149/? E/msm8974_platform: platform_set_channel_map: Could not set ctl, error:-1 ch_count:2
2022-02-27 18:07:32.500 1397-6336/? E/android.hardware.media.omx@1.0-service: Service not available yet
2022-02-27 18:07:32.505 1397-6336/? I/OMX-VDEC-1080P: component_init: OMX.qcom.video.decoder.avc : fd=7
2022-02-27 18:07:32.513 1397-6336/? I/OMX-VDEC-1080P: omx_vdec::component_init() success : fd=7
2022-02-27 18:07:32.513 8152-8816/? I/ACodec: Successfully allocate component [OMX.qcom.video.decoder.avc]
2022-02-27 18:07:32.515 8152-8815/? I/MediaCodec: MediaCodec will operate in async mode
2022-02-27 18:07:32.518 8152-8815/? I/MediaCodec: [OMX.qcom.video.decoder.avc] setting surface generation to 8347649
2022-02-27 18:07:32.522 1397-6336/? E/OMX-VDEC-1080P: Extension: OMX.google.android.index.storeANWBufferInMetadata not implemented
2022-02-27 18:07:32.522 1397-6336/? E/OMX-VDEC-1080P: Extension: OMX.google.android.index.configureVideoTunnelMode not implemented
2022-02-27 18:07:32.522 1397-6336/? E/OMX-VDEC-1080P: Extension: OMX.google.android.index.useAndroidNativeBuffer is supported
2022-02-27 18:07:32.522 1397-6336/? E/OMX-VDEC-1080P: get_parameter: unknown param 7f000046
2022-02-27 18:07:32.522 1397-6336/? E/OMXNodeInstance: getParameter(0xeee3c984:qcom.decoder.avc, ??(0x7f000046)) ERROR: UnsupportedIndex(0x8000101a)
2022-02-27 18:07:32.522 8152-8816/? I/ACodec: configureCodec() mime = video/avc
2022-02-27 18:07:32.523 1397-2035/? E/OMX-VDEC-1080P: set_parameter: Error: 0x80001019, setting param 0x7f00005d
2022-02-27 18:07:32.523 1397-2035/? E/OMXNodeInstance: setParameter(0xeee3c984:qcom.decoder.avc, OMX.google.android.index.allocateNativeHandle(0x7f00005d): Output:1 en=0) ERROR: UnsupportedSetting(0x80001019)
2022-02-27 18:07:32.523 1397-2035/? E/OMX-VDEC-1080P: Extension: OMX.google.android.index.storeANWBufferInMetadata not implemented
2022-02-27 18:07:32.523 1397-2035/? E/OMX-VDEC-1080P: get_parameter: unknown param 6f600011
2022-02-27 18:07:32.523 1397-2035/? E/OMXNodeInstance: getParameter(0xeee3c984:qcom.decoder.avc, ??(0x6f600011)) ERROR: UnsupportedIndex(0x8000101a)
2022-02-27 18:07:32.523 8152-8816/? I/ExtendedACodec: setupVideoDecoder()
2022-02-27 18:07:32.523 8152-8816/? E/OplusACodec: [GetVideoCodingTypeFromMime:L709] mime:video/avc
2022-02-27 18:07:32.524 8152-8816/? I/ExtendedACodec: Decoder will be in frame by frame mode
2022-02-27 18:07:32.524 1397-10498/? E/OMX-VDEC-1080P: Setparameter: unknown param 2130706434
2022-02-27 18:07:32.524 1397-10498/? E/OMX-VDEC-1080P: set_parameter: Error: 0x8000101a, setting param 0x7f000002
2022-02-27 18:07:32.524 1397-10498/? E/OMXNodeInstance: setParameter(0xeee3c984:qcom.decoder.avc, ??(0x7f000002)) ERROR: UnsupportedIndex(0x8000101a)
2022-02-27 18:07:32.524 8152-8816/? W/ExtendedACodec: Failed to set frame packing format on component
2022-02-27 18:07:32.526 1397-485/? E/OMXNodeInstance: getConfig(0xeee3c984:qcom.decoder.avc, ??(0x7f000062)) ERROR: UnsupportedSetting(0x80001019)
2022-02-27 18:07:32.543 1397-485/? E/OMX-VDEC-1080P: Extension: OMX.google.android.index.AndroidNativeBufferConsumerUsage not implemented
2022-02-27 18:07:32.547 17120-25757/? W/ResourceManagerService: Ignoring request to add new resource entry with value <= 0
2022-02-27 18:07:32.559 1397-2035/? E/OMXNodeInstance: getConfig(0xeee3c984:qcom.decoder.avc, ??(0x7f000062)) ERROR: UnsupportedSetting(0x80001019)
2022-02-27 18:07:32.564 1397-2222/? E/OMX-VDEC-1080P: Extension: OMX.google.android.index.AndroidNativeBufferConsumerUsage not implemented
2022-02-27 18:07:32.583 1397-485/? E/OMXNodeInstance: getConfig(0xeee3c984:qcom.decoder.avc, ??(0x7f000062)) ERROR: UnsupportedSetting(0x80001019)
2022-02-27 18:07:32.595 1397-2222/? E/OMX-VDEC-1080P: Extension: OMX.QTI.index.config.video.getdsmode not implemented
2022-02-27 18:07:32.671 19625-8822/? E/Parcel: Reading a NULL string not supported here.
2022-02-27 18:07:32.674 19625-8822/? I/chatty: uid=10220(com.coloros.gamespace) IntentService[C identical 1 line
2022-02-27 18:07:32.676 19625-8822/? E/Parcel: Reading a NULL string not supported here.
2022-02-27 18:07:32.685 19572-20822/? I/Athena: MemoryGuardAction: psi onPress:22,size:2346,psi weightedValue:0.0,thresholdValue:12
2022-02-27 18:07:32.686 19625-8822/? E/Parcel: Reading a NULL string not supported here.
2022-02-27 18:07:32.700 19625-8822/? I/chatty: uid=10220(com.coloros.gamespace) identical 6 lines
2022-02-27 18:07:32.703 19625-8822/? E/Parcel: Reading a NULL string not supported here.
2022-02-27 18:07:32.789 19572-20822/? I/Athena: MemoryGuardAction: psi onPress:24,size:2413,psi weightedValue:0.0,thresholdValue:12
2022-02-27 18:07:33.415 17414-17714/? I/chatty: uid=1000(system) WifiHandlerThre identical 16 lines
2022-02-27 18:07:33.453 19625-26194/? E/Parcel: Reading a NULL string not supported here.
2022-02-27 18:07:32.256 17414-17829/? I/chatty: uid=1000(system) DnsEventHandleT identical 3 lines
2022-02-27 18:07:33.458 19625-26194/? I/chatty: uid=10220(com.coloros.gamespace) pool-3-thread-8 identical 2 lines
2022-02-27 18:07:33.461 19625-26194/? E/Parcel: Reading a NULL string not supported here.
2022-02-27 18:07:33.463 19625-26194/? E/Parcel: Reading a NULL string not supported here.
2022-02-27 18:07:33.464 17414-18397/? I/chatty: uid=1000(system) Binder:17414_A identical 1 line
2022-02-27 18:07:33.465 19625-26194/? E/Parcel: Reading a NULL string not supported here.
2022-02-27 18:07:33.467 19625-26194/? E/Parcel: Reading a NULL string not supported here.
2022-02-27 18:07:33.469 19625-26194/? E/Parcel: Reading a NULL string not supported here.
2022-02-27 18:07:33.471 19625-26194/? E/Parcel: Reading a NULL string not supported here.
2022-02-27 18:07:33.471 17414-18770/? I/LocationManagerService: remove 85e8027
2022-02-27 18:07:33.473 19625-26194/? E/Parcel: Reading a NULL string not supported here.
2022-02-27 18:07:33.474 19625-26194/? E/Parcel: Reading a NULL string not supported here.
2022-02-27 18:07:33.505 19625-26194/? E/Parcel: Reading a NULL string not supported here.
2022-02-27 18:07:33.548 8152-8816/? I/OplusFeedbackInfo: 0x72c77cc000 OMX.qcom.video.decoder.avc 864x480 inputFps=19 outputFps=14 renderFps=1
2022-02-27 18:07:33.790 19572-20822/? I/Athena: MemoryGuardAction: psi onPress:0,size:2415,psi weightedValue:0.0,thresholdValue:12
2022-02-27 18:07:34.297 1029-1117/? E/ANDR-PERF-OPTSHANDLER: Perflock resource /sys/class/devfreq/soc:qcom,cpu0-cpu-llcc-lat/mem_latency/ratio_ceil not supported
2022-02-27 18:07:34.297 1029-1117/? E/ANDR-PERF-RESOURCEQS: Failed to apply optimization [13, 8]
2022-02-27 18:07:34.297 1029-1117/? E/ANDR-PERF-OPTSHANDLER: Perflock resource /sys/class/devfreq/soc:qcom,cpu4-cpu-llcc-lat/mem_latency/ratio_ceil not supported
2022-02-27 18:07:34.297 1029-1117/? E/ANDR-PERF-RESOURCEQS: Failed to apply optimization [13, 9]
2022-02-27 18:07:34.549 8152-8816/? I/OplusFeedbackInfo: 0x72c77cc000 OMX.qcom.video.decoder.avc 864x480 inputFps=0 outputFps=0 renderFps=0
2022-02-27 18:07:34.588 1029-1117/? E/ANDR-PERF-OPTSHANDLER: Perflock resource /sys/class/devfreq/soc:qcom,cpu0-cpu-llcc-lat/mem_latency/ratio_ceil not supported
2022-02-27 18:07:34.588 1029-1117/? E/ANDR-PERF-RESOURCEQS: Failed to apply optimization [13, 8]
2022-02-27 18:07:34.588 1029-1117/? E/ANDR-PERF-OPTSHANDLER: Perflock resource /sys/class/devfreq/soc:qcom,cpu4-cpu-llcc-lat/mem_latency/ratio_ceil not supported
2022-02-27 18:07:34.588 1029-1117/? E/ANDR-PERF-RESOURCEQS: Failed to apply optimization [13, 9]
2022-02-27 18:07:34.764 17414-17788/? E/ORMS_CORE: Unsupported action!!!
2022-02-27 18:07:34.766 1029-1117/? E/ANDR-PERF-OPTSHANDLER: Perflock resource /sys/class/devfreq/soc:qcom,cpu0-cpu-llcc-lat/mem_latency/ratio_ceil not supported
2022-02-27 18:07:34.766 1029-1117/? E/ANDR-PERF-RESOURCEQS: Failed to apply optimization [13, 8]
2022-02-27 18:07:34.766 1029-1117/? E/ANDR-PERF-OPTSHANDLER: Perflock resource /sys/class/devfreq/soc:qcom,cpu4-cpu-llcc-lat/mem_latency/ratio_ceil not supported
2022-02-27 18:07:34.766 1029-1117/? E/ANDR-PERF-RESOURCEQS: Failed to apply optimization [13, 9]
2022-02-27 18:07:35.492 17414-20147/? I/system_server: oneway function results will be dropped but finished with status OK and parcel size 4
2022-02-27 18:07:35.500 17414-20147/? I/system_server: oneway function results will be dropped but finished with status OK and parcel size 4
2022-02-27 18:07:35.509 17124-8278/? E/sensors-hal: ssc_conn_event_cb:649, event[0] msg_id=772, ts=2737577009920 sensor_type = sns_smd  Wakeup
2022-02-27 18:07:35.510 2429-2433/? E/Diag_Lib: [IMS_AP]"ims-rtp-daemon ims_rtp_qmi_handler_thread_func waiting on select thread>"
2022-02-27 18:07:35.512 19125-19125/? E/Parcel: Reading a NULL string not supported here.
2022-02-27 18:07:35.516 19125-8845/? E/Parcel: Reading a NULL string not supported here.
