2022-02-27 18:07:21.641 19796-20080/? E/libc: Access denied finding property "vendor.oplus.media.vpp.osie_sr.on"
2022-02-27 18:07:22.738 19572-20817/? I/Athena: MemoryGuardAction: 15008s since the last releasing, try to force trigger
2022-02-27 18:07:22.738 19572-20817/? I/Athena: MemoryGuardAction: triggerMemory:1600MB, availMemory:2581MB
2022-02-27 18:07:22.899 1029-1117/? E/ANDR-PERF-OPTSHANDLER: Perflock resource /sys/class/devfreq/soc:qcom,cpu0-cpu-llcc-lat/mem_latency/ratio_ceil not supported
2022-02-27 18:07:22.899 1029-1117/? E/ANDR-PERF-RESOURCEQS: Failed to apply optimization [13, 8]
2022-02-27 18:07:22.899 1029-1117/? E/ANDR-PERF-OPTSHANDLER: Perflock resource /sys/class/devfreq/soc:qcom,cpu4-cpu-llcc-lat/mem_latency/ratio_ceil not supported
2022-02-27 18:07:22.899 1029-1117/? E/ANDR-PERF-RESOURCEQS: Failed to apply optimization [13, 9]
2022-02-27 18:07:23.016 1029-1117/? E/ANDR-PERF-OPTSHANDLER: Perflock resource /sys/class/devfreq/soc:qcom,cpu0-cpu-llcc-lat/mem_latency/ratio_ceil not supported
2022-02-27 18:07:23.016 1029-1117/? E/ANDR-PERF-RESOURCEQS: Failed to apply optimization [13, 8]
2022-02-27 18:07:23.016 1029-1117/? E/ANDR-PERF-OPTSHANDLER: Perflock resource /sys/class/devfreq/soc:qcom,cpu4-cpu-llcc-lat/mem_latency/ratio_ceil not supported
2022-02-27 18:07:23.016 1029-1117/? E/ANDR-PERF-RESOURCEQS: Failed to apply optimization [13, 9]
2022-02-27 18:07:23.079 1029-1117/? E/ANDR-PERF-OPTSHANDLER: Perflock resource /sys/class/devfreq/soc:qcom,cpu0-cpu-llcc-lat/mem_latency/ratio_ceil not supported
2022-02-27 18:07:23.079 1029-1117/? E/ANDR-PERF-RESOURCEQS: Failed to apply optimization [13, 8]
2022-02-27 18:07:23.079 1029-1117/? E/ANDR-PERF-OPTSHANDLER: Perflock resource /sys/class/devfreq/soc:qcom,cpu4-cpu-llcc-lat/mem_latency/ratio_ceil not supported
2022-02-27 18:07:23.079 1029-1117/? E/ANDR-PERF-RESOURCEQS: Failed to apply optimization [13, 9]
2022-02-27 18:07:23.080 1029-1117/? E/ANDR-PERF-OPTSHANDLER: Perflock resource /sys/class/devfreq/soc:qcom,cpu0-cpu-llcc-lat/mem_latency/ratio_ceil not supported
2022-02-27 18:07:23.080 1029-1117/? E/ANDR-PERF-RESOURCEQS: Failed to apply optimization [13, 8]
2022-02-27 18:07:23.080 1029-1117/? E/ANDR-PERF-OPTSHANDLER: Perflock resource /sys/class/devfreq/soc:qcom,cpu4-cpu-llcc-lat/mem_latency/ratio_ceil not supported
2022-02-27 18:07:23.080 1029-1117/? E/ANDR-PERF-RESOURCEQS: Failed to apply optimization [13, 9]
2022-02-27 18:07:23.327 1029-1117/? E/ANDR-PERF-OPTSHANDLER: Perflock resource /sys/class/devfreq/soc:qcom,cpu0-cpu-llcc-lat/mem_latency/ratio_ceil not supported
2022-02-27 18:07:23.327 1029-1117/? E/ANDR-PERF-RESOURCEQS: Failed to apply optimization [13, 8]
2022-02-27 18:07:23.328 1029-1117/? E/ANDR-PERF-OPTSHANDLER: Perflock resource /sys/class/devfreq/soc:qcom,cpu4-cpu-llcc-lat/mem_latency/ratio_ceil not supported
2022-02-27 18:07:23.328 1029-1117/? E/ANDR-PERF-RESOURCEQS: Failed to apply optimization [13, 9]
2022-02-27 18:07:23.387 17414-17986/? I/OplusCustomizeService: pkg:com.android.systemui isPlatformSigned, return true drectly 
2022-02-27 18:07:23.388 17414-17986/? I/OplusCustomizeService: pkg:com.android.systemui isPlatformSigned, return true drectly 
2022-02-27 18:07:23.396 17414-18178/? I/OplusCustomizeService: pkg:com.android.systemui isPlatformSigned, return true drectly 
2022-02-27 18:07:23.396 17414-18178/? E/OplusCustomizeRestrictionManagerService: getMobileDataMode error :s == null
2022-02-27 18:07:23.396 17414-18178/? I/OplusCustomizeService: pkg:com.android.systemui isPlatformSigned, return true drectly 
2022-02-27 18:07:23.398 17414-18178/? I/chatty: uid=1000(system) Binder:17414_9 identical 3 lines
2022-02-27 18:07:23.399 17414-18178/? I/OplusCustomizeService: pkg:com.android.systemui isPlatformSigned, return true drectly 
2022-02-27 18:07:23.400 17414-18178/? E/OplusCustomizeRestrictionManagerService: getMobileDataMode error :s == null
2022-02-27 18:07:23.401 17414-18178/? I/OplusCustomizeService: pkg:com.android.systemui isPlatformSigned, return true drectly 
2022-02-27 18:07:23.401 17414-18178/? E/OplusCustomizeRestrictionManagerService: getMobileDataMode error :s == null
2022-02-27 18:07:23.403 17414-18178/? I/OplusCustomizeService: pkg:com.android.systemui isPlatformSigned, return true drectly 
2022-02-27 18:07:23.403 17414-18178/? E/OplusCustomizeRestrictionManagerService: getMobileDataMode error :s == null
2022-02-27 18:07:23.405 17414-18178/? I/OplusCustomizeService: pkg:com.android.systemui isPlatformSigned, return true drectly 
2022-02-27 18:07:23.406 17414-17986/? I/OplusCustomizeService: pkg:com.android.systemui isPlatformSigned, return true drectly 
2022-02-27 18:07:23.424 17414-17986/? I/OplusCustomizeService: pkg:com.android.systemui isPlatformSigned, return true drectly 
2022-02-27 18:07:23.424 26912-26912/? W/adbd: timeout expired while flushing socket, closing
2022-02-27 18:07:23.426 17414-17986/? I/OplusCustomizeService: pkg:com.android.systemui isPlatformSigned, return true drectly 
2022-02-27 18:07:23.426 17414-17986/? E/OplusCustomizeRestrictionManagerService: getMobileDataMode error :s == null
2022-02-27 18:07:23.427 17414-17986/? I/OplusCustomizeService: pkg:com.android.systemui isPlatformSigned, return true drectly 
2022-02-27 18:07:23.428 17414-18178/? I/OplusCustomizeService: pkg:com.android.systemui isPlatformSigned, return true drectly 
2022-02-27 18:07:23.432 17414-17444/? I/InputDispatcher: Focus left window: Window{4e3de79 u0 com.music.festival.battle/com.es.gamestate.GameStateActivity} in display 0
2022-02-27 18:07:23.460 17414-17444/? I/ColorStatusBarManagerService:  topIsFullscreen fullscreen: false
2022-02-27 18:07:23.460 17414-17444/? I/ColorStatusBarManagerService:  topIsFullscreen fullscreen: false
2022-02-27 18:07:23.467 17414-17986/? I/OplusCustomizeService: pkg:com.android.systemui isPlatformSigned, return true drectly 
2022-02-27 18:07:23.469 17414-17986/? I/OplusCustomizeService: pkg:com.android.systemui isPlatformSigned, return true drectly 
2022-02-27 18:07:23.482 17414-17986/? I/InputDispatcher: Focus entered window: Window{4c52729 u0 NotificationShade} in display 0
2022-02-27 18:07:23.510 17951-17951/? E/SimulationInteractor: tryGetAnimationPainterInstance error:com.coloros.painteranimationpanel.api.AnimPainterInstance
2022-02-27 18:07:23.567 1029-1117/? E/ANDR-PERF-OPTSHANDLER: Perflock resource /sys/class/devfreq/soc:qcom,cpu0-cpu-llcc-lat/mem_latency/ratio_ceil not supported
2022-02-27 18:07:23.567 1029-1117/? E/ANDR-PERF-RESOURCEQS: Failed to apply optimization [13, 8]
2022-02-27 18:07:23.567 1029-1117/? E/ANDR-PERF-OPTSHANDLER: Perflock resource /sys/class/devfreq/soc:qcom,cpu4-cpu-llcc-lat/mem_latency/ratio_ceil not supported
2022-02-27 18:07:23.567 1029-1117/? E/ANDR-PERF-RESOURCEQS: Failed to apply optimization [13, 9]
2022-02-27 18:07:23.472 17414-17460/? I/chatty: uid=1000(system) android.display identical 2 lines
2022-02-27 18:07:24.041 17414-17788/? E/ORMS_CORE: Unsupported action!!!
2022-02-27 18:07:24.043 1029-1117/? E/ANDR-PERF-OPTSHANDLER: Perflock resource /sys/class/devfreq/soc:qcom,cpu0-cpu-llcc-lat/mem_latency/ratio_ceil not supported
2022-02-27 18:07:24.043 1029-1117/? E/ANDR-PERF-RESOURCEQS: Failed to apply optimization [13, 8]
2022-02-27 18:07:24.043 1029-1117/? E/ANDR-PERF-OPTSHANDLER: Perflock resource /sys/class/devfreq/soc:qcom,cpu4-cpu-llcc-lat/mem_latency/ratio_ceil not supported
2022-02-27 18:07:24.043 1029-1117/? E/ANDR-PERF-RESOURCEQS: Failed to apply optimization [13, 9]
2022-02-27 18:07:24.082 17414-17788/? I/chatty: uid=1000(system) OplusResourceMa identical 3 lines
2022-02-27 18:07:24.120 17414-17788/? E/ORMS_CORE: Unsupported action!!!
2022-02-27 18:07:24.512 17414-17788/? E/ORMS_CORE: Unsupported action!!!
2022-02-27 18:07:24.512 1029-1117/? E/ANDR-PERF-OPTSHANDLER: Perflock resource /sys/class/devfreq/soc:qcom,cpu0-cpu-llcc-lat/mem_latency/ratio_ceil not supported
2022-02-27 18:07:24.512 1029-1117/? E/ANDR-PERF-RESOURCEQS: Failed to apply optimization [13, 8]
2022-02-27 18:07:24.512 1029-1117/? E/ANDR-PERF-OPTSHANDLER: Perflock resource /sys/class/devfreq/soc:qcom,cpu4-cpu-llcc-lat/mem_latency/ratio_ceil not supported
2022-02-27 18:07:24.512 1029-1117/? E/ANDR-PERF-RESOURCEQS: Failed to apply optimization [13, 9]
2022-02-27 18:07:24.572 17414-20156/? I/OplusCustomizeService: pkg:com.android.systemui isPlatformSigned, return true drectly 
2022-02-27 18:07:24.572 17414-17788/? E/ORMS_CORE: Unsupported action!!!
2022-02-27 18:07:24.573 17414-18178/? I/OplusCustomizeService: pkg:com.android.systemui isPlatformSigned, return true drectly 
2022-02-27 18:07:24.573 17414-20147/? I/WifiService: setWifiEnabled package=com.android.systemui uid=10122 enable=true
2022-02-27 18:07:24.574 17414-20147/? E/WifiConfigManager: Cannot find network with configKey "  AIS SMART Login"WPA_EAP
2022-02-27 18:07:24.575 18364-18455/? W/[0]DCS-MobileHelper: getContryCode slotid=0,type=1,code=null,result=
2022-02-27 18:07:24.575 18364-18455/? W/[0]DCS-MobileHelper: getContryCode slotid=1,type=1,code=null,result=
2022-02-27 18:07:24.578 19370-21734/? E/OsAgent:  Wifi Scan Always Available: 1
2022-02-27 18:07:24.579 17414-17714/? I/WifiClientModeManager0: sent WIFI_STATE_CHANED broadcast: 2
2022-02-27 18:07:24.580 17414-17414/? I/OplusWifiOperatorPresetApList: android.net.wifi.WIFI_STATE_CHANGED received.
2022-02-27 18:07:24.580 17414-17414/? I/OplusWifiOperatorPresetApList: android.net.wifi.WIFI_STATE_CHANGED, intExtraExpectedValue is 3, intExtraValue is 2
2022-02-27 18:07:24.580 17414-17414/? I/OplusWifiOperatorPresetApList: android.net.wifi.WIFI_STATE_CHANGED received.
2022-02-27 18:07:24.580 17414-17414/? I/OplusWifiOperatorPresetApList: android.net.wifi.WIFI_STATE_CHANGED, intExtraExpectedValue is 3, intExtraValue is 2
2022-02-27 18:07:24.583 17414-17496/? W/BroadcastQueue: Background execution not allowed: receiving Intent { act=android.net.wifi.WIFI_STATE_CHANGED flg=0x4000010 (has extras) } to com.coloros.ocs.opencapabilityservice/.rus.RUSBroadcastReceiver
2022-02-27 18:07:24.586 17414-17714/? I/SupplicantStaIfaceHal: Starting supplicant using HIDL
2022-02-27 18:07:24.587 534-534/? I/hwservicemanager: Since android.hardware.wifi.supplicant@1.0::ISupplicant/default is not registered, trying to start it as a lazy HAL.
2022-02-27 18:07:24.656 8296-8296/? I/wpa_supplicant: Processing hidl events on FD 3
2022-02-27 18:07:24.659 8296-8296/? I/HidlServiceManagement: Registered android.hardware.wifi.supplicant@1.3::ISupplicant/default
2022-02-27 18:07:24.660 8296-8296/? I/HidlServiceManagement: Registered vendor.qti.hardware.wifi.supplicant@2.2::ISupplicantVendor/default
2022-02-27 18:07:24.660 8296-8296/? I/wpa_supplicant: Register Vendor HIDL default service
2022-02-27 18:07:24.661 8296-8296/? I/HidlServiceManagement: Registered vendor.oplus.hardware.wifi.supplicant@2.0::IOplusSupplicant/default
2022-02-27 18:07:24.661 8296-8296/? I/wpa_supplicant: Register oplus HIDL default service
2022-02-27 18:07:24.676 8296-8296/? I/wpa_supplicant: Successfully initialized wpa_supplicant
2022-02-27 18:07:24.676 17414-17479/? I/android_os_HwBinder: HwBinder: Starting thread pool for getting: android.hardware.wifi.supplicant@1.0::ISupplicant/default
2022-02-27 18:07:24.676 17414-17797/? I/android_os_HwBinder: HwBinder: Starting thread pool for getting: android.hardware.wifi.supplicant@1.0::ISupplicant/default
2022-02-27 18:07:24.678 17414-17479/? I/android_os_HwBinder: HwBinder: Starting thread pool for getting: vendor.qti.hardware.wifi.supplicant@2.0::ISupplicantVendor/default
2022-02-27 18:07:24.678 17414-17479/? E/SupplicantP2pIfaceHal: Discover ISupplicantVendor service successfull
2022-02-27 18:07:24.678 17414-17479/? I/SupplicantP2pIfaceHal: Completed initialization of ISupplicant interfaces.
2022-02-27 18:07:24.678 17414-17797/? I/android_os_HwBinder: HwBinder: Starting thread pool for getting: vendor.qti.hardware.wifi.supplicant@2.0::ISupplicantVendor/default
2022-02-27 18:07:24.679 17414-17797/? E/SupplicantStaIfaceHal: Discover ISupplicantVendor service successfull
2022-02-27 18:07:24.679 17414-17797/? I/SupplicantStaIfaceHal: Completed initialization of ISupplicant.
2022-02-27 18:07:24.689 17414-17714/? E/SupplicantStaIfaceHal: Can't call setupIface, ISupplicantStaIface is null
2022-02-27 18:07:24.690 17414-17714/? I/android_os_HwBinder: HwBinder: Starting thread pool for getting: android.hardware.wifi.supplicant@1.0::ISupplicant/default
2022-02-27 18:07:24.694 8296-8296/? W/wpa_supplicant: add WPA_DRIVER_CAPA_KEY_MGMT_DPP to drv->capa.key_mgmt_iftype[WPA_IF_STATION]
2022-02-27 18:07:24.695 8296-8296/? I/wpa_supplicant: rfkill: Cannot open RFKILL control device
2022-02-27 18:07:24.695 17414-17457/? I/EthernetTracker: interfaceLinkStateChanged, iface: wlan0, up: false
2022-02-27 18:07:24.697 8296-8296/? E/wpa_supplicant: eap_proxy: eap_proxy_init
2022-02-27 18:07:24.698 8296-8296/? E/wpa_supplicant: eap_proxy:eap_proxy_get_imsi: Not initialized
2022-02-27 18:07:24.698 8296-8296/? I/wpa_supplicant: Mapping to vendor sta iface
2022-02-27 18:07:24.699 8296-8297/? E/wpa_supplicant: eap_proxy: num_modems = 1
2022-02-27 18:07:24.699 8296-8297/? E/wpa_supplicant: eap_proxy: eap_proxy Initializing for DUAL SIM build 2 tid 8297
2022-02-27 18:07:24.700 2429-2433/? E/Diag_Lib: [IMS_AP]"ims-rtp-daemon ims_rtp_qmi_handler_thread_func waiting on select thread>"
2022-02-27 18:07:24.701 2429-2433/? I/chatty: uid=1001(radio) /vendor/bin/ims_rtp_daemon identical 1 line
2022-02-27 18:07:24.701 2429-2433/? E/Diag_Lib: [IMS_AP]"ims-rtp-daemon ims_rtp_qmi_handler_thread_func waiting on select thread>"
2022-02-27 18:07:24.702 8296-8297/? E/wpa_supplicant: eap_proxy: QMI_UIM_EVENT_REG_REQ_V01, qmi_err_code: 0x0 wpa_uim[0].qmi_uim_svc_client_ptr =0x1Error=0x0
2022-02-27 18:07:24.702 8296-8297/? E/wpa_supplicant: eap_proxy: event_resp_msg.event=1,
2022-02-27 18:07:24.702 8296-8297/? E/wpa_supplicant: eap_proxy: reading card 1 values
2022-02-27 18:07:24.702 8296-8297/? E/wpa_supplicant: eap_proxy: card_info[i].card_state: 0x2
2022-02-27 18:07:24.702 8296-8297/? E/wpa_supplicant: eap_proxy: card_info[i].error_code: 0x3
2022-02-27 18:07:24.702 8296-8297/? E/wpa_supplicant: eap_proxy: read_card_status: Not GW it's 1x
2022-02-27 18:07:24.702 8296-8297/? E/wpa_supplicant: eap_proxy: Error while reading SIM card status
2022-02-27 18:07:24.702 8296-8297/? E/wpa_supplicant: eap_proxy: QMI uim service client initialized with success tid is 8297 0x1 0
2022-02-27 18:07:24.703 2429-2433/? E/Diag_Lib: [IMS_AP]"ims-rtp-daemon ims_rtp_qmi_handler_thread_func waiting on select thread>"
2022-02-27 18:07:24.704 2429-2433/? E/Diag_Lib: [IMS_AP]"ims-rtp-daemon ims_rtp_qmi_handler_thread_func waiting on select thread>"
2022-02-27 18:07:24.704 8296-8297/? E/wpa_supplicant: eap_proxy: QMI auth service client initialized with success tid is 8297  0x2 eapol_proxy=0x5b9aa2b638
2022-02-27 18:07:24.704 8296-8297/? E/wpa_supplicant: registering for notification codes
2022-02-27 18:07:24.704 2429-2433/? E/Diag_Lib: [IMS_AP]"ims-rtp-daemon ims_rtp_qmi_handler_thread_func waiting on select thread>"
2022-02-27 18:07:24.705 2429-2433/? E/Diag_Lib: [IMS_AP]"ims-rtp-daemon ims_rtp_qmi_handler_thread_func waiting on select thread>"
2022-02-27 18:07:24.705 2429-2433/? E/Diag_Lib: [IMS_AP]"ims-rtp-daemon ims_rtp_qmi_handler_thread_func waiting on select thread>"
2022-02-27 18:07:24.705 17414-17714/? E/SupplicantStaIfaceHal: Can't call vendor_setupIface, ISupplicantVendorStaIface is null
2022-02-27 18:07:24.706 2429-2433/? E/Diag_Lib: [IMS_AP]"ims-rtp-daemon ims_rtp_qmi_handler_thread_func waiting on select thread>"
2022-02-27 18:07:24.706 8296-8297/? E/wpa_supplicant: eap_proxy: QMI_UIM_EVENT_REG_REQ_V01, qmi_err_code: 0x0 wpa_uim[1].qmi_uim_svc_client_ptr =0x3Error=0x0
2022-02-27 18:07:24.706 8296-8297/? E/wpa_supplicant: eap_proxy: event_resp_msg.event=1,
2022-02-27 18:07:24.706 8296-8297/? E/wpa_supplicant: eap_proxy: reading card 2 values
2022-02-27 18:07:24.706 8296-8297/? E/wpa_supplicant: eap_proxy: card_info[i].card_state: 0x2
2022-02-27 18:07:24.706 8296-8297/? E/wpa_supplicant: eap_proxy: card_info[i].error_code: 0x3
2022-02-27 18:07:24.706 8296-8297/? E/wpa_supplicant: eap_proxy: read_card_status: Not GW it's 1x
2022-02-27 18:07:24.706 8296-8297/? E/wpa_supplicant: eap_proxy: Error while reading SIM card status
2022-02-27 18:07:24.706 8296-8297/? E/wpa_supplicant: eap_proxy: QMI uim service client initialized with success tid is 8297 0x3 0
2022-02-27 18:07:24.707 17414-17714/? I/android_os_HwBinder: HwBinder: Starting thread pool for getting: vendor.qti.hardware.wifi.supplicant@2.0::ISupplicantVendor/default
2022-02-27 18:07:24.707 2429-2433/? E/Diag_Lib: [IMS_AP]"ims-rtp-daemon ims_rtp_qmi_handler_thread_func waiting on select thread>"
2022-02-27 18:07:24.707 17414-17714/? E/SupplicantStaIfaceHal: Try to get Vendor HIDL@2.0 interface
2022-02-27 18:07:24.707 8296-8296/? I/wpa_supplicant: get vendor sta iface object
2022-02-27 18:07:24.708 2429-2433/? E/Diag_Lib: [IMS_AP]"ims-rtp-daemon ims_rtp_qmi_handler_thread_func waiting on select thread>"
2022-02-27 18:07:24.709 8296-8297/? E/wpa_supplicant: eap_proxy: QMI auth service client initialized with success tid is 8297  0x4 eapol_proxy=0x5b9aa2b638
2022-02-27 18:07:24.709 8296-8297/? E/wpa_supplicant: registering for notification codes
2022-02-27 18:07:24.709 2429-2433/? E/Diag_Lib: [IMS_AP]"ims-rtp-daemon ims_rtp_qmi_handler_thread_func waiting on select thread>"
2022-02-27 18:07:24.709 17414-17714/? E/SupplicantStaIfaceHal: Successful get Vendor sta interface
2022-02-27 18:07:24.709 8296-8297/? E/wpa_supplicant: eap_proxy: Eap_proxy initialized successfully tid is 8297 
2022-02-27 18:07:24.710 17414-17714/? E/OplusSupplicantStaIfaceHal: Can't call setupIface, IOplusSupplicantStaIface is null
2022-02-27 18:07:24.711 17414-17714/? I/android_os_HwBinder: HwBinder: Starting thread pool for getting: vendor.oplus.hardware.wifi.supplicant@2.0::IOplusSupplicant/default
2022-02-27 18:07:24.712 17414-17714/? E/OplusSupplicantStaIfaceHal: Try to get oplus HIDL@2.0 interface
2022-02-27 18:07:24.714 8296-8296/? I/wpa_supplicant: get oplus sta iface object
2022-02-27 18:07:24.714 17414-17714/? E/OplusSupplicantStaIfaceHal: Successful get Oplus sta interface
2022-02-27 18:07:24.720 17414-17714/? I/WifiNative: Successfully switched to connectivity mode on iface=Iface:{Name=wlan0,Id=0,Type=STA_CONNECTIVITY}
2022-02-27 18:07:24.731 8296-8296/? E/wpa_supplicant: eap_proxy: eap_proxy_notify_config
2022-02-27 18:07:24.731 8296-8296/? E/wpa_supplicant: eap_proxy: eap_proxy_notify_config
2022-02-27 18:07:24.739 2429-2433/? E/Diag_Lib: [IMS_AP]"ims-rtp-daemon ims_rtp_qmi_handler_thread_func waiting on select thread>"
2022-02-27 18:07:24.740 2429-2433/? E/Diag_Lib: [IMS_AP]"ims-rtp-daemon ims_rtp_qmi_handler_thread_func waiting on select thread>"
2022-02-27 18:07:24.748 8152-8191/? W/GameAnalytics: Warning/GameAnalytics: Event queue: Failed to send events to collector - Retrying next time
2022-02-27 18:07:24.756 17414-17457/? I/EthernetTracker: interfaceLinkStateChanged, iface: wlan0, up: false
2022-02-27 18:07:24.758 17414-17457/? I/chatty: uid=1000(system) android.fg identical 1 line
2022-02-27 18:07:24.759 17414-17457/? I/EthernetTracker: interfaceLinkStateChanged, iface: wlan0, up: false
2022-02-27 18:07:24.760 8296-8296/? E/wpa_supplicant: eap_proxy: eap_proxy_notify_config
2022-02-27 18:07:24.766 1450-1612/? I/QC-NETMGR-LIB: NetmgrNetdClientRemoveInterfaceFromOemNetwork(): Looking for Netd service
2022-02-27 18:07:24.766 1450-1612/? I/QC-NETMGR-LIB: NetmgrNetdClientRemoveInterfaceFromOemNetwork(): starting command
2022-02-27 18:07:24.766 1450-1612/? I/QC-NETMGR-LIB: removeInterfaceFromOemNetwork(): Attempting removeInterfaceFromOemNetwork
2022-02-27 18:07:24.767 8296-8296/? I/wpa_supplicant: wlan0: CTRL-EVENT-REGDOM-CHANGE init=USER type=COUNTRY alpha2=VN
2022-02-27 18:07:24.768 1002-1002/? E/WifiHAL: wifi_start_pkt_fate_monitoring: packet fate logging feature not supported 0
2022-02-27 18:07:24.768 17414-17714/? E/WifiVendorHal: startPktFateMonitoring(l.1832) failed {.code = ERROR_NOT_SUPPORTED, .description = }
2022-02-27 18:07:24.768 17414-17714/? W/WifiDiags: Failed to start packet fate monitoring
2022-02-27 18:07:24.769 1002-1002/? E/WifiHAL: wifi_get_ring_buffers_status: Ring buffer logging feature not supported 0
2022-02-27 18:07:24.771 17414-17714/? E/WifiVendorHal: getRingBufferStatus(l.1724) failed {.code = ERROR_NOT_SUPPORTED, .description = }
2022-02-27 18:07:24.771 17414-17714/? W/WifiDiags: no ring buffers found
2022-02-27 18:07:24.772 1450-1612/? I/QC-NETMGR-LIB: NetmgrNetdClientRemoveInterfaceFromOemNetwork(): completed command
2022-02-27 18:07:24.773 1450-1612/? I/QC-NETMGR-LIB: NetmgrNetdClientAddInterfaceToOemNetwork(): Looking for Netd service
2022-02-27 18:07:24.773 1450-1612/? I/QC-NETMGR-LIB: NetmgrNetdClientAddInterfaceToOemNetwork(): starting command
2022-02-27 18:07:24.773 1450-1612/? I/QC-NETMGR-LIB: addInterfaceToOemNetwork(): Attempting addInterfaceToOemNetwork
2022-02-27 18:07:24.774 1450-1612/? I/QC-NETMGR-LIB: NetmgrNetdClientAddInterfaceToOemNetwork(): completed command
2022-02-27 18:07:24.774 1450-1612/? I/QC-NETMGR-LIB: NetmgrNetdClientAddRouteToOemNetwork(): Looking for Netd service
2022-02-27 18:07:24.775 1450-1612/? I/QC-NETMGR-LIB: NetmgrNetdClientAddRouteToOemNetwork(): starting command
2022-02-27 18:07:24.775 1450-1612/? I/QC-NETMGR-LIB: addRouteToOemNetwork(): Attempting addRouteToOemNetwork
2022-02-27 18:07:24.775 1450-1612/? I/QC-NETMGR-LIB: NetmgrNetdClientAddRouteToOemNetwork(): completed command
2022-02-27 18:07:24.775 1450-1612/? I/QC-NETMGR-LIB: NetmgrNetdClientSetForwardingBetweenInterfaces(): Looking for Netd service
2022-02-27 18:07:24.775 1450-1612/? I/QC-NETMGR-LIB: NetmgrNetdClientSetForwardingBetweenInterfaces(): starting command
2022-02-27 18:07:24.775 1450-1612/? I/QC-NETMGR-LIB: setForwardingBetweenInterfaces() r_rmnet_data0 wlan0: Attempting setForwardingBetweenInterfaces
2022-02-27 18:07:24.776 1450-1612/? I/QC-NETMGR-LIB: NetmgrNetdClientSetForwardingBetweenInterfaces(): completed command
2022-02-27 18:07:24.776 1450-1612/? I/QC-NETMGR-LIB: NetmgrNetdClientSetForwardingBetweenInterfaces(): Looking for Netd service
2022-02-27 18:07:24.776 1450-1612/? I/QC-NETMGR-LIB: NetmgrNetdClientSetForwardingBetweenInterfaces(): starting command
2022-02-27 18:07:24.776 1450-1612/? I/QC-NETMGR-LIB: setForwardingBetweenInterfaces() r_rmnet_data0 dummy0: Attempting setForwardingBetweenInterfaces
2022-02-27 18:07:24.776 1450-1612/? I/QC-NETMGR-LIB: NetmgrNetdClientSetForwardingBetweenInterfaces(): completed command
2022-02-27 18:07:24.776 1450-1612/? I/QC-NETMGR-LIB: NetmgrNetdClientAddRouteToOemNetwork(): Looking for Netd service
2022-02-27 18:07:24.776 1450-1612/? I/QC-NETMGR-LIB: NetmgrNetdClientAddRouteToOemNetwork(): starting command
2022-02-27 18:07:24.776 1450-1612/? I/QC-NETMGR-LIB: addRouteToOemNetwork(): Attempting addRouteToOemNetwork
2022-02-27 18:07:24.777 1450-1612/? I/QC-NETMGR-LIB: NetmgrNetdClientAddRouteToOemNetwork(): completed command
2022-02-27 18:07:24.777 1450-1612/? I/QC-NETMGR-LIB: NetmgrNetdClientSetForwardingBetweenInterfaces(): Looking for Netd service
2022-02-27 18:07:24.777 1450-1612/? I/QC-NETMGR-LIB: NetmgrNetdClientSetForwardingBetweenInterfaces(): starting command
2022-02-27 18:07:24.777 1450-1612/? I/QC-NETMGR-LIB: setForwardingBetweenInterfaces() r_rmnet_data0 wlan0: Attempting setForwardingBetweenInterfaces
2022-02-27 18:07:24.777 1450-1612/? I/QC-NETMGR-LIB: NetmgrNetdClientSetForwardingBetweenInterfaces(): completed command
2022-02-27 18:07:24.790 17414-17714/? I/WifiClientModeImpl: disconnectedstate enter
2022-02-27 18:07:24.791 17414-17714/? E/WifiScoringParams: Invalid frequency(-1), using 5G as default rssi array
2022-02-27 18:07:24.795 17414-17714/? I/WifiScanRequestProxy: Scanning is enabled
2022-02-27 18:07:24.795 17414-17714/? I/WifiScanRequestProxy: Scanning for hidden networks is enabled
2022-02-27 18:07:24.796 17414-20147/? I/OplusCustomizeService: pkg:com.android.systemui isPlatformSigned, return true drectly 
2022-02-27 18:07:24.800 17414-18517/? W/AlarmManager: Unrecognized alarm listener com.oplus.server.wifi.OplusScanFoolProof$1@5d80f52
2022-02-27 18:07:24.800 17414-17496/? W/BroadcastQueue: Background execution not allowed: receiving Intent { act=android.net.wifi.WIFI_STATE_CHANGED flg=0x4000010 (has extras) } to com.coloros.ocs.opencapabilityservice/.rus.RUSBroadcastReceiver
2022-02-27 18:07:24.800 17414-17714/? I/WifiClientModeManager0: sent WIFI_STATE_CHANED broadcast: 3
2022-02-27 18:07:24.801 17414-17444/? I/OplusCustomizeService: pkg:com.android.systemui isPlatformSigned, return true drectly 
2022-02-27 18:07:24.802 17414-17414/? I/OplusWifiOperatorPresetApList: android.net.wifi.WIFI_STATE_CHANGED received.
2022-02-27 18:07:24.803 17414-17414/? I/OplusWifiOperatorPresetApList: android.net.wifi.WIFI_STATE_CHANGED, intExtraExpectedValue is 3, intExtraValue is 3
2022-02-27 18:07:24.803 17414-17414/? I/OplusWifiOperatorPresetApList: applySingleNetwork, checking network:"T2093d78230
2022-02-27 18:07:24.803 17414-17414/? I/OplusWifiOperatorPresetApList: addOrRemoveSingleNetwork, wifiConfig.getKey:"T2093d78230, requiredPropAndFeatureLogicIsAnd:true
2022-02-27 18:07:24.803 17414-17414/? I/OplusWifiOperatorPresetApList: addOrRemoveSingleNetwork, wifiConfig.getKey:"T2093d78230, property:persist.sys.oplus.operator.opta, value:TMOBILE, currentValue:
2022-02-27 18:07:24.803 17414-17414/? I/OplusWifiOperatorPresetApList: addOrRemoveSingleNetwork, wifiConfig.getKey:"T2093d78230, property:persist.sys.oplus.operator.optb, value:DE, currentValue:
2022-02-27 18:07:24.803 17414-17414/? I/OplusWifiOperatorPresetApList: addOrRemoveSingleNetwork, wifiConfig.getKey:"T2093d78230, feature:oplus.software.wlan.operator_preset_tmobile, support:false
2022-02-27 18:07:24.803 17414-17414/? I/OplusWifiOperatorPresetApList: addOrRemoveSingleNetwork, wifiConfig.getKey:"T2093d78230, no need to check SIM operator.
2022-02-27 18:07:24.803 17414-17414/? I/OplusWifiOperatorPresetApList: addOrRemoveSingleNetwork, wifiConfig.getKey:"T2093d78230 doesn't match pre-conditions, propertyAndFeatureMatch:false, simOperatorMatch:true
2022-02-27 18:07:24.804 17414-17760/? I/WifiScanningService: Received a request to enable scanning, UID = 1000
2022-02-27 18:07:24.804 17414-17760/? I/WifiScanningService: scanner impls already exists
2022-02-27 18:07:24.804 17414-17760/? E/WifiScanningService: wifi driver loaded received while already loaded
2022-02-27 18:07:24.804 17414-18178/? I/OplusCustomizeService: pkg:com.android.systemui isPlatformSigned, return true drectly 
2022-02-27 18:07:24.805 17414-17714/? W/WifiConfigStore: No data stored for writing to file: /data/misc/apexdata/com.android.wifi/WifiConfigStoreSoftAp.xml
2022-02-27 18:07:24.806 17414-17714/? W/WifiConfigStore: No data stored for writing to file: /data/misc_ce/0/apexdata/com.android.wifi/WifiConfigStoreNetworkSuggestions.xml
2022-02-27 18:07:24.812 17414-17543/? W/ContextImpl: Calling a method in the system process without a qualified user: android.app.ContextImpl.startService:1705 android.content.ContextWrapper.startService:730 com.oplus.util.OplusStatisticsImpl.startService:216 com.oplus.util.OplusStatisticsImpl.sendDataToDCS:192 com.oplus.util.OplusStatisticsImpl.onCommonSync:84 
2022-02-27 18:07:24.812 17414-17414/? I/OplusWifiOperatorPresetApList: android.net.wifi.WIFI_STATE_CHANGED received.
2022-02-27 18:07:24.812 17414-17414/? I/OplusWifiOperatorPresetApList: android.net.wifi.WIFI_STATE_CHANGED, intExtraExpectedValue is 3, intExtraValue is 3
2022-02-27 18:07:24.812 17414-17414/? I/OplusWifiOperatorPresetApList: applySingleNetwork, checking network:"W19cffac282
2022-02-27 18:07:24.812 17414-17414/? I/OplusWifiOperatorPresetApList: addOrRemoveSingleNetwork, wifiConfig.getKey:"W19cffac282, requiredPropAndFeatureLogicIsAnd:false
2022-02-27 18:07:24.813 17414-17414/? I/OplusWifiOperatorPresetApList: addOrRemoveSingleNetwork, wifiConfig.getKey:"W19cffac282, feature:oplus.software.wlan.o2_preset, support:false
2022-02-27 18:07:24.814 17414-17414/? I/OplusWifiOperatorPresetApList: addOrRemoveSingleNetwork, wifiConfig.getKey:"W19cffac282 doesn't match pre-conditions, propertyAndFeatureMatch:false, simOperatorMatch:false
2022-02-27 18:07:24.816 18364-18455/? W/[0]DCS-MobileHelper: getContryCode slotid=0,type=1,code=null,result=
2022-02-27 18:07:24.816 18364-18455/? W/[0]DCS-MobileHelper: getContryCode slotid=1,type=1,code=null,result=
2022-02-27 18:07:24.820 18364-18455/? W/[0]DCS-MobileHelper: getContryCode slotid=0,type=1,code=null,result=
2022-02-27 18:07:24.820 18364-18455/? W/[0]DCS-MobileHelper: getContryCode slotid=1,type=1,code=null,result=
2022-02-27 18:07:24.841 8296-8296/? E/wpa_supplicant: eap_proxy: eap_proxy_notify_config
2022-02-27 18:07:24.841 8296-8296/? E/wpa_supplicant: eap_proxy: eap_proxy_notify_config
2022-02-27 18:07:24.901 2429-2433/? E/Diag_Lib: [IMS_AP]"ims-rtp-daemon ims_rtp_qmi_handler_thread_func waiting on select thread>"
2022-02-27 18:07:24.922 17414-17457/? I/EthernetTracker: interfaceLinkStateChanged, iface: wlan0, up: false
2022-02-27 18:07:24.815 17414-17543/? W/ContextImpl: Calling a method in the system process without a qualified user: android.app.ContextImpl.startService:1705 android.content.ContextWrapper.startService:730 com.oplus.util.OplusStatisticsImpl.startService:216 com.oplus.util.OplusStatisticsImpl.sendDataToDCS:192 com.oplus.util.OplusStatisticsImpl.onCommonSync:84 
2022-02-27 18:07:24.922 17122-17122/? W/wificond: Scan aborted
2022-02-27 18:07:24.923 8296-8296/? E/wpa_supplicant: eap_proxy: eap_proxy_notify_config
2022-02-27 18:07:24.923 17414-17457/? I/EthernetTracker: interfaceLinkStateChanged, iface: wlan0, up: false
2022-02-27 18:07:24.924 1450-1612/? I/QC-NETMGR-LIB: NetmgrNetdClientRemoveInterfaceFromOemNetwork(): Looking for Netd service
2022-02-27 18:07:24.924 1450-1612/? I/QC-NETMGR-LIB: NetmgrNetdClientRemoveInterfaceFromOemNetwork(): starting command
2022-02-27 18:07:24.924 1450-1612/? I/QC-NETMGR-LIB: removeInterfaceFromOemNetwork(): Attempting removeInterfaceFromOemNetwork
2022-02-27 18:07:24.927 17414-17457/? I/EthernetTracker: interfaceLinkStateChanged, iface: wlan0, up: false
2022-02-27 18:07:24.928 1450-1612/? I/QC-NETMGR-LIB: NetmgrNetdClientRemoveInterfaceFromOemNetwork(): completed command
2022-02-27 18:07:24.929 1450-1612/? I/QC-NETMGR-LIB: NetmgrNetdClientAddInterfaceToOemNetwork(): Looking for Netd service
2022-02-27 18:07:24.929 1450-1612/? I/QC-NETMGR-LIB: NetmgrNetdClientAddInterfaceToOemNetwork(): starting command
2022-02-27 18:07:24.929 1450-1612/? I/QC-NETMGR-LIB: addInterfaceToOemNetwork(): Attempting addInterfaceToOemNetwork
2022-02-27 18:07:24.931 1450-1612/? I/QC-NETMGR-LIB: NetmgrNetdClientAddInterfaceToOemNetwork(): completed command
2022-02-27 18:07:24.931 1450-1612/? I/QC-NETMGR-LIB: NetmgrNetdClientAddRouteToOemNetwork(): Looking for Netd service
2022-02-27 18:07:24.931 1450-1612/? I/QC-NETMGR-LIB: NetmgrNetdClientAddRouteToOemNetwork(): starting command
2022-02-27 18:07:24.931 1450-1612/? I/QC-NETMGR-LIB: addRouteToOemNetwork(): Attempting addRouteToOemNetwork
2022-02-27 18:07:24.931 1450-1612/? I/QC-NETMGR-LIB: NetmgrNetdClientAddRouteToOemNetwork(): completed command
2022-02-27 18:07:24.931 1450-1612/? I/QC-NETMGR-LIB: NetmgrNetdClientSetForwardingBetweenInterfaces(): Looking for Netd service
2022-02-27 18:07:24.931 1450-1612/? I/QC-NETMGR-LIB: NetmgrNetdClientSetForwardingBetweenInterfaces(): starting command
2022-02-27 18:07:24.931 1450-1612/? I/QC-NETMGR-LIB: setForwardingBetweenInterfaces() r_rmnet_data0 wlan0: Attempting setForwardingBetweenInterfaces
2022-02-27 18:07:24.932 1450-1612/? I/QC-NETMGR-LIB: NetmgrNetdClientSetForwardingBetweenInterfaces(): completed command
2022-02-27 18:07:24.932 1450-1612/? I/QC-NETMGR-LIB: NetmgrNetdClientSetForwardingBetweenInterfaces(): Looking for Netd service
2022-02-27 18:07:24.932 1450-1612/? I/QC-NETMGR-LIB: NetmgrNetdClientSetForwardingBetweenInterfaces(): starting command
2022-02-27 18:07:24.932 1450-1612/? I/QC-NETMGR-LIB: setForwardingBetweenInterfaces() r_rmnet_data0 dummy0: Attempting setForwardingBetweenInterfaces
2022-02-27 18:07:24.932 1450-1612/? I/QC-NETMGR-LIB: NetmgrNetdClientSetForwardingBetweenInterfaces(): completed command
2022-02-27 18:07:24.932 1450-1612/? I/QC-NETMGR-LIB: NetmgrNetdClientAddRouteToOemNetwork(): Looking for Netd service
2022-02-27 18:07:24.932 1450-1612/? I/QC-NETMGR-LIB: NetmgrNetdClientAddRouteToOemNetwork(): starting command
2022-02-27 18:07:24.932 1450-1612/? I/QC-NETMGR-LIB: addRouteToOemNetwork(): Attempting addRouteToOemNetwork
2022-02-27 18:07:24.932 1450-1612/? I/QC-NETMGR-LIB: NetmgrNetdClientAddRouteToOemNetwork(): completed command
2022-02-27 18:07:24.932 1450-1612/? I/QC-NETMGR-LIB: NetmgrNetdClientSetForwardingBetweenInterfaces(): Looking for Netd service
2022-02-27 18:07:24.932 1450-1612/? I/QC-NETMGR-LIB: NetmgrNetdClientSetForwardingBetweenInterfaces(): starting command
2022-02-27 18:07:24.932 1450-1612/? I/QC-NETMGR-LIB: setForwardingBetweenInterfaces() r_rmnet_data0 wlan0: Attempting setForwardingBetweenInterfaces
2022-02-27 18:07:24.932 1450-1612/? I/QC-NETMGR-LIB: NetmgrNetdClientSetForwardingBetweenInterfaces(): completed command
2022-02-27 18:07:24.934 17414-17760/? W/WificondScannerImpl: Scan failed
2022-02-27 18:07:24.937 17414-17714/? I/WifiClientModeImpl: Connecting with 7e:**:**:**:82:13 as the mac address
2022-02-27 18:07:24.938 17122-17122/? W/wificond: Scan is not started. Ignore abort request
2022-02-27 18:07:24.938 17414-17714/? I/SupplicantStaIfaceHal: addSupplicantStaNetwork via HIDL
2022-02-27 18:07:24.940 17414-17714/? I/System.out: stanetwork getId >>0
2022-02-27 18:07:24.940 17414-17714/? E/SupplicantStaNetworkHal: set ISupplicantVendorStaNetwork successfull
2022-02-27 18:07:24.942 8296-8296/? I/wpa_supplicant: key_mgmt: 0x142
2022-02-27 18:07:24.942 17414-17714/? E/SupplicantStaNetworkHal: Invalid VendorKeyMgmtMask bit in keyMgmt: 1
2022-02-27 18:07:24.942 17414-17714/? E/SupplicantStaNetworkHal: Invalid VendorKeyMgmtMask bit in keyMgmt: 11
2022-02-27 18:07:24.942 17414-17714/? E/SupplicantStaNetworkHal: Vendor Key Management 0
2022-02-27 18:07:24.942 8296-8296/? I/wpa_supplicant: Vendor key_mgmt: 0x142
2022-02-27 18:07:24.942 8296-8296/? I/wpa_supplicant: proto: 0x7
2022-02-27 18:07:24.942 17414-17714/? E/SupplicantStaNetworkHal: Invalid protoMask bit in wificonfig: 0
2022-02-27 18:07:24.942 17414-17714/? E/SupplicantStaNetworkHal: Invalid protoMask bit in wificonfig: 1
2022-02-27 18:07:24.942 17414-17714/? E/SupplicantStaNetworkHal: Invalid protoMask bit in wificonfig: 3
2022-02-27 18:07:24.943 8296-8296/? I/wpa_supplicant: Vendor Proto: 0x7
2022-02-27 18:07:24.944 8296-8296/? I/wpa_supplicant: psk max len = 64
2022-02-27 18:07:24.947 8296-8296/? E/wpa_supplicant: eap_proxy: eap_proxy_notify_config
2022-02-27 18:07:24.949 17414-17414/? W/Looper: Slow dispatch took 137ms main h=android.app.ActivityThread$H c=android.app.-$$Lambda$LoadedApk$ReceiverDispatcher$Args$_BumDX2UKsnxLVrE6UJsJZkotuA@eb0e553 m=0
2022-02-27 18:07:24.953 17414-17460/? W/ContextImpl: Calling a method in the system process without a qualified user: android.app.ContextImpl.sendBroadcastMultiplePermissions:1179 android.content.Context.sendBroadcastWithMultiplePermissions:2150 com.android.server.display.WifiDisplayAdapter.handleSendStatusChangeBroadcast:440 com.android.server.display.WifiDisplayAdapter.access$1700:63 com.android.server.display.WifiDisplayAdapter$WifiDisplayHandler.handleMessage:675 
2022-02-27 18:07:24.953 17414-17444/? I/OplusCustomizeService: pkg:com.android.systemui isPlatformSigned, return true drectly 
2022-02-27 18:07:24.955 17122-17122/? I/wificond: Unexpected empty scan result!
2022-02-27 18:07:24.959 17414-17444/? I/OplusCustomizeService: pkg:com.android.systemui isPlatformSigned, return true drectly 
2022-02-27 18:07:24.963 17414-17719/? I/OplusWifiSarManager: Received action: android.net.wifi.STATE_CHANGE
2022-02-27 18:07:24.963 17414-17719/? I/OplusWifiSarManager: wifi disabled, do not enable wifi sar!
2022-02-27 18:07:24.963 17414-17719/? I/OplusWifiSarManager: no sar state change, do not reset power limit
2022-02-27 18:07:24.963 19125-21704/? I/NearbyDiscovery: FastPairHandler: Received action android.net.wifi.STATE_CHANGE [CONTEXT service_id=49 ]
2022-02-27 18:07:24.964 8296-8296/? W/wpa_supplicant: add WPA_DRIVER_CAPA_KEY_MGMT_DPP to drv->capa.key_mgmt_iftype[WPA_IF_STATION]
2022-02-27 18:07:24.965 8296-8296/? I/wpa_supplicant: rfkill: Cannot open RFKILL control device
2022-02-27 18:07:24.966 17414-17457/? I/EthernetTracker: interfaceLinkStateChanged, iface: p2p0, up: false
2022-02-27 18:07:24.967 17414-17457/? I/EthernetTracker: interfaceLinkStateChanged, iface: p2p0, up: false
2022-02-27 18:07:24.969 8296-8296/? E/wpa_supplicant: eap_proxy: eap_proxy_init
2022-02-27 18:07:24.970 8296-8314/? E/wpa_supplicant: eap_proxy: num_modems = 1
2022-02-27 18:07:24.970 8296-8314/? E/wpa_supplicant: eap_proxy: eap_proxy Initializing for DUAL SIM build 2 tid 8314
2022-02-27 18:07:24.971 2429-2433/? E/Diag_Lib: [IMS_AP]"ims-rtp-daemon ims_rtp_qmi_handler_thread_func waiting on select thread>"
2022-02-27 18:07:24.972 2429-2433/? I/chatty: uid=1001(radio) /vendor/bin/ims_rtp_daemon identical 1 line
2022-02-27 18:07:24.972 2429-2433/? E/Diag_Lib: [IMS_AP]"ims-rtp-daemon ims_rtp_qmi_handler_thread_func waiting on select thread>"
2022-02-27 18:07:24.973 8296-8314/? E/wpa_supplicant: eap_proxy: QMI_UIM_EVENT_REG_REQ_V01, qmi_err_code: 0x0 wpa_uim[0].qmi_uim_svc_client_ptr =0x5Error=0x0
2022-02-27 18:07:24.973 8296-8314/? E/wpa_supplicant: eap_proxy: event_resp_msg.event=1,
2022-02-27 18:07:24.973 8296-8314/? E/wpa_supplicant: eap_proxy: reading card 1 values
2022-02-27 18:07:24.973 8296-8314/? E/wpa_supplicant: eap_proxy: card_info[i].card_state: 0x2
2022-02-27 18:07:24.973 8296-8314/? E/wpa_supplicant: eap_proxy: card_info[i].error_code: 0x3
2022-02-27 18:07:24.973 8296-8314/? E/wpa_supplicant: eap_proxy: read_card_status: Not GW it's 1x
2022-02-27 18:07:24.973 8296-8314/? E/wpa_supplicant: eap_proxy: Error while reading SIM card status
2022-02-27 18:07:24.973 8296-8314/? E/wpa_supplicant: eap_proxy: QMI uim service client initialized with success tid is 8314 0x5 0
2022-02-27 18:07:24.973 2429-2433/? E/Diag_Lib: [IMS_AP]"ims-rtp-daemon ims_rtp_qmi_handler_thread_func waiting on select thread>"
2022-02-27 18:07:24.974 2429-2433/? I/chatty: uid=1001(radio) /vendor/bin/ims_rtp_daemon identical 1 line
2022-02-27 18:07:24.974 2429-2433/? E/Diag_Lib: [IMS_AP]"ims-rtp-daemon ims_rtp_qmi_handler_thread_func waiting on select thread>"
2022-02-27 18:07:24.974 8296-8314/? E/wpa_supplicant: eap_proxy: QMI auth service client initialized with success tid is 8314  0x6 eapol_proxy=0x5b9aa2b858
2022-02-27 18:07:24.974 8296-8314/? E/wpa_supplicant: registering for notification codes
2022-02-27 18:07:24.975 2429-2433/? E/Diag_Lib: [IMS_AP]"ims-rtp-daemon ims_rtp_qmi_handler_thread_func waiting on select thread>"
2022-02-27 18:07:24.976 2429-2433/? I/chatty: uid=1001(radio) /vendor/bin/ims_rtp_daemon identical 1 line
2022-02-27 18:07:24.976 2429-2433/? E/Diag_Lib: [IMS_AP]"ims-rtp-daemon ims_rtp_qmi_handler_thread_func waiting on select thread>"
2022-02-27 18:07:24.976 8296-8314/? E/wpa_supplicant: eap_proxy: QMI_UIM_EVENT_REG_REQ_V01, qmi_err_code: 0x0 wpa_uim[1].qmi_uim_svc_client_ptr =0x7Error=0x0
2022-02-27 18:07:24.976 8296-8314/? E/wpa_supplicant: eap_proxy: event_resp_msg.event=1,
2022-02-27 18:07:24.976 8296-8314/? E/wpa_supplicant: eap_proxy: reading card 2 values
2022-02-27 18:07:24.977 8296-8314/? E/wpa_supplicant: eap_proxy: card_info[i].card_state: 0x2
2022-02-27 18:07:24.977 8296-8314/? E/wpa_supplicant: eap_proxy: card_info[i].error_code: 0x3
2022-02-27 18:07:24.977 8296-8314/? E/wpa_supplicant: eap_proxy: read_card_status: Not GW it's 1x
2022-02-27 18:07:24.977 8296-8314/? E/wpa_supplicant: eap_proxy: Error while reading SIM card status
2022-02-27 18:07:24.977 8296-8314/? E/wpa_supplicant: eap_proxy: QMI uim service client initialized with success tid is 8314 0x7 0
2022-02-27 18:07:24.977 2429-2433/? E/Diag_Lib: [IMS_AP]"ims-rtp-daemon ims_rtp_qmi_handler_thread_func waiting on select thread>"
2022-02-27 18:07:24.978 2429-2433/? E/Diag_Lib: [IMS_AP]"ims-rtp-daemon ims_rtp_qmi_handler_thread_func waiting on select thread>"
2022-02-27 18:07:24.978 8296-8314/? E/wpa_supplicant: eap_proxy: QMI auth service client initialized with success tid is 8314  0x8 eapol_proxy=0x5b9aa2b858
2022-02-27 18:07:24.978 8296-8314/? E/wpa_supplicant: registering for notification codes
2022-02-27 18:07:24.978 8296-8314/? E/wpa_supplicant: eap_proxy: Eap_proxy initialized successfully tid is 8314 
2022-02-27 18:07:24.978 2429-2433/? E/Diag_Lib: [IMS_AP]"ims-rtp-daemon ims_rtp_qmi_handler_thread_func waiting on select thread>"
2022-02-27 18:07:24.980 17414-17457/? I/EthernetTracker: interfaceLinkStateChanged, iface: p2p0, up: false
2022-02-27 18:07:24.984 17414-17457/? I/chatty: uid=1000(system) android.fg identical 1 line
2022-02-27 18:07:24.984 17414-17457/? I/EthernetTracker: interfaceLinkStateChanged, iface: p2p0, up: false
2022-02-27 18:07:24.984 8296-8296/? E/wpa_supplicant: eap_proxy: reading card 1 values
2022-02-27 18:07:24.984 8296-8296/? E/wpa_supplicant: eap_proxy: card_info[i].card_state: 0x2
2022-02-27 18:07:24.984 8296-8296/? E/wpa_supplicant: eap_proxy: card_info[i].error_code: 0x3
2022-02-27 18:07:24.984 8296-8296/? E/wpa_supplicant: eap_proxy: read_card_status: Not GW it's 1x
2022-02-27 18:07:24.984 8296-8296/? I/wpa_supplicant: eap_proxy: Card not ready
2022-02-27 18:07:24.984 8296-8296/? I/wpa_supplicant: Mapping to vendor P2P iface
2022-02-27 18:07:24.987 17414-17715/? E/SupplicantP2pIfaceHal: Can't call vendor_setupIface, ISupplicantVendorP2PIface is null
2022-02-27 18:07:24.988 17414-17715/? I/android_os_HwBinder: HwBinder: Starting thread pool for getting: vendor.qti.hardware.wifi.supplicant@2.0::ISupplicantVendor/default
2022-02-27 18:07:24.988 17414-17715/? E/SupplicantP2pIfaceHal: Try to get Vendor HIDL@2.0 interface
2022-02-27 18:07:24.989 8296-8296/? I/wpa_supplicant: get vendor p2p iface object
2022-02-27 18:07:24.989 17414-17715/? E/SupplicantP2pIfaceHal: Successful get Vendor p2p interface
2022-02-27 18:07:24.990 17414-17715/? I/WifiP2pNative: P2P interface setup completed
2022-02-27 18:07:24.990 17414-17715/? I/android_os_HwBinder: HwBinder: Starting thread pool for getting: vendor.oplus.hardware.wifi.supplicant@2.0::IOplusSupplicant/default
2022-02-27 18:07:24.991 8296-8296/? I/wpa_supplicant: get oplus p2p iface object
2022-02-27 18:07:24.992 17414-17715/? I/WifiP2pService: Supported feature: P2P MAC randomization
2022-02-27 18:07:24.964 17414-17444/? I/OplusCustomizeService: pkg:com.android.systemui isPlatformSigned, return true drectly 
2022-02-27 18:07:24.994 17414-17715/? W/ContextImpl: Calling a method in the system process without a qualified user: android.app.ContextImpl.sendBroadcastMultiplePermissions:1179 android.content.Context.sendBroadcastWithMultiplePermissions:2150 com.android.server.wifi.p2p.WifiP2pServiceImpl$P2pStateMachine.sendBroadcastMultiplePermissions:3743 com.android.server.wifi.p2p.WifiP2pServiceImpl$P2pStateMachine.sendP2pConnectionChangedBroadcast:3779 com.android.server.wifi.p2p.WifiP2pServiceImpl$P2pStateMachine.access$5400:877 
2022-02-27 18:07:24.996 17414-17719/? I/OplusWifiSarManager: Received action: android.net.wifi.p2p.CONNECTION_STATE_CHANGE
2022-02-27 18:07:24.996 17414-17719/? I/OplusWifiSarManager: wifi disabled, do not enable wifi sar!
2022-02-27 18:07:24.996 17414-17719/? I/OplusWifiSarManager: no sar state change, do not reset power limit
2022-02-27 18:07:24.997 18080-18260/? I/Tethering: WifiP2pAction: P2pInfo: groupFormed: false isGroupOwner: false groupOwnerAddress: null Group: null
2022-02-27 18:07:24.999 17414-17715/? W/ContextImpl: Calling a method in the system process without a qualified user: android.app.ContextImpl.sendBroadcastMultiplePermissions:1179 android.content.Context.sendBroadcastWithMultiplePermissions:2150 com.android.server.wifi.p2p.WifiP2pServiceImpl$P2pStateMachine.sendBroadcastMultiplePermissions:3743 com.android.server.wifi.p2p.WifiP2pServiceImpl$P2pStateMachine.sendThisDeviceChangedBroadcast:3752 com.android.server.wifi.p2p.WifiP2pServiceImpl$P2pStateMachine.updateThisDevice:4587 
2022-02-27 18:07:25.002 17414-17715/? I/WifiP2pNative: Masking interface non-availability callback because we created a P2P iface
2022-02-27 18:07:25.071 17414-17788/? E/ORMS_CORE: Unsupported action!!!
2022-02-27 18:07:25.072 1029-1117/? E/ANDR-PERF-OPTSHANDLER: Perflock resource /sys/class/devfreq/soc:qcom,cpu0-cpu-llcc-lat/mem_latency/ratio_ceil not supported
2022-02-27 18:07:25.072 1029-1117/? E/ANDR-PERF-RESOURCEQS: Failed to apply optimization [13, 8]
2022-02-27 18:07:25.072 1029-1117/? E/ANDR-PERF-OPTSHANDLER: Perflock resource /sys/class/devfreq/soc:qcom,cpu4-cpu-llcc-lat/mem_latency/ratio_ceil not supported
2022-02-27 18:07:25.072 1029-1117/? E/ANDR-PERF-RESOURCEQS: Failed to apply optimization [13, 9]
2022-02-27 18:07:25.155 29450-29480/? E/Parcel: Reading a NULL string not supported here.
2022-02-27 18:07:25.232 17951-17951/? E/SimulationInteractor: tryGetAnimationPainterInstance error:com.coloros.painteranimationpanel.api.AnimPainterInstance
2022-02-27 18:07:25.650 17414-18178/? I/InputDispatcher: Focus left window: Window{4c52729 u0 NotificationShade} in display 0
2022-02-27 18:07:25.650 17414-18178/? I/InputDispatcher: Focus entered window: Window{4e3de79 u0 com.music.festival.battle/com.es.gamestate.GameStateActivity} in display 0
2022-02-27 18:07:25.656 1081-1164/? I/BpBinder: onLastStrongRef automatically unlinking death recipients: <uncached descriptor>
2022-02-27 18:07:25.671 26384-26384/? I/GoogleInputMethodService: GoogleInputMethodService.onFinishInput():3210 
2022-02-27 18:07:25.672 26384-26384/? I/GoogleInputMethodService: GoogleInputMethodService.updateDeviceLockedStatus():2099 checkRepeatedly = false, unlocked = true
2022-02-27 18:07:25.672 26384-26384/? I/GoogleInputMethodService: GoogleInputMethodService.onStartInput():1907 onStartInput(EditorInfo{inputType=0x0(NULL) imeOptions=0x0 privateImeOptions=null actionName=UNSPECIFIED actionLabel=null actionId=0 initialSelStart=-1 initialSelEnd=-1 initialCapsMode=0x0 hintText=null label=null packageName=com.music.festival.battle fieldId=-1 fieldName=null extras=null}, false)
2022-02-27 18:07:25.672 26384-26384/? I/GoogleInputMethodService: GoogleInputMethodService.updateDeviceLockedStatus():2099 checkRepeatedly = true, unlocked = true
2022-02-27 18:07:25.670 17414-17460/? I/chatty: uid=1000(system) android.display identical 3 lines
2022-02-27 18:07:25.682 17414-20294/? I/ColorStatusBarManagerService:  topIsFullscreen fullscreen: true
2022-02-27 18:07:25.683 17414-20294/? I/ColorStatusBarManagerService:  topIsFullscreen fullscreen: true
2022-02-27 18:07:25.694 1081-1164/? I/BpBinder: onLastStrongRef automatically unlinking death recipients: <uncached descriptor>
2022-02-27 18:07:26.375 17414-8319/? W/OplusNetworkStackService: owedcard checkNetworkWork end! Exception = java.net.UnknownHostException: Unable to resolve host "connectivitycheck.gstatic.com": No address associated with hostname
2022-02-27 18:07:26.376 17414-8319/? W/System.err: java.net.UnknownHostException: Unable to resolve host "connectivitycheck.gstatic.com": No address associated with hostname
2022-02-27 18:07:26.376 17414-8319/? W/System.err:     at java.net.Inet6AddressImpl.lookupHostByName(Inet6AddressImpl.java:156)
2022-02-27 18:07:26.376 17414-8319/? W/System.err:     at java.net.Inet6AddressImpl.lookupAllHostAddr(Inet6AddressImpl.java:103)
2022-02-27 18:07:26.376 17414-8319/? W/System.err:     at java.net.InetAddress.getAllByName(InetAddress.java:1152)
2022-02-27 18:07:26.376 17414-8319/? W/System.err:     at com.android.okhttp.Dns$1.lookup(Dns.java:41)
2022-02-27 18:07:26.376 17414-8319/? W/System.err:     at com.android.okhttp.internal.http.RouteSelector.resetNextInetSocketAddress(RouteSelector.java:178)
2022-02-27 18:07:26.376 17414-8319/? W/System.err:     at com.android.okhttp.internal.http.RouteSelector.nextProxy(RouteSelector.java:144)
2022-02-27 18:07:26.376 17414-8319/? W/System.err:     at com.android.okhttp.internal.http.RouteSelector.next(RouteSelector.java:86)
2022-02-27 18:07:26.376 17414-8319/? W/System.err:     at com.android.okhttp.internal.http.StreamAllocation.findConnection(StreamAllocation.java:176)
2022-02-27 18:07:26.376 17414-8319/? W/System.err:     at com.android.okhttp.internal.http.StreamAllocation.findHealthyConnection(StreamAllocation.java:128)
2022-02-27 18:07:26.376 17414-8319/? W/System.err:     at com.android.okhttp.internal.http.StreamAllocation.newStream(StreamAllocation.java:97)
2022-02-27 18:07:26.376 17414-8319/? W/System.err:     at com.android.okhttp.internal.http.HttpEngine.connect(HttpEngine.java:289)
2022-02-27 18:07:26.376 17414-8319/? W/System.err:     at com.android.okhttp.internal.http.HttpEngine.sendRequest(HttpEngine.java:232)
2022-02-27 18:07:26.376 17414-8319/? W/System.err:     at com.android.okhttp.internal.huc.HttpURLConnectionImpl.execute(HttpURLConnectionImpl.java:465)
2022-02-27 18:07:26.376 17414-8319/? W/System.err:     at com.android.okhttp.internal.huc.HttpURLConnectionImpl.connect(HttpURLConnectionImpl.java:131)
2022-02-27 18:07:26.376 17414-8319/? W/System.err:     at com.android.server.OplusNetworkStackService$6.run(OplusNetworkStackService.java:1008)
2022-02-27 18:07:26.376 17414-8319/? W/System.err:     at java.lang.Thread.run(Thread.java:923)
2022-02-27 18:07:26.376 17414-8319/? W/System.err: Caused by: android.system.GaiException: android_getaddrinfo failed: EAI_NODATA (No address associated with hostname)
2022-02-27 18:07:26.376 17414-8319/? W/System.err:     at libcore.io.Linux.android_getaddrinfo(Native Method)
