2022-02-27 18:07:26.376 17414-8319/? W/System.err:     at libcore.io.ForwardingOs.android_getaddrinfo(ForwardingOs.java:73)
2022-02-27 18:07:26.376 17414-8319/? W/System.err:     at libcore.io.BlockGuardOs.android_getaddrinfo(BlockGuardOs.java:202)
2022-02-27 18:07:26.376 17414-8319/? W/System.err:     at java.net.Inet6AddressImpl.lookupHostByName(Inet6AddressImpl.java:135)
2022-02-27 18:07:26.376 17414-8319/? W/System.err: 	... 15 more
2022-02-27 18:07:26.642 19796-20075/? E/libc: Access denied finding property "vendor.oplus.media.vpp.osie_sr.on"
2022-02-27 18:07:25.701 17414-17460/? I/chatty: uid=1000(system) android.display identical 2 lines
2022-02-27 18:07:26.970 17122-17122/? E/wificond: NL80211_CMD_TRIGGER_SCAN failed: Device or resource busy
2022-02-27 18:07:26.971 17414-17760/? E/WificondScannerImpl: Failed to start scan, freqs=null
2022-02-27 18:07:26.979 17414-17487/? I/ActivityManager: Start proc 8321:com.facebook.lite/u0a288 for broadcast {com.facebook.lite/com.facebook.lite.intent.WakefulIntentForwarder}
2022-02-27 18:07:26.992 8321-8321/? E/m.facebook.lit: Unknown bits set in runtime_flags: 0x40000000
2022-02-27 18:07:26.996 8321-8321/? E/m.facebook.lit: Not starting debugger since process cannot load the jdwp agent.
2022-02-27 18:07:27.000 8321-8321/? E/RefClass: java.lang.reflect.InvocationTargetException
2022-02-27 18:07:27.001 8321-8321/? I/OneTrace: Mark active for pid=8321? true
2022-02-27 18:07:27.010 8321-8321/? I/oplus.android.OplusFrameworkFactoryImpl: get feature:IOplusScreenModeFeature
2022-02-27 18:07:27.010 8321-8321/? I/oplus.android.OplusFrameworkFactoryImpl: getOplusScreenModeFeature
2022-02-27 18:07:27.021 8321-8321/? E/libc: Access denied finding property "ro.odm.prev.product.name"
2022-02-27 18:07:27.024 17122-17122/? I/wificond: Received external scan result notification from kernel.
2022-02-27 18:07:27.024 8296-8296/? I/wpa_supplicant: wlan0: Trying to associate with SSID 'L3-29.02'
2022-02-27 18:07:27.026 8321-8321/? I/m.facebook.lit: The ClassLoaderContext is a special shared library.
2022-02-27 18:07:27.027 17414-17714/? I/chatty: uid=1000(system) WifiHandlerThre identical 9 lines
2022-02-27 18:07:27.028 8296-8296/? E/wpa_supplicant: eap_proxy: eap_proxy_notify_config
2022-02-27 18:07:27.028 8296-8296/? E/wpa_supplicant: eap_proxy: eap_proxy_allowed_method
2022-02-27 18:07:27.028 8296-8296/? E/wpa_supplicant: eap_proxy: config or eap_methods is null
2022-02-27 18:07:27.028 8296-8296/? E/wpa_supplicant: eap_proxy: eap_proxy_allowed_method
2022-02-27 18:07:27.028 8296-8296/? E/wpa_supplicant: eap_proxy: config or eap_methods is null
2022-02-27 18:07:27.028 8296-8296/? E/wpa_supplicant: eap_proxy: eap_proxy_allowed_method
2022-02-27 18:07:27.028 8296-8296/? E/wpa_supplicant: eap_proxy: config or eap_methods is null
2022-02-27 18:07:27.035 17414-17719/? I/OplusWifiSarManager: Received action: android.net.wifi.STATE_CHANGE
2022-02-27 18:07:27.035 17414-17719/? I/OplusWifiSarManager: wifi disabled, do not enable wifi sar!
2022-02-27 18:07:27.035 17414-17719/? I/OplusWifiSarManager: no sar state change, do not reset power limit
2022-02-27 18:07:27.036 18187-18187/? I/QImsService: OplusWifiApmStateMgr : mWifiState: DISCONNECTED, wifiState: CONNECTING
2022-02-27 18:07:27.036 18187-18187/? I/QImsService: ImsKeyLog[0] : checkIfNeedLogWfcReg
2022-02-27 18:07:27.036 18187-18187/? I/QImsService: ImsKeyLog[1] : checkIfNeedLogWfcReg
2022-02-27 18:07:27.039 19125-21704/? I/NearbyDiscovery: FastPairHandler: Received action android.net.wifi.STATE_CHANGE [CONTEXT service_id=49 ]
2022-02-27 18:07:27.054 17414-17457/? I/EthernetTracker: interfaceLinkStateChanged, iface: wlan0, up: false
2022-02-27 18:07:27.054 17414-17457/? I/EthernetTracker: interfaceLinkStateChanged, iface: wlan0, up: true
2022-02-27 18:07:27.058 8296-8296/? I/wpa_supplicant: wlan0: Associated with a0:65:18:a4:8d:a9
2022-02-27 18:07:27.058 8296-8296/? I/wpa_supplicant: wlan0: CTRL-EVENT-SUBNET-STATUS-UPDATE status=0
2022-02-27 18:07:27.059 8296-8296/? I/wpa_supplicant: wlan0: WPA: RX message 1 of 4-Way Handshake from a0:65:18:a4:8d:a9 (ver=2)
2022-02-27 18:07:27.059 8296-8296/? I/wpa_supplicant: wlan0: WPA: Sending EAPOL-Key 2/4
2022-02-27 18:07:27.062 8296-8296/? I/wpa_supplicant: getWifiGenerationStatusInternal: generation = 4, twtSupport = false, vhtMax8SpatialStreamsSupport = false
2022-02-27 18:07:27.063 8321-8321/? I/Perf: Connecting to perf service.
2022-02-27 18:07:27.067 17414-17719/? I/OplusWifiSarManager: Received action: android.net.wifi.STATE_CHANGE
2022-02-27 18:07:27.067 17414-17719/? I/OplusWifiSarManager: wifi disabled, do not enable wifi sar!
2022-02-27 18:07:27.067 17414-17719/? I/OplusWifiSarManager: no sar state change, do not reset power limit
2022-02-27 18:07:27.068 8296-8296/? I/wpa_supplicant: wlan0: WPA: RX message 3 of 4-Way Handshake from a0:65:18:a4:8d:a9 (ver=2)
2022-02-27 18:07:27.068 8296-8296/? I/wpa_supplicant: wlan0: WPA: Sending EAPOL-Key 4/4
2022-02-27 18:07:27.070 1002-17864/? I/WifiHAL: event received NL80211_CMD_VENDOR, vendor_id = 0x1374, subcmd = 0xa5
2022-02-27 18:07:27.071 19125-21704/? I/NearbyDiscovery: FastPairHandler: Received action android.net.wifi.STATE_CHANGE [CONTEXT service_id=49 ]
2022-02-27 18:07:27.082 8296-8296/? I/wpa_supplicant: wlan0: WPA: Key negotiation completed with a0:65:18:a4:8d:a9 [PTK=CCMP GTK=TKIP]
2022-02-27 18:07:27.082 8296-8296/? I/wpa_supplicant: wlan0: CTRL-EVENT-CONNECTED - Connection to a0:65:18:a4:8d:a9 completed [id=0 id_str=%7B%22configKey%22%3A%22%5C%22L3-29.02%5C%22WPA_PSK%22%2C%22creatorUid%22%3A%221000%22%7D]
2022-02-27 18:07:27.082 17414-17457/? I/EthernetTracker: interfaceLinkStateChanged, iface: wlan0, up: true
2022-02-27 18:07:27.083 8321-8321/? W/EarlyExceptionHandler: Early UncaughtException handler initialized
2022-02-27 18:07:27.085 8321-8321/? W/EarlyErrorReporting: Lacrima init done in EarlyErrorReporting for: com.facebook.lite
2022-02-27 18:07:27.089 17414-17719/? I/OplusWifiSarManager: Received action: android.net.wifi.STATE_CHANGE
2022-02-27 18:07:27.089 17414-17719/? I/OplusWifiSarManager: wifi disabled, do not enable wifi sar!
2022-02-27 18:07:27.089 17414-17719/? I/OplusWifiSarManager: no sar state change, do not reset power limit
2022-02-27 18:07:27.091 19125-21704/? I/NearbyDiscovery: FastPairHandler: Received action android.net.wifi.STATE_CHANGE [CONTEXT service_id=49 ]
2022-02-27 18:07:27.094 8321-8321/? W/SoLoader: context.getApplicationContext returned null, holding reference to original context.ApplicationSoSource fallbacks to: /data/app/~~ZTgHsBql6vtUJvAPt8nZsw==/com.facebook.lite-i9FlOQBs1xKwzHGl3Ag9Vg==/lib/arm64
2022-02-27 18:07:27.103 18187-18187/? I/QImsService: OplusWifiApmStateMgr : onReceive,wifiSignal: -42
2022-02-27 18:07:27.103 18187-18187/? I/QImsService: ImsKeyLog[0] : checkIfNeedLogWfcReg
2022-02-27 18:07:27.103 18187-18187/? I/QImsService: ImsKeyLog[1] : checkIfNeedLogWfcReg
2022-02-27 18:07:27.110 17414-17719/? I/OplusWifiSarManager: Received action: android.net.wifi.STATE_CHANGE
2022-02-27 18:07:27.110 17414-17719/? I/OplusWifiSarManager: wifi disabled, do not enable wifi sar!
2022-02-27 18:07:27.110 17414-17719/? I/OplusWifiSarManager: no sar state change, do not reset power limit
2022-02-27 18:07:27.112 19125-21704/? I/NearbyDiscovery: FastPairHandler: Received action android.net.wifi.STATE_CHANGE [CONTEXT service_id=49 ]
2022-02-27 18:07:27.119 8321-8321/? W/DexStore: Ignoring dex metadata pragma: .superpack_files 1
2022-02-27 18:07:27.121 8321-8321/? I/System: Opening DexFile: /data/data/com.facebook.lite/dex/prog-134fa5464b57f7ab93683f3360dd43f34c35bdf9.dex
2022-02-27 18:07:27.121 17414-17714/? E/OplusWifiAssistantUtils: readFileByLines io exception:/proc/oplus_dualSta/is1x1IOTRouter: open failed: ENOENT (No such file or directory)
2022-02-27 18:07:27.121 8321-8321/? W/m.facebook.lit: Opening an oat file without a class loader. Are you using the deprecated DexFile APIs?
2022-02-27 18:07:27.148 1498-1498/? E/cnss-daemon: Invalid mac address
2022-02-27 18:07:27.148 1498-1498/? E/cnss-daemon: failed to update gateway
2022-02-27 18:07:27.172 8321-8341/? W/lacrima: Send pending reports
2022-02-27 18:07:27.186 8321-8341/? W/EarlyErrorReporting: Lacrima init executor done in EarlyErrorReporting for: com.facebook.lite
2022-02-27 18:07:27.188 17121-23926/? E/Netd: no such netId 110
2022-02-27 18:07:27.190 17414-18178/? W/ActivityManager: Background start not allowed: service Intent { act=com.google.firebase.INSTANCE_ID_EVENT pkg=com.facebook.lite cmp=com.facebook.lite/com.google.firebase.iid.FirebaseInstanceIdService (has extras) } to com.facebook.lite/com.google.firebase.iid.FirebaseInstanceIdService from pid=8321 uid=10288 pkg=com.facebook.lite startFg?=false
2022-02-27 18:07:27.194 8321-8321/? E/FirebaseInstanceId: Failed to start service while in background: java.lang.IllegalStateException: Not allowed to start service Intent { act=com.google.firebase.INSTANCE_ID_EVENT pkg=com.facebook.lite cmp=com.facebook.lite/com.google.firebase.iid.FirebaseInstanceIdService (has extras) }: app is in background uid UidRecord{f3c76e0 u0a288 RCVR idle change:idle|uncached procs:1 seq(0,0,0)}
2022-02-27 18:07:27.210 8321-8321/? W/Lacrima_startup: type=1400 audit(0.0:222673): avc: granted { execute } for path="/data/data/com.facebook.lite/lib-compressed/liblinkerutils.so" dev="dm-18" ino=13343 scontext=u:r:untrusted_app:s0:c32,c257,c512,c768 tcontext=u:object_r:app_data_file:s0:c32,c257,c512,c768 tclass=file app=com.facebook.lite
2022-02-27 18:07:27.210 8321-8321/? W/Lacrima_startup: type=1400 audit(0.0:222674): avc: granted { execute } for path="/data/data/com.facebook.lite/lib-compressed/libforce_dlopen.so" dev="dm-18" ino=23887 scontext=u:r:untrusted_app:s0:c32,c257,c512,c768 tcontext=u:object_r:app_data_file:s0:c32,c257,c512,c768 tclass=file app=com.facebook.lite
2022-02-27 18:07:27.222 17414-17543/? W/ContextImpl: Calling a method in the system process without a qualified user: android.app.ContextImpl.startService:1705 android.content.ContextWrapper.startService:730 com.oplus.util.OplusStatisticsImpl.startService:216 com.oplus.util.OplusStatisticsImpl.sendDataToDCS:192 com.oplus.util.OplusStatisticsImpl.onCommonSync:84 
2022-02-27 18:07:27.223 8321-8345/? W/lacrima: Start AnrAppDeathDetector... X.00R
2022-02-27 18:07:27.224 8321-8345/? W/lacrima: Cannot find registered detector
2022-02-27 18:07:27.225 17121-23926/? E/Netd: no such netId 110
2022-02-27 18:07:27.210 8321-8321/? W/Lacrima_startup: type=1400 audit(0.0:222675): avc: granted { execute } for path="/data/data/com.facebook.lite/lib-compressed/libandroid_aware_dlopen.so" dev="dm-18" ino=28898 scontext=u:r:untrusted_app:s0:c32,c257,c512,c768 tcontext=u:object_r:app_data_file:s0:c32,c257,c512,c768 tclass=file app=com.facebook.lite
2022-02-27 18:07:27.226 17414-17761/? E/ConnectivityService: Exception in networkAddRouteParcel for non-gateway: android.os.ServiceSpecificException: Machine is not on the network (code 64)
2022-02-27 18:07:27.227 17121-23926/? E/Netd: no such netId 110
2022-02-27 18:07:27.227 17414-17761/? E/ConnectivityService: Exception in networkAddRouteParcel for gateway: android.os.ServiceSpecificException: Machine is not on the network (code 64)
2022-02-27 18:07:27.214 8321-8321/? W/Lacrima_startup: type=1400 audit(0.0:222676): avc: granted { execute } for path="/data/data/com.facebook.lite/lib-compressed/libbreakpad.so" dev="dm-18" ino=13438 scontext=u:r:untrusted_app:s0:c32,c257,c512,c768 tcontext=u:object_r:app_data_file:s0:c32,c257,c512,c768 tclass=file app=com.facebook.lite
2022-02-27 18:07:27.229 18364-18455/? W/[0]DCS-MobileHelper: getContryCode slotid=0,type=1,code=null,result=
2022-02-27 18:07:27.229 18364-18455/? W/[0]DCS-MobileHelper: getContryCode slotid=1,type=1,code=null,result=
2022-02-27 18:07:27.253 18187-18187/? I/QImsService: OplusWifiApmStateMgr : mWifiState: CONNECTING, wifiState: CONNECTED
2022-02-27 18:07:27.253 18187-18187/? I/QImsService: ImsKeyLog[0] : checkIfNeedLogWfcReg
2022-02-27 18:07:27.253 18187-18187/? I/QImsService: ImsKeyLog[1] : checkIfNeedLogWfcReg
2022-02-27 18:07:27.255 17414-17414/? W/ColorAppSwitchManagerService: appswitch registerAppSwitchObserver pName = android observer = com.oplus.app.OplusAppSwitchManager$OnAppSwitchObserverDelegate@a370d99 config = OplusAppSwitchConfig = {  mConfigs = {2=[TOM@@tencent@@qqlive, TOM@@qiyi@@video, TOM@@smile@@gifmaker, TOM@@ss@@android@@ugc@@aweme, TOM@@UCMobile, TOM@@tencent@@mtt, TOM@@ss@@android@@article@@news, TOM@@netease@@newsreader@@activity]} observerFingerPrint = 165950406}
2022-02-27 18:07:27.255 17414-17414/? I/ColorAppSwitchStateDispatcher: registerAppSwitchObserver addDynamicListener OK, info = ColorAppSwitchRuleInfo = {  observer = com.oplus.app.OplusAppSwitchManager$OnAppSwitchObserverDelegate@a370d99 observerFingerPrint = 165950406} rule size =6
2022-02-27 18:07:27.256 17414-17719/? I/OplusWifiSarManager: Received action: android.net.wifi.STATE_CHANGE
2022-02-27 18:07:27.256 17414-17719/? I/OplusWifiSarManager: Registering for telephony call state changes
2022-02-27 18:07:27.261 17414-17714/? E/WifiClientModeImpl: Dhcp successful, check internet access, seq=15
2022-02-27 18:07:27.262 17414-17719/? I/OplusWifiSarManager: project: 216C2, country: VN
2022-02-27 18:07:27.262 17414-17719/? I/OplusWifiSarManager: sensor state: earpiece: 0, sensor: FAR, isScreenOn: true
2022-02-27 18:07:27.262 17414-17719/? I/OplusWifiSarManager: modem state: mCellOn: false mDataOn: false mData5gOn: false
2022-02-27 18:07:27.262 17414-17719/? I/OplusWifiSarManager: wifi state: mWifiConnected: true mWifiSapEnabled: false mWifiP2pConnected: false mWifi2gState: true mWifi5gState: false mWifi5gBand: WIFI_5G_DISABLE
2022-02-27 18:07:27.262 17414-17719/? I/OplusWifiSarManager: wif state changed, notify network!, old state: 2.4G: false, 5G: WIFI_5G_DISABLE, new state: 2.4G: true, 5G: WIFI_5G_DISABLE
2022-02-27 18:07:27.263 17414-17719/? I/OplusWifiSarManager: wifisar engineerMode state: enable: false, Regdomain: , modemWorkType(2:4G, 3:5G): -1, sensorWorkType: -1, wifiChannel2.4G: -1, wifiChannel5G: -1
2022-02-27 18:07:27.268 17414-17719/? W/ContextImpl: Calling a method in the system process without a qualified user: android.app.ContextImpl.sendBroadcast:1147 android.content.ContextWrapper.sendBroadcast:478 com.oplus.server.wifi.OplusWifiSarManager$3.handleMessage:324 android.os.Handler.dispatchMessage:106 android.os.Looper.loop:263 
2022-02-27 18:07:27.275 19125-21704/? I/NearbyDiscovery: FastPairHandler: Received action android.net.wifi.STATE_CHANGE [CONTEXT service_id=49 ]
2022-02-27 18:07:27.275 17414-17714/? W/OplusNfHooksHelper: Already listening!!
2022-02-27 18:07:27.275 17414-17543/? W/ContextImpl: Calling a method in the system process without a qualified user: android.app.ContextImpl.startService:1705 android.content.ContextWrapper.startService:730 com.oplus.util.OplusStatisticsImpl.startService:216 com.oplus.util.OplusStatisticsImpl.sendDataToDCS:192 com.oplus.util.OplusStatisticsImpl.onCommonSync:84 
2022-02-27 18:07:27.275 17414-17714/? W/WifiScoreReport: Cannot start external scoring netId=110 currentNetId=110 sessionId=1107
2022-02-27 18:07:27.278 17414-17737/? W/OplusSlaManager: isCellUsageExceeded Failed to get cell traffic data!
2022-02-27 18:07:27.279 17414-17737/? W/OplusSlaManager: sendGameAppUid no game app found!!
2022-02-27 18:07:27.279 17414-17737/? W/OplusSlaManager: sendWhiteListAppUid no enabled app found...
2022-02-27 18:07:27.279 17414-17737/? W/OplusSlaManager: sendDualStaAppUid no white list app found...
2022-02-27 18:07:27.281 17414-17737/? W/OplusSlaManager: Already listening!!
2022-02-27 18:07:27.281 17414-17737/? W/OplusSlaManager: invalid SLA param:[Ljava.lang.String;@4c898f3
2022-02-27 18:07:27.284 18364-18455/? W/[0]DCS-MobileHelper: getContryCode slotid=0,type=1,code=null,result=
2022-02-27 18:07:27.284 18364-18455/? W/[0]DCS-MobileHelper: getContryCode slotid=1,type=1,code=null,result=
2022-02-27 18:07:27.303 8321-8321/? W/BackgroundStartupDetector: Attempted to check for a background start before initialization
2022-02-27 18:07:27.308 19125-25367/? I/ChimeraSrvcProxy: NullBinder for android.net.action.RECOMMEND_NETWORKS triggering remote TransactionTooLargeException due to Service without Chimera impl
2022-02-27 18:07:27.308 19125-25367/? I/.gms.persisten: oneway function results will be dropped but finished with status OK and parcel size 2113536
2022-02-27 18:07:27.323 17414-17502/? W/KernelWakelockReader: readKernelWakelockStats old read cost 1
2022-02-27 18:07:27.327 8321-8321/? W/ErrorReportingUtils: Lacrima init done in ErrorReportingUtils for: com.facebook.lite
2022-02-27 18:07:27.331 8321-8321/? E/ClientApplication: logBurritoExposure-called-in-non-burrito-client
2022-02-27 18:07:27.340 8321-8345/? W/lacrima: Start AnrDetector... X.00t
2022-02-27 18:07:27.340 8321-8345/? W/ProcessAnrErrorMonitor: startMonitoring with delay: 4000
2022-02-27 18:07:27.341 8321-8345/? W/ErrorReportingUtils: Lacrima later init done in ErrorReportingUtils for: com.facebook.lite
2022-02-27 18:07:27.348 8321-8321/? I/TetheringManager: registerTetheringEventCallback:com.facebook.lite
2022-02-27 18:07:27.353 8321-8365/? W/AppEventHub: font-cache-ready-but-not-connected
2022-02-27 18:07:27.358 8321-8321/? W/Thread-4: type=1400 audit(0.0:222677): avc: granted { execute } for path="/data/data/com.facebook.lite/lib-compressed/libimagepipeline.so" dev="dm-18" ino=1200 scontext=u:r:untrusted_app:s0:c32,c257,c512,c768 tcontext=u:object_r:app_data_file:s0:c32,c257,c512,c768 tclass=file app=com.facebook.lite
2022-02-27 18:07:27.388 17414-17761/? E/DnsManager: file path: /backup_hosts
2022-02-27 18:07:27.388 17414-17761/? E/DnsManager: file does not exist
2022-02-27 18:07:27.390 8321-8321/? W/X.0A1: Creating default notification channel, id=other, name=Other
2022-02-27 18:07:27.394 17414-17761/? W/DnsManager: updatePrivateDns(110, PrivateDnsConfig{false:/[]})
2022-02-27 18:07:27.394 17414-17761/? E/DnsManager: file path: /backup_hosts
2022-02-27 18:07:27.394 17414-17761/? E/DnsManager: file does not exist
2022-02-27 18:07:27.398 534-534/? I/hwservicemanager: getTransport: Cannot find entry vendor.qti.hardware.iop@2.0::IIop/default in either framework or device manifest.
2022-02-27 18:07:27.398 1374-14585/? E/ANDR-IOP: IIop:: Iop HAL Service is not available.
2022-02-27 18:07:27.407 17414-17761/? E/DnsManager: file path: /backup_hosts
2022-02-27 18:07:27.407 17414-17761/? E/DnsManager: file does not exist
2022-02-27 18:07:27.423 17414-17714/? E/WifiVendorHal: stopRssiMonitoring(l.2111) failed {.code = ERROR_NOT_AVAILABLE, .description = }
2022-02-27 18:07:27.425 17121-17194/? E/NetlinkEvent: NetlinkEvent::FindParam(): Parameter 'INTERFACE' not found
2022-02-27 18:07:27.425 17121-17194/? E/NetlinkEvent: NetlinkEvent::FindParam(): Parameter 'STATE' not found
2022-02-27 18:07:27.425 17121-17194/? E/NetlinkEvent: NetlinkEvent::FindParam(): Parameter 'TIME_NS' not found
2022-02-27 18:07:27.425 17121-17194/? E/NetlinkEvent: NetlinkEvent::FindParam(): Parameter 'UID' not found
2022-02-27 18:07:27.461 16280-16401/? W/network_AndroidNetworkMonitor: wifi onAvailable 110
2022-02-27 18:07:27.464 16261-16369/? W/network_AndroidNetworkMonitor: wifi onAvailable 110
2022-02-27 18:07:27.464 17414-17780/? W/OplusNetworkStackService: setOplusNetworkStackConfig:0,0,0,0,0,0,0,0,0,0
2022-02-27 18:07:27.467 13660-13683/? E/WeatherS_OppoUtils: startAutoGetLocalCity bg location permission:false
2022-02-27 18:07:27.469 13660-13683/? E/WeatherS_OppoUtils: startAutoGetLocalCity has no locate city
2022-02-27 18:07:27.475 17414-17414/? W/OplusDataLimitService: onReceive CONNECTIVITY_ACTION! flushAllLimitRules.mConnChangeCount = 20
2022-02-27 18:07:27.476 17414-17414/? W/OplusDataLimitService: getOplusDataLimitConfigs:0,0,0,0,0,0,4020,0,0,0
2022-02-27 18:07:27.482 18273-18687/? I/ModemAciService: ND changed:0
2022-02-27 18:07:27.484 26384-26465/? I/DeviceStatusMonitor: DeviceStatusMonitor.handleBroadcast():123 onReceive() : Action = android.net.conn.CONNECTIVITY_CHANGE
2022-02-27 18:07:27.484 19666-21226/? E/OplusFeatureCache: invalid oplus feature oplus.software.carrier.ust_unify_device
2022-02-27 18:07:27.485 19666-21226/? E/OplusFeatureCache: invalid oplus feature  oplus.software.carrier.ust_usku_device
2022-02-27 18:07:27.492 13243-13243/? I/SetupWizard: [axp] Checking Android ID
2022-02-27 18:07:27.495 26384-26465/? I/DeviceStatusMonitor: DeviceStatusMonitor.notifyIfNetworkChanged():180 notifyIfNetworkChanged: newState = NON_METERED, airplaneModeOn = false, notifyAnyway = false
2022-02-27 18:07:27.496 26384-26384/? I/NetworkInfoNotification: NetworkInfoNotification$Listener.onReceive():93 onNetworkAvailable: networkState = NON_METERED, isAirplaneModeOn = false
2022-02-27 18:07:27.497 17414-8396/? I/DpmTcmClient: RegisterTcmMonitor from: $Proxy1
2022-02-27 18:07:27.498 19125-21704/? I/NearbyDiscovery: FastPairHandler: Received action android.net.conn.CONNECTIVITY_CHANGE [CONTEXT service_id=49 ]
2022-02-27 18:07:27.504 26384-8403/? I/NetworkInfoNotification: NetworkInfoNotification$Listener.onReceive():93 onNetworkAvailable: networkState = NON_METERED, isAirplaneModeOn = false
2022-02-27 18:07:27.506 31646-22737/? W/OplusExSystemServiceHelper: checkOplusExSystemService intent getComponent is null
2022-02-27 18:07:27.511 13243-13243/? E/Parcel: Reading a NULL string not supported here.
2022-02-27 18:07:27.519 21790-22343/? I/BtGatt.ScanManager: msg.what = 6
2022-02-27 18:07:27.524 3829-3829/? I/Finsky: [2] kff.T(7): Installer: found apps to install. isMultiUserMode=false, apps=[]
2022-02-27 18:07:27.528 16280-8410/? W/UserAppManager: has init
2022-02-27 18:07:27.529 26384-8404/? I/NetworkInfoNotification: NetworkInfoNotification$Listener.onReceive():93 onNetworkAvailable: networkState = NON_METERED, isAirplaneModeOn = false
2022-02-27 18:07:27.530 16280-8410/? W/UserAppManager:  user apps: 60
2022-02-27 18:07:27.544 16280-8422/? W/SyncManager: sync start
2022-02-27 18:07:27.544 16280-8422/? W/SyncManager: allow: true
2022-02-27 18:07:27.550 31646-27708/? I/PinnedContentDownloader: Finished downloading pinned content.
2022-02-27 18:07:27.560 21790-22343/? I/BtGatt.ScanManager: msg.what = 6
2022-02-27 18:07:27.561 16280-8422/? W/SyncManager: sync baseUserApps: 60 request syncId: 77
2022-02-27 18:07:27.561 16280-8422/? W/SyncManager: sync deleteApps: 0 request syncId: 77
2022-02-27 18:07:27.563 13243-13243/? I/SetupWizard: [axp] Last checkin fingerprint=realme/RMX3491T2/RED8C1L1:11/RKQ1.211019.001/1641490025076:user/release-keys
2022-02-27 18:07:27.564 13243-13243/? I/SetupWizard: [axp] User unlocked, initiate a checkin task java.util.concurrent.CompletableFuture@8cf0c6[Not completed, 1 dependents]
2022-02-27 18:07:27.564 13243-13243/? I/SetupWizard: [axp] Skip it. Due to checkin already done
2022-02-27 18:07:27.564 13243-13243/? I/SetupWizard: [axp] Checkin complete
2022-02-27 18:07:27.570 31646-29565/? W/OplusExSystemServiceHelper: checkOplusExSystemService intent getComponent is null
2022-02-27 18:07:27.577 21790-22343/? I/BtGatt.ScanManager: msg.what = 6
2022-02-27 18:07:27.586 18080-8416/? I/DpmTcmClient: RegisterTcmMonitor from: $Proxy1
2022-02-27 18:07:27.594 19125-5783/? W/NetworkScheduler: Error inserting flex_time=3384000 job_id=-1 period=6769000 source=16 requires_charging=0 preferred_network_type=1 target_class=com.google.android.gms.measurement.PackageMeasurementTaskService user_id=0 target_package=com.google.android.gms tag=Measurement.PackageMeasurementTaskService.UPLOAD_TASK_TAG task_type=0 required_idleness_state=0 service_kind=0 source_version=220257000 persistence_level=1 preferred_charging_state=1 required_network_type=0 runtime=1645960047583 retry_strategy={"maximum_backoff_seconds":{"3600":0},"initial_backoff_seconds":{"30":0},"retry_policy":{"0":0}} last_runtime=0, error message: UNIQUE constraint failed: pending_ops.tag, pending_ops.target_class, pending_ops.target_package, pending_ops.user_id (code 2067 SQLITE_CONSTRAINT_UNIQUE) [CONTEXT service_id=218 ]
2022-02-27 18:07:27.595 21790-22343/? I/BtGatt.ScanManager: msg.what = 6
2022-02-27 18:07:27.603 17414-17780/? W/OplusNetworkStackService: owedcard hasSpecialBehaviorInCellular = false ,on Available WIFI.
2022-02-27 18:07:27.603 17414-17780/? W/OplusNetworkStackService: Network onAvailable110
2022-02-27 18:07:27.604 8152-8246/? I/ironSourceSDK:INTERNAL: ServerURL getCPVProvidersURL - parameters for url: platform=android&applicationKey=f990ca51&applicationUserId=e8e241e5-fa67-4343-8889-45e6342e7653&sdkVersion=7.1.6&advId=e8e241e5-fa67-4343-8889-45e6342e7653&appVer=9.6&osVer=30&devMake=realme&devModel=RMX3491&fs=0&connType=wifi&browserUserAgent=Mozilla%2F5.0+%28Linux%3B+Android+11%3B+RMX3491+Build%2FRKQ1.211019.001%3B+wv%29+AppleWebKit%2F537.36+%28KHTML%2C+like+Gecko%29+Version%2F4.0+Chrome%2F98.0.4758.101+Mobile+Safari%2F537.36&deviceLang=vi-VN&bundleId=com.music.festival.battle&mcc=0&mnc=0&icc=vn&tz=Asia%2FHo_Chi_Minh&tzOff=-420&auid=a5a5209b-87d2-435f-aca5-390e81dd38b4
2022-02-27 18:07:27.606 8152-8246/? I/DpmTcmClient: RegisterTcmMonitor from: $Proxy1
2022-02-27 18:07:27.609 17414-20294/? W/OplusNetworkStackService: needQuickCheck mCurForegroundUid=99146, latencyMs=19
2022-02-27 18:07:27.610 17414-8434/? I/DpmTcmClient: RegisterTcmMonitor from: $Proxy1
2022-02-27 18:07:27.612 19125-25798/? I/NetworkManagementSocketTagger: tagSocketFd(-1, 805307399, -1) failed with errno-9
2022-02-27 18:07:27.614 534-534/? E/SELinux: avc:  denied  { find } for interface=android.hardware.memtrack::IMemtrack sid=u:r:untrusted_app:s0:c32,c257,c512,c768 pid=8321 scontext=u:r:untrusted_app:s0:c32,c257,c512,c768 tcontext=u:object_r:hal_memtrack_hwservice:s0 tclass=hwservice_manager permissive=0
2022-02-27 18:07:27.615 8321-8387/? E/memtrack: Couldn't load memtrack module
2022-02-27 18:07:27.651 17414-17822/? W/OplusNetworkStackService: notifyScoreChange! type = 3,score=90
2022-02-27 18:07:27.651 17414-17822/? E/OplusNetworkStackManager: callback len = 2
2022-02-27 18:07:27.651 18320-18933/? E/OplusNetworkStackManager: callback len = 1
2022-02-27 18:07:27.651 17414-17414/? W/OplusNetworkStackService: MSG_SHOW_TOAST:TotalScore=90,-DnsScore=19,TcpScore=90
2022-02-27 18:07:27.663 19125-20659/? E/Parcel: Reading a NULL string not supported here.
2022-02-27 18:07:27.668 19125-20659/? I/chatty: uid=10156(com.google.android.gms) GoogleApiHandle identical 2 lines
2022-02-27 18:07:27.670 19125-20659/? E/Parcel: Reading a NULL string not supported here.
2022-02-27 18:07:27.672 19125-20659/? E/Parcel: Reading a NULL string not supported here.
2022-02-27 18:07:27.675 19125-20659/? I/chatty: uid=10156(com.google.android.gms) GoogleApiHandle identical 2 lines
2022-02-27 18:07:27.680 19125-20659/? E/Parcel: Reading a NULL string not supported here.
2022-02-27 18:07:27.683 19125-20467/? E/Parcel: Reading a NULL string not supported here.
2022-02-27 18:07:27.685 19125-25367/? W/OplusExSystemServiceHelper: checkOplusExSystemService intent getComponent is null
2022-02-27 18:07:27.690 19125-20467/? E/Parcel: Reading a NULL string not supported here.
2022-02-27 18:07:27.702 19125-20467/? I/chatty: uid=10156(com.google.android.gms) highpool[0] identical 2 lines
2022-02-27 18:07:27.703 19125-20467/? E/Parcel: Reading a NULL string not supported here.
2022-02-27 18:07:27.712 19125-5913/? I/LockboxService: Completed task: true [CONTEXT service_id=26 ]
2022-02-27 18:07:27.616 17414-17829/? I/chatty: uid=1000(system) DnsEventHandleT identical 4 lines
2022-02-27 18:07:27.721 17414-17777/? W/ActivityManager: Unable to start service Intent { cmp=com.facebook.appmanager/com.facebook.oxygen.common.periodicwork.PeriodicWorkJobService (has extras) } U=0: not found
2022-02-27 18:07:27.722 17414-17777/? W/ActivityManager: Unable to start service Intent { cmp=com.facebook.appmanager/com.facebook.oxygen.common.periodicwork.PeriodicWorkJobService (has extras) } U=0: not found
2022-02-27 18:07:27.791 19125-25798/? E/Parcel: Reading a NULL string not supported here.
2022-02-27 18:07:27.795 19125-5784/? E/Parcel: Reading a NULL string not supported here.
2022-02-27 18:07:27.799 19125-5784/? I/chatty: uid=10156(com.google.android.gms) lowpool[194] identical 1 line
2022-02-27 18:07:27.805 19125-5784/? E/Parcel: Reading a NULL string not supported here.
2022-02-27 18:07:27.822 19125-21424/? E/Parcel: Reading a NULL string not supported here.
2022-02-27 18:07:27.825 17414-17543/? W/ContextImpl: Calling a method in the system process without a qualified user: android.app.ContextImpl.startService:1705 com.oplus.util.OplusStatisticsImpl.startService:216 com.oplus.util.OplusStatisticsImpl.sendDataToDCS:192 com.oplus.util.OplusStatisticsImpl.onCommonSync:84 com.oplus.util.OplusStatisticsImpl$1.run:124 
2022-02-27 18:07:27.829 18364-18455/? W/[0]DCS-MobileHelper: getContryCode slotid=0,type=1,code=null,result=
2022-02-27 18:07:27.829 18364-18455/? W/[0]DCS-MobileHelper: getContryCode slotid=1,type=1,code=null,result=
2022-02-27 18:07:27.830 19125-21424/? E/Parcel: Reading a NULL string not supported here.
2022-02-27 18:07:27.831 17414-17761/? W/WifiConfigStore: No data stored for writing to file: /data/misc/apexdata/com.android.wifi/WifiConfigStoreSoftAp.xml
2022-02-27 18:07:27.832 17414-17761/? W/WifiConfigStore: No data stored for writing to file: /data/misc_ce/0/apexdata/com.android.wifi/WifiConfigStoreNetworkSuggestions.xml
2022-02-27 18:07:27.850 17414-17777/? W/ActivityManager: Unable to start service Intent { cmp=com.facebook.appmanager/com.facebook.oxygen.common.periodicwork.PeriodicWorkJobService (has extras) } U=0: not found
2022-02-27 18:07:27.854 19125-21424/? E/Parcel: Reading a NULL string not supported here.
2022-02-27 18:07:27.855 17414-17777/? W/ActivityManager: Unable to start service Intent { cmp=com.facebook.appmanager/com.facebook.oxygen.common.periodicwork.PeriodicWorkJobService (has extras) } U=0: not found
2022-02-27 18:07:27.856 17414-17457/? I/GnssNetworkConnectivityHandler: updateNetworkState, state=CLOSED, connected=true, network=110, capabilities=[ Transports: WIFI Capabilities: NOT_METERED&INTERNET&NOT_RESTRICTED&TRUSTED&NOT_VPN&VALIDATED&NOT_ROAMING&FOREGROUND&NOT_CONGESTED&NOT_SUSPENDED LinkUpBandwidth>=49000Kbps LinkDnBandwidth>=49000Kbps SignalStrength: -42 OwnerUid: 1000 AdministratorUids: [] SSID: "L3-29.02" RequestorUid: -1 RequestorPackageName: null], apn: , availableNetworkCount: 1
2022-02-27 18:07:27.858 19125-21424/? E/Parcel: Reading a NULL string not supported here.
2022-02-27 18:07:27.862 19125-21424/? E/Parcel: Reading a NULL string not supported here.
2022-02-27 18:07:27.864 19125-21424/? E/Parcel: Reading a NULL string not supported here.
2022-02-27 18:07:27.871 17414-17714/? I/WifiClientModeImpl: Default Gateway MAC address of a0:65:18:a4:8d:a9 from routes is : a0:65:18:a4:8d:a8
2022-02-27 18:07:27.875 19125-21424/? E/Parcel: Reading a NULL string not supported here.
2022-02-27 18:07:27.877 19125-21424/? E/Parcel: Reading a NULL string not supported here.
2022-02-27 18:07:27.879 19125-21424/? E/Parcel: Reading a NULL string not supported here.
2022-02-27 18:07:27.879 17414-17714/? W/WifiConfigStore: No data stored for writing to file: /data/misc/apexdata/com.android.wifi/WifiConfigStoreSoftAp.xml
2022-02-27 18:07:27.880 17414-17714/? W/WifiConfigStore: No data stored for writing to file: /data/misc_ce/0/apexdata/com.android.wifi/WifiConfigStoreNetworkSuggestions.xml
2022-02-27 18:07:27.880 19125-21424/? E/Parcel: Reading a NULL string not supported here.
2022-02-27 18:07:27.884 17414-17714/? E/WifiClientModeImpl: Error! unhandled message{ when=-1ms what=131493 target=com.android.wifi.x.com.android.internal.util.StateMachine$SmHandler }
2022-02-27 18:07:27.892 19125-25798/? E/Parcel: Reading a NULL string not supported here.
2022-02-27 18:07:27.897 19125-19125/? E/Parcel: Reading a NULL string not supported here.
2022-02-27 18:07:27.900 19125-25798/? I/NetworkScheduler.Stats: Task com.google.android.gms/com.google.android.gms.stats.PlatformStatsCollectorService started execution. cause:2 exec_start_elapsed_seconds: 142568 [CONTEXT service_id=218 ]
2022-02-27 18:07:27.907 19125-5783/? I/NetworkScheduler.Stats: Task com.google.android.gms/com.google.android.gms.stats.PlatformStatsCollectorService finished executing. cause:2 result: 1 elapsed_millis: 37 uptime_millis: 37 exec_start_elapsed_seconds: 142568 [CONTEXT service_id=218 ]
2022-02-27 18:07:27.977 19125-5783/? E/Parcel: Reading a NULL string not supported here.
2022-02-27 18:07:27.980 19125-5783/? I/chatty: uid=10156(com.google.android.gms) lowpool[193] identical 1 line
2022-02-27 18:07:27.990 19125-5783/? E/Parcel: Reading a NULL string not supported here.
2022-02-27 18:07:28.000 19125-5783/? E/WakeLock: GCM_CONN_ALARM release without a matched acquire!
2022-02-27 18:07:28.005 19125-5783/? E/Parcel: Reading a NULL string not supported here.
2022-02-27 18:07:28.007 19125-5783/? I/chatty: uid=10156(com.google.android.gms) lowpool[193] identical 1 line
2022-02-27 18:07:28.008 19125-5783/? E/Parcel: Reading a NULL string not supported here.
2022-02-27 18:07:28.010 19125-5783/? W/ChimeraUtils: Module com.google.android.gms.gcm has empty metadata display_name_string_id
2022-02-27 18:07:28.026 19125-5783/? E/Parcel: Reading a NULL string not supported here.
2022-02-27 18:07:28.031 19125-5783/? I/chatty: uid=10156(com.google.android.gms) lowpool[193] identical 1 line
2022-02-27 18:07:28.035 19125-5783/? E/Parcel: Reading a NULL string not supported here.
2022-02-27 18:07:28.037 19125-5783/? E/Parcel: Reading a NULL string not supported here.
2022-02-27 18:07:28.040 17414-17487/? I/ActivityManager: Start proc 8451:com.skype.raider/u0a299 for broadcast {com.skype.raider/com.google.firebase.iid.FirebaseInstanceIdReceiver}
2022-02-27 18:07:28.059 8451-8451/? E/om.skype.raide: Unknown bits set in runtime_flags: 0x40000000
2022-02-27 18:07:28.062 8451-8451/? E/om.skype.raide: Not starting debugger since process cannot load the jdwp agent.
2022-02-27 18:07:28.067 8451-8451/? E/RefClass: java.lang.reflect.InvocationTargetException
2022-02-27 18:07:28.068 8451-8451/? I/OneTrace: Mark active for pid=8451? true
2022-02-27 18:07:28.076 8451-8451/? I/oplus.android.OplusFrameworkFactoryImpl: get feature:IOplusScreenModeFeature
2022-02-27 18:07:28.076 8451-8451/? I/oplus.android.OplusFrameworkFactoryImpl: getOplusScreenModeFeature
2022-02-27 18:07:28.089 8451-8451/? E/libc: Access denied finding property "ro.odm.prev.product.name"
2022-02-27 18:07:28.092 8451-8451/? I/om.skype.raide: The ClassLoaderContext is a special shared library.
2022-02-27 18:07:28.125 8152-8163/? I/festival.battl: Compiler allocated 4193KB to compile void com.ironsource.mediationsdk.utils.ServerResponseWrapper.parseConfigurations()
2022-02-27 18:07:28.128 8152-8246/? E/Parcel: Reading a NULL string not supported here.
2022-02-27 18:07:28.134 8152-8246/? I/chatty: uid=10334(com.music.festival.battle) IronSourceIniti identical 3 lines
2022-02-27 18:07:28.137 8152-8246/? E/Parcel: Reading a NULL string not supported here.
2022-02-27 18:07:28.140 31646-29565/? W/OplusExSystemServiceHelper: checkOplusExSystemService intent getComponent is null
2022-02-27 18:07:28.143 21790-22343/? I/BtGatt.ScanManager: msg.what = 6
2022-02-27 18:07:28.152 8451-8451/? I/Perf: Connecting to perf service.
2022-02-27 18:07:28.156 21790-22343/? I/BtGatt.ScanManager: msg.what = 6
2022-02-27 18:07:28.181 8152-8477/? I/AdInternalSettings: Test mode device hash: 002caf38-91d1-48fe-834c-591c8ae59a35
2022-02-27 18:07:28.181 8152-8477/? I/AdInternalSettings: When testing your app with Facebook's ad units you must specify the device hashed ID to ensure the delivery of test ads, add the following code before loading an ad: AdSettings.addTestDevice("002caf38-91d1-48fe-834c-591c8ae59a35");
2022-02-27 18:07:28.215 8152-8232/? W/cr_media: Requires BLUETOOTH permission
2022-02-27 18:07:28.217 8152-8490/? E/libEGL: Invalid file path for libcolorx-loader.so
2022-02-27 18:07:28.229 8152-8490/? I/chatty: uid=10334(com.music.festival.battle) Chrome_InProcGp identical 4 lines
2022-02-27 18:07:28.229 8152-8490/? E/libEGL: Invalid file path for libcolorx-loader.so
2022-02-27 18:07:28.231 8209-8247/? I/cr_LibraryLoader: Successfully loaded native library
2022-02-27 18:07:28.232 8209-8247/? I/cr_CachingUmaRecorder: Flushed 3 samples from 3 histograms.
2022-02-27 18:07:28.240 8209-8247/? W/SystemServiceRegistry: No service published for: uimode
2022-02-27 18:07:28.248 8451-8493/? E/Parcel: Reading a NULL string not supported here.
2022-02-27 18:07:28.267 8451-8451/? W/SkypeCrashListener: AppCenter: Failed to get existing metadata
    java.io.FileNotFoundException: /data/user/0/com.skype.raider/files/HockeyAppCrashMetadata.json: open failed: ENOENT (No such file or directory)
        at libcore.io.IoBridge.open(IoBridge.java:492)
        at java.io.FileInputStream.<init>(FileInputStream.java:160)
        at android.app.ContextImpl.openFileInput(ContextImpl.java:659)
        at android.content.ContextWrapper.openFileInput(ContextWrapper.java:226)
        at com.skype.appcenter.SkypeCrashListener.<init>(SourceFile:3)
        at com.skype.appcenter.SkypeCrashListener.g(SourceFile:1)
        at com.skype.appcenter.SkypeCrashManager.d(SourceFile:11)
        at com.skype4life.SkypeApplication.l(SourceFile:1)
        at com.skype4life.o.run(Unknown Source:2)
        at com.skype4life.m0.a.d(SourceFile:2)
        at com.skype4life.SkypeApplication.onCreate(SourceFile:8)
        at android.app.Instrumentation.callApplicationOnCreate(Instrumentation.java:1193)
        at android.app.ActivityThread.handleBindApplication(ActivityThread.java:7315)
        at android.app.ActivityThread.access$1600(ActivityThread.java:308)
        at android.app.ActivityThread$H.handleMessage(ActivityThread.java:2166)
        at android.os.Handler.dispatchMessage(Handler.java:106)
        at android.os.Looper.loop(Looper.java:263)
        at android.app.ActivityThread.main(ActivityThread.java:8321)
        at java.lang.reflect.Method.invoke(Native Method)
        at com.android.internal.os.RuntimeInit$MethodAndArgsCaller.run(RuntimeInit.java:612)
        at com.android.internal.os.ZygoteInit.main(ZygoteInit.java:1006)
     Caused by: android.system.ErrnoException: open failed: ENOENT (No such file or directory)
        at libcore.io.Linux.open(Native Method)
        at libcore.io.ForwardingOs.open(ForwardingOs.java:166)
        at libcore.io.BlockGuardOs.open(BlockGuardOs.java:254)
        at libcore.io.ForwardingOs.open(ForwardingOs.java:166)
        at android.app.ActivityThread$AndroidOs.open(ActivityThread.java:8203)
        at libcore.io.IoBridge.open(IoBridge.java:478)
        at java.io.FileInputStream.<init>(FileInputStream.java:160)
        at android.app.ContextImpl.openFileInput(ContextImpl.java:659)
        at android.content.ContextWrapper.openFileInput(ContextWrapper.java:226)
        at com.skype.appcenter.SkypeCrashListener.<init>(SourceFile:3)
        at com.skype.appcenter.SkypeCrashListener.g(SourceFile:1)
        at com.skype.appcenter.SkypeCrashManager.d(SourceFile:11)
        at com.skype4life.SkypeApplication.l(SourceFile:1)
        at com.skype4life.o.run(Unknown Source:2)
        at com.skype4life.m0.a.d(SourceFile:2)
        at com.skype4life.SkypeApplication.onCreate(SourceFile:8)
        at android.app.Instrumentation.callApplicationOnCreate(Instrumentation.java:1193)
        at android.app.ActivityThread.handleBindApplication(ActivityThread.java:7315)
        at android.app.ActivityThread.access$1600(ActivityThread.java:308)
        at android.app.ActivityThread$H.handleMessage(ActivityThread.java:2166)
        at android.os.Handler.dispatchMessage(Handler.java:106)
        at android.os.Looper.loop(Looper.java:263)
        at android.app.ActivityThread.main(ActivityThread.java:8321)
        at java.lang.reflect.Method.invoke(Native Method)
        at com.android.internal.os.RuntimeInit$MethodAndArgsCaller.run(RuntimeInit.java:612)
        at com.android.internal.os.ZygoteInit.main(ZygoteInit.java:1006)
2022-02-27 18:07:28.272 8152-8490/? E/libEGL: Invalid file path for libcolorx-loader.so
2022-02-27 18:07:28.276 8152-8490/? I/chatty: uid=10334(com.music.festival.battle) Chrome_InProcGp identical 3 lines
2022-02-27 18:07:28.276 8152-8490/? E/libEGL: Invalid file path for libcolorx-loader.so
2022-02-27 18:07:28.290 8451-8523/? E/Parcel: Reading a NULL string not supported here.
2022-02-27 18:07:28.296 534-534/? I/hwservicemanager: getTransport: Cannot find entry vendor.qti.hardware.iop@2.0::IIop/default in either framework or device manifest.
2022-02-27 18:07:28.297 1374-14585/? E/ANDR-IOP: IIop:: Iop HAL Service is not available.
2022-02-27 18:07:28.306 21790-22343/? I/BtGatt.ScanManager: msg.what = 6
2022-02-27 18:07:28.306 31646-31753/? W/OplusExSystemServiceHelper: checkOplusExSystemService intent getComponent is null
2022-02-27 18:07:28.317 21790-22343/? I/BtGatt.ScanManager: msg.what = 6
2022-02-27 18:07:28.330 8451-8530/? E/Parcel: Reading a NULL string not supported here.
2022-02-27 18:07:28.370 19125-25367/? W/OplusExSystemServiceHelper: checkOplusExSystemService intent getComponent is null
2022-02-27 18:07:28.372 8451-8539/? I/MessageListenerService: onMessageReceived
2022-02-27 18:07:28.373 8451-8539/? I/shHandlingServiceHelper: Initial state - no pending job services exist.
2022-02-27 18:07:28.373 8451-8539/? I/shHandlingServiceHelper: Will schedule job of type ACQUIRE_WAKELOCK (Id = 1) with pushIds:[1]
2022-02-27 18:07:28.388 8451-8529/? I/TetheringManager: registerTetheringEventCallback:com.skype.raider
2022-02-27 18:07:28.390 8451-8530/? I/om.skype.raide: The ClassLoaderContext is a special shared library.
2022-02-27 18:07:28.393 8451-8545/? E/Parcel: Reading a NULL string not supported here.
2022-02-27 18:07:28.393 8451-8451/? I/PushHandlingService: Service created. Number of pending pushes: 0
2022-02-27 18:07:28.394 8451-8539/? I/MessageListenerService: onMessageReceived - scheduled PushHandlingService to acquire wakelock with ID: 1
2022-02-27 18:07:28.407 8451-8451/? I/PushHandlingService: Start push handling - pushIds: [1], jobId: 1 (of type ACQUIRE_WAKELOCK), number of pending pushes: 1
2022-02-27 18:07:28.408 8451-8451/? I/PushReceiver: onReceive
2022-02-27 18:07:28.408 8451-8451/? I/PushHandlingContext: onReceive - preparing to handle push intent
2022-02-27 18:07:28.408 8451-8451/? I/PushHandlingContext: onReceive - delaying handling of current push intent until PushModule is initialized
2022-02-27 18:07:28.425 31646-29565/? W/OplusExSystemServiceHelper: checkOplusExSystemService intent getComponent is null
2022-02-27 18:07:28.432 8451-8451/? E/Parcel: Reading a NULL string not supported here.
2022-02-27 18:07:28.443 31646-22737/? W/OplusExSystemServiceHelper: checkOplusExSystemService intent getComponent is null
2022-02-27 18:07:28.457 8152-8520/? I/CZL_META(LITE): [8152]    meta(101)
2022-02-27 18:07:28.457 8152-8520/? I/CZL_META(LITE): [8152]    meta(1020)
2022-02-27 18:07:28.457 8152-8164/? I/festival.battl: Background young concurrent copying GC freed 64013(3752KB) AllocSpace objects, 53(1260KB) LOS objects, 41% free, 5580KB/9541KB, paused 788us total 109.222ms
2022-02-27 18:07:28.458 8152-8520/? I/CZL_META(LITE): [8152]    meta(105)
2022-02-27 18:07:28.458 8152-8520/? I/CZL_META(LITE): [8152]    meta(106)
2022-02-27 18:07:28.458 8152-8520/? I/CZL_META(LITE): [8152]    meta(107)
2022-02-27 18:07:28.458 8152-8520/? I/CZL_META(LITE): [8152]    meta(108)
2022-02-27 18:07:28.459 8152-8520/? I/CZL_META(LITE): [8152]    meta(109)
2022-02-27 18:07:28.459 8152-8520/? I/CZL_META(LITE): [8152]    meta(110)
2022-02-27 18:07:28.464 29450-29450/? E/cr_BTSPrefs: No data found for task id: 57
2022-02-27 18:07:28.465 29450-29450/? E/cr_BkgrdTaskScheduler: Task cannot be canceled because no data was found instorage or data was invalid
2022-02-27 18:07:28.466 29450-29450/? E/cr_BTSPrefs: No data found for task id: 56
2022-02-27 18:07:28.466 29450-29450/? E/cr_BkgrdTaskScheduler: Task cannot be canceled because no data was found instorage or data was invalid
2022-02-27 18:07:28.492 17414-18178/? I/ColorInternalServiceFactoryImpl: getColorCommonListManagerr
2022-02-27 18:07:28.511 21790-22343/? I/BtGatt.ScanManager: msg.what = 6
2022-02-27 18:07:28.515 8451-8529/? E/Parcel: Reading a NULL string not supported here.
2022-02-27 18:07:28.520 8451-8529/? I/chatty: uid=10299(com.skype.raider) create_react_co identical 14 lines
2022-02-27 18:07:28.521 8451-8529/? E/Parcel: Reading a NULL string not supported here.
2022-02-27 18:07:28.522 8152-8240/? E/Parcel: Reading a NULL string not supported here.
2022-02-27 18:07:28.522 8451-8529/? E/Parcel: Reading a NULL string not supported here.
2022-02-27 18:07:28.524 8451-8529/? I/chatty: uid=10299(com.skype.raider) create_react_co identical 5 lines
2022-02-27 18:07:28.524 8451-8529/? E/Parcel: Reading a NULL string not supported here.
2022-02-27 18:07:28.575 8451-8529/? E/ReactNative: ReactInstanceManager.createReactContext: mJSIModulePackage null
2022-02-27 18:07:28.576 8451-8602/? E/ReactNativeJNI: logMarker CREATE_REACT_CONTEXT_END
2022-02-27 18:07:28.578 8152-8548/? W/festival.battl: Accessing hidden method Lcom/android/org/conscrypt/OpenSSLSocketImpl;->setAlpnProtocols([B)V (greylist-max-q,test-api, reflection, denied)
2022-02-27 18:07:28.579 8152-8548/? W/festival.battl: Accessing hidden method Lcom/android/org/conscrypt/AbstractConscryptSocket;->setAlpnProtocols([B)V (greylist-max-q, reflection, denied)
2022-02-27 18:07:28.605 8451-8530/? I/ProviderInstaller: Installed default security provider GmsCore_OpenSSL
2022-02-27 18:07:28.605 8451-8451/? I/ReactApp: GooglePlay Services provider installed successfully
2022-02-27 18:07:28.639 8152-8548/? W/festival.battl: Accessing hidden method Lcom/android/org/conscrypt/OpenSSLSocketImpl;->getAlpnSelectedProtocol()[B (greylist-max-q,test-api, reflection, denied)
2022-02-27 18:07:28.640 8152-8548/? W/festival.battl: Accessing hidden method Lcom/android/org/conscrypt/AbstractConscryptSocket;->getAlpnSelectedProtocol()[B (greylist-max-q, reflection, denied)
2022-02-27 18:07:28.694 8451-8602/? E/ReactNativeJNI: logMarker RUN_JS_BUNDLE_START
2022-02-27 18:07:28.694 8451-8603/? I/AudioManagerModule: initialize (causeId 4a725dce)
2022-02-27 18:07:28.694 8451-8451/? I/PushHandlingContext: PushHandlingContext initialized!
2022-02-27 18:07:28.694 8451-8603/? I/AudioManagerModule: AudioManagerModule.initialize took 0ms
2022-02-27 18:07:28.694 8451-8603/? I/SkypeCameraModule: SkypeCameraModule initialize
2022-02-27 18:07:28.695 8451-8603/? W/ReactApp: registerMemoryTrimmable current size: 0
2022-02-27 18:07:28.695 8451-8603/? W/ReactApp: registerMemoryTrimmable current size: 1
2022-02-27 18:07:28.695 8451-8597/? I/AudioOptions: initialize (causeId 4a725dce)
2022-02-27 18:07:28.698 8451-8451/? I/BluetoothScoMonitor: android.media.ACTION_SCO_AUDIO_STATE_UPDATED { state: SCO_AUDIO_STATE_DISCONNECTED, previous_state: SCO_AUDIO_STATE_ERROR }
2022-02-27 18:07:28.698 8451-8597/? E/CheckPermission: _bluetooth code = 1 
2022-02-27 18:07:28.700 8451-8597/? E/CheckPermission: _bluetooth code = 3 
2022-02-27 18:07:28.700 8451-8597/? E/CheckPermission: _bluetooth code = 11 
2022-02-27 18:07:28.703 8451-8598/? I/odernAudioDeviceMonitor: addListener (causeId: 4a725dce)
2022-02-27 18:07:28.703 8451-8598/? I/AudioOptions: ModernAudioDeviceMonitor.availableAudioDeviceTypesChanged headphones: false usb: false (causeId 4a725dce)
2022-02-27 18:07:28.712 17414-17761/? E/DnsManager: file path: /backup_hosts
2022-02-27 18:07:28.712 17414-17761/? E/DnsManager: file does not exist
2022-02-27 18:07:28.714 18121-21750/? E/QCNEJ/WlanStaInfoRelay: update link properties given null lp
2022-02-27 18:07:28.747 18121-21750/? E/QCNEJ/WlanStaInfoRelay: update link properties given null lp
2022-02-27 18:07:28.750 8451-8608/? I/odernAudioDeviceMonitor: initialization headphones: false, usb: false, devices: [[2:TYPE_BUILTIN_EARPIECE], [3:TYPE_BUILTIN_SPEAKER], [11:TYPE_TELEPHONY], [17:TYPE_BUILTIN_MIC], [18:TYPE_TELEPHONY], [19:TYPE_BUILTIN_MIC], [26:UNKNOWN - 25], [20:TYPE_FM_TUNER]] (causeId: 9940ccb0)
2022-02-27 18:07:28.750 8451-8597/? I/AudioManagerModule: Output update and reset (destination 3, deviceStatus 2, causeId 4a725dce)
2022-02-27 18:07:28.751 8451-8530/? I/TokenShareModule: getAccounts() called, returned with list size 0
2022-02-27 18:07:28.751 8451-8597/? I/odernAudioDeviceMonitor: onAudioDevicesAdded headphones: false, usb: false, devices: [[2:TYPE_BUILTIN_EARPIECE], [3:TYPE_BUILTIN_SPEAKER], [11:TYPE_TELEPHONY], [17:TYPE_BUILTIN_MIC], [18:TYPE_TELEPHONY], [19:TYPE_BUILTIN_MIC], [26:UNKNOWN - 25], [20:TYPE_FM_TUNER]] (causeId: 4c898cee)
2022-02-27 18:07:28.754 17121-23926/? E/Netd: Error adding route 2001:ee0:d783:a1a0::/64 -> (null) wlan0 to table 1032: File exists
2022-02-27 18:07:28.755 17121-23926/? E/Netd: Error adding route ::/0 -> fe80::a265:18ff:fea4:8da8 wlan0 to table 1032: File exists
2022-02-27 18:07:28.756 17121-23926/? E/Netd: Error adding route 2001:ee0:d783:a1a0::/64 -> fe80::a265:18ff:fea4:8da8 wlan0 to table 1032: File exists
2022-02-27 18:07:28.756 17414-17761/? E/DnsManager: file path: /backup_hosts
2022-02-27 18:07:28.756 17414-17761/? E/DnsManager: file does not exist
2022-02-27 18:07:28.773 8152-8481/? E/Parcel: Reading a NULL string not supported here.
2022-02-27 18:07:28.775 17414-20294/? W/SensorService: SensorEventConnection sensor handle=11, package = com.facebook.ads.redexgen.X.8v enable
2022-02-27 18:07:28.775 17414-20294/? E/SensorService: Required app com.facebook.ads.redexgen.X.8v, uid 10334, pid 8152
2022-02-27 18:07:28.775 8451-8451/? I/TelephoneStateListener: Registering phone state listener (causeId 4a725dce)
2022-02-27 18:07:28.776 17124-17124/? I/sensors-hal: flush:296, android.sensor.accelerometer/11
2022-02-27 18:07:28.776 17124-17124/? I/sensors-hal: flush:302, android.sensor.accelerometer/11 completed
